real main.em.ep.isp.StorResTot[28](t) = [1971, 
651.5343,
6662.301,
42.08245,
21.60213,
64.96689,
80.57098,
58.75524,
41.05855,
12.20759,
218.7674,
4050.518,
794.3257,
45.14894,
639.8839,
126.0057,
1848.95,
149.6624,
189.8941,
60.786,
215.9777,
32.17176,
2.735793,
947.4415,
247.1319,
13.94703,
25.39259,
0,
17243.82,
1972, 
743.1379,
6664.728,
47.7262,
24.07365,
71.01305,
85.62901,
59.5344,
44.36075,
13.14336,
237.3148,
4228.148,
866.3724,
52.09121,
676.2775,
129.2396,
1948.799,
169.1202,
198.1338,
65.41999,
236.9972,
36.51493,
3.161403,
1012.384,
243.989,
13.98373,
36.3438,
0,
17907.64,
1973, 
823.4536,
7276.438,
51.89817,
26.7822,
82.26498,
95.7737,
61.004,
49.39493,
13.3358,
252.2585,
4534.185,
902.643,
52.66745,
714.8611,
138.3771,
2062.626,
202.3026,
204.9313,
74.03787,
259.1164,
43.11644,
3.88229,
1095.986,
278.0313,
16.24768,
46.19956,
0,
19361.81,
1974, 
851.8475,
7332.585,
65.72918,
27.9819,
91.64121,
104.7265,
65.23281,
49.52388,
12.89815,
269.9228,
4643.078,
958.119,
59.58812,
756.1116,
148.4388,
2188.701,
226.6788,
214.7355,
81.40347,
268.0446,
45.88003,
5.151445,
1082.19,
298.4529,
18.27978,
58.22723,
0,
19925.17,
1975, 
829.4708,
7548.269,
69.66646,
27.81349,
98.71245,
109.7047,
74.15015,
55.54008,
13.42982,
290.122,
4627.427,
1001.688,
71.43203,
685.0228,
132.0404,
2029.392,
263.1306,
237.9871,
91.05245,
317.319,
47.80796,
5.849806,
1106.663,
309.6375,
20.51815,
61.28817,
0,
20125.13,
1976, 
887.3736,
8061.648,
73.96089,
31.44196,
113.7738,
118.3513,
85.01038,
57.75348,
15.56682,
303.738,
4975.722,
1064.596,
81.15306,
715.8107,
139.8739,
2160.233,
310.0076,
266.9823,
99.52127,
351.9517,
53.87077,
5.430489,
1184.029,
322.8207,
21.59112,
65.74049,
0,
21567.95,
1977, 
951.7455,
8331.671,
79.97083,
34.06802,
125.4774,
129.5805,
97.22928,
63.17781,
16.35658,
303.796,
5086.99,
1110.645,
90.79747,
736.6292,
144.6624,
2236.307,
392.5284,
283.8665,
108.9099,
384.2584,
59.81034,
6.788415,
1233.85,
339.6395,
23.24754,
71.49924,
0,
22443.5,
1978, 
1020.996,
8559.443,
88.3676,
35.96863,
138.9407,
135.9336,
109.4434,
61.04873,
17.19222,
316.9648,
5276.29,
1168.905,
96.68808,
760.6332,
149.6674,
2341.145,
443.0547,
311.8177,
120.7874,
437.9878,
61.91246,
9.509306,
1291.158,
349.9268,
26.12036,
69.42392,
0,
23399.33,
1979, 
1070.171,
8729.813,
94.73719,
37.54453,
155.6575,
151.5532,
122.3724,
70.43597,
17.6326,
332.7302,
5500.41,
1177.954,
98.70918,
779.6888,
205.7969,
2397.325,
512.4427,
316.3133,
130.9079,
478.6803,
67.35005,
11.46119,
1360.344,
366.1624,
29.25215,
74.78744,
0,
24290.23,
1980, 
1100.516,
8839.18,
99.38868,
37.87766,
178.6554,
162.1609,
136.8136,
78.82357,
17.83863,
360.1647,
5537.828,
1232.66,
101.6957,
816.4669,
225.3084,
2582.525,
567.5072,
330.1799,
136.6896,
468.131,
72.07088,
14.42511,
1343.363,
383.7989,
30.68501,
68.90266,
0,
24923.66,
1981, 
1157.09,
8909.859,
108.5302,
39.18369,
171.8719,
168.5743,
155.3696,
77.11351,
18.86036,
411.1879,
5594.711,
1241.718,
106.6037,
836.2609,
230.855,
2726.784,
672.9659,
362.1985,
147.5992,
472.7571,
76.6324,
14.23497,
1357.065,
408.6898,
32.8315,
65.34301,
0,
25564.89,
1982, 
1136.058,
8688.75,
113.4095,
40.57534,
180.2194,
171.0359,
170.1496,
85.83471,
20.4164,
432.2899,
5586.426,
1259.721,
116.2423,
853.111,
239.0651,
2830.601,
797.8285,
386.6031,
155.6199,
504.137,
82.1542,
17.32995,
1343.73,
415.6123,
35.22574,
65.2659,
0,
25727.41,
1983, 
1187.16,
8878.192,
112.5313,
43.13845,
186.5169,
179.2569,
187.7583,
79.84968,
21.7321,
440.0708,
5719.142,
1317.657,
121.5037,
877.2928,
246.6496,
2978.39,
816.7967,
413.5939,
169.5538,
544.8012,
89.82158,
20.33164,
1418.878,
426.0636,
39.1615,
63.88533,
0,
26579.73,
1984, 
1279.878,
9274.39,
121.9216,
44.38152,
208.6821,
184.5302,
207.2545,
74.1756,
21.76359,
486.7347,
5928.742,
1378.836,
137.3197,
911.7481,
257.2548,
3168.132,
880.3057,
457.3213,
182.6243,
571.9357,
96.85426,
23.91775,
1493.585,
455.2826,
44.1786,
62.97643,
0,
27954.72,
1985, 
1357.436,
9440.135,
106.3642,
43.75373,
225.9766,
187.9616,
222.6229,
89.90286,
23.32075,
503.4824,
6149.178,
1383.467,
150.0041,
934.8961,
265.9077,
3287.403,
944.2718,
501.3247,
196.6258,
611.4672,
102.2769,
24.83817,
1551.948,
488.7081,
47.70227,
65.33821,
0,
28906.31,
1986, 
1388.987,
9431.795,
119.1544,
46.76657,
238.9479,
212.846,
219.9135,
94.12849,
24.75148,
517.3594,
6248.405,
1447.913,
171.9918,
956.4094,
270.1849,
3435.084,
1029.16,
547.5707,
212.1964,
670.936,
105.8192,
34.99953,
1574.154,
504.9262,
52.75277,
66.81181,
0,
29623.96,
1987, 
1480.768,
9599.564,
128.0912,
49.48165,
242.1289,
228.9782,
235.2785,
98.10892,
26.71566,
529.7612,
6454.689,
1477.736,
192.5159,
992.7374,
272.0798,
3572.937,
1052.563,
594.9044,
235.6988,
741.3655,
114.1199,
40.56454,
1678.871,
532.5202,
58.37646,
65.13058,
0,
30695.69,
1988, 
1515.47,
9991.863,
130.5549,
49.77978,
251.3054,
258.8858,
256.5076,
103.0374,
28.43357,
549.8065,
6738.333,
1470.669,
202.0823,
1024.183,
276.9368,
3660.732,
1210.957,
655.4727,
266.509,
811.0547,
125.3007,
42.84606,
1774.558,
556.6133,
66.99831,
72.00517,
0,
32090.89,
1989, 
1483.442,
10898.31,
138.3461,
53.15834,
267.3742,
247.344,
268.4909,
107.554,
30.07609,
562.0959,
6954.356,
1489.864,
218.0068,
1042.152,
278.4245,
3929.543,
1235.246,
716.1543,
290.5589,
872.066,
137.423,
47.39959,
1887.378,
597.5944,
69.8728,
69.05097,
0,
33891.28,
1990, 
1436.097,
11103.51,
142.8049,
53.64337,
256.157,
266.8235,
277.9583,
109.5198,
34.60491,
571.2708,
7109.383,
1408.169,
240.8647,
1121.767,
345.3876,
3831.769,
1322.039,
770.1458,
311.961,
926.8814,
151.1902,
56.31755,
2059.753,
613.0417,
76.03208,
76.81651,
0,
34673.91,
1991, 
1520.486,
11197.95,
147.5193,
52.20329,
272.3797,
251.1248,
293.1727,
111.9394,
36.85384,
572.0761,
7268.85,
1343.255,
245.3357,
1034.106,
295.8364,
3572.459,
1463.87,
838.6843,
328.7474,
1107.988,
163.0661,
63.7285,
2127.467,
630.2851,
81.54287,
84.63546,
0,
35105.56,
1992, 
1555.996,
11400.44,
151.2603,
55.09789,
279.6952,
259.702,
309.9341,
116.1849,
38.26927,
586.3565,
7319.005,
1248.595,
276.4901,
881.0822,
274.5658,
3089.787,
1556.87,
876.326,
349.4074,
1223.302,
176.5753,
69.63503,
2152.391,
642.6923,
89.56591,
73.20712,
0,
35052.43,
1993, 
1610.014,
11674.79,
152.9276,
56.25336,
290.9452,
274.2718,
335.337,
116.6131,
39.69597,
610.4304,
7331.786,
1247.372,
303.8206,
799.4495,
231.2749,
3119.418,
1603.986,
924.9092,
386.9567,
1263.101,
194.6026,
77.84192,
2176.418,
663.0656,
93.45965,
74.84407,
0,
35653.59,
1994, 
1698.638,
11971.24,
164.4938,
60.35305,
299.2097,
291.1112,
358.1979,
116.6067,
40.5304,
630.9039,
7487.983,
1322.332,
319.6058,
728.6999,
227.3057,
2752.347,
1705.7,
992.4897,
434.0207,
1370.948,
219.5738,
86.56419,
2276.654,
683.5645,
98.24709,
72.57018,
0,
36409.89,
1995, 
1716.221,
12314.75,
167.8308,
63.69207,
314.2012,
304.9055,
378.8947,
123.3033,
44.27421,
638.8261,
7682.944,
1320.011,
357.3271,
764.7353,
225.4766,
2745.575,
1790.839,
1076.425,
483.9916,
1492.601,
243.3461,
100.4082,
2314.045,
702.776,
104.4558,
74.16449,
0,
37546.02,
1996, 
1767.091,
12612.32,
159.7348,
67.02302,
329.8972,
319.1933,
428.2096,
128.4475,
46.33263,
666.8746,
7804.325,
1456.002,
388.3974,
767.2689,
217.7438,
2711.001,
1865.74,
1135.946,
536.2814,
1568.253,
264.948,
116.5101,
2381.014,
717.4484,
109.4885,
66.9756,
0,
38632.47,
1997, 
1793.254,
12918.12,
171.9748,
72.52254,
347.0989,
344.668,
461.1024,
128.9829,
49.93093,
691.2817,
7956.557,
1482.706,
423.169,
760.2098,
213.5799,
2668.773,
2017.888,
1198.807,
586.2389,
1662.874,
283.6157,
123.0141,
2434.721,
740.8954,
113.6667,
70.27987,
0,
39715.93,
1998, 
1771.589,
13228.41,
185.5553,
77.78593,
357.8865,
363.0716,
492.3503,
125.9726,
51.33597,
682.0064,
8129.692,
1501.847,
450.8383,
730.6346,
205.3921,
2701.894,
2276.147,
1283.698,
574.8156,
1743.491,
279.546,
126.8133,
2439.215,
784.2237,
117.8154,
91.86442,
0,
40773.89,
1999, 
1808.022,
13432.55,
196.6115,
83.88288,
371.7747,
363.6088,
521.7943,
132.2535,
52.82086,
680.2275,
8220.541,
1468.104,
466.1482,
755.1091,
201.7713,
2773.941,
2181.883,
1379.012,
639.6661,
1816.208,
298.8711,
148.1256,
2474.37,
825.4229,
117.6831,
99.42213,
0,
41509.82,
2000, 
1862.348,
14055,
209.507,
85.83012,
385.4215,
382.4797,
555.7893,
136.4133,
54.75759,
712.5422,
8253.018,
1559.22,
503.6082,
746.6587,
205.5341,
2908.319,
2198.635,
1457.249,
757.0422,
2051.084,
324.4068,
159.5317,
2582.839,
848.4988,
128.3606,
108.2201,
0,
43232.31,
2001, 
1816.703,
13402.39,
215.9934,
88.13029,
377.4438,
380.2491,
588.356,
145.0848,
57.3063,
689.076,
8233.446,
1697.069,
502.6694,
794.3774,
197.5716,
3039.253,
2298.491,
1512.992,
808.4637,
2258.368,
344.5855,
168.735,
2560.834,
899.1688,
144.0589,
121.9242,
0,
43342.74,
2002, 
1841.69,
13731.12,
219.423,
91.89225,
400.2731,
375.5943,
616.1567,
154.157,
57.46857,
745.9126,
8042.516,
1619.967,
534.672,
790.0809,
201.2903,
2935.147,
2386.734,
1559.404,
863.9702,
2444.079,
365.3073,
178.6555,
2613.723,
897.5117,
151.986,
129.9114,
0,
43948.64,
2003, 
1793.388,
13846.63,
269.1272,
93.96069,
416.398,
394.6724,
647.5139,
152.2271,
60.90741,
780.8209,
7973.573,
1626.267,
580.3295,
818.8633,
213.9467,
2991.426,
2509.429,
1665.36,
901.42,
2800.139,
394.9186,
186.6024,
2613.19,
853.4379,
161.4112,
124.3611,
0,
44870.32,
2004, 
1819.804,
14281.96,
268.6956,
94.53962,
445.3099,
420.802,
685.7575,
168.1795,
66.07278,
806.9061,
7900.216,
1721.992,
621.0629,
856.0839,
221.7139,
3085.424,
2672.821,
1772.678,
950.4913,
3210.411,
421.7803,
199.3033,
2692.214,
873.1628,
174.4674,
133.4705,
0,
46565.32,
2005, 
1771.526,
14206.45,
282.4271,
99.4947,
458.2369,
437.456,
701.2104,
178.5791,
71.34224,
817.1768,
7802.528,
1687.348,
660.4073,
832.4236,
227.3185,
3483.112,
2682.939,
1884.641,
1013.019,
3632.569,
454.9922,
212.8147,
2755.664,
866.429,
187.8812,
143.6056,
0,
47551.59,
2006, 
1709.409,
14009.68,
290.3227,
105.3049,
478.9374,
462.8379,
743.4825,
189.2572,
76.10659,
856.1068,
7645.952,
1714.207,
710.2568,
870.8588,
232.4904,
3508.001,
2837.533,
2040.543,
1044.871,
4174.79,
481.2014,
216.4154,
2809.479,
862.0956,
198.8869,
147.1754,
0,
48416.2,
2007, 
1811.52,
13963.34,
301.7918,
108.2725,
507.684,
474.0299,
822.9774,
200.089,
83.13345,
877.1299,
7397.988,
1702.899,
767.9614,
884.027,
241.9481,
3536.814,
3059.928,
2192.843,
1104.145,
4813.763,
510.1425,
220.6763,
2895.551,
902.8188,
205.7303,
150.945,
0,
49738.15,
2008, 
1799.222,
13370.63,
306.4398,
106.4962,
528.8416,
505.1328,
860.4684,
204.1228,
83.39807,
873.7645,
7355.359,
1701.326,
776.0917,
839.9698,
222.1313,
3606.92,
3192.406,
2110.146,
1182.932,
5355.919,
523.0214,
225.6627,
2800.775,
899.7026,
214.3346,
153.4443,
0,
49798.66,
2009, 
1719.509,
12335,
302.5525,
106.321,
534.5541,
511.1582,
981.1139,
212.5661,
92.03215,
852.3444,
6871.615,
1643.045,
757.2717,
726.1322,
212.9556,
3408.006,
3522.735,
2265.629,
1239.852,
6257.113,
549.739,
230.7063,
2797.493,
814.3403,
223.551,
166.6309,
0,
49333.97,
2010, 
1709.428,
12362.97,
319.9328,
111.1119,
593.5747,
505.7768,
1067.878,
229.9068,
107.0264,
888.2253,
7307.203,
1709.128,
816.3021,
747.9816,
235.1116,
3428.673,
3691.416,
2443.999,
1339.395,
7646.548,
601.0916,
248.8872,
2892.724,
833.6721,
231.4323,
175.9045,
0,
52245.3,
2011, 
1786.858,
11538.77,
354.0855,
116.3,
615.1259,
523.0934,
1105.345,
237.2028,
126.9559,
897.3647,
7649.377,
1740.396,
883.8589,
764.476,
227.6768,
3510.061,
3852.423,
2722.736,
1397.584,
9508.228,
633.8951,
264.6509,
3039.283,
808.0306,
247.5583,
179.6611,
0,
54731,
2012, 
1746.17,
11168.46,
369.5621,
120.6113,
648.6298,
558.8475,
1176.607,
244.3764,
142.7649,
892.6297,
8138.896,
1677.706,
955.9398,
770.0712,
242.5606,
3513.993,
4118.809,
2841.802,
1461.777,
11117.7,
708.6557,
277.3123,
3190.071,
821.1231,
268.0741,
184.595,
0,
57357.74,
2013, 
1650.457,
10881.1,
362.8081,
126.7494,
676.2372,
600.7664,
1247.388,
275.4203,
156.8718,
907.1008,
7880.897,
1675.628,
971.6547,
753.258,
290.765,
3527.436,
4381.133,
3095.878,
1539.667,
13495.03,
790.7011,
305.5747,
3975.896,
855.6918,
305.6815,
194.6111,
0,
60924.4,
2014, 
1606.617,
10816.9,
382.9348,
131.7152,
718.9532,
605.6241,
1327.18,
292.3048,
180.1926,
1085.637,
7987.723,
1656.221,
1026.96,
716.6523,
265.6419,
3560.837,
4765.559,
3507.715,
1645.145,
16185.1,
922.7667,
328.4563,
4823.696,
831.973,
336.0136,
221.3582,
0,
65929.88,
2015, 
1524.928,
11356.34,
398.7303,
143.8963,
722.8868,
650.2319,
1504.075,
321.6361,
206.6084,
1169.572,
7362.617,
1608.446,
1100.578,
659.3541,
276.4433,
3579.068,
5335.76,
3879.183,
1805.017,
19935.06,
1043.332,
350.2905,
6660.636,
874.8393,
362.2028,
233.0275,
0,
73064.76,
2016, 
1507.832,
10939.98,
423.0358,
147.7329,
759.9661,
659.3987,
1655.15,
335.7382,
220.5513,
1351.037,
7727.158,
1630.05,
1283.776,
659.571,
329.0652,
3577.741,
5913.574,
4440.833,
1964.204,
23593.5,
1277.522,
378.9612,
7923.862,
937.399,
429.1905,
227.8815,
0,
80294.72,
2017, 
1557.487,
11279.79,
428.6363,
147.274,
813.7442,
660.6191,
1718.923,
360.9225,
237.3392,
1542.708,
7931.2,
1630.283,
1727.168,
680.0664,
416.7598,
3643.962,
6083.037,
5121.224,
2182.909,
29359.56,
1410.473,
404.0299,
9239.14,
1025.144,
494.2235,
249.2629,
0,
90345.88,
2018, 
1515.994,
11774.56,
453.8026,
155.7491,
849.4135,
671.8116,
2018.688,
408.5031,
292.2486,
1821.094,
8518.677,
1862.123,
2841.056,
753.7078,
433.7765,
3630.751,
6174.815,
6045.244,
2456.819,
36038.26,
1545.215,
472.484,
10563.9,
1185.072,
542.9981,
279.9355,
0,
103306.7,
2019, 
1571.517,
11910.96,
422.6849,
161.9207,
908.7734,
636.9732,
2248.979,
448.9816,
337.1149,
1910.571,
9786.905,
1790.479,
3181.928,
940.388,
475.1997,
3677.752,
7276.136,
6728.754,
2931.042,
42056.82,
2113.411,
518.1388,
11910.21,
1377.213,
579.3925,
327.6026,
0,
116229.8,
2020, 
1543.105,
11508.58,
430.4132,
152.3793,
881.4406,
630.1169,
2316.624,
484.5544,
360.1024,
2088.46,
10987.32,
1950.654,
3540.969,
1033.361,
451.6701,
3555.601,
7976.572,
7082.419,
3478.8,
51209.23,
2839.019,
522.1282,
13453.8,
1609.491,
613.5811,
333.7625,
0,
131034.1,
2021, 
1591.585,
12604.87,
456.8156,
166.8975,
975.2685,
707.4204,
2453.126,
537.4572,
407.8609,
2222.153,
11689.07,
2277.233,
4008.622,
1086.987,
563.1783,
3714.805,
8687.158,
8038.969,
4214.011,
62351.89,
4250.211,
563.1082,
15023.2,
1954.831,
706.9139,
369.89,
0,
151623.5,
2022, 
1558.95,
13585.62,
528.5425,
178.0349,
1030.815,
707.4571,
2516.286,
640.79,
471.8273,
2252.531,
13229.8,
2570.84,
4522.332,
956.0453,
625.3165,
3686.377,
10335.15,
9574.097,
4643.262,
72663.44,
4432.526,
616.5117,
16383.33,
2337.867,
818.4587,
495.2382,
0,
171361.5,
2023, 
1480.421,
15395.39,
548.1816,
185.7097,
1107.415,
726.1324,
2732.478,
766.1845,
506.3561,
2254.754,
15500.62,
3031.834,
5092.566,
983.7583,
719.1187,
3735.387,
12141.35,
10555.73,
5159.94,
98380.84,
4790.607,
683.2194,
17108.46,
2883.963,
862.9161,
534.0065,
0,
207867.3,
2024, 
1403.632,
18158.82,
579.635,
194.052,
1152.476,
756.5485,
3016.376,
855.6705,
539.1301,
2391.831,
17819.47,
3624.089,
8214.703,
806.6605,
807.8083,
3711.68,
13318.98,
12667.47,
5390.207,
128589.7,
5087.632,
738.5168,
17522.61,
3728.845,
950.7529,
587.4819,
0,
252614.8,
2025, 
1511.715,
22173.93,
584.8699,
277.6678,
1318.257,
791.5566,
3246.211,
974.7415,
800.6753,
3135.927,
19639.94,
4018.068,
8923.451,
848.0887,
869.5152,
3720.446,
29468.99,
17588.84,
6207.984,
141020.5,
5725.118,
1401.224,
20416.87,
4885.924,
1216.107,
665.2424,
0,
301431.8,
2026, 
1589.17,
24477.17,
595.9641,
296.1572,
1318.609,
806.0373,
2944.157,
1074.657,
1010.423,
2758.364,
21679.49,
4430.211,
8086.612,
904.4003,
1075.006,
3653.773,
27281.44,
21935.89,
6295.914,
175552.9,
6261.936,
1771.036,
20965.26,
5986.118,
1548.533,
646.3902,
0,
344945.6,
2027, 
1617.809,
27048.16,
616.9683,
373.0978,
1324.594,
832.3765,
2731.598,
1779.727,
1297.797,
2472.44,
23609.59,
4755.116,
7626.145,
1021.516,
1910.16,
3598.952,
29639.32,
28171.64,
6742.777,
213122.4,
7288.72,
3080.226,
21820.31,
7605.85,
2209.36,
671.1855,
0,
402967.8,
2028, 
1985.978,
28787.08,
659.1566,
479.7394,
1331.861,
860.4338,
2495.392,
2771.625,
1547.021,
2301.095,
26037.28,
5362.924,
7361.608,
1149.321,
2701.84,
3534.435,
34620.88,
37828.55,
6843.073,
266274.4,
9045.625,
5385.072,
23264.65,
9642.706,
3579.509,
737.9298,
0,
486589.2,
2029, 
2556.078,
30546.82,
707.0728,
638.1779,
1353.005,
909.6527,
2268.277,
3996.238,
1715.898,
2253.333,
28414.45,
5988.993,
7348.578,
1225.778,
3954.572,
3476.052,
37150.78,
51818.55,
6930.188,
324018.3,
11793.55,
8772.928,
24674.21,
12462.45,
5249.511,
938.3187,
0,
581161.7,
2030, 
3034.708,
35451.34,
881.4347,
1586.837,
1560.719,
1392.73,
2016.195,
4316.6,
2071.678,
2331.255,
30064.1,
6584.848,
7824.149,
1330.153,
5568.826,
3430.401,
41182.98,
72909.16,
6963.264,
395287.8,
17193.94,
13620.35,
26173.69,
15385.49,
7185.349,
1271.42,
0,
706619.4,
2031, 
3544.071,
46546.23,
1026.039,
6014.148,
2165.72,
1920.929,
2067.455,
4465.496,
2104.775,
2527.51,
34337.27,
6553.373,
8652.689,
1424.15,
7998.103,
3358.706,
45795.82,
117544.1,
7223.611,
529437.1,
22916.81,
18702.39,
28233.24,
20065.22,
9402.185,
1837.32,
0,
935864.4,
2032, 
4082.39,
64729.41,
1207.356,
22606.54,
3573.602,
2716.196,
2330.319,
4374.536,
2056.029,
2552.169,
85944.85,
8174.077,
9859.601,
1618.754,
11221.33,
3314.153,
45700.59,
219813.3,
7412.573,
757628.9,
33042.1,
23312.71,
30443.79,
26941.33,
11464.99,
1848.866,
0,
1387970,
2033, 
4885.872,
94208.66,
1648.704,
57133.23,
7278.582,
8068.628,
2604.358,
4177.984,
2162.472,
2374.349,
165889.5,
17669.37,
11250.68,
1677.948,
15438.51,
3269.03,
45098.81,
357350.1,
7558.229,
1241892,
48319.88,
32378.9,
33559.21,
39127.01,
13582.07,
1799.633,
0,
2220404,
2034, 
6484.176,
149072.9,
2007.669,
85587.69,
14596.1,
23404.66,
3669.164,
3838.456,
2516.22,
2189.756,
280535.8,
37011.8,
12196.55,
2528.34,
23188.3,
3445.61,
48091.74,
527962.8,
7884.52,
2325394,
66765.12,
45079.75,
37142.36,
55782.43,
16545.19,
1858.231,
0,
3784780,
2035, 
8715.421,
214130.8,
2168.762,
105809.5,
36778.69,
70743.88,
4567.706,
3759.523,
4205.189,
1867.342,
392732.5,
67384.09,
13310.19,
9230.195,
34943.03,
3825.604,
55760.79,
731030.7,
8371.488,
3497889,
90386.62,
60284.58,
41864.76,
73541.46,
21460.19,
2843.053,
0,
5557605,
2036, 
10171.11,
278750.5,
2453.266,
116910.7,
58648.68,
130820,
5604.548,
5129.536,
13553.14,
3915.463,
496940.7,
96905.41,
15177.89,
25271.79,
55890.44,
4256.901,
75504.96,
913410.5,
8944.751,
4339434,
110456.8,
66736.91,
45515.61,
85163.79,
26958.2,
7717.871,
0,
7000243,
2037, 
11755.44,
371517,
4036.358,
131771,
71770.7,
187777,
12549.01,
11758.65,
39321.93,
19552.31,
574483.1,
131573,
16336.97,
43191.63,
97087.36,
4890.328,
96319.6,
1080198,
9668.123,
4989210,
150774.9,
84974.98,
48579.75,
99363.13,
36450.88,
25772.62,
0,
8350684,
2038, 
14571.81,
506215.8,
5602.183,
139277.4,
78979.04,
212572.8,
48762.28,
24444.16,
85507.25,
57308.32,
647278.1,
167240.1,
17955,
57570.36,
171884.4,
5712.573,
113421.2,
1265764,
11790.38,
5531581,
194700.6,
118042.6,
52608.24,
117676.1,
45627.21,
61080.06,
0,
9753173,
2039, 
18920.03,
762770.8,
6873.3,
147487,
100690.9,
247251.4,
141014.3,
73846.22,
123112.2,
85824.88,
697378,
222112.7,
20341.46,
64528.57,
229652.6,
6745.855,
140096.1,
1522222,
14406.01,
6033043,
244077,
146237.8,
58361.22,
140553.3,
70110.78,
104128.5,
0,
1.142179e+07,
2040, 
29919.13,
1108511,
7904.099,
155431.9,
126544.8,
278679.6,
297595.5,
117109.8,
153080,
95855.8,
785069,
290670.7,
22091.2,
70144.3,
274678.2,
8129.177,
162162.1,
1788625,
15083.8,
6496075,
307805.4,
199458.6,
64364.31,
168783.4,
108226.1,
129309.7,
0,
1.326131e+07,
2041, 
41650.64,
1482881,
8192.681,
165633.6,
147965.3,
299017.5,
455579.6,
173792.3,
175968.5,
108053.5,
881721.1,
357421.8,
25843.87,
73040.34,
305580.8,
9927.721,
249491.9,
1995741,
15053.42,
6939333,
370511.5,
281662.8,
71653.46,
194810.4,
161356.6,
148133.5,
0,
1.514002e+07,
2042, 
50432.8,
1899559,
8069.749,
177107.6,
198544.5,
324026.8,
533390.9,
217040.2,
192612.5,
127387.1,
859929.4,
408137.1,
38249.29,
74817.55,
322847.4,
12010.76,
423044.7,
2265832,
16311.39,
7289531,
439283.8,
346540.2,
82182.04,
212785.9,
270392.3,
171544.6,
0,
1.696161e+07,
2043, 
62026.53,
2248421,
9941.246,
188422,
281914.3,
370870,
600086.9,
264077.3,
208288.6,
144237.4,
875828.3,
432186.9,
53512.9,
79459.3,
333995.2,
13109.84,
690711.2,
2504000,
18166.66,
7601225,
532577,
389073.3,
96360.66,
231034.2,
412081.5,
182358,
0,
1.882396e+07,
2044, 
74863.14,
2584805,
18356.94,
200567.9,
341930.4,
421812.3,
646738.7,
385997.7,
224398.5,
167120.4,
884353.4,
446128.7,
76427.32,
89943.63,
356629,
13543.45,
876733.8,
2665135,
19800.07,
7752723,
691998.8,
424411.5,
110090.3,
226718.5,
515243.5,
180887.3,
0,
2.039736e+07,
2045, 
78804.71,
2824479,
33958.14,
213966.8,
393617.9,
479057.2,
675850.7,
509201.2,
239349,
189052.5,
864067.4,
462249.7,
101833.3,
108035.5,
358949.8,
17785.41,
1084329,
2733922,
20452.32,
7893415,
786481.2,
452382.2,
126014,
238632.1,
631555.6,
156059.7,
0,
2.16735e+07,
2046, 
102540.8,
2984485,
59223.73,
228212.8,
471710,
555635.4,
703570.9,
572536.6,
259128.1,
212747.4,
845074.6,
478151.5,
140438,
128548.4,
385245.5,
49225.39,
1229910,
2835859,
22481.01,
8170682,
863318.1,
474161.3,
138696.5,
244147.3,
721037.7,
153046.9,
0,
2.302981e+07,
2047, 
108768.2,
3064994,
97307.56,
239705.1,
567084.8,
652019.7,
731636.3,
640015.4,
282888,
234214.9,
815956.3,
484343.3,
154644.4,
142075.8,
423116.6,
139938,
1415935,
2886679,
26223.87,
8378735,
917092.7,
476386.8,
146967.3,
257689.6,
797448,
143175.2,
0,
2.422504e+07,
2048, 
127992.2,
3140872,
140566.3,
250356.4,
668104.6,
715498.1,
759134.3,
697703.3,
310175.9,
249270.2,
825127.9,
496613.3,
160557.3,
150842.1,
426216.7,
321749,
1590044,
2928759,
30726.17,
8499773,
961729.3,
489897.3,
152020.2,
278612.6,
885125.7,
134863.8,
0,
2.539233e+07,
2049, 
144561.6,
3175582,
176364.3,
262248.8,
757649.1,
766601.1,
791242.6,
746811.2,
331627.9,
264507.2,
851950.1,
511985.1,
179052.9,
157028,
380157.4,
579766.5,
1736910,
2979174,
33123.59,
8606193,
999043.2,
490705,
155150.5,
306107.8,
1004555,
133749.9,
0,
2.652185e+07,
2050, 
164323.2,
3217182,
202399.7,
272755.3,
834806.6,
846624.4,
828515.8,
784328.2,
352452.8,
283191.5,
872192.8,
519368.8,
199041.3,
160132.8,
192614.3,
707139.1,
1866871,
3020739,
38291.37,
8790987,
1023530,
464717.1,
155639.5,
341472,
1103405,
132372.7,
0,
2.737509e+07,
2051, 
184870.5,
3240975,
238368.7,
279086.8,
954200.1,
947344.6,
875102,
836310.4,
409103.5,
304629.6,
946640.1,
521039.5,
214178.3,
162648.6,
46437.39,
842141.7,
1899614,
3141926,
44277.71,
8989122,
1040255,
420571.8,
154127,
378267.3,
1184523,
142692.4,
0,
2.839845e+07,
2052, 
203401.2,
3262915,
277006.4,
283610.3,
1045878,
1001479,
920133.4,
877261.9,
461366.5,
323240,
950384.5,
521981.6,
229521.5,
159118.3,
172660.8,
988991.6,
1898539,
3271185,
54654.53,
8954351,
1050573,
381927,
153859.9,
414773.1,
1279655,
171502.7,
0,
2.930997e+07,
2053, 
219938.5,
3283208,
303816.1,
283742.8,
1119396,
1044831,
965026.9,
915921.4,
496325.5,
335569.9,
946049.4,
524527.8,
245394.6,
163923.3,
81942.16,
1079954,
1912240,
3334831,
61351.47,
8901747,
1052223,
354661.1,
152073.3,
435316.4,
1363212,
202608.8,
0,
2.977983e+07,
2054, 
234520,
3421987,
343160.9,
280249.2,
1215938,
1079331,
1006564,
949251.1,
523485.7,
331816.5,
946544.2,
524864.3,
257344.1,
172965.8,
152254.9,
1116419,
1938163,
3501657,
68227.41,
8915580,
1025225,
331473.6,
151733.9,
467926.8,
1440004,
224581.8,
0,
3.062127e+07,
2055, 
246251,
3399481,
396055.9,
270685.5,
1337308,
1108087,
1042314,
988852.9,
557618.4,
281667.7,
960925.4,
524637.1,
241566.3,
181124.8,
220163.2,
1150342,
1997985,
3727785,
73974.48,
8973488,
1012875,
310639.6,
149829.5,
489781.2,
1515874,
251959.9,
0,
3.141127e+07,
2056, 
262218.3,
3412151,
457554.8,
266227.7,
1445758,
1142427,
1082266,
1023891,
594645.7,
255371.5,
944982.6,
526471.9,
240682.1,
186592.5,
265181.6,
1179911,
1998817,
3760333,
80547.04,
9003005,
1006172,
296055.3,
152075.3,
511124.3,
1595733,
286420.2,
0,
3.197661e+07,
2057, 
285582,
3404984,
512728.3,
263908.1,
1580270,
1170206,
1124993,
1067366,
637703.5,
242713.9,
905750.8,
528501.8,
235421.3,
193488,
316231.8,
1190311,
1939262,
3774362,
81420.03,
9041100,
995685.8,
285762.4,
154706.1,
534035.5,
1682318,
312110.6,
0,
3.246092e+07,
2058, 
313307.5,
3435168,
576251.6,
265440.8,
1662020,
1203553,
1171290,
1150212,
678155.8,
249834.1,
887875,
533409.1,
212656.1,
206090.3,
324425.8,
1193591,
1850553,
3804714,
82017.52,
9033692,
979349.9,
278603.3,
156087.9,
557067.5,
1772567,
349975.6,
0,
3.292791e+07,
2059, 
338177.5,
3483667,
642804.1,
270063.7,
1738406,
1232348,
1218704,
1295876,
727258.4,
278238,
894116.8,
537335.4,
205540.3,
211375.5,
335572.2,
1192489,
1781350,
3823660,
83183.55,
9018635,
955193.2,
275707.7,
158559.8,
581922.4,
1858512,
378549,
0,
3.351724e+07,
2060, 
359269.3,
3498728,
675304,
271264.9,
1823309,
1261070,
1274550,
1443187,
773215.2,
330078.9,
896694.8,
541167.3,
193486.5,
213418,
371159.6,
1195602,
1764358,
3843969,
84378.94,
9026966,
925545.5,
277742.4,
161892,
614139.8,
1951343,
398281.3,
0,
3.417012e+07,
2061, 
374610.5,
3621956,
706954.9,
264658.5,
1910493,
1292502,
1340213,
1571108,
817928.7,
385878.7,
900295.1,
536982.9,
178138.4,
218553.4,
437321.7,
1197580,
1778222,
3846644,
85171.29,
9045748,
886282.8,
285245.8,
160393,
636068.1,
2057363,
434351.8,
0,
3.497066e+07,
2062, 
383118.7,
3817212,
732825.3,
257064.9,
1984948,
1322565,
1406897,
1682296,
859324.2,
417575.1,
914416.3,
531099.4,
168759.6,
223644.5,
501780.7,
1197091,
1813129,
3826539,
86302.38,
9143509,
856312.1,
283692.3,
154843.2,
655641.8,
2171975,
473763.4,
0,
3.586632e+07,
2063, 
399484.5,
4075458,
761268.5,
249383.9,
2051629,
1349304,
1478695,
1790797,
907307.3,
427396.2,
921226,
529541.1,
166698.6,
226831.2,
541508,
1193053,
1850670,
3677429,
84915,
9313464,
847573.1,
278457.8,
150511.4,
678233.6,
2287373,
522399.3,
0,
3.676061e+07,
2064, 
397345.1,
4221794,
795545.9,
238842.1,
2116690,
1381222,
1542912,
1948222,
968465.9,
398301.4,
914017.7,
529169.7,
174491.3,
228546,
580415,
1188954,
1901380,
3506454,
84642.94,
9427997,
846413.1,
271958.7,
146825.6,
708677.3,
2403802,
598175.7,
0,
3.752126e+07,
2065, 
414122.3,
4355890,
831561.3,
225079.5,
2177976,
1415577,
1603623,
2092848,
1019087,
344268,
917157.5,
530759.1,
186761.9,
230985.8,
614390.9,
1183587,
1953600,
3312211,
83978.69,
9507921,
836432.8,
257959.5,
143146.6,
752927.6,
2529934,
658703.8,
0,
3.818049e+07,
2066, 
421025.2,
4422029,
867332.5,
214412.6,
2251418,
1461047,
1667999,
2218346,
1073038,
290353.1,
920486.7,
535167.4,
207433.8,
236412.8,
591139.7,
1179828,
2005335,
3178149,
83397.21,
9603597,
830781.3,
244413.3,
138924,
782502.4,
2657701,
703867.1,
0,
3.878614e+07,
2067, 
424503.4,
4420675,
900523.4,
207638.6,
2334573,
1505247,
1731653,
2308934,
1129959,
234198,
907364.7,
540443.3,
224240.9,
241031,
503143.1,
1174735,
2061481,
3036168,
84767.84,
9713396,
841059.4,
226835.3,
132407.7,
790044.4,
2779777,
753938.6,
0,
3.920874e+07,
2068, 
428492.3,
4391026,
933559.4,
206762.2,
2457771,
1550454,
1801364,
2389375,
1192682,
189265,
910044.4,
543059.4,
228031.8,
241096.1,
336013,
1162900,
2041819,
2921482,
87234.84,
9852117,
842083,
226008.1,
129705,
780926.2,
2893739,
805605.6,
0,
3.954262e+07,
2069, 
436268.1,
4387655,
965780.1,
207583.7,
2616488,
1597627,
1873114,
2506098,
1254635,
161269.1,
921740.2,
542293.6,
231731.4,
238953.3,
221664.1,
1147735,
1967093,
2831477,
89990.27,
9895413,
831999.9,
225070.2,
125406.5,
715979.1,
2989558,
869764.9,
0,
3.985239e+07,
2070, 
446355.1,
4419486,
997467.5,
210943.4,
2788872,
1763803,
1927467,
2556461,
1317335,
149480.4,
949158.5,
535872.8,
234112.1,
235651.3,
277069.5,
1133404,
1927814,
2736385,
93032.13,
9869812,
821584.9,
228970.6,
122956.4,
593498.3,
3068012,
894727.6,
0,
4.029973e+07,
2071, 
455313.4,
4441653,
1039289,
212165.1,
2925700,
1900432,
2012620,
2579829,
1382584,
152448.6,
972608.4,
526213.8,
235235.4,
241127,
381319.4,
1127979,
1895726,
2612467,
94833.73,
9833927,
811717.1,
237717.3,
119424.2,
540593.4,
3144961,
903125.2,
0,
4.078101e+07,
2072, 
461565.4,
4475695,
1087150,
214264.7,
3035369,
2004940,
2091147,
2791791,
1445931,
162999.8,
990244,
525578.6,
231829.5,
247468.7,
489443.1,
1116174,
1791752,
2451330,
97652.05,
9872762,
812832.8,
250960.6,
116295.8,
577805.7,
3191737,
901588.5,
0,
4.143631e+07,
2073, 
462984.6,
4512182,
1135579,
217524.2,
3115131,
2016287,
2128597,
3300491,
1510735,
183382.9,
971977.3,
530106.5,
230045,
257259.3,
576219.2,
1109270,
1702314,
2324027,
99424.38,
9985445,
826764.1,
258101,
112851.1,
693311.9,
3223723,
827167.2,
0,
4.23109e+07,
2074, 
469858.3,
4610665,
1179448,
221333,
3188672,
1987251,
2132001,
3443924,
1575386,
217324.8,
948204.8,
533740.8,
229711.5,
255744.2,
676754.3,
1089047,
1632143,
2191043,
101219.5,
1.009324e+07,
842979.3,
270418.2,
111255.1,
813945.6,
3247937,
718838.7,
0,
4.278208e+07,
2075, 
457118,
4710705,
1226347,
226583.9,
3262062,
1933940,
2094841,
3655674,
1641403,
261747.1,
920707.8,
536574.1,
231950.6,
246856.4,
750597.3,
1075940,
1567333,
2020678,
105798.2,
1.008717e+07,
872440.4,
282435.6,
105002.6,
824647.9,
3266800,
659293.8,
0,
4.302464e+07,
2076, 
468579.2,
4735923,
1274657,
230849.3,
3381991,
1890308,
2049610,
3977674,
1717525,
325489.3,
919217.9,
537666,
237311.3,
238899,
804710.1,
1077440,
1513030,
1865421,
110543.8,
1.00153e+07,
915682.2,
302018.2,
97575.33,
837670.1,
3304932,
639494.2,
0,
4.346951e+07,
2077, 
464001.9,
4732130,
1323074,
237332.3,
3482451,
1875574,
1986773,
4241097,
1795839,
382137.5,
920461.8,
538382.9,
241368.5,
232033.4,
822628.7,
1077297,
1482139,
1737519,
113291.4,
9928814,
944103,
316360.8,
92387.41,
859516.6,
3344206,
618462.4,
0,
4.378938e+07,
2078, 
464039.8,
4759951,
1368718,
241461.1,
3578954,
1844340,
1832997,
4504646,
1878491,
434433.5,
929720.4,
538113.1,
244374.1,
228233,
849366.4,
1097686,
1483147,
1641932,
115028.3,
9829951,
965822,
326333,
90999.44,
896575.6,
3382330,
601211.8,
0,
4.412885e+07,
2079, 
455990.3,
4768610,
1409451,
251099.1,
3646386,
1835690,
1723355,
4810549,
1963184,
470913.6,
960915.9,
536976.1,
247241,
233039.6,
873939.6,
1102074,
1474231,
1558436,
116741,
9597560,
972927.3,
331245.3,
88853.29,
928526.6,
3420281,
612504.9,
0,
4.439072e+07,
2080, 
454823.3,
4782904,
1436033,
256110.5,
3685622,
1845045,
1708206,
5089483,
2043272,
504192.9,
981330.9,
536785.5,
247191,
237055.5,
887751.8,
1096118,
1474408,
1449515,
117811.8,
9416487,
986003.2,
332158.7,
85996.33,
896101.6,
3453939,
648001.9,
0,
4.465234e+07,
2081, 
440331.5,
4838393,
1437932,
259546.1,
3703601,
1845715,
1735336,
5383943,
2130761,
523568.2,
972661.7,
535863.5,
247235.2,
242752.4,
845237.4,
1119454,
1462839,
1344035,
118107.9,
9316835,
997299.4,
334407.2,
84647.37,
862427.4,
3370913,
692196.4,
0,
4.484604e+07,
2082, 
414677,
4917471,
1404872,
258467.3,
3706500,
1840444,
1822329,
5611330,
2215248,
536557.8,
951454.9,
531393.9,
249134.5,
242902.8,
788299.1,
1135024,
1411636,
1236997,
117894.7,
9220005,
1017556,
337384.7,
85209.41,
895177.8,
3279180,
746659.9,
0,
4.49738e+07,
2083, 
387517.9,
5001181,
1380134,
254042.1,
3688334,
1842145,
1929713,
5795944,
2299167,
552559.4,
928201.9,
528027.6,
259759.9,
243937.9,
722492.1,
1148613,
1358617,
1157735,
117057.7,
9140442,
1043808,
341793.1,
83373.16,
931300.7,
3215658,
784829.6,
0,
4.513638e+07,
2084, 
360363.1,
5072692,
1332331,
255091,
3693943,
1834487,
2041301,
6081694,
2378495,
573156.5,
931621.7,
524180.8,
265559.1,
244780.4,
647483.7,
1165851,
1283789,
1118156,
115916.5,
9035054,
1085465,
351929.8,
80874.96,
964542.3,
3178609,
830547.8,
0,
4.544792e+07,
2085, 
337584.6,
5120839,
1280725,
255327.9,
3683702,
1824641,
2138537,
6241033,
2480285,
598809.8,
930226.1,
516046,
268136.2,
244821.5,
591303.9,
1192530,
1222102,
1084304,
113761.9,
8943913,
1125215,
363637.9,
77366.09,
996717.9,
3116323,
841670.4,
0,
4.558956e+07,
2086, 
313641.7,
5179968,
1245748,
261138.2,
3694011,
1815882,
2169447,
6439234,
2559003,
629712.8,
943347.6,
502804.6,
271309.1,
244390.1,
584841.8,
1222038,
1067794,
1061793,
112754.3,
8882980,
1148114,
372875.5,
76056.31,
1020147,
3036939,
840843.4,
0,
4.569681e+07,
2087, 
317862.1,
5227451,
1226713,
267886.8,
3715415,
1828454,
2166102,
6706458,
2661412,
649655,
962751.9,
487975.7,
274216.7,
244051.5,
489289.9,
1262998,
936781.7,
1061494,
112322.5,
8827506,
1162002,
379150.1,
73199.29,
1045426,
2961331,
844094,
0,
4.5892e+07,
2088, 
319368.5,
5255671,
1213661,
275541,
3738417,
1847730,
2020552,
6932918,
2745780,
666888.8,
969914.4,
474826.7,
276877.9,
244271.9,
619181.9,
1319949,
772095.6,
1058643,
111941.9,
8776537,
1156604,
375136.8,
70669.45,
1075897,
2862808,
873841.4,
0,
4.605572e+07,
2089, 
331318.6,
5261442,
1228059,
279879.7,
3742901,
1868268,
1814911,
7161002,
2831755,
679923.1,
955490.5,
464411.8,
280423.8,
243550.3,
609709.7,
1360736,
645536.8,
1063056,
112065.9,
8709999,
1134764,
367170.6,
69658.17,
1102723,
2834868,
916213.2,
0,
4.606984e+07,
2090, 
346936.3,
5249536,
1260300,
286556.2,
3674122,
1887545,
1565983,
7438064,
2918385,
691516.5,
943330.8,
455505.5,
285411.6,
242404.2,
659848.1,
1392140,
548688.9,
1068283,
111238.6,
8667128,
1107496,
352537.4,
71808.67,
1140950,
2765622,
992101.8,
0,
4.612344e+07,
2091, 
346096.9,
5210328,
1267050,
289489.3,
3599317,
1897619,
1362865,
7815242,
3011252,
702299.3,
948650.1,
450683,
289861.5,
241971,
675214.4,
1416528,
445910.3,
1061550,
109634.4,
8632406,
1095954,
339375.7,
76784.63,
1176824,
2728024,
1135371,
0,
4.63263e+07,
2092, 
336818.5,
5185835,
1301039,
288938.6,
3512979,
1907998,
1320449,
8281882,
3109477,
714083.6,
964553.8,
447599.8,
293014.2,
241693,
681304.2,
1432534,
296146,
1021465,
108797.2,
8601070,
1089006,
321142,
85137.16,
1202083,
2697840,
1294777,
0,
4.673766e+07,
2093, 
328259.9,
5176183,
1307678,
284344.5,
3459743,
1926836,
1277356,
8529118,
3212545,
725300.6,
963483.1,
451874.2,
292557.1,
242123.2,
682679,
1442408,
218006,
987771.8,
109026.3,
8598466,
1096662,
314657.2,
93128.66,
1230855,
2687879,
1457149,
0,
4.709609e+07,
2094, 
325074.5,
5171207,
1339593,
276834.7,
3449284,
1944019,
1246315,
8840044,
3315368,
732733.4,
974785.4,
456939.6,
290060.9,
243414.5,
687533.4,
1440027,
147844,
988591.7,
109012.8,
8690504,
1107045,
318079.4,
103353.9,
1264517,
2682399,
1606594,
0,
4.775117e+07,
2095, 
314808.7,
5173809,
1342429,
275332.3,
3459633,
1973276,
1368899,
9085033,
3422938,
742456.2,
975825.2,
470570.6,
291063.3,
245615.5,
692247.8,
1429132,
104260.5,
1007635,
107647,
8750683,
1098251,
325360,
108734.8,
1292897,
2662338,
1706917,
0,
4.842779e+07,
2096, 
322216.6,
5182128,
1369179,
276447.1,
3497404,
2006336,
1401538,
9342984,
3529982,
758351.3,
971025.3,
488308,
293901.8,
248439.9,
689857.2,
1417286,
76850.55,
1037306,
106350.2,
8912497,
1090533,
329858.1,
111227.2,
1317119,
2634510,
1801848,
0,
4.921348e+07,
2097, 
320746.6,
5178021,
1377289,
278423.8,
3528311,
2038168,
1451048,
9698281,
3635575,
776157.1,
959633.5,
492877.1,
297534.7,
251978.5,
686945.9,
1403931,
67683.94,
1066517,
105175.4,
9028394,
1083179,
340753.7,
110399.3,
1342045,
2605326,
1822566,
0,
4.994696e+07,
2098, 
332856.6,
5177704,
1412025,
282028.1,
3567057,
2058571,
1457256,
1.022543e+07,
3746429,
790220.2,
944785.6,
497243.7,
299894.4,
257146.8,
690919.7,
1394568,
62631.63,
1121862,
101016.3,
9122049,
1078944,
332184.8,
111789.6,
1360871,
2572910,
1885211,
0,
5.08836e+07,
2099, 
338354.3,
5183247,
1410036,
289193.2,
3591250,
2075124,
1404060,
1.057628e+07,
3856696,
765408.6,
960691.4,
505365.6,
300576.2,
262972.6,
697110,
1375234,
63047.9,
1146836,
96239.73,
9151909,
1083302,
321312.8,
114418.1,
1380538,
2558960,
1978042,
0,
5.148621e+07,
2100, 
363998.2,
5190631,
1401422,
291459.6,
3622009,
2106031,
1378670,
1.095239e+07,
4000422,
684983.4,
966979.4,
518098.4,
301699.7,
269457.3,
699848.1,
1360439,
67675.52,
1142349,
90580.45,
9157855,
1092020,
309697.7,
114740.1,
1404787,
2553373,
2124426,
0,
5.216604e+07];
