real main.em.ep.isp.StorCapTot[28](t) = [1971, 
566.5516,
2974.242,
36.59344,
18.78446,
56.49295,
70.06173,
51.09151,
35.70309,
10.61529,
190.2325,
3522.189,
690.718,
37.31318,
556.4208,
110.5313,
1607.783,
123.688,
165.1254,
43.73093,
189.4541,
28.22084,
2.399819,
681.6126,
110.3267,
12.23423,
22.08051,
0,
11914.2,
1972, 
646.2068,
2975.325,
41.50105,
20.93361,
61.75048,
74.46001,
51.76905,
38.57457,
11.42901,
206.3607,
3676.651,
753.3674,
43.05058,
588.0674,
113.3681,
1694.608,
139.7687,
172.2903,
47.06474,
207.8923,
32.03064,
2.773161,
728.3337,
108.9237,
12.26643,
31.6033,
0,
12480.37,
1973, 
716.0466,
3248.41,
45.12885,
23.28887,
71.53477,
83.28148,
53.04696,
42.95211,
11.59635,
219.3552,
3942.77,
784.907,
43.52681,
621.6184,
121.3834,
1793.588,
167.1922,
178.2011,
53.26466,
227.2951,
37.82144,
3.405518,
788.479,
124.1211,
14.25235,
40.17353,
0,
13456.64,
1974, 
740.7369,
3273.476,
57.15581,
24.33209,
79.68801,
91.06651,
56.72418,
43.06424,
11.21579,
234.7155,
4037.459,
833.1469,
49.24638,
657.4884,
130.2095,
1903.219,
187.3379,
186.7265,
58.56365,
235.1268,
40.24564,
4.518811,
778.5542,
133.2379,
16.03489,
50.63238,
0,
13913.92,
1975, 
721.2789,
3369.763,
60.57953,
24.18564,
85.83691,
95.39542,
64.47839,
48.29573,
11.6781,
252.28,
4023.85,
871.0329,
59.03473,
595.6721,
115.8249,
1764.688,
217.4633,
206.9453,
65.50536,
278.35,
41.93681,
5.131409,
796.1603,
138.231,
17.99837,
53.29406,
0,
13984.89,
1976, 
771.6292,
3598.95,
64.31382,
27.34083,
98.93375,
102.9142,
73.92207,
50.22042,
13.53636,
264.12,
4326.715,
925.7356,
67.06864,
622.4441,
122.6964,
1878.464,
256.2046,
232.1586,
71.59804,
308.7295,
47.25506,
4.763587,
851.8198,
144.1164,
18.93958,
57.16565,
0,
15001.75,
1977, 
827.6048,
3719.497,
69.53985,
29.62437,
109.1107,
112.6787,
84.5472,
54.93723,
14.22311,
264.1704,
4423.47,
965.7786,
75.03923,
640.5471,
126.8969,
1944.615,
324.4036,
246.8405,
78.35242,
337.0688,
52.46521,
5.95475,
887.6619,
151.6248,
20.39258,
62.17325,
0,
15629.22,
1978, 
887.8226,
3821.181,
76.84139,
31.27707,
120.818,
118.2031,
95.16819,
53.08585,
14.94976,
275.6216,
4588.078,
1016.439,
79.9075,
661.4202,
131.2872,
2035.778,
366.1609,
271.1459,
86.89742,
384.1998,
54.30918,
8.341496,
928.8909,
156.2173,
22.9126,
60.36863,
0,
16347.32,
1979, 
930.5837,
3897.239,
82.38017,
32.64742,
135.3544,
131.7854,
106.4107,
61.24866,
15.3327,
289.3306,
4782.964,
1024.308,
81.57783,
677.9902,
180.5236,
2084.63,
423.5064,
275.055,
94.17832,
419.895,
59.07899,
10.05368,
978.6647,
163.4653,
25.65978,
65.03255,
0,
17028.9,
1980, 
956.9705,
3946.067,
86.42494,
32.93709,
155.3525,
141.0095,
118.9684,
68.54224,
15.51185,
313.1867,
4815.501,
1071.879,
84.04602,
709.9712,
197.6389,
2245.674,
469.0142,
287.1129,
98.33781,
410.6412,
63.22007,
12.6536,
966.4481,
171.3388,
26.91667,
59.91535,
0,
17525.28,
1981, 
1006.165,
3977.724,
94.37409,
34.07277,
149.4538,
146.5863,
135.104,
67.05523,
16.40031,
357.5547,
4864.923,
1079.755,
88.10221,
727.1834,
202.5044,
2371.116,
556.1702,
314.9553,
106.1865,
414.6992,
67.22141,
12.48682,
976.3061,
182.4508,
28.79956,
56.82001,
0,
18034.17,
1982, 
987.8765,
3879.774,
98.61699,
35.2829,
156.7125,
148.7269,
147.9557,
74.63888,
17.75339,
375.9043,
4857.617,
1095.41,
96.068,
741.8356,
209.7063,
2461.393,
659.3624,
336.1766,
111.9568,
442.2255,
72.06509,
15.20171,
966.7123,
185.5412,
30.89977,
56.75296,
0,
18262.17,
1983, 
1032.313,
3967.786,
97.85333,
37.51171,
162.1886,
155.8756,
163.2668,
69.4345,
18.89748,
382.6703,
4973.012,
1145.789,
100.4163,
762.8633,
216.3593,
2589.904,
675.0386,
359.6469,
121.9812,
477.8958,
78.79086,
17.83477,
1020.775,
190.207,
34.3522,
55.55246,
0,
18908.22,
1984, 
1112.937,
4148.68,
106.0188,
38.59263,
181.4627,
160.461,
180.22,
64.50052,
18.92486,
423.2476,
5155.272,
1198.988,
113.4875,
792.8245,
225.6621,
2754.897,
727.5254,
397.6707,
131.3844,
501.698,
84.95988,
20.98048,
1074.521,
203.2512,
38.75315,
54.76211,
0,
19911.68,
1985, 
1180.38,
4230.037,
92.49062,
38.04673,
196.5014,
163.4449,
193.5835,
78.17641,
20.27892,
437.8108,
5346.953,
1203.015,
123.9705,
812.9531,
233.2524,
2858.612,
780.3899,
435.9345,
141.4574,
536.3747,
89.71655,
21.78787,
1116.508,
218.1733,
41.8441,
56.81584,
0,
20648.51,
1986, 
1207.813,
4229.518,
103.6125,
40.66662,
207.7808,
185.0835,
191.2275,
81.85087,
21.52302,
449.8777,
5433.235,
1259.055,
142.1421,
831.6603,
237.0043,
2987.03,
850.5453,
476.1484,
152.6593,
588.5262,
92.82371,
30.70134,
1132.484,
225.4152,
46.27436,
58.09723,
0,
21262.76,
1987, 
1287.623,
4307.051,
111.3837,
43.02757,
210.5469,
199.1115,
204.5884,
85.31211,
23.23101,
460.6619,
5612.605,
1284.988,
159.1042,
863.2499,
238.6665,
3106.901,
869.8859,
517.3082,
169.5675,
650.3064,
100.105,
35.58293,
1207.819,
237.7349,
51.20742,
56.63528,
0,
22094.21,
1988, 
1317.798,
4484.585,
113.5261,
43.28681,
218.5264,
225.1181,
223.0481,
89.5977,
24.72484,
478.0926,
5859.237,
1278.843,
167.0103,
890.5942,
242.927,
3183.245,
1000.79,
569.9761,
191.7331,
711.4371,
109.9127,
37.58426,
1276.658,
248.4914,
58.77045,
62.61319,
0,
23108.13,
1989, 
1289.948,
4891.889,
120.301,
46.22469,
232.4993,
215.0817,
233.4684,
93.52523,
26.15312,
488.7791,
6047.041,
1295.534,
180.171,
906.2196,
244.232,
3416.994,
1020.845,
622.7427,
209.0352,
764.9399,
120.5464,
41.57859,
1357.823,
266.7866,
61.29193,
60.04433,
0,
24253.69,
1990, 
1248.779,
4995.013,
124.1782,
46.64646,
222.7453,
232.0205,
241.7009,
95.23463,
30.09122,
496.7573,
6181.774,
1224.495,
199.0619,
975.4499,
302.9716,
3331.973,
1092.569,
669.6919,
224.4324,
813.0234,
132.6228,
49.40136,
1481.831,
273.6827,
66.69481,
66.79697,
0,
24819.64,
1991, 
1322.161,
5037.777,
128.2777,
45.39423,
236.8519,
218.3694,
254.9297,
97.33857,
32.04682,
497.4575,
6320.371,
1168.048,
202.7569,
899.2223,
259.5056,
3106.487,
1209.781,
729.2906,
236.5089,
971.884,
143.0403,
55.9022,
1530.546,
281.3867,
71.52883,
73.59605,
0,
25130.46,
1992, 
1353.039,
5124.862,
131.5307,
47.91128,
243.2132,
225.8279,
269.5048,
101.0303,
33.27763,
509.8752,
6363.886,
1085.735,
228.5043,
766.1584,
240.8472,
2686.772,
1286.644,
762.0225,
251.3723,
1073.015,
154.8903,
61.08336,
1548.467,
286.9294,
78.56659,
63.65837,
0,
24978.62,
1993, 
1400.01,
5248.243,
132.9806,
48.91608,
252.9958,
238.4972,
291.5942,
101.4027,
34.51823,
530.809,
6374.86,
1084.671,
251.0916,
695.1735,
202.8727,
2712.538,
1325.594,
804.2687,
278.3861,
1107.901,
170.7037,
68.28239,
1565.738,
296.0274,
81.98215,
65.0818,
0,
25365.14,
1994, 
1477.075,
5383.487,
143.0381,
52.48103,
260.1825,
253.1404,
311.4728,
101.3972,
35.24383,
548.6121,
6510.536,
1149.854,
264.1371,
633.6521,
199.3909,
2393.345,
1409.661,
863.0345,
312.2451,
1202.43,
192.6083,
75.9335,
1637.838,
305.2039,
86.18166,
63.1045,
0,
25865.29,
1995, 
1492.358,
5533.3,
145.9399,
55.38452,
273.2186,
265.1354,
329.47,
107.2203,
38.49931,
555.501,
6679.88,
1147.835,
295.3118,
664.9872,
197.7865,
2387.457,
1480.046,
936.0219,
348.1944,
1309.084,
213.4603,
88.07734,
1664.714,
313.7807,
91.62786,
64.49086,
0,
26678.78,
1996, 
1536.592,
5667.442,
138.8999,
58.28428,
286.8675,
277.5596,
372.3525,
111.6934,
40.28925,
579.891,
6785.179,
1266.089,
320.9897,
667.1903,
191.0033,
2357.392,
1541.957,
987.7782,
385.8129,
1375.309,
232.4085,
102.2018,
1712.869,
320.4303,
96.04259,
58.23965,
0,
27470.77,
1997, 
1559.342,
5802.42,
149.5433,
63.06667,
301.8254,
299.7116,
400.9549,
112.1591,
43.4182,
601.1145,
6917.219,
1289.305,
349.7266,
661.052,
187.3508,
2320.673,
1667.711,
1042.44,
421.7536,
1458.194,
248.7837,
107.9071,
1751.484,
330.9117,
99.70744,
61.11293,
0,
28248.89,
1998, 
1540.502,
5942.696,
161.3528,
67.64513,
311.2066,
315.7187,
428.127,
109.5414,
44.63995,
593.0491,
7067.234,
1305.949,
372.6165,
635.3345,
180.1685,
2349.473,
1881.152,
1116.258,
413.5285,
1528.118,
245.2137,
111.2397,
1754.625,
350.3318,
103.3465,
79.8821,
0,
29008.95,
1999, 
1572.173,
6056.589,
170.9669,
72.95132,
323.2833,
316.1862,
453.7305,
115.0014,
45.93115,
591.5022,
7145.396,
1276.606,
385.2694,
656.6166,
176.9924,
2412.123,
1803.323,
1199.138,
460.1583,
1591.606,
262.1656,
129.9347,
1779.913,
369.1242,
103.2132,
86.45403,
0,
29556.35,
2000, 
1619.371,
6343.598,
182.1804,
74.65184,
335.1501,
332.5957,
483.0026,
118.5998,
47.61525,
619.6019,
7169.123,
1355.836,
416.255,
649.2684,
180.2931,
2528.973,
1817.156,
1267.169,
544.5009,
1796.547,
284.5641,
139.9361,
1853.209,
380.3521,
112.5751,
94.0961,
0,
30746.22,
2001, 
1579.686,
6036.336,
187.8208,
76.65722,
328.215,
330.656,
511.2394,
126.1115,
49.83152,
599.1965,
7150.127,
1475.698,
415.5149,
690.749,
173.3084,
2642.829,
1899.68,
1315.586,
581.4237,
1977.719,
302.2621,
148.0006,
1834.23,
404.3328,
126.3338,
106.0062,
0,
31069.55,
2002, 
1601.414,
6216.287,
190.8052,
79.93091,
348.0688,
326.6085,
535.3992,
133.979,
49.97228,
648.6197,
6981.9,
1408.631,
441.9272,
687.0127,
176.5705,
2552.302,
1972.567,
1355.931,
621.3357,
2139.943,
320.4363,
156.6994,
1869.33,
404.9095,
133.2686,
112.9466,
0,
31466.79,
2003, 
1559.413,
6274.114,
234.0262,
81.7334,
362.0905,
343.1982,
562.7012,
132.2837,
52.96256,
678.9747,
6911.882,
1414.087,
479.6729,
712.0406,
187.6726,
2601.24,
2073.95,
1448.072,
648.206,
2451.692,
346.4093,
163.6695,
1866.884,
387.6968,
141.5318,
108.1215,
0,
32224.33,
2004, 
1582.392,
6482.713,
233.6509,
82.24095,
387.2312,
365.9215,
595.9069,
146.1196,
57.43195,
701.6575,
6834.977,
1497.295,
513.3196,
744.4063,
194.4859,
2682.974,
2209.006,
1541.396,
683.4837,
2810.406,
369.9597,
174.81,
1920.474,
398.1721,
152.954,
116.0364,
0,
33479.42,
2005, 
1540.254,
6485.272,
245.5914,
86.54619,
398.4741,
380.4034,
609.2895,
155.0973,
61.99103,
710.5886,
6734.492,
1467.113,
545.8192,
723.832,
199.4022,
3028.787,
2217.365,
1638.708,
727.5107,
3177.348,
398.8737,
186.6612,
1962.813,
398.9419,
164.6812,
124.8451,
0,
34370.7,
2006, 
1485.824,
6463.281,
252.4695,
91.60591,
416.5018,
402.4745,
645.9952,
164.3181,
65.97582,
744.4407,
6584,
1490.396,
587.1058,
757.2537,
203.939,
3050.431,
2345.201,
1774.289,
750.1337,
3645.153,
421.5736,
189.8112,
1990.278,
401.1125,
174.2884,
127.9489,
0,
35225.8,
2007, 
1574.615,
6502.201,
262.4502,
94.18405,
441.52,
412.2105,
715.0487,
173.6385,
71.87503,
762.7217,
6348.048,
1480.385,
635.1568,
768.7041,
212.2352,
3075.485,
2529.004,
1906.573,
792.1226,
4191.988,
446.9207,
193.515,
2050.219,
418.7293,
180.2431,
131.2265,
0,
36371.02,
2008, 
1563.847,
6385.169,
266.4926,
92.63628,
459.9346,
439.2581,
747.5794,
177.139,
71.79164,
759.7952,
6246.647,
1478.159,
642.669,
730.3933,
194.8521,
3136.446,
2638.016,
1834.626,
845.5489,
4635.511,
458.1943,
197.849,
1980.87,
418.6232,
187.713,
133.3994,
0,
36723.16,
2009, 
1493.507,
6045.764,
263.1045,
92.5056,
464.9368,
444.5186,
852.4196,
184.4751,
78.41569,
741.169,
5755.696,
1419.687,
626.8298,
631.4039,
186.8031,
2963.475,
2909.69,
1969.72,
883.3447,
5351.23,
481.487,
202.2235,
1970.731,
402.4929,
195.6768,
144.8649,
0,
36756.17,
2010, 
1482.595,
6199.615,
278.2232,
96.68848,
516.3411,
439.8463,
923.8,
198.6546,
89.26054,
772.3489,
6010.892,
1453.807,
678.1425,
650.3873,
206.2382,
2981.445,
3046.439,
2124.571,
953.2413,
6454.225,
526.2254,
218.1566,
2037.503,
424.4417,
202.2079,
152.9244,
0,
39118.22,
2011, 
1544.362,
5996.323,
307.9242,
101.2212,
535.1364,
454.9114,
954.5945,
205.2336,
104.188,
780.2264,
6066.144,
1455.307,
737.9728,
662.8312,
199.7165,
3052.208,
3174.1,
2358.865,
993.0229,
7878.747,
554.1741,
231.9496,
2103.418,
424.2166,
215.4379,
156.1418,
0,
41248.38,
2012, 
1502.147,
5973.438,
321.376,
105.0279,
564.47,
486.0799,
1016.288,
211.0603,
116.2936,
776.0204,
6259.235,
1384.221,
799.1765,
665.5272,
212.7724,
3055.625,
3386.409,
2460.404,
1034.503,
9032.808,
614.5797,
242.9446,
2186.608,
443.5869,
232.0877,
160.2246,
0,
43242.91,
2013, 
1408.745,
6041.553,
315.8563,
110.4144,
588.6144,
522.5706,
1077.432,
236.5541,
127.3412,
784.6553,
6010.526,
1364.031,
814.5999,
645.0831,
255.0497,
3067.283,
3584.289,
2664.548,
1081.616,
10688.15,
678.5155,
267.5954,
2610.014,
474.472,
262.2623,
168.5284,
0,
45850.3,
2014, 
1362.696,
6148.191,
333.5646,
114.807,
626.2808,
526.9151,
1145.916,
250.8742,
144.936,
892.5254,
6045.166,
1330.811,
861.2068,
605.9148,
232.9855,
3092.465,
3884.438,
2988.514,
1142.211,
12528.49,
783.8353,
287.6143,
3016.61,
484.7797,
285.3235,
191.1462,
0,
49308.21,
2015, 
1279.184,
6389.154,
347.519,
125.4861,
630.1284,
565.9075,
1282.787,
275.2182,
164.0755,
936.1735,
5637.292,
1289.816,
919.7043,
554.8728,
242.1327,
3106.929,
4340.292,
3270.059,
1232.561,
14746.56,
875.3697,
306.3041,
3803.409,
522.9246,
305.7777,
200.8964,
0,
53350.54,
2016, 
1258.159,
6639.375,
368.8048,
128.839,
664.0094,
574.0179,
1402.814,
284.4392,
174.5053,
1037.938,
5875.774,
1309.851,
1040.457,
551.919,
286.9775,
3104.734,
4783.37,
3666.25,
1325.763,
16885.41,
1043.134,
331.3426,
4331.269,
566.3868,
355.7079,
195.298,
0,
58186.54,
2017, 
1298.877,
7101.296,
373.6421,
128.4192,
711.8248,
575.2354,
1447.376,
301.2891,
185.4516,
1135.028,
6032.053,
1312.423,
1309.021,
563.9563,
363.3415,
3161.75,
4878.37,
4125.948,
1447.351,
20101.09,
1137.122,
353.2377,
4839.93,
626.2341,
402.7116,
211.3776,
0,
64124.35,
2018, 
1261.571,
7560.323,
395.7441,
135.9024,
743.444,
585.1528,
1626.41,
331.2471,
220.8819,
1269.196,
6404.273,
1487.095,
1830.606,
607.3607,
377.102,
3134.868,
4867.292,
4725.12,
1597.416,
23559.61,
1240.901,
412.2394,
5313.017,
763.2841,
439.0869,
235.133,
0,
71124.27,
2019, 
1303.589,
7872.09,
368.4848,
141.2578,
795.7135,
555.296,
1768.198,
359.2242,
252.3356,
1303.715,
7156.404,
1408.408,
1958.896,
671.516,
412.0493,
3158.949,
5511.861,
5124.936,
1832.966,
26593.76,
1586.471,
451.0826,
5747.542,
926.487,
468.4483,
264.0726,
0,
77993.76,
2020, 
1277.806,
8155.741,
375.2833,
132.905,
771.1129,
549.8432,
1825.853,
383.2548,
264.8388,
1351.891,
7769.76,
1494.522,
2115.751,
698.7571,
373.8784,
3036.693,
5928.533,
5241.525,
2069.441,
30869.93,
1932.261,
453.8042,
6224.097,
1112.845,
493.9307,
267.8422,
0,
85172.09,
2021, 
1302.299,
9257.585,
398.2935,
145.5254,
852.8867,
617.4542,
1934.013,
412.4962,
294.7882,
1426.683,
8102.255,
1677.89,
2376.121,
720.0223,
466.1357,
3165.577,
6338.198,
5798.342,
2418.767,
36268.8,
2577.544,
489.3835,
6736.896,
1362.353,
560.7137,
292.6316,
0,
95993.66,
2022, 
1277.366,
10191.58,
461.0158,
155.2257,
900.5096,
617.5765,
1970.755,
492.8283,
333.1602,
1430.206,
8877.536,
1820.999,
2629.889,
601.434,
506.1902,
3138.284,
7294.347,
6728.862,
2591.414,
40288.53,
2731.321,
535.038,
7059.154,
1586.79,
641.9926,
365.4459,
0,
105227.5,
2023, 
1212.776,
11598.92,
478.0858,
161.8641,
967.0889,
634.0685,
2119.378,
577.7045,
356.1447,
1443.744,
9790.722,
2012.271,
2868.725,
623.0645,
571.7123,
3174.103,
8108.284,
7424.028,
2800.319,
48798.89,
2913.187,
588.9302,
7305.341,
1816.057,
671.1144,
389.8787,
0,
119406.4,
2024, 
1151.121,
13583.92,
505.3748,
169.112,
1005.248,
660.374,
2293.528,
642.5984,
384.4746,
1503.938,
10668.6,
2283.559,
3865.447,
566.3304,
632.0269,
3147.913,
8663.501,
8609.16,
2896.383,
57181.79,
3082.691,
634.604,
7448.39,
2136.777,
728.6704,
422.4053,
0,
134867.9,
2025, 
1202.279,
15860.48,
509.9273,
217.3991,
1148.261,
690.4794,
2439.93,
723.3482,
512.7025,
1795.86,
11592.13,
2471.714,
4105.498,
593.0738,
678.1487,
3128.771,
14364.01,
10926.36,
3188.786,
60854.94,
3380.021,
1074.06,
8398.787,
2542.852,
881.9244,
465.8601,
0,
153747.6,
2026, 
1230.752,
17199.79,
519.5315,
227.3079,
1148.427,
702.8818,
2374.5,
815.898,
624.6461,
1675.183,
12425.92,
2667.755,
3917.851,
623.6055,
804.1318,
3065.628,
13863.64,
12820.99,
3216.591,
70444.73,
3631.611,
1276.164,
8582.117,
2891.22,
1064.571,
476.8519,
0,
168292.3,
2027, 
1228.89,
18544.5,
537.6843,
260.3084,
1153.444,
725.0445,
2338.328,
1183.243,
768.9146,
1581.196,
13247.67,
2815.376,
3847.565,
676.4086,
1222.583,
3014.511,
14633.82,
15494.8,
3343.104,
80449.48,
4069.693,
1867.802,
8833.493,
3358.432,
1380.179,
512.4273,
0,
187088.9,
2028, 
1438.062,
19461.73,
573.9615,
302.5361,
1159.567,
748.8078,
2281.843,
1615.479,
904.1843,
1526.046,
14297.3,
3087.877,
3834.486,
733.1147,
1557.991,
2956.43,
16002.78,
19272.46,
3367.598,
93358.57,
4738.737,
2699.049,
9267.818,
3928.52,
1923.467,
573.8811,
0,
211612.3,
2029, 
1722.389,
20455.88,
615.1141,
365.9548,
1177.409,
782.2844,
2212.457,
2099.977,
1006.825,
1513.7,
15316.07,
3387.201,
3880.546,
772.6816,
1995.377,
2905.552,
16539.46,
23999.57,
3388.938,
106278.5,
5677.056,
3636.733,
9670.89,
4762.914,
2488.318,
703.5091,
0,
237355.3,
2030, 
1920.605,
22586.58,
707.0749,
654.7226,
1279.336,
983.4686,
2119.774,
2356.054,
1170.771,
1547.432,
16027.01,
3664.09,
4040.576,
823.0966,
2445.215,
2864.27,
17516.31,
28431.35,
3379.787,
120849.8,
7189.409,
4713.162,
10023.84,
5567.381,
3061.028,
882.1681,
0,
266804.3,
2031, 
2114.998,
26710.29,
785.3322,
1580.077,
1538.678,
1179.642,
2203.127,
2540.075,
1257.949,
1629.406,
17778.66,
3763.519,
4315.383,
866.53,
3159.443,
2798.926,
18578.37,
36452.58,
3423.46,
147518.4,
8718.193,
5830.851,
10411.64,
6689.479,
3740.961,
1127.483,
0,
316713.5,
2032, 
2328.405,
32594.54,
874.0234,
4335.761,
2090.158,
1451.507,
2385.698,
2641.886,
1302.347,
1652.224,
33654.2,
4393.452,
4725.68,
940.9348,
4009.834,
2755.724,
18607.52,
50939.06,
3410.482,
186896.5,
11256.47,
7060.985,
10856.43,
7963.667,
4360.2,
1182.834,
0,
404670.6,
2033, 
2646.559,
40673.55,
1068.104,
9721.183,
3148.409,
2895.171,
2549.108,
2718.833,
1391.298,
1632.859,
51299.48,
7516.691,
5162.28,
1016.659,
5037.857,
2703.796,
18706.46,
71950.79,
3406.014,
252221.8,
14589.6,
8985.467,
11385.75,
9561.539,
4993.75,
1218.455,
0,
538201.4,
2034, 
3247.515,
57848.94,
1235.676,
13862.52,
4562.251,
5815.873,
3076.379,
2744.869,
1549.544,
1618.917,
70760.03,
12117.52,
5521.42,
1370.356,
6604.956,
2760.692,
19823.01,
102775.3,
3468.035,
414809.2,
18473.41,
11282.24,
12073.3,
11721.19,
5840.669,
1276.6,
0,
796240.4,
2035, 
3980.506,
75742.53,
1324.907,
16217.14,
8525.191,
13471.84,
3648.63,
2853.718,
2062.158,
1502.842,
88488.62,
17763.33,
5974.607,
3359.174,
8690.987,
2899.894,
22270.76,
141398.8,
3675.697,
603571.1,
22971.62,
13596.08,
12925.27,
14019.34,
7103.87,
1603.646,
0,
1099642,
2036, 
4441.142,
91328.44,
1462.013,
17017.53,
12151.42,
23320.79,
4435.446,
3568.468,
4007.293,
2188.908,
103259.4,
22651.63,
6619.858,
6325.363,
11694.59,
3067.965,
27652.65,
176377.6,
3933.816,
730278.7,
26658.93,
14691.14,
13570.21,
15710.28,
8456.097,
2797.337,
0,
1337667,
2037, 
4920.609,
104004.5,
1966.068,
17898.39,
14379.62,
32503.66,
7044.225,
5885.471,
8401.435,
5352.268,
112960.1,
27508.12,
7065.102,
9028.353,
17267.6,
3300.642,
32689.11,
206668,
4245.27,
811057.1,
33375.51,
17286.53,
14078.09,
17757.89,
10511.29,
5634.585,
0,
1532790,
2038, 
5716.223,
123093.6,
2412.28,
18604.14,
15715.62,
36569.98,
16315.07,
9091.052,
16305.34,
10343,
120902.9,
32168.47,
7655.721,
10879.61,
29684.64,
3599.681,
36754.44,
234513.9,
4987.659,
872870.8,
41486.34,
22133.75,
14825.07,
20434.69,
12524.26,
11542.42,
0,
1731131,
2039, 
6826.763,
155334.4,
2772.096,
19384.99,
19112.84,
42098.83,
34293.61,
19407.9,
21613.19,
15098.72,
126702.6,
40399.16,
8428.321,
11771.13,
37968.93,
3968.378,
42592.59,
271131,
5861.416,
920322.1,
50381.54,
27592.15,
15938.21,
23943.37,
16976.51,
18076.49,
0,
1957997,
2040, 
9405.367,
199475.1,
3059.158,
20502.95,
23014.16,
46480.27,
58429.16,
28397.98,
25456.38,
15960,
139659.4,
51123.43,
9022.291,
12637.9,
42972.57,
4446.78,
47679.23,
297719.7,
6160.09,
935003.6,
61482.31,
37203.75,
17083.2,
28522.89,
22796.47,
20929.22,
0,
2164623,
2041, 
11763.97,
253596.4,
3186.298,
22033.05,
26375.08,
49247.75,
77208.93,
38506.62,
28269.81,
17263.02,
154039.5,
61309.11,
10136.91,
13100.92,
45324.33,
5093.208,
63482.3,
310794.5,
6263.958,
951923.4,
72469.27,
50925.4,
18509.5,
32726.37,
32205.09,
22429.38,
0,
2378184,
2042, 
13366.36,
320748.3,
3201.932,
23656.28,
34055.12,
52820.66,
82327.27,
46071.71,
30316.35,
20008.05,
149022.6,
68636.34,
13165.83,
13416.93,
45557.13,
5822.041,
88861.61,
339351.4,
6646.328,
969103.9,
84119.71,
61133.04,
20496.54,
35290.17,
50472.96,
23948.29,
0,
2601617,
2043, 
15311.11,
377432.1,
3645.971,
25284.81,
46802.61,
59332.26,
88135.48,
53748.15,
32492.78,
22672.21,
149380.2,
71591.72,
16395.03,
14189.14,
46736.3,
6408.858,
137199.9,
366442.3,
7142.631,
985303,
99471.92,
67891.25,
23038.6,
38065.23,
72773.2,
25048.15,
0,
2851935,
2044, 
17295.6,
431570.1,
5473.207,
26910.91,
55641.71,
66377.8,
92893.63,
70695.01,
34757.43,
26127.48,
149183.2,
72896.9,
20443.66,
15853.19,
52988.46,
6939.268,
169680.1,
384796.2,
7553.699,
992994.6,
125423.2,
73574.04,
25038.46,
36515.39,
88699.52,
24511.86,
0,
3074835,
2045, 
18098.08,
465271.7,
8280.635,
28640.93,
63462.3,
74045.63,
96175.04,
82237.74,
37078.83,
29050.36,
145398.8,
74384.16,
24745.17,
18681.82,
56597.17,
9078.165,
205054,
395758.3,
7710.738,
1008149,
141554.8,
78278.28,
27218.74,
38293.46,
104823.1,
19886.51,
0,
3257953,
2046, 
21122.35,
479575.8,
12120.63,
30431.19,
75161.15,
83805.68,
100271.7,
87564.52,
40351.5,
32096,
142204.4,
75870.07,
32894.82,
21741.62,
60584.32,
18376.04,
219539.9,
408953.6,
8126.139,
1049772,
154126.6,
81201.87,
28681.46,
38394.59,
117568.7,
19185.89,
0,
3439722,
2047, 
22140.7,
483533.3,
17725.61,
31894.02,
89505.22,
96186.82,
104399.1,
94118.16,
43992.04,
34529.48,
137837.4,
76244.7,
36034.38,
23508.31,
59779.23,
36662.77,
233386.4,
415588.9,
8937.602,
1087692,
162802.8,
81174.63,
29127.64,
39966.6,
129210.2,
17510.05,
0,
3593488,
2048, 
24497.43,
486085.7,
25125.27,
33223.7,
105283.6,
103026.2,
108543.2,
100278.2,
48744.88,
36243.54,
139965.4,
76913.51,
37399.3,
24141.79,
54091.22,
63950.43,
246493.7,
430594.4,
9967.612,
1111127,
168473.5,
82761.62,
29402.9,
42759.71,
141714.9,
16318.69,
0,
3747127,
2049, 
26494.26,
486176.3,
31052.97,
34972.34,
119423.3,
109531.1,
113413.3,
104217.2,
52258.34,
38308.39,
143744.8,
77727.26,
41195.19,
24794.25,
47519.67,
104696.9,
257920.4,
452225.8,
10448.12,
1136857,
173824.5,
82302.53,
29544.54,
46681.26,
157115.7,
16581.9,
0,
3919028,
2050, 
28734.32,
488301.6,
35295.19,
36802.79,
131894.4,
116433.2,
118594.5,
109997.9,
55641.98,
40529.97,
145936.4,
78390.16,
45172.89,
25861.73,
21903.17,
122558.6,
269391.1,
464318.6,
11446.39,
1158955,
178159.1,
77886.37,
29678.85,
51718.04,
166366.8,
16816.36,
0,
4026785,
2051, 
31027.2,
490336.7,
40734.97,
38356.58,
149806.5,
121648.7,
124959.1,
118310.3,
61787.06,
42724.25,
153755.9,
78933.88,
48172.19,
26807.57,
8204.774,
138291.8,
279994.5,
479046.8,
12563.57,
1169248,
179738.6,
70689.02,
29484.74,
57717.2,
175755.9,
18079.12,
0,
4146175,
2052, 
33977.22,
495228.9,
46056.22,
39722.57,
162393.7,
125982.9,
130566.1,
124019.2,
66472.02,
44610.25,
154824.3,
79271.15,
51160.38,
26485.18,
20413,
152991,
287070.4,
494309.9,
14279.71,
1143028,
180209.3,
64490.65,
29440.81,
63280.44,
185859.6,
20834.67,
0,
4236978,
2053, 
36645.83,
500310,
49871.43,
40569.03,
173239.3,
130714.4,
135614.5,
129492.4,
70421.61,
46192.32,
156215.7,
79836.53,
54191,
27190.04,
12437.64,
156479.1,
295815.8,
517862.7,
15028.66,
1132007,
179014.4,
62349.22,
29502.44,
63844.09,
194239.6,
24243.15,
0,
4313328,
2054, 
38826.11,
516315,
55589.6,
40725.43,
186285.6,
134617.6,
139489.4,
134754.4,
74777.44,
44863.9,
157042.1,
80103.76,
56431.65,
28351.11,
18528.35,
156589.7,
303505.4,
535390.9,
15684.11,
1131502,
173521.2,
60574.69,
29640.94,
67062.73,
201681.6,
26882.72,
0,
4408738,
2055, 
40652.31,
517665.7,
63569.1,
39186.13,
202103.9,
138056.3,
142494.5,
142250.7,
78786.38,
35762.21,
158762.8,
80170.57,
53999.5,
28885.99,
24252.05,
156150.1,
309739.8,
559381.7,
16157.3,
1141744,
170614.7,
58861.46,
29496.34,
69600.75,
209771.8,
30311.16,
0,
4498428,
2056, 
43172.81,
524844.9,
72533.43,
38415.03,
216276.9,
142333.9,
146301.1,
149237.6,
83650.05,
31482.98,
157695.6,
80432.91,
53990.48,
29136.86,
28457.13,
156386,
313831.5,
569593.1,
16694.81,
1154334,
168565.6,
57794.05,
29762.19,
72344.96,
220119.7,
34542.45,
0,
4591930,
2057, 
46815.13,
529109.3,
79880.31,
38113.72,
233262.7,
145735.1,
150630.6,
155832.4,
89607.37,
29580.19,
154786.3,
80601.36,
53267.38,
29529.62,
36748.3,
156561.5,
304882,
585133.3,
16786.32,
1169117,
165977.4,
57079.02,
30054.23,
75882.81,
231231.5,
37508.55,
0,
4683714,
2058, 
50945.43,
544433.8,
88273.7,
38642.61,
240320.3,
149889.4,
155559.1,
164909.5,
95465.5,
30592.71,
153603.2,
81006.16,
49560.8,
29983.88,
38974.64,
156462.3,
288227.7,
605023.3,
16880.95,
1181073,
162952.8,
56646.06,
30293.1,
80466.48,
242747.7,
42078.97,
0,
4775013,
2059, 
54485.38,
560021.4,
97102.04,
39423.75,
246245.1,
153549.8,
160940.8,
182142.2,
100476.3,
34649.68,
154867.5,
81286.84,
48372.56,
30152.98,
41786,
156338.3,
276339,
623467.6,
16995.52,
1194477,
159170.9,
56815.13,
30745.4,
85146.7,
254125.4,
45624.97,
0,
4884748,
2060, 
57295.99,
568276.4,
99769.86,
39572.63,
252138.5,
157191.1,
167614,
199781.6,
105390.2,
42548.28,
155576.2,
81596.93,
46230.48,
30620,
46394.95,
157012.8,
273862.8,
640997.1,
17098.03,
1211398,
154006,
57614.56,
31102.41,
89712.23,
266476.5,
47809.93,
0,
4997087,
2061, 
59304.38,
593131.9,
103606.1,
38595.2,
258438.4,
161207.5,
175477.6,
218066.1,
111924.5,
51651.58,
156372.9,
81576.51,
43424.19,
31245.37,
54720.42,
157343.6,
277337.3,
658242.8,
17149.76,
1227995,
149037.5,
59219.11,
31029.34,
92326.42,
281052.5,
52384.64,
0,
5141861,
2062, 
60286,
619547.4,
105442.6,
37117.77,
264584.8,
165041.2,
183467.6,
238925.2,
117837.8,
56481.66,
158612.7,
81561.69,
41485.96,
31543.42,
64551.52,
157320.6,
283892.8,
673944.6,
17224.03,
1266387,
147228.8,
59808.1,
30784.67,
93986.41,
295765.3,
57451.37,
0,
5310281,
2063, 
63908.42,
647866.1,
106962.6,
35460.79,
270179.5,
168454.7,
191438.3,
255300.1,
123834.4,
56942.32,
159715.4,
81649.74,
41089.35,
31698.39,
73732.71,
156754.8,
290027.3,
660755.1,
16867.19,
1319008,
147487.6,
59967.94,
30501.96,
95637.28,
310003.1,
63835.96,
0,
5459079,
2064, 
61849.49,
649111.2,
110291.8,
33529.12,
276036.8,
172553.9,
198880,
282343.7,
130160.1,
50769.96,
159594.2,
81836.25,
42667.01,
31808.39,
78733.02,
156340,
298680.3,
644924.1,
16666.41,
1320200,
148558.1,
59619.95,
30312.19,
101092.8,
323340,
74339.45,
0,
5534239,
2065, 
65509.21,
648241.8,
114868.8,
31324.16,
282246.1,
177062.1,
205207.7,
305124.3,
135821,
42032.2,
160422.3,
82295.43,
45017.41,
32153.31,
78945.51,
155874.6,
307450.8,
626538.4,
16400.64,
1302072,
148441.8,
57846.57,
30077.77,
109435.3,
337310.2,
82527.16,
0,
5580246,
2066, 
66368.03,
644954.3,
119567.2,
29847.34,
291617.7,
183293.6,
211662.8,
324667.3,
142696.3,
34913.99,
161272.6,
83400.29,
48889.97,
33169.2,
73892.46,
155941,
314941.2,
612248.3,
16145.36,
1279900,
148508.9,
55839.28,
29667.8,
113824.6,
353419.5,
88147.36,
0,
5618796,
2067, 
66783.55,
637536.5,
123747.9,
28892.33,
302081.9,
189445.5,
218649.5,
343966,
149950.8,
28166.74,
160403.2,
84658.64,
51851.14,
34052.12,
62875.6,
156967,
321416.6,
595920.9,
16179.36,
1266202,
150465.9,
53159.62,
29129.23,
111532,
369424.6,
94520.99,
0,
5647980,
2068, 
67407.91,
630443.3,
127914.3,
28729.63,
320042,
195725.9,
226582.5,
362558.2,
157467.2,
24599.58,
161062.3,
85539.52,
52559.24,
33826.48,
36061.89,
158306.9,
316989.9,
582662.5,
16376.74,
1258531,
151323.9,
53178.77,
28777.1,
106581,
385722.8,
100998.3,
0,
5669969,
2069, 
68729.36,
632965.9,
132273.1,
28831.54,
343127.8,
202338.1,
235108,
382939.9,
164870.9,
22238.97,
162509.8,
86058.09,
53168.79,
33097.95,
26379.4,
159349.2,
307155.9,
571554.1,
16585.16,
1245918,
150832.9,
53159.86,
28147.27,
92309.3,
401964.1,
109499.9,
0,
5711113,
2070, 
70421.27,
641926.4,
136445.7,
29293.24,
368376,
228308.5,
241153.2,
391194.1,
172433.3,
21125.16,
165369.6,
85517.33,
53623.2,
32157.73,
31089.2,
160136.6,
305323.8,
553844.4,
16821.04,
1242209,
150181.4,
53770.94,
27833.43,
71726.23,
419262.8,
111911.1,
0,
5781454,
2071, 
71840.03,
651371.7,
142194,
29506.47,
388032.5,
250401.3,
251842.8,
394398,
180906.8,
21320.59,
167756.1,
83920.98,
53810.09,
32817.29,
41363.93,
163458.3,
304326.3,
529211.6,
16924.63,
1238393,
149606.7,
55245.52,
27456.3,
63728.18,
438577.4,
110926,
0,
5859337,
2072, 
72920.72,
659693.4,
148968.2,
29847.38,
404860.9,
268777.8,
261885.2,
427598.1,
189207.2,
22206.01,
169684.7,
83432.54,
53168.01,
33569.96,
60480.25,
167633.5,
288351.6,
497335.2,
17174.23,
1235366,
150443.9,
57202.55,
27149.8,
68679.88,
454944.3,
109909.9,
0,
5960492,
2073, 
73256.13,
667283.7,
156131.6,
30326.74,
417061.7,
271344.2,
265432,
493134.8,
197464.8,
24065.77,
168438.4,
83725.48,
52854.56,
34839.06,
72027.4,
171575.4,
274642.8,
472968,
17292.07,
1253788,
152987.5,
58163.71,
26707.22,
88146.38,
469914.1,
98056.41,
0,
6091628,
2074, 
75946.25,
674792.8,
163252.6,
30873.33,
428653.7,
268354.2,
263374.3,
508877.9,
205477.3,
27183.46,
166540.6,
83926.4,
52786.92,
33890.07,
84594.28,
170709.3,
263813.6,
450401.6,
17442.09,
1271859,
155845.1,
59878.96,
26546.85,
113100.5,
485725.3,
83338.12,
0,
6167184,
2075, 
72753.2,
679202.8,
170965,
31681.78,
440450,
261257.1,
253071.3,
539395.8,
213374.5,
31774.78,
164286.4,
84003.93,
53193.66,
32107.4,
94615.01,
170839.7,
254532,
423014.3,
17997.01,
1271359,
160185.8,
61811.48,
25726,
117380.4,
502922.9,
77078.79,
0,
6204980,
2076, 
76177.15,
675480.6,
179112.8,
32329.16,
460413,
255999.2,
245456,
583154.1,
221997.7,
40822.94,
164547.8,
83694.97,
54156.2,
30798.9,
100958.3,
172204.5,
247444.4,
394034.4,
18588.77,
1262189,
166017.7,
64560.36,
24674.91,
120901.3,
520735.7,
75011.51,
0,
6271462,
2077, 
74462.91,
665890.6,
186629.4,
33263.75,
476438.5,
255506.9,
236540.5,
608939.9,
230596.6,
48511.07,
165355.3,
83335.84,
54871.67,
29851.8,
102828.6,
173379,
243904.4,
367954.4,
18917.98,
1250311,
170056,
66820.24,
23809.32,
124253,
538553.3,
73081.8,
0,
6304064,
2078, 
75968.61,
653606.3,
192937.4,
33880.66,
492334.7,
252925.4,
214929.3,
633818.9,
239056.4,
55437.78,
166452.2,
82900.75,
55391.27,
29286.54,
106170.8,
175108.8,
244924.6,
347100.8,
19101.73,
1236482,
173301.8,
68286.83,
23558.47,
127772.9,
556367.9,
71679.7,
0,
6328783,
2079, 
73737.46,
641421.5,
198009.7,
35228.3,
502699.2,
253820.8,
200169.2,
672247.2,
248614.3,
60671.75,
169782.6,
82511.8,
55921.93,
29752.36,
109242.5,
175212,
245607.8,
327084.4,
19300.28,
1202559,
174689,
69164.77,
23201.88,
128610.4,
574529.4,
73596.15,
0,
6347386,
2080, 
74859.07,
636393.4,
200612.4,
35876.89,
507997.6,
256398.2,
197741.3,
703066.9,
258318.8,
64884.78,
171965,
82224.86,
55909.5,
30119.93,
110969,
174429.8,
245767.6,
302078.5,
19411.73,
1177061,
176864.9,
69307.34,
22741.31,
117308.8,
592560.3,
78297.95,
0,
6363167,
2081, 
72548.35,
640949.6,
198747.9,
36373.74,
509671.3,
257278.2,
202169.7,
748413.4,
269087,
67093.09,
171257.5,
81970.98,
55902.27,
30664.44,
105654.7,
177125.2,
243179,
280161.8,
19431.24,
1164605,
178843.6,
69834.89,
22546.93,
109497.4,
586552.4,
83225.95,
0,
6382786,
2082, 
68375.43,
653028.3,
191184.3,
36225.63,
509341.7,
257383.3,
215489.4,
777746.2,
279903,
68059.99,
169371.5,
81478.01,
56257.14,
30577.26,
95865.26,
178856.9,
235780.1,
259006,
19386.64,
1152501,
181947.1,
70667.31,
22675.01,
113962.8,
576325.2,
89388.54,
0,
6390783,
2083, 
64035.48,
667354.2,
186205.3,
35635.3,
505692.4,
258067.3,
231887.3,
796291.8,
290822.1,
69699.29,
167423.1,
81340.15,
58175.26,
30567.74,
82383.66,
180042.7,
225137.5,
247970.1,
19257.08,
1142555,
185699.1,
71745.38,
22345.09,
121132.9,
569487.9,
93751.9,
0,
6404706,
2084, 
60148.11,
680819.8,
177048.5,
35795.9,
506506.7,
257720.3,
249342.2,
840722.3,
301362.5,
72434.45,
168030.7,
81069.45,
59214.88,
30630.51,
69608.05,
180856,
212067.8,
244755.7,
19080.25,
1129382,
191228.2,
73701.71,
21892.39,
129886.1,
566479.8,
99368.41,
0,
6459153,
2085, 
56170.22,
693097.7,
167607.9,
35856.7,
505216,
257029.5,
264123.5,
852005,
311680.3,
76058.82,
168127.5,
80606.4,
59643.14,
30657.99,
63863.4,
182312.3,
202781.9,
242142.5,
18760.3,
1117989,
196559.5,
75873.01,
21264.17,
137273.5,
559819.6,
100673.6,
0,
6477194,
2086, 
53764.83,
703218.1,
161378.8,
36671.15,
507310.9,
257522.4,
268200.4,
876201.1,
322286.3,
80260.58,
169572.9,
79205.64,
60119.87,
30602.9,
63281.63,
184136.5,
191149.4,
240818.4,
18586.71,
1110373,
199775,
77630.94,
20971.69,
142584.5,
550110.6,
100738.1,
0,
6506472,
2087, 
54465.23,
708718.8,
157779.2,
37610.36,
510831.9,
259843.3,
265488.8,
918949.9,
333328.6,
82586.81,
171603.1,
77234.13,
60598.03,
30564.3,
54584.56,
186355.9,
181144.2,
241812,
18491.18,
1103438,
201796.6,
78622.93,
20444.29,
146068.3,
540535.8,
101597.2,
0,
6544494,
2088, 
55294.16,
709653.1,
155221.5,
38687.46,
513185.5,
262803.9,
246134.1,
951379.1,
343585.4,
84321.16,
172451,
75411,
61003.62,
30604.5,
66247.64,
188675.5,
167773.1,
242418.2,
18400.13,
1097052,
201405.1,
78361.34,
19968.63,
148996.4,
527286.8,
105336.3,
0,
6561657,
2089, 
57657.67,
709069.6,
157201.8,
39294.89,
513710.2,
265576.3,
218338.2,
980493.5,
353739.1,
85589.72,
171250.8,
73926.94,
61541.16,
30586.99,
65686.82,
190111.6,
155867,
243659.5,
18368.82,
1088750,
198844.8,
77506.27,
19762.25,
151761.8,
524866.9,
110340.4,
0,
6563503,
2090, 
60437.91,
707431.8,
161982.9,
40454.58,
500762.2,
266323.5,
185164.8,
1012927,
364124.5,
86580.28,
170341.3,
72682.12,
62323.52,
30515.65,
75276.58,
191106.1,
143936.5,
245032.6,
18223.38,
1083391,
195575.7,
75650.55,
20079.59,
154576.7,
515241.5,
119094.9,
0,
6559237,
2091, 
60527.45,
699261.9,
162632.8,
41021.61,
488653.2,
268282.4,
162829.3,
1067044,
375514.2,
87365.24,
170977.3,
72038.24,
63038.65,
30519.08,
79420.69,
192488.9,
126678.7,
245164.9,
17966.55,
1079051,
194323.5,
74053.41,
20874.96,
157344.6,
510169.5,
135813.1,
0,
6583055,
2092, 
59188.06,
694586.9,
167793.9,
41062.54,
474177.7,
271205.4,
158111.1,
1137782,
387477.9,
88091.09,
172572.5,
71701.31,
63525.71,
30502,
80744.28,
193368.6,
103105.3,
241738.5,
17831.99,
1075134,
193737.5,
71796.73,
22133.42,
159310,
506142.2,
154161.4,
0,
6636982,
2093, 
57876.12,
693772.2,
168421.6,
40419.13,
465260.6,
274170.1,
153620.4,
1156756,
401041,
88855.8,
172604.8,
72446.1,
63444.14,
30561.92,
82089.51,
194175.2,
85414.63,
239027.8,
17862.43,
1075312,
195039.2,
71770.58,
23281.17,
161312.1,
505269.8,
174001.4,
0,
6663805,
2094, 
57331.79,
694184.6,
173206.5,
39279.87,
463977.9,
277018.2,
149719.8,
1193025,
413974,
89168.44,
173811.3,
73371.42,
62995.43,
30719.06,
83496.21,
194212.7,
66957.09,
240355.5,
17863.46,
1089376,
196716.4,
73120.95,
24686.45,
163298,
505057.3,
193539.9,
0,
6740463,
2095, 
56119.92,
695156.1,
173198.6,
39012.93,
465357.7,
279689.4,
164893.3,
1225596,
427295.7,
90275.32,
174156,
75429.81,
63121.21,
30904.83,
84966.6,
194178.9,
54766.08,
243519.5,
17725.2,
1098894,
195952.8,
74526.31,
25162.06,
165317.5,
502517.7,
206156,
0,
6823889,
2096, 
56608.25,
694366.6,
177091,
39174.07,
471460.2,
282182.8,
170358.1,
1258268,
439957.7,
92205.61,
173881.6,
78089.83,
63580,
31140.98,
84851.9,
194217.3,
46627.11,
247497.5,
17594.96,
1121832,
195296.8,
75505.4,
25453.4,
167197.9,
498881.9,
214380,
0,
6917701,
2097, 
56673.81,
692759.5,
177895.8,
39433.13,
476212.6,
284641.3,
175514.3,
1310057,
452713.9,
94091.43,
173036.9,
78298.59,
64158.38,
31526.66,
85265.98,
194386.1,
43733,
251384.5,
17485.82,
1138172,
194702.5,
77179.42,
25507.45,
169299.1,
495150.3,
215327.9,
0,
7014608,
2098, 
57713.38,
692476.6,
183090.2,
39969.59,
482569.5,
287013.5,
177970.7,
1399400,
466987.6,
95400.07,
171697.1,
77708.45,
64498.18,
32256.82,
86364.96,
194690.9,
42244.54,
257728.3,
17018.5,
1149885,
194488.8,
75863.05,
25746.49,
171626.3,
490879,
222812.3,
0,
7158100,
2099, 
58792.95,
694355.9,
182555.4,
41039.73,
486659.7,
289423.6,
171662.1,
1431074,
481206.8,
91571.22,
173191.6,
77553.07,
64602.71,
33080.55,
87138.75,
190826.7,
42156.27,
260966.5,
16464.03,
1152439,
195306.7,
73978.74,
26248.92,
174159.1,
489054.4,
233967.7,
0,
7219476,
2100, 
61812.86,
696548.1,
181206.8,
41450.01,
491180,
291840.2,
168837,
1474449,
498986.9,
80348.12,
173968.9,
77713.09,
64675.22,
34022.81,
87962.6,
187601,
43695.24,
261055.1,
15801.15,
1151517,
196585.8,
71816.32,
26357.72,
176785.5,
489774.4,
252256.1,
0,
7298246];
