real main.em.dem.agr.frt.Pfert[26](t) = [1971, 
337.2942,
4025.761,
158.1379,
128.3196,
634.4146,
215.542,
197.5486,
28.37758,
37.00332,
294.9835,
5403.832,
2186.116,
187.8061,
902.1965,
419.7336,
1537.466,
127.5723,
619.6353,
267.1325,
1471.814,
233.9734,
53.57782,
612.7142,
891.4492,
123.4137,
94.01155,
1972, 
394.8687,
4646.962,
176.5471,
133.4819,
901.1628,
274,
219.099,
32.8825,
45.80979,
358.113,
5690.555,
2325.559,
241.6521,
974.4355,
454.1006,
1663.404,
139.8185,
614.2957,
283.0935,
1686.355,
258.0086,
94.37411,
664.3417,
1214.992,
145.8755,
81.13765,
1973, 
494.0327,
5095.192,
203.6373,
154.9623,
759.8839,
281.0567,
219.5064,
31.39987,
46.88012,
327.1113,
6033.411,
2473.153,
281.5709,
1078.599,
504.142,
1846.378,
186.5903,
610.2851,
310.473,
1946.634,
283.2377,
95.18501,
744.1766,
1242.716,
136.3969,
91.36388,
1974, 
501.4995,
4596.821,
200.6174,
179.9771,
872.9233,
306.7788,
226.4573,
44.11939,
49.32183,
320.8785,
5250.67,
2542.037,
192.5,
1248.409,
582.2859,
2132.714,
200.3159,
470.8088,
343.2806,
1724.638,
315.8773,
134.179,
675.2229,
741.7729,
123.2099,
85.17776,
1975, 
508.7418,
5211.307,
276.8852,
157.9521,
949.6648,
239.4819,
248.7045,
60.20764,
54.25036,
349.3424,
5116.197,
2640.833,
327.1369,
1559.373,
725.863,
2660.803,
232.0994,
532.9793,
346.3063,
1839.43,
320.7856,
125.1572,
623.3548,
822.2684,
189.8483,
85.35186,
1976, 
502.6847,
5589.857,
233.8844,
173.4112,
1232.898,
295.1325,
274.2043,
79.72771,
47.73584,
364.4785,
5491.693,
2767.875,
525.9589,
1549.759,
723.5706,
2651.157,
218.3512,
671.9835,
266.2535,
1372.018,
301.6592,
113.041,
701.1204,
1048.329,
218.1547,
91.92513,
1977, 
635.4706,
5120.71,
242.7962,
161.3032,
1456.232,
289.6096,
287.918,
68.67866,
44.58458,
343.8681,
5552.982,
2885.895,
597.7221,
1636.913,
764.1759,
2799.201,
239.8116,
792.9743,
336.6452,
1877.979,
351.9533,
108.7642,
743.7243,
1309.43,
296.5528,
90.5414,
1978, 
629.6823,
5634.341,
258.6119,
165.1615,
1426.969,
305.7107,
269.4702,
67.03058,
36.95464,
394.2115,
6074.837,
2987.532,
738.5376,
1755.898,
817.5324,
3000.26,
210.1888,
1081.425,
327.6853,
1385.149,
436.6818,
136.7459,
771.8714,
1123.775,
340.3155,
88.58001,
1979, 
583.9228,
5372.877,
244.7225,
156.9434,
1576.485,
384.5295,
308.3755,
74.59473,
40.12546,
432.2736,
6158.941,
3001.084,
636.7519,
1782.265,
834.3991,
3062.751,
355.148,
1009.103,
336.0274,
2309.901,
381.6447,
152.7222,
827.647,
1196.986,
380.2349,
76.85179,
1980, 
628.0656,
5325.901,
259.8447,
166.5823,
1892.676,
362.4662,
355.502,
93.14872,
62.57642,
451.8369,
5629.374,
2796.125,
501.9984,
1659.492,
776.5726,
2847.554,
420.2798,
1108.069,
305.9984,
3059.361,
352.8272,
276.8003,
687.1909,
1067.042,
400.7425,
106.4587,
1981, 
634.8169,
4692.829,
371.6963,
172.352,
1237.557,
292.191,
362.4916,
100.4848,
87.51493,
544.4446,
5303.213,
3049.95,
507.5064,
1757.828,
821.7617,
3011.985,
406.5132,
1195.979,
300.4623,
3344.902,
351.6012,
324.3786,
701.172,
1070.357,
407.0094,
99.36871,
1982, 
651.5915,
3986.073,
408.0948,
153.8517,
1137.976,
298.2244,
380.1418,
112.7487,
65.54266,
498.9568,
5290.796,
2960.729,
564.6879,
1827.8,
854.5499,
3132.091,
566.334,
1168.892,
243.5633,
3502.486,
342.3869,
433.2423,
718.1871,
989.7767,
457.5902,
86.47178,
1983, 
713.8848,
4668.435,
330.4958,
166.0812,
943.1547,
291.2637,
419.4179,
130.1963,
80.39471,
382.6196,
5377.991,
3161.904,
647.9261,
1927.026,
901.8808,
3310.332,
675.4177,
1341.834,
260.9776,
4079.669,
391.0463,
390.5998,
762.1558,
1001.16,
486.722,
87.78266,
1984, 
733.686,
4395.532,
382.1935,
178.1631,
1479.038,
370.7701,
458.9267,
150.0317,
71.07184,
407.9537,
5228.215,
3208.5,
560.1036,
1986.002,
926.8018,
3402.306,
748.3681,
1769.936,
267.3788,
4098.079,
392.1267,
443.766,
767.2751,
1000.617,
529.9793,
77.90411,
1985, 
664.4147,
3999.501,
413.158,
175.7099,
1234.863,
432.1927,
530.2843,
134.6355,
69.77641,
357.1422,
5112.362,
2955.492,
480.8189,
2280.758,
1062.792,
3902.512,
781.0829,
2003.004,
277.1491,
3019.225,
420.6083,
485.7391,
728.4294,
912.089,
562.0568,
92.2305,
1986, 
645.2513,
3717.17,
418.1631,
192.6629,
1585.348,
518.535,
513.1122,
129.4901,
85.22703,
328.4892,
5139.455,
3008.491,
524.5604,
2493.476,
1166.38,
4280.91,
774.6025,
2156.705,
287.5448,
3039.189,
453.3497,
545.4897,
750.4756,
903.7186,
641.4728,
86.39274,
1987, 
634.3994,
3800.441,
441.4895,
207.9706,
1561.385,
591.7661,
514.2711,
125.0556,
94.59925,
270.7511,
5107.22,
2773.712,
590.8118,
2555.691,
1197.098,
4389.329,
841.2354,
1721.143,
299.2603,
4505.162,
447.0946,
552.47,
763.4067,
1036.196,
633.7762,
97.49365,
1988, 
614.3353,
3768.368,
394.8929,
209.1162,
1453.326,
598.3259,
471.6395,
150.6167,
108.3838,
306.5937,
5020.742,
2775.466,
495.0273,
2563.737,
1193.88,
4385.914,
922.4825,
2496.235,
297.5677,
5176.462,
549.7001,
610.3911,
723.5367,
974.1862,
661.7152,
97.47585,
1989, 
609.4587,
3960.393,
354.2937,
203.1574,
1257.015,
526.646,
409.5343,
146.5682,
113.9102,
280.355,
4931.416,
2694.403,
605.6135,
2445.345,
1139.508,
4190.343,
956.7047,
2897.619,
335.5645,
5283.112,
542.9544,
592.7704,
726.1223,
1009.29,
684.7848,
94.12904,
1990, 
578.1462,
3817.9,
373.7954,
196.8683,
1171.167,
483.1898,
428.9713,
153.1814,
117.6975,
269.0266,
4409.301,
1751.907,
631.1005,
2037.031,
1218.922,
4311.417,
1023.38,
3028.006,
320.612,
5861.262,
697.5624,
584.7468,
688.8571,
721.8252,
695.2906,
90.08483,
1991, 
592.2153,
3827.987,
379.8965,
182.9216,
1253.795,
484.5895,
375.5315,
156.7855,
106.6528,
256.0206,
4074.969,
822.5563,
624.2833,
1717.576,
981.0932,
3542.674,
893.0131,
3226.83,
321.893,
7292.611,
677.299,
581.8288,
695.4224,
826.1265,
693.0183,
94.99941,
1992, 
615.9883,
4012.507,
297.9974,
144.9732,
1341.777,
487.1086,
332.1386,
162.9161,
111.1967,
240.9308,
3664.369,
728.7445,
664.2526,
852.6105,
683.6274,
1548.036,
963.7852,
2767.057,
303.3616,
6927.107,
753.5975,
597.2802,
699.0912,
992.6887,
778.0807,
90.77483,
1993, 
627.8083,
4101.486,
316.9975,
159.4596,
1625.107,
553.0892,
361.963,
187.3464,
105.4219,
298.6988,
3564.395,
647.5486,
794.0219,
510.9799,
533.1478,
900.491,
820.3314,
2592.757,
321.8649,
5545.575,
885.3072,
543.5509,
728.8327,
976.1715,
692.7795,
91.07808,
1994, 
631.795,
4028.664,
375.4973,
146.522,
1873.93,
549.5524,
331.856,
110.8387,
154.6389,
246.5626,
3666.363,
617.191,
448.1947,
212.6869,
206.7111,
263.5943,
845.5098,
2860.93,
239.9708,
7329.104,
925.1899,
521.2349,
704.6373,
1052.16,
652.5692,
70.55603,
1995, 
658.3829,
4155.557,
181.9987,
188.5103,
1511.062,
577.7141,
317.2896,
122.8225,
142.271,
241.5801,
3512.152,
719.4393,
584.7106,
208.0967,
186.1371,
353.0224,
760.9609,
2827.882,
242.5993,
8911.189,
1170.173,
387.1271,
631.8353,
1124.713,
720.4835,
77.45503,
1996, 
703.5324,
4258.722,
308.9983,
187.258,
1644.622,
789.1097,
325.6656,
98.62979,
188.2056,
253.1316,
3723.756,
738.9291,
583.8394,
229.6017,
244.4808,
378.6035,
804.6263,
2907.092,
229.8568,
8116.763,
1221.486,
333.1594,
610.1995,
1178.916,
608.0325,
80.42897,
1997, 
716.9296,
4295.265,
256.9985,
213.5862,
1917.286,
808.5286,
344.7466,
111.6205,
151.5356,
224.6322,
3548.086,
685.0751,
599.153,
201.3289,
166.9995,
332.0921,
771.1412,
3820.455,
243.4553,
9276.677,
1238.092,
281.2404,
592.5049,
1203.451,
740.0126,
89.51683,
1998, 
666.5396,
3983.105,
294.9969,
199.2411,
1920.572,
821.3646,
329.7296,
124.8779,
152.5495,
214.9953,
3488.186,
646.3087,
708.4705,
174.1109,
154.8069,
285.5616,
775.9271,
4013.471,
213.5128,
9460.261,
1238.101,
362.1967,
561.2327,
1242.725,
700.537,
85.49644,
1999, 
667.827,
4049.475,
305.9985,
191.8591,
1831.598,
817.2582,
350.6768,
128.997,
170.2102,
227.142,
3414.031,
595.0228,
646.0142,
91.619,
143.7395,
218.8525,
796.5884,
4678.709,
239.0121,
8913.887,
1271.433,
323.785,
568.4398,
1315.445,
884.524,
87.78456,
2000, 
622.9858,
4018.568,
314.9981,
205.8955,
2000.237,
835.4414,
334.2731,
113.6125,
152.7016,
190.136,
3015.185,
589.0478,
687.4881,
136.9665,
120.5247,
278.1473,
852.2169,
4146.017,
213.3976,
8430.367,
1216.843,
263.9647,
583.0945,
1326.232,
992.8373,
94.84554,
2001, 
624.0541,
4380.242,
390.6207,
224.1623,
2237.212,
918.6956,
345.0267,
115.404,
152.6901,
210.0377,
2934.746,
678.793,
476.1828,
115.3026,
134.4189,
309.8794,
711.1486,
4269.625,
169.3764,
8829.787,
1221.628,
277.8889,
511.5474,
1434.618,
957.6156,
71.86763,
2002, 
650.6039,
4023.151,
336.4128,
119.2788,
2466.864,
698.3826,
366.9969,
118.6083,
173.2592,
270.8005,
2898.311,
685.7479,
480.0588,
110.3821,
159.6765,
329.2274,
711.4722,
3916.29,
227.42,
9712.868,
1120.907,
358.883,
465.6185,
1271.227,
970.4869,
134.2414,
2003, 
685.759,
4453.183,
253.6456,
146.9549,
3162.385,
960.669,
424.8455,
169.1982,
127.537,
202.6103,
2963.335,
681.3212,
555.2482,
82.06862,
112.1264,
305.1308,
713.7665,
4007.712,
133.8172,
10044.39,
1293.403,
335.2356,
554.7428,
1276.967,
940.72,
113.6816,
2004, 
610.2839,
4481.036,
307.6767,
157.1885,
3354,
1120.596,
445.6117,
170.3521,
187.7166,
228.8905,
2844.815,
729.4521,
598.9477,
114.8458,
142.2658,
348.4128,
754.0505,
4498.029,
142.428,
10585.79,
1464.137,
414.1289,
557.6881,
1274.674,
1085.88,
93.08726,
2005, 
654.7133,
4307.268,
418.165,
189.981,
2434.887,
1133.114,
471.2632,
138.284,
137.4274,
157.9608,
2484.337,
803.3582,
611.9817,
151.9795,
90.34917,
354.2448,
838.7124,
5085.993,
166.1247,
10408.92,
1237.105,
441.8127,
545.9789,
1205.011,
1272.366,
92.26392,
2006, 
495.5886,
4281.356,
371.0913,
196.2812,
2809.987,
1227.509,
434.901,
158.6606,
135.455,
198.8856,
2444.718,
766.5195,
619.2791,
249.4661,
92.24429,
399.7339,
1018.224,
5380.238,
103.7661,
10447.63,
1314.948,
500.9834,
528.2922,
1106.326,
1397.085,
105.5657,
2007, 
731.8448,
4221.627,
266.7755,
212.1906,
3648.491,
1514.158,
401.6357,
105.8413,
184.246,
180.4311,
2520.729,
891.8937,
526.2417,
327.1596,
98.54578,
408.9574,
868.3399,
5366.387,
123.9009,
9976.582,
1485.641,
520.2441,
516.7075,
1115.891,
844.912,
72.3901,
2008, 
605.3912,
3350.36,
161.4885,
146.6985,
2956.131,
1307.307,
469.4189,
75.2052,
184.3824,
167.0599,
1351.79,
754.3439,
334.6263,
358.6057,
112.4764,
428.1721,
712.5739,
6227.792,
83.40847,
9131.053,
1455.73,
426.7408,
391.9721,
907.8477,
816.9308,
73.88367,
2009, 
637.4886,
4028.402,
259.2467,
141.6355,
3805.461,
1208.452,
388.9105,
66.22643,
190.7624,
171.5909,
1718.834,
732.4939,
636.9725,
390.0766,
88.94214,
444.7076,
533.5181,
7064.244,
67.23793,
9619.888,
1498.521,
436.5637,
411.1949,
762.9509,
1249.355,
62.70082,
2010, 
749.4678,
4280.116,
281.0609,
176.8557,
4013.159,
1446.772,
524.1846,
96.61457,
222.52,
139.386,
1821.286,
793.1315,
556.8058,
439.1347,
108.1249,
424.6527,
344.9077,
7777.889,
69.04531,
11103.98,
1532.045,
500.3414,
430.7981,
913.8853,
1245.502,
82.56384,
2011, 
874.0302,
4657.75,
266.0886,
221.1798,
4675.222,
1561.838,
549.8615,
111.7415,
232.0497,
149.8469,
1824.071,
778.2378,
498.9576,
439.7141,
100.8219,
450.8228,
286.8656,
7732.176,
67.76796,
11083.18,
1268.969,
657.6998,
455.0319,
985.7878,
1338.635,
98.18778,
2012, 
941.795,
5211.141,
361.4353,
227.7813,
4349.743,
1401.262,
549.6216,
167.8845,
247.8544,
150.6729,
1904.62,
860.7949,
541.9151,
410.0069,
106.2283,
441.5859,
501.1201,
6489.361,
93.37623,
11208.16,
1570.644,
771.2077,
358.4543,
923.8478,
1436.866,
91.86071,
2013, 
999.7598,
5251.489,
337.754,
281.7376,
4780.924,
1449.33,
613.4863,
203.881,
262.6721,
143.878,
1967.501,
878.6394,
633.7513,
416.3167,
109.0313,
456.666,
468.1068,
5518.552,
72.34627,
10062.34,
1927.887,
961.4526,
355.5891,
860.3179,
1580.168,
123.1952,
2014, 
1188.615,
5223.938,
353.5795,
273.7424,
4987.618,
1440.637,
624.9181,
174.3866,
358.9634,
152.1625,
2062.875,
830.8035,
597.3395,
393.8919,
117.9668,
466.6677,
498.3354,
5608.872,
71.83412,
10150.58,
1838.61,
984.1564,
389.2344,
976.733,
1623.66,
165.1818,
2015, 
1166.11,
5058.971,
407.9948,
271.4383,
4532.939,
1307.05,
634.2568,
157.8437,
265.7263,
147.2828,
2034.975,
875.7084,
596.5167,
369.4366,
118.0674,
491.2553,
420.3542,
5825.854,
70.47669,
10130.77,
1873.86,
963.3971,
358.8642,
997.3452,
1673.767,
151.2687,
2016, 
1149.584,
5120.298,
403.2704,
270.2825,
4741.705,
1443.444,
635.5366,
185.5047,
315.1089,
150.6444,
1946.962,
890.7484,
595.9958,
380.0455,
124.1077,
520.6336,
431.888,
6043.127,
70.12408,
10238.9,
1926.879,
1060.1,
370.4798,
993.0944,
1811.154,
151.1112,
2017, 
1182.149,
5081.177,
393.6136,
266.905,
4977.904,
1506.356,
643.9274,
212.3362,
356.8989,
145.8503,
1860.898,
892.0137,
604.521,
392.1034,
128.1616,
554.1628,
464.3704,
6185.063,
70.51064,
10354.97,
1966.869,
1104.628,
381.8633,
954.5903,
1881.382,
150.4936,
2018, 
1212.276,
5084.111,
387.0375,
261.1611,
5200.348,
1548.362,
634.7122,
240.6675,
403.8138,
151.5405,
1772.234,
907.5695,
608.4133,
399.4214,
132.84,
588.416,
489.7222,
6391.213,
70.72961,
10340.09,
1984.446,
1152.632,
381.3019,
908.3196,
1943.086,
153.6379,
2019, 
1221.217,
4851.19,
374.6535,
254.5176,
5493.174,
1599.272,
644.944,
265.2963,
451.2468,
160.6422,
1716.427,
909.2944,
612.7439,
406.132,
135.1568,
609.4656,
515.8571,
6640.285,
71.79121,
10365.52,
2025.231,
1207.425,
384.6804,
858.975,
1985.692,
158.9445,
2020, 
1235.016,
4691.053,
361.5529,
248.4015,
5716.899,
1650.608,
644.8417,
286.2413,
505.8889,
158.9805,
1641.534,
912.2693,
612.5498,
415.7895,
138.4945,
622.4495,
552.9984,
6908.322,
73.22387,
10397.07,
2045.657,
1244.335,
386.1185,
739.5012,
2019.598,
163.4717,
2021, 
1196.053,
4659.686,
353.881,
253.6875,
5731.015,
1661.194,
652.2408,
319.1813,
541.5532,
157.3551,
1573.799,
907.751,
631.7307,
404.8395,
143.2496,
636.2412,
564.1659,
6992.219,
74.1381,
10410.67,
2043.766,
1285.259,
384.8978,
738.5205,
2065.257,
169.4416,
2022, 
1136.851,
4658.077,
346.3026,
258.4771,
5703.799,
1663.275,
658.6395,
350.7278,
576.737,
157.6835,
1500.442,
901.1328,
647.471,
391.6027,
147.3976,
648.8713,
569.0887,
7077.833,
75.04892,
10426.23,
2038.939,
1323.544,
383.6553,
736.7292,
2109.682,
175.7797,
2023, 
1068.047,
4685.125,
338.8303,
262.5677,
5635.032,
1659.611,
664.3048,
380.4335,
646.315,
159.6179,
1422.701,
893.0329,
659.3796,
376.8798,
151.4639,
660.5781,
574.0007,
7162.778,
75.95612,
10441.14,
2032.562,
1359.402,
382.3924,
734.9868,
2152.538,
182.4731,
2024, 
998.4481,
4735.62,
331.5182,
266.619,
5520.063,
1649.942,
669.4388,
408.992,
732.9672,
162.9815,
1343.187,
883.8538,
669.1234,
361.2914,
155.5141,
671.6121,
578.5875,
7246.282,
76.86026,
10456.38,
2023.037,
1391.701,
381.1102,
729.6536,
2193.719,
189.502,
2025, 
1020.512,
4444.739,
317.6331,
293.3493,
6558.765,
1871.08,
630.6379,
324.161,
956.5292,
268.1004,
1622.27,
908.2538,
775.8253,
436.0012,
213.4024,
729.6545,
485.8357,
7524.582,
95.13776,
8653.793,
2155.379,
1205.701,
334.5649,
876.488,
2124.942,
194.2996,
2026, 
1037.073,
4462.242,
321.9813,
311.8981,
6318.743,
1912.798,
638.2923,
341.5918,
1133.171,
269.4025,
1587.138,
904.1436,
775.6376,
441.4195,
220.8777,
730.2309,
501.873,
7583.282,
96.39028,
8851.345,
2207.346,
1233.864,
324.0215,
868.5057,
2195.374,
219.6445,
2027, 
1048.778,
4457.855,
326.0902,
336.359,
6098.166,
1954.303,
645.696,
359.4462,
1285.659,
270.4481,
1544.919,
899.338,
774.3901,
446.8071,
226.5191,
730.7161,
521.6898,
7641.737,
97.62769,
9052.04,
2257.06,
1264.785,
313.8034,
861.5459,
2263.732,
236.2136,
2028, 
1054.982,
4432.557,
330.2745,
365.1236,
5915.404,
1996.416,
652.9536,
376.83,
1433.944,
270.9527,
1498.884,
894.1069,
772.5784,
452.2858,
231.9594,
730.9982,
539.6577,
7701.099,
98.85818,
9258.854,
2293.431,
1319.944,
303.6046,
859.3049,
2327.979,
252.7762,
2029, 
1056.34,
4396.639,
335.8688,
397.9525,
5800.858,
2042.198,
660.2288,
394.0272,
1562.767,
273.237,
1442.06,
888.5473,
762.8658,
457.8958,
237.0684,
728.3097,
553.3766,
7758.738,
100.0837,
9469.331,
2321.574,
1376.269,
293.7127,
858.6228,
2380.617,
269.3644,
2030, 
1053.705,
4354.03,
342.4509,
433.6458,
5810.243,
2090.24,
667.1972,
416.8059,
1688.297,
277.8043,
1383.842,
882.6441,
763.248,
463.4036,
240.6351,
721.412,
568.5582,
7813.892,
101.2969,
9682.206,
2342.731,
1433.336,
283.8783,
866.7688,
2429.344,
286.0956,
2031, 
1067.077,
4331.788,
359.4151,
467.1011,
6324.918,
2203.365,
670.966,
453.4112,
1770.87,
287.4348,
1361.077,
880.4323,
772.7637,
475.9191,
245.1837,
734.7819,
583.8409,
7908.41,
103.0203,
9895.433,
2352.247,
1463.011,
278.1091,
897.5876,
2464.09,
306.7536,
2032, 
1087.856,
4309.86,
377.7811,
493.2549,
6823.437,
2321.725,
674.4106,
487.1113,
1849.055,
294.2197,
1337.909,
878.211,
781.6301,
487.8496,
251.4666,
744.2816,
586.9316,
7999.171,
104.719,
10067.48,
2362.13,
1493.48,
272.4316,
933.7686,
2492.6,
331.6436,
2033, 
1114.486,
4296.266,
398.4814,
514.1448,
7314.794,
2441.4,
677.7095,
518.7251,
1925.056,
300.7831,
1311.424,
875.9613,
792.0923,
499.1393,
250.6432,
749.7903,
607.5864,
8085.583,
106.3931,
10179.2,
2372.534,
1524.189,
266.7801,
973.3685,
2517.254,
354.4438,
2034, 
1141.25,
4279.704,
418.405,
530.2806,
7770.812,
2561.174,
680.9071,
548.6866,
2007.012,
304.4259,
1288.142,
873.6296,
800.3865,
509.6941,
237.2272,
754.9544,
633.1603,
8167.032,
108.0416,
10259.06,
2387.43,
1555.547,
261.2881,
1015.053,
2537.225,
369.2403,
2035, 
1162.104,
4278.719,
431.7924,
540.5276,
8197.203,
2681.419,
681.916,
580.597,
2101.078,
303.8826,
1267.024,
871.4119,
801.4063,
519.6128,
218.5951,
762.9132,
659.6368,
8243.907,
109.6681,
10336.01,
2402.778,
1587.015,
255.7825,
1057.093,
2551.639,
381.2256,
2036, 
1167.683,
4240.765,
420.1862,
549.2135,
8513.261,
2799.241,
695.5754,
601.2203,
2208.187,
292.3332,
1258.603,
866.9784,
780.564,
526.588,
199.7072,
769.7449,
670.3669,
8287.084,
110.2911,
10345.32,
2412.618,
1623.32,
251.0061,
1066.297,
2557.262,
410.8269,
2037, 
1153.836,
4193.34,
387.9085,
562.6042,
8761.521,
2897.233,
706.024,
623.309,
2328.249,
272.8445,
1244.054,
862.7633,
748.3623,
531.9383,
184.6868,
775.3427,
673.6353,
8329.729,
110.919,
10382.58,
2415.239,
1639.364,
246.2421,
1061.103,
2563.114,
456.2762,
2038, 
1128.261,
4108.768,
340.581,
583.5226,
8980.766,
2944.675,
709.9078,
649.3231,
2450.823,
248.3767,
1237.369,
858.434,
713.3149,
535.776,
173.0476,
775.1151,
649.9333,
8371.739,
111.5441,
10456.8,
2416.161,
1655.153,
241.6688,
1040.978,
2553.934,
510.3648,
2039, 
1107.999,
4010.192,
302.6645,
600.3403,
9196.724,
2925.742,
697.4292,
680.0608,
2561.11,
228.0642,
1232.669,
854.2434,
685.0488,
541.0887,
166.3578,
770.2656,
602.923,
8410.41,
112.1564,
10529.46,
2410.292,
1670.442,
237.1004,
1019.994,
2508.482,
567.1104,
2040, 
1101.588,
3860.208,
278.7447,
597.3793,
9400.107,
2876.082,
683.0571,
712.7509,
2681.027,
215.2725,
1229.458,
850.5775,
666.4374,
550.1732,
163.6942,
768.5725,
556.2527,
8445.108,
112.7552,
10576.36,
2407.559,
1685.908,
232.6938,
996.0246,
2476.863,
630.2083,
2041, 
1126.888,
3773.637,
276.9465,
591.6295,
9607.187,
2826.072,
650.2274,
742.9069,
2812.138,
207.1399,
1220.128,
846.4743,
657.1906,
563.7473,
163.7587,
769.4765,
518.111,
8468.963,
113.2192,
10646.08,
2408.351,
1687.471,
228.5408,
989.6045,
2452.675,
679.2751,
2042, 
1172.567,
3703.027,
289.1369,
587.5433,
9841.555,
2786.628,
622.0206,
770.4668,
2948.62,
201.7802,
1221.017,
842.8466,
656.336,
579.1187,
164.7438,
773.4362,
490.8735,
8498.135,
113.662,
10696.87,
2415.765,
1709.445,
224.3452,
967.0875,
2439.284,
717.6168,
2043, 
1235.176,
3656.88,
315.6044,
585.5229,
10060.51,
2767.374,
601.8098,
795.2855,
3097.433,
199.1049,
1224.502,
839.9861,
659.2783,
596.7704,
166.8242,
783.9332,
472.4376,
8535.863,
114.0906,
10744.35,
2429.231,
1733.255,
220.2308,
928.5853,
2458.135,
750.1356,
2044, 
1303.498,
3615.426,
348.7386,
583.7928,
10253.31,
2765.324,
595.0397,
816.6068,
3251.824,
196.8256,
1228.879,
837.3721,
660.5379,
614.0273,
170.3504,
799.4761,
466.9338,
8585.098,
114.5015,
10815.31,
2446.694,
1758.045,
216.1105,
872.9871,
2489.026,
778.9745,
2045, 
1369.224,
3604.078,
381.5454,
572.1188,
10444.19,
2786.814,
592.6946,
831.0151,
3409.877,
193.9058,
1236.011,
834.6311,
660.2944,
628.801,
173.8152,
812.5839,
464.7531,
8643.513,
115.9204,
10899.11,
2461.881,
1784.315,
212.069,
775.5868,
2501.562,
798.9237,
2046, 
1427.83,
3598.32,
406.5134,
559.0701,
10661.28,
2829.203,
597.4551,
808.7709,
3567.287,
192.2382,
1239.199,
830.9751,
654.6844,
640.6328,
177.4446,
824.4631,
474.7685,
8698.087,
116.9364,
10982.61,
2462.679,
1802.05,
154.3951,
682.6545,
2527.073,
811.6172,
2047, 
1479.782,
3588.444,
424.7037,
548.2556,
10874.89,
2881.781,
603.8066,
780.1007,
3708.677,
190.7006,
1241.592,
827.1702,
650.3869,
653.2211,
181.4007,
836.2018,
485.3872,
8752.641,
115.8911,
11090.42,
2460.241,
1820.816,
149.4138,
596.1089,
2554.302,
819.1807,
2048, 
1530.07,
3589.186,
436.2659,
541.2182,
11089.63,
2947.495,
609.1426,
745.6765,
3822.714,
188.7417,
1240.929,
823.1623,
645.4107,
665.6943,
186.4126,
847.7026,
492.8182,
8806.014,
118.9306,
11224.55,
2449.695,
1840.085,
144.4925,
520.1903,
2559.521,
821.6406,
2049, 
1577.842,
3600.029,
442.7519,
537.3768,
11325.66,
3014.844,
613.4711,
704.1132,
3925.038,
186.7858,
1239.572,
819.2421,
640.0311,
678.1279,
191.9128,
859.1938,
498.2499,
8859.609,
119.9135,
11386.5,
2438.554,
1860.464,
139.6915,
460.6434,
2560.449,
820.5773,
2050, 
1626.094,
3623.859,
449.8682,
536.5563,
11573.47,
3095.789,
618.0187,
657.9163,
4006.025,
185.0181,
1237.219,
815.297,
634.2316,
690.5691,
198.1177,
871.3605,
502.4437,
8915.615,
121.2795,
11623.38,
2432.78,
1883.054,
134.9754,
416.4366,
2558.125,
813.0177,
2051, 
1624.932,
3650.783,
448.8617,
531.9747,
11565.75,
3139.805,
627.9804,
606.4197,
4039.79,
184.0405,
1240.395,
810.5931,
634.6861,
696.3116,
203.4608,
881.8044,
506.7297,
8955.171,
121.3677,
11693.07,
2410.332,
1886.292,
183.4322,
396.4182,
2575.199,
806.8384,
2052, 
1627.146,
3681.004,
447.5446,
530.5597,
11573.78,
3193.507,
638.1797,
558.4557,
4063.027,
185.4365,
1245.608,
806.1058,
635.6297,
702.3443,
210.1656,
893.3869,
512.5706,
8998.772,
120.9511,
11826.66,
2386.487,
1890.889,
184.1533,
388.0385,
2588.757,
794.8918,
2053, 
1631.15,
3702.002,
447.1315,
532.0606,
11609.88,
3251.603,
648.0524,
510.8562,
4076.332,
189.1845,
1251.706,
801.7646,
637.0682,
708.7593,
217.7841,
908.5933,
520.0389,
9045.85,
121.0286,
12008.86,
2365.713,
1896.117,
184.8347,
391.5131,
2600.113,
782.5367,
2054, 
1638.856,
3713.833,
446.8043,
535.8241,
11650.03,
3307.595,
656.1978,
468.106,
4086.245,
194.9784,
1258.179,
797.4474,
638.9967,
715.4349,
225.7945,
928.4514,
529.2484,
9091.978,
120.6125,
12214.21,
2347.239,
1901.852,
185.5538,
403.5422,
2608.364,
772.0336,
2055, 
1650.378,
3718.508,
445.5605,
541.6651,
11701.57,
3360.552,
662.9628,
430.6224,
4089.677,
202.4589,
1264.074,
793.1688,
641.5433,
722.0834,
233.1569,
953.3919,
541.3583,
9134.505,
120.4484,
12387.59,
2328.787,
1906.96,
186.2688,
419.0005,
2611.081,
764.5748,
2056, 
1667.997,
3718.975,
444.4368,
549.6543,
11777.35,
3418.123,
669.0175,
424.4457,
4083.219,
211.5205,
1268.833,
788.6826,
643.6089,
728.2903,
239.3205,
983.3231,
556.873,
9163.951,
120.511,
12476.22,
2313.558,
1912.169,
186.2289,
429.4361,
2606.198,
760.9854,
2057, 
1691.388,
3722.714,
443.8477,
556.4904,
11858.62,
3475.112,
674.1068,
419.273,
4067.054,
219.7548,
1270.597,
784.0576,
644.3716,
733.9241,
243.5936,
1013.664,
575.0068,
9183.092,
120.3471,
12497.38,
2301.364,
1917.292,
186.2214,
440.2864,
2593.176,
760.591,
2058, 
1721.616,
3726.499,
443.3236,
562.1435,
11944.6,
3506.744,
679.5269,
415.1281,
4045.259,
226.6019,
1270.791,
779.3647,
644.321,
739.2643,
246.4497,
1043.623,
595.5645,
9191.63,
120.1826,
12458.98,
2290.797,
1922.024,
186.1738,
447.5791,
2574.466,
762.9292,
2059, 
1757.711,
3734.299,
443.5518,
567.008,
12049.04,
3532.52,
686.5061,
411.3847,
4022.884,
232.4869,
1270.128,
774.6196,
643.8543,
744.4124,
248.0403,
1070.636,
615.6722,
9192.433,
120.0153,
12376.37,
2277.213,
1926.755,
186.1623,
452.0643,
2552.705,
765.635,
2060, 
1797.473,
3744.874,
444.4312,
571.3304,
12165.68,
3551.486,
694.8651,
409.3323,
3997.76,
237.8061,
1269.754,
769.8093,
642.5151,
749.474,
249.3183,
1091.72,
635.6268,
9188.474,
119.8469,
12273.72,
2260.029,
1931.171,
186.1159,
455.2196,
2531.459,
768.3423,
2061, 
1832.107,
3760.443,
442.2281,
576.2433,
12286.44,
3573.266,
702.5118,
391.9137,
3971.331,
242.2771,
1266.498,
764.4364,
631.3023,
752.4496,
251.3073,
1106.114,
652.9894,
9175.347,
119.4683,
12143.09,
2227.28,
1933.536,
185.543,
453.1096,
2506.778,
770.7428,
2062, 
1864.26,
3778.425,
442.0178,
581.133,
12416.14,
3594.69,
711.9499,
373.4622,
3949.48,
246.3508,
1263.632,
759.0504,
618.8552,
755.5915,
252.8205,
1116.964,
668.3016,
9161.946,
118.9139,
12014.54,
2191.764,
1935.415,
184.9695,
448.6639,
2486.961,
771.6675,
2063, 
1888.751,
3797.503,
443.139,
586.2162,
12551.78,
3622.324,
722.5391,
353.821,
3926.18,
250.4617,
1261.104,
753.6315,
607.3699,
758.8795,
254.1159,
1125.56,
680.7926,
9147.345,
118.5377,
11891.7,
2154.882,
1936.516,
184.3627,
444.3132,
2472.722,
771.2068,
2064, 
1905.527,
3815.02,
444.8415,
591.2552,
12687.37,
3656.579,
733.5925,
333.5876,
3896.502,
253.7861,
1258.768,
748.1016,
596.1104,
762.2712,
255.8977,
1133.406,
692.7733,
9127.427,
118.3267,
11759.21,
2120.413,
1938.012,
183.7775,
440.9614,
2462.606,
769.2784,
2065, 
1916.066,
3829.753,
447.2441,
596.1469,
12811.58,
3696.786,
743.9312,
311.4811,
3867.903,
256.1843,
1255.853,
742.4677,
584.9484,
765.8242,
257.9163,
1142.448,
703.6141,
9102.834,
117.778,
11616.38,
2090.205,
1940.044,
183.1655,
437.6291,
2455.888,
765.0641,
2066, 
1919.597,
3839.121,
450.8867,
600.1667,
12935.99,
3735.986,
753.3137,
284.4231,
3833.051,
257.8524,
1252.959,
736.7498,
574.9563,
769.2669,
259.4851,
1152.559,
710.1436,
9073.856,
117.6378,
11465.36,
2063.479,
1943.337,
182.3584,
435.151,
2450.358,
752.0228,
2067, 
1917.856,
3841.106,
453.1245,
603.3696,
13055.25,
3764.606,
760.9003,
250.6083,
3788.483,
259.0741,
1249.863,
730.9795,
566.7867,
772.8532,
261.7221,
1163.149,
715.1237,
9042.957,
117.1592,
11310.26,
2040.854,
1948.412,
181.5466,
433.9757,
2444.405,
737.8827,
2068, 
1913.033,
3829.758,
454.0603,
605.8172,
13168.76,
3790.295,
766.3572,
212.971,
3739.332,
260.0312,
1246.388,
725.2028,
558.532,
776.5092,
264.2735,
1174.599,
717.6642,
9012.739,
117.0145,
11158.14,
2022.063,
1954.872,
180.7008,
434.0851,
2435.85,
723.3961,
2069, 
1907.108,
3809.056,
454.6085,
608.3819,
13275.8,
3813.911,
770.1473,
176.2283,
3699.109,
261.0665,
1242.389,
719.4854,
548.879,
780.219,
266.6772,
1186.523,
716.0544,
8989.978,
116.6982,
11023.35,
2006.929,
1963.022,
179.8734,
435.4295,
2425.122,
709.4991,
2070, 
1900.7,
3777.981,
456.0252,
610.3436,
13388.56,
3835.773,
772.6155,
139.8117,
3668.318,
262.8121,
1238.567,
713.7917,
536.5399,
783.89,
269.0894,
1198.746,
710.9042,
8972.98,
116.3726,
10908.62,
1994.453,
1971.544,
179.0164,
437.6537,
2412.169,
696.5403,
2071, 
1901.344,
3738.023,
456.3677,
611.4738,
13446.15,
3846.449,
774.5423,
89.64709,
3638.15,
264.7918,
1232.558,
705.5168,
520.1719,
786.8032,
270.842,
1209.371,
701.5792,
8972.327,
115.9672,
10794.95,
1976.89,
1980.964,
178.3076,
436.7467,
2414.984,
688.3049,
2072, 
1902.089,
3691.966,
457.9984,
612.538,
13491,
3857.976,
776.2615,
41.59581,
3619.518,
267.4798,
1226.487,
697.1615,
502.6811,
789.4348,
272.1968,
1220.541,
690.9851,
8977.563,
115.5537,
10698.19,
1958.17,
1989.326,
177.5936,
434.0188,
2418.086,
682.1337,
2073, 
1901.673,
3646.284,
461.1157,
613.329,
13528.3,
3849.24,
778.5658,
0,
3611.844,
271.1776,
1220.668,
688.7115,
484.9156,
791.7587,
273.5364,
1232.347,
679.0563,
8991.48,
115.142,
10607.83,
1936.688,
1995.716,
176.8503,
430.1029,
2423.07,
676.8574,
2074, 
1900.647,
3600.706,
464.988,
613.6843,
13563.28,
3831.069,
780.8217,
0,
3611.01,
275.9117,
1215.378,
680.1555,
467.7698,
793.7647,
275.2421,
1244.726,
667.7881,
9010.029,
114.7237,
10521.69,
1909.618,
2000.781,
176.1353,
424.7097,
2430.784,
671.8233,
2075, 
1898.967,
3555.504,
467.4092,
613.8599,
13600.04,
3808.984,
783.9196,
0,
3614.646,
281.4826,
1210.996,
671.5342,
453.217,
795.4354,
277.5054,
1257.81,
658.3489,
9033.773,
114.0929,
10436.68,
1876.129,
2004.643,
175.3846,
418.2203,
2441.95,
667.1314,
2076, 
1897.461,
3510.798,
466.3873,
613.1373,
13636.85,
3788.435,
788.0001,
0,
3623.889,
287.8985,
1207.911,
662.8133,
441.3367,
796.7778,
280.3019,
1271.227,
652.4648,
9067.204,
113.8796,
10349.78,
1839.569,
2007.933,
174.3056,
412.479,
2457.788,
665.8658,
2077, 
1896.226,
3470.078,
463.0917,
613.6038,
13693.6,
3769.561,
793.2394,
0,
3635.691,
294.8241,
1204.903,
654.1339,
430.6942,
797.9581,
282.5337,
1284.826,
648.0976,
9105.627,
113.4488,
10264.2,
1802.205,
2011.118,
173.1977,
408.7743,
2477.979,
666.4305,
2078, 
1896.613,
3437.746,
458.4098,
615.0839,
13761.84,
3768.582,
800.3921,
0,
3649.669,
302.0975,
1201.412,
645.4391,
421.2828,
798.9628,
284.4114,
1297.827,
646.5358,
9149.452,
113.0181,
10187.54,
1765.942,
2014.079,
172.1142,
406.7458,
2501.55,
670.4243,
2079, 
1900.521,
3412.62,
454.8909,
617.283,
13853.09,
3782.458,
810.3171,
0,
3663.765,
310.1904,
1200.463,
636.9618,
414.3821,
799.9831,
285.5529,
1310.395,
648.0576,
9197.49,
112.584,
10118.09,
1732.589,
2017.285,
171.0292,
406.3424,
2527.731,
678.9763,
2080, 
1909.345,
3395.803,
453.2597,
620.3976,
13961.72,
3801.117,
822.651,
0,
3675.033,
319.1116,
1201.558,
628.658,
408.6207,
801.0302,
286.5663,
1322.619,
651.9955,
9252.813,
112.1462,
10056.23,
1701.571,
2021.354,
169.9125,
407.7434,
2558.314,
691.9429,
2081, 
1919.323,
3394.296,
453.7395,
623.6768,
14071.69,
3820.683,
833.2756,
0,
3682.811,
328.0072,
1203.377,
622.1083,
405.0698,
802.1652,
287.0117,
1339.162,
670.3004,
9304.423,
111.8372,
9992.354,
1666.307,
2024.718,
169.3836,
436.1765,
2612.535,
709.8707,
2082, 
1932.417,
3397.953,
456.628,
627.686,
14197.3,
3846.557,
845.0602,
0,
3690.686,
337.7889,
1207.641,
615.6922,
401.1657,
803.4952,
287.8708,
1355.778,
689.3351,
9359.896,
111.3095,
9932.478,
1632.258,
2028.522,
168.8325,
443.5615,
2668.032,
727.7236,
2083, 
1950.545,
3400.628,
460.5665,
632.203,
14349.68,
3877.064,
856.4824,
0,
3696.932,
348.4952,
1214.404,
609.5419,
397.1059,
805.0231,
289.0237,
1373.5,
709.3852,
9414.487,
111.204,
9872.503,
1599.2,
2033.386,
168.3005,
452.1884,
2724.766,
745.7193,
2084, 
1968.81,
3403.432,
464.1249,
636.9767,
14506.01,
3908.484,
866.6459,
0,
3703.213,
360.1145,
1219.948,
603.3981,
392.1913,
806.5412,
290.6223,
1391.598,
727.1707,
9470.301,
110.8864,
9809.1,
1567.127,
2039.265,
167.7665,
461.1576,
2781.125,
762.454,
2085, 
1987.609,
3406.286,
467.5933,
642.293,
14666,
3946.115,
874.9477,
0,
3713.3,
372.0151,
1224.206,
597.2673,
387.606,
808.0807,
292.0899,
1409.681,
744.9761,
9526.657,
110.5588,
9742.229,
1539.892,
2044.56,
167.2101,
471.9969,
2832.755,
776.1362,
2086, 
2008.348,
3409.075,
471.951,
647.9821,
14820.07,
3986.992,
880.3193,
0,
3725.283,
384.4849,
1225.341,
590.9448,
382.5773,
809.3472,
293.8768,
1426.055,
752.692,
9574.454,
110.2777,
9672.034,
1521.355,
2049.381,
166.2869,
484.8109,
2855.305,
783.7862,
2087, 
2030.972,
3411.673,
476.3617,
653.9544,
14968.05,
4028.544,
882.9265,
0,
3739.36,
397.0417,
1225.143,
584.6227,
377.9898,
810.4599,
295.4904,
1441.509,
747.9128,
9618.056,
109.8091,
9625.48,
1508.542,
2053.167,
165.3435,
495.8255,
2871.754,
792.3188,
2088, 
2051.947,
3416.157,
481.5129,
659.4915,
15106.98,
4068.576,
883.558,
0,
3764.135,
409.3242,
1223.897,
578.1866,
374.5729,
811.5002,
297.0815,
1455.846,
741.2091,
9659.924,
109.7125,
9597.544,
1501.773,
2056.137,
164.4223,
506.499,
2881.404,
800.7162,
2089, 
2073.066,
3420.692,
486.3514,
664.185,
15244.04,
4106.376,
882.3963,
0,
3795.096,
421.0036,
1221.932,
571.6677,
371.0424,
812.4951,
297.9467,
1469.402,
731.1505,
9697.495,
109.431,
9592.372,
1501.323,
2057.68,
163.4999,
518.8932,
2885.979,
808.558,
2090, 
2091.367,
3425.15,
490.2165,
668.517,
15377.29,
4139.632,
880.2375,
0,
3826.966,
431.7472,
1219.343,
565.0688,
367.572,
813.4342,
297.5987,
1482.023,
718.271,
9723.504,
109.1501,
9606.948,
1505.858,
2057.158,
162.5539,
530.2357,
2887.987,
815.7964,
2091, 
2103.833,
3431.369,
493.8657,
672.0492,
15441,
4165.325,
877.1436,
0,
3868.42,
440.309,
1213.421,
560.6488,
370.1089,
814.4297,
295.2711,
1499.139,
716.0439,
9731.966,
108.9535,
9638.639,
1513.758,
2049.833,
161.889,
537.8241,
2894.545,
819.6314,
2092, 
2114.389,
3437.638,
498.3661,
674.5373,
15491.32,
4192.427,
874.1534,
0,
3909.932,
447.3849,
1207.85,
556.1833,
374.7664,
815.3239,
292.4248,
1516.08,
712.9049,
9732.164,
108.572,
9652.381,
1519.89,
2041.628,
161.2018,
548.0736,
2900.861,
821.0712,
2093, 
2122.214,
3444.812,
502.0391,
676.9006,
15534.04,
4221.307,
870.6271,
0,
3943.31,
452.9441,
1202.46,
551.5845,
379.2956,
816.0768,
289.1184,
1532.365,
708.3144,
9723.688,
108.3675,
9645.552,
1527.823,
2033.544,
160.5298,
558.7405,
2908.768,
819.7402,
2094, 
2127.839,
3452.254,
504.6788,
680.654,
15566.8,
4253.015,
867.9227,
0,
3981.36,
457.2839,
1197.215,
546.8715,
386.7688,
816.7322,
285.6552,
1547.395,
703.5776,
9706.813,
108.1657,
9607.749,
1535.364,
2025.339,
159.8324,
567.4126,
2918,
815.9223,
2095, 
2131.755,
3459.892,
506.5099,
684.8232,
15585.37,
4289.765,
864.8719,
0,
4026.528,
460.7038,
1191.981,
542.0519,
395.3765,
817.2941,
281.6616,
1561.349,
698.7729,
9686.443,
107.9572,
9540.579,
1541.926,
2016.317,
159.1512,
575.5394,
2928.026,
810.0811,
2096, 
2132.786,
3460.773,
504.5206,
689.4915,
15655.76,
4331.238,
859.8463,
0,
4070.406,
463.6483,
1186.456,
537.0198,
406.9205,
818.1442,
277.4961,
1573.38,
693.9709,
9663.073,
108.0056,
9446.221,
1550.432,
2007.247,
157.9036,
581.3156,
2944.321,
801.54,
2097, 
2131.994,
3455.358,
499.185,
693.9543,
15713.44,
4374.688,
853.2699,
0,
4112.997,
466.2923,
1180.568,
531.9127,
419.3414,
819.1219,
273.2186,
1583.541,
688.4089,
9645.852,
107.8723,
9339.08,
1563.306,
1998.294,
156.637,
587.571,
2964.162,
795.2446,
2098, 
2131.269,
3444.088,
492.5323,
698.4727,
15763.51,
4417.565,
845.4718,
0,
4153.609,
468.598,
1174.802,
526.8441,
435.6107,
820.0524,
268.7328,
1591.923,
682.4393,
9629.683,
107.7383,
9226.961,
1574.459,
1989.647,
155.39,
591.8481,
2983.994,
791.5704,
2099, 
2130.463,
3428.998,
483.5695,
701.8503,
15816.29,
4444.829,
835.6044,
0,
4194.872,
470.3058,
1169.358,
521.8054,
456.9243,
820.9523,
264.6032,
1599.792,
676.189,
9615.93,
107.4286,
9120.252,
1584.678,
1981.055,
154.1247,
595.714,
3003.745,
789.5801,
2100, 
2129.46,
3411.677,
472.8078,
704.3647,
15871.89,
4458.007,
824.4658,
0,
4235.645,
471.2651,
1164.25,
516.8056,
484.7442,
821.7975,
261.6353,
1607.724,
669.8879,
9614.646,
107.294,
9020.765,
1592.014,
1974.219,
152.8781,
600.6589,
3024.502,
789.7339];
