real main.em.dem.agr.frt.Pprod2[27](t) = [1971, 
550114.1,
4036719,
212472.5,
12696.24,
319559.9,
52467.7,
501895.8,
19234.84,
0,
301224.6,
5599707,
1946482,
65061.39,
1088583,
606120.5,
1910239,
159314.5,
363092,
206405,
1406370,
88510.22,
0,
568590.1,
1085292,
3893.177,
85782.05,
2.118983e+07,
1972, 
648058.4,
4659998,
241188.5,
13207.01,
453923.2,
66697.68,
581177.8,
22288.35,
0,
365538,
5923586,
2070639,
83715.19,
1196178,
675843.3,
2106890,
177581.9,
359963.1,
218737.5,
1611371,
97602.53,
0,
616499.8,
1445605,
4601.752,
74035.09,
2.371493e+07,
1973, 
750560.5,
5108400,
269130.9,
15332.33,
382759.8,
68415.44,
586358.8,
21283.4,
0,
334634.2,
6269514,
2202055,
97544.21,
1303265,
728808.1,
2295711,
224851.6,
357613,
239892.8,
1860076,
107146.5,
0,
690585.4,
1476368,
4302.74,
83366.15,
2.547797e+07,
1974, 
734340.6,
4723858,
256640.7,
17245.88,
486233.3,
75982.76,
602335,
27660.53,
3.490046,
328935.1,
5462942,
2268949,
78353.55,
1459465,
793297,
2554826,
230128.2,
284958.7,
288132.2,
1611766,
114575.4,
12694.76,
621044.7,
944892.3,
7023.302,
76212.08,
2.406249e+07,
1975, 
729393.5,
5462645,
323428.6,
14642.61,
579316.3,
60334.2,
653585.9,
34684.2,
7.677585,
358372.2,
5315458,
2362909,
152980.5,
1767409,
933805.9,
3076876,
253538.5,
332861.7,
314793.8,
1680450,
111360.9,
23682.4,
568212.3,
1003068,
15654.85,
74855.3,
2.620433e+07,
1976, 
724755.5,
5967862,
278379.8,
15534.71,
814818.8,
75611.02,
728002.6,
41873.43,
10.13346,
374895,
5689489,
2482635,
277831.1,
1766693,
940361.9,
3085025,
235324.9,
432627.7,
271954,
1224648,
100024.1,
32084.64,
633333,
1210555,
23542.56,
78991.16,
2.750686e+07,
1977, 
846220.9,
5688811,
280138.7,
13946.82,
1038160,
75428.98,
797672.8,
32576.65,
12.61934,
356009.7,
5739775,
2594807,
351962.8,
1856404,
983450.1,
3238183,
247779.7,
525808.4,
363795.4,
1636859,
111220.5,
41160.99,
665701.8,
1434802,
39552.37,
76197.62,
2.903644e+07,
1978, 
820725.4,
6350938,
285246.3,
13765.15,
1092604,
80923.95,
806557.6,
28385,
13.07468,
407366.5,
6239752,
2692727,
479638.2,
1967257,
1028616,
3422977,
213172.7,
737921.8,
383113,
1178242,
131196.1,
64688.06,
684548.6,
1227755,
54052.59,
72977.2,
3.046516e+07,
1979, 
738174.8,
6337509,
258895.9,
12590.6,
1290240,
103424.9,
882251.4,
27793.44,
17.03583,
446940.6,
6286529,
2711507,
452123.2,
1974557,
1026319,
3447335,
324859.9,
708024.3,
430936.7,
1916392,
108718.4,
86694.88,
727208.1,
1246241,
70072.66,
61952.91,
3.167731e+07,
1980, 
746481.1,
6531338,
258902.6,
12844.18,
1644369,
99033.68,
967756.6,
29967.96,
30.99565,
468026.2,
5725247,
2532442,
386864.6,
1834920,
951533.3,
3198409,
364120.9,
798821.9,
442416.7,
2473984,
95015.45,
183317.7,
598146,
1082512,
84053.67,
83933.5,
3.159449e+07,
1981, 
700739.9,
6124725,
335594.6,
12751.36,
1154608,
81076.85,
983491.9,
27216.38,
49.54093,
561507.7,
5350928,
2769002,
421865.6,
1900482,
963859.9,
3297293,
334862,
885251.9,
474146,
2634707,
89210.64,
245517.3,
604549.4,
1024616,
95729.38,
76582.7,
3.115036e+07,
1982, 
673405.9,
5634106,
347902.7,
10902.65,
1127486,
84020.57,
1018644,
24802.43,
41.74059,
517040.6,
5296882,
2694477,
503619.6,
1944837,
970946.3,
3366166,
440736.4,
887735.1,
454014.3,
2685343,
81541.53,
368903.9,
613313.8,
901531.9,
119275,
65110.73,
3.083278e+07,
1983, 
687789,
6686155,
266396.6,
11251.16,
999533.7,
83299.41,
1126378,
22017.34,
56.88784,
403234.9,
5339905,
2884477,
617122.2,
2024071,
998140.9,
3504423,
500436.6,
1044945,
525773.8,
3042267,
87041.23,
369548.9,
644594.6,
857707.4,
139258.9,
64542.17,
3.293037e+07,
1984, 
687634.6,
6703804,
316012.9,
11573.9,
1496729,
100899.4,
1307214,
31287.57,
45.26182,
431743.3,
5055673,
2968465,
519773.9,
2028469,
1023534,
3641663,
573048.2,
1366293,
544056.4,
3063796,
91749.32,
422513,
624461.3,
820212.3,
148366.1,
55711.01,
3.403472e+07,
1985, 
605295.1,
6352325,
350081.8,
10925.63,
1219753,
111625.1,
1431003,
33385.68,
39.49941,
381578.6,
4811129,
2773784,
434436.4,
2242935,
1149176,
4162285,
617470.7,
1532588,
535220.3,
2262973,
103205.5,
465321,
569621.5,
713890.8,
153878.7,
64099.81,
3.308803e+07,
1986, 
570923.2,
6378930,
363034.4,
11443.69,
1510566,
126739.3,
1567618,
37215.68,
42.21505,
356319.1,
4703409,
2864817,
461126.7,
2375381,
1252073,
4590353,
631558.9,
1635527,
555912.8,
2283721,
116404.5,
525748.3,
562934,
673894.8,
171663.8,
58303.78,
3.438566e+07,
1987, 
544692.1,
6842110,
392435.6,
11774.25,
1447328,
136437.3,
1752265,
40872.27,
40.16344,
302724.7,
4541528,
2685783,
504914.3,
2363090,
1283850,
4757386,
706750.6,
1293518,
584029.4,
3393864,
119892.2,
535788.9,
548294.2,
734334.8,
165694.4,
63833.19,
3.575323e+07,
1988, 
511361.8,
7219438,
359656.9,
11257.25,
1311266,
129657.9,
1907741,
55165.45,
38.34657,
343034.8,
4334490,
2730229,
410946.6,
2299875,
1281645,
4817301,
797887.8,
1859062,
599761.9,
3909426,
153669.6,
595502.2,
496590.3,
654337.3,
168916.6,
61859.65,
3.702012e+07,
1989, 
491327.1,
7597817,
330497.1,
10371.2,
1101174,
106826.3,
1957733,
59461.96,
32.24147,
318943.6,
4129549,
2692146,
487935.3,
2122024,
1220307,
4660160,
851215.3,
2138289,
631132.1,
4000027,
157969.8,
581872.6,
475214,
640564.1,
170581.2,
57841.19,
3.699101e+07,
1990, 
450929.2,
7562129,
356241.8,
9502.354,
992335,
91315.24,
2052143,
68184.96,
24.98507,
308901.9,
3578041,
1810762,
493032,
1712583,
1292095,
4807959,
935920.2,
2213919,
605257.6,
4448922,
210899.8,
577431.4,
428862.9,
431406.5,
168909,
53542.94,
3.566125e+07,
1991, 
446379,
7861217,
370134.5,
8320.208,
1022763,
84864.13,
2157731,
75971.45,
15.09365,
299149.3,
3201115,
932570.3,
472435.3,
1394409,
1048484,
4092324,
838842.3,
2337348,
606101.3,
5549251,
212490,
578093.2,
410778.2,
463170.3,
164081.7,
54551.93,
3.468259e+07,
1992, 
448151,
7999608,
297561.3,
6190.735,
1051815,
78554.73,
2125589,
85366.05,
7.868356,
283730.8,
2783584,
856042.8,
486433.9,
670241.6,
739530.9,
2105258,
929224.3,
1985498,
563310.1,
5284309,
245013.2,
596785.3,
390656.3,
519817,
179421.5,
50299.01,
3.0762e+07,
1993, 
440294,
8045592,
322701.5,
6365.653,
1223908,
81530.3,
2167092,
105554.4,
0,
341198.7,
2615250,
790258.9,
562041.2,
380180.7,
577940.5,
1465293,
811259.9,
1842800,
558410.6,
4240969,
297921.8,
546458.8,
384038.8,
475042.1,
155477.7,
48633.93,
2.848621e+07,
1994, 
425681.5,
8034370,
354683.6,
5264.265,
1368852,
76554.35,
2237645,
58990.71,
0,
293598,
2629055,
790257.7,
318221.2,
152291.6,
254473.7,
1011146,
871549.6,
2081720,
479101.9,
5699275,
331333.8,
515996.3,
359258.9,
530467.2,
145790.8,
40881.56,
2.906646e+07,
1995, 
425454.5,
8236976,
161757.3,
6020.289,
1069558,
75794.48,
2330711,
61536.96,
0,
293330.3,
2460030,
923571.8,
416414.7,
143181,
237046,
1286575,
823381.8,
2105432,
485154.4,
7044262,
444352.5,
377877.5,
311353.2,
586764.2,
160231.9,
48398.47,
3.051516e+07,
1996, 
435245.5,
8210365,
248793.9,
5232.758,
1126839,
97132.58,
2363337,
46338.82,
0,
307952.3,
2546279,
970832.6,
417058.7,
151551.8,
296536.4,
1494333,
907320.8,
2213502,
463348.3,
6520766,
490230.6,
320149.4,
290273.3,
635710.7,
134605.9,
53911.38,
3.074765e+07,
1997, 
423779.6,
8324161,
189414,
5115.836,
1270228,
92969.03,
2508870,
48959.89,
0,
285152.1,
2367115,
955131.4,
429295.3,
127255.5,
222786.4,
1677521,
918258.6,
2973470,
480185.9,
7572034,
523647.2,
266139.4,
271739.7,
670039.4,
163072.1,
64070.53,
3.283041e+07,
1998, 
375628.1,
7795288,
195452.3,
3976.867,
1228900,
87787.12,
2475431,
50879.09,
0,
277494.9,
2269107,
939870.9,
509156,
105178.9,
210662.8,
1793796,
962269.5,
3191477,
436010.1,
7843675,
550402.7,
336189,
247815.1,
713692.7,
153661.8,
65077.87,
3.281888e+07,
1999, 
357952.4,
7681807,
180539.9,
3063.619,
1130478,
80723.64,
2499550,
48532.92,
0,
292270.7,
2164057,
915257.7,
465669.7,
52782.16,
200230.9,
1906505,
1024341,
3799485,
449414.7,
7505423,
592692.7,
295414.2,
241292.1,
778517.4,
193120.8,
70808.39,
3.292993e+07,
2000, 
316752,
7326098,
162919.1,
2465.815,
1189253,
75747.68,
2406677,
39200.32,
0,
255621.4,
1861065,
925548.6,
497054.4,
75073.89,
175588.9,
2092541,
1114987,
3436916,
403215.5,
7206836,
593537.6,
236642.9,
237557.3,
808152.5,
215761,
80813.59,
3.173602e+07,
2001, 
300100.1,
7514820,
173492.6,
1789.719,
1279469,
75849.32,
2432931,
36218.13,
0,
278716.5,
1762580,
1045776,
345311.8,
59972.64,
190484.5,
2326692,
1020178,
3611489,
347373.1,
7661961,
622267.2,
244438.9,
199674.5,
899349.9,
207134.3,
64500.75,
3.270257e+07,
2002, 
294940.8,
6817728,
125330.3,
476.1627,
1354927,
51998.84,
2356042,
33523.48,
0,
338847.6,
1692468,
1062456,
349162.1,
54324.12,
213658.7,
2433561,
1048270,
3378759,
384156.7,
8553289,
595182.4,
309557.1,
173797,
819208.3,
208932.9,
126580.6,
3.277718e+07,
2003, 
291982.5,
7250965,
76211.3,
0,
1665306,
63740.61,
2569521,
42543.62,
0,
278928.3,
1681127,
1117983,
405052.3,
38092.96,
170974.8,
2779933,
1124649,
3525317,
288386.7,
8974540,
714721.7,
283660.9,
197592.1,
845294.8,
201569.2,
112359.7,
3.470045e+07,
2004, 
253555.1,
7306143,
125943.5,
0,
1742590,
82525.81,
2693476,
38550.38,
181.1878,
308746.6,
1603624,
1155141,
437572.3,
54596.33,
192981,
2888092,
1240991,
3877279,
292605.7,
9921719,
783650.3,
339876.5,
194424.2,
845931.2,
248984.3,
82804.37,
3.671198e+07,
2005, 
265264.5,
6835847,
206688.8,
0,
1247912,
91712.98,
2564390,
27816.39,
265.2953,
232192.3,
1391457,
1169321,
447749.8,
73955.69,
130809.6,
2667546,
1345677,
4294394,
294712.8,
1.018212e+07,
640659.6,
351351.8,
186213.7,
801736,
310856.6,
72952.87,
3.58336e+07,
2006, 
195684.1,
6740809,
224867.4,
0,
1420366,
108307,
2563974,
27925.81,
392.2317,
274251.4,
1360445,
1105215,
453752,
124195.3,
124267.2,
2695907,
1592947,
4447944,
222153.2,
1.070805e+07,
658144.4,
385656.4,
176186.7,
737946.8,
362313.3,
73036.7,
3.678473e+07,
2007, 
281425.5,
6624531,
205421.9,
0,
1818511,
144643.8,
2591257,
15967.8,
711.3516,
257782.3,
1393648,
1202514,
386146.1,
166548,
120999.7,
2706534,
1525772,
4341840,
231708.8,
1.082141e+07,
717787.4,
387242.3,
168416,
746212.7,
231807.2,
42929.01,
3.713176e+07,
2008, 
226557.5,
5248630,
159998,
0,
1452601,
134419.8,
2302255,
9454.893,
889.8477,
231665.9,
742492.6,
980636.8,
245900.7,
186582.9,
116242.6,
2294242,
1322218,
4928938,
161180.5,
1.02553e+07,
678064.6,
306782,
124795.8,
608624.9,
236401.8,
36512.28,
3.299139e+07,
2009, 
231997.3,
6027872,
261598.2,
0,
1843149,
133070.1,
2435992,
6660.857,
1104.766,
243598.2,
937895.6,
949259.7,
468762.4,
207337.1,
91526.14,
2467939,
1277749,
5466343,
140794,
1.140335e+07,
671981.9,
302732.4,
127806.6,
512774.7,
380302.9,
24788.7,
3.661638e+07,
2010, 
265022.6,
6287956,
317417.3,
0,
1915484,
169866.3,
2718117,
7287.903,
1503.465,
216390.3,
987227.1,
985184.2,
410362.1,
238343.6,
96845.09,
2524796,
1213391,
5881376,
132986.6,
1.354131e+07,
660418.9,
334224.2,
130642.1,
615761.1,
397839.2,
24481.14,
4.007424e+07,
2011, 
300058.9,
6588663,
343972.4,
0,
2198562,
194768.7,
2820615,
5619.315,
1791.832,
229363.7,
982154.4,
933125.5,
368262.6,
243595.3,
81341.09,
2550129,
1263005,
5710428,
117715.5,
1.421825e+07,
524985.6,
422598.8,
134550.5,
665873.7,
447695.7,
19409.21,
4.136653e+07,
2012, 
313613.6,
6910433,
461943.8,
0,
2014869,
184965.4,
2716177,
4221.331,
2153.106,
226362.3,
1018652,
965941.6,
400548.3,
231741.6,
73158.05,
2372317,
1507503,
4678114,
125263.7,
1.477275e+07,
622524.8,
475903.7,
103282.5,
625595.9,
502132,
9079.256,
4.131924e+07,
2013, 
322608.7,
6842489,
485082.3,
0,
2180930,
201882.3,
2844939,
0,
2535.364,
221636,
1045183,
939480.1,
469106.2,
239982.5,
63140.5,
2364814,
1588158,
3880931,
87637.34,
1.437702e+07,
730650.2,
568831.1,
99768.13,
584029.6,
575947.1,
0,
4.071678e+07,
2014, 
383549.7,
6874888,
506459.3,
0,
2275218,
200671.4,
2940455,
0,
3464.786,
232850.5,
1095848,
893936.8,
442154,
227055.9,
68315.08,
2446717,
1660591,
3944448,
87701.38,
1.462784e+07,
696815.3,
582263.5,
109208.1,
663058.4,
591799.2,
0,
4.155531e+07,
2015, 
376287.7,
6650012,
555326.9,
0,
2067806,
182063.6,
2865768,
0,
2564.843,
225042.7,
1081027,
936550.7,
441544.9,
212958.8,
68373.36,
2399453,
1540434,
4097041,
85768.16,
1.444555e+07,
710174.5,
569981.6,
100687,
677051,
610062.7,
0,
4.090153e+07,
2016, 
370955.1,
6779581,
556921.6,
0,
2163039,
201062.5,
2962759,
0,
3041.494,
231739.6,
1034272,
954200.3,
441159.4,
219074.3,
71871.34,
2510675,
1600009,
4249839,
86071.41,
1.473875e+07,
730268.3,
627194.6,
103946.1,
674165.4,
660138.2,
0,
4.197074e+07,
2017, 
381463.3,
6790847,
551930.9,
0,
2270787,
209825.7,
3041822,
0,
3444.859,
229408.2,
988553.4,
957392.4,
447469.8,
226024.9,
74218.97,
2604637,
1667964,
4349655,
86942.26,
1.499147e+07,
745424.1,
653539.1,
107139.9,
648026.7,
685735.1,
0,
4.271372e+07,
2018, 
391184.6,
6839554,
549593.4,
0,
2372260,
215676.8,
3096804,
0,
3897.691,
237335.4,
941452.6,
974698.6,
450350.9,
230243.3,
76928.21,
2693787,
1725539,
4494631,
87601.14,
1.510071e+07,
752085.6,
681939.7,
106982.4,
616615.8,
708225.4,
0,
4.33481e+07,
2019, 
394070,
6661224,
542264.5,
0,
2505839,
222768.2,
3183602,
0,
4355.524,
249105.1,
911806.9,
978511,
453556.4,
234111.6,
78269.89,
2780309,
1790106,
4669791,
89187.41,
1.52742e+07,
767542.5,
714357.7,
107930.3,
583117.9,
723754.4,
0,
4.391978e+07,
2020, 
398522.7,
6544171,
533153.6,
0,
2607897,
229919,
3243929,
0,
4882.941,
249549.1,
872021.6,
983133.6,
453412.8,
239678.6,
80202.8,
2844966,
1857579,
4858288,
91034.16,
1.542259e+07,
775283.8,
736194.6,
108333.8,
502012.7,
736112.7,
0,
4.437286e+07,
2021, 
385949.7,
6527896,
526879.3,
0,
2614336,
231393.5,
3272494,
0,
5227.179,
248661.3,
836039.2,
979192.3,
467610.5,
233366.6,
82956.49,
2876858,
1879370,
4917289,
92093.43,
1.547712e+07,
774567.3,
760407.1,
107991.3,
501347,
752754.7,
0,
4.45518e+07,
2022, 
366846.1,
6533926,
520008.2,
0,
2601921,
231683.4,
3289607,
0,
5566.781,
249363,
797070.4,
972866.3,
479261.6,
225736.3,
85358.6,
2898650,
1889671,
4977497,
93077.67,
1.551339e+07,
772737.8,
783058,
107642.7,
500131,
768946.9,
0,
4.466402e+07,
2023, 
344643.9,
6567361,
513127.3,
0,
2570551,
231173,
3304229,
0,
6238.361,
251609.5,
755772.4,
965010.6,
488076.4,
217249.4,
87713.44,
2918016,
1899079,
5037235,
94046.25,
1.554562e+07,
770321.1,
804272.8,
107288.4,
498948.2,
784567.4,
0,
4.476215e+07,
2024, 
322185.5,
6621105,
506116,
0,
2518105,
229826.2,
3313921,
0,
7074.746,
255132,
713532.7,
955955.7,
495288.8,
208263.6,
90058.94,
2932947,
1905953,
5095959,
94981.62,
1.556967e+07,
766711,
823382,
106928.6,
495327.7,
799577,
0,
4.4828e+07,
2025, 
329305.2,
6498333,
507798.1,
0,
2991933,
260629.3,
3510901,
0,
9232.609,
368467,
861788.4,
986784.3,
574270.1,
251329.5,
123582.3,
3192610,
1931549,
5291674,
114874.8,
1.422299e+07,
816867.3,
713337.4,
93869.36,
595006.7,
774508.9,
0,
4.502164e+07,
2026, 
334649.1,
6548801,
515198.8,
0,
2882442,
266440.3,
3564791,
0,
10937.59,
371380.2,
843125.3,
983934.8,
574131.3,
254452.8,
127911.3,
3232722,
1970793,
5332955,
116444.2,
1.450994e+07,
836562.6,
729999.9,
90911.17,
589587.9,
800180.2,
0,
4.548828e+07,
2027, 
338426.2,
6573947,
522042.5,
0,
2781820,
272221.8,
3613614,
0,
12409.43,
373869.1,
820697.7,
980258.4,
573207.9,
257558.4,
131178.3,
3268626,
2011401,
5374064,
117965.4,
1.479072e+07,
855403.6,
748293.8,
88044.27,
584863.3,
825095.9,
0,
4.591572e+07,
2028, 
340428,
6580378,
529165,
0,
2698449,
278087.8,
3665375,
0,
13840.72,
375924.5,
796242.9,
976240.7,
571866.8,
260716.6,
134328.7,
3306963,
2051706,
5415810,
119500.8,
1.508358e+07,
869187.7,
780927.8,
85182.77,
583341.9,
848512.8,
0,
4.636576e+07,
2029, 
340866.4,
6576552,
537731,
0,
2646196,
284465,
3717660,
0,
15084.14,
379777.3,
766056.4,
971908.3,
564677.5,
263950.4,
137287.4,
3342764,
2088017,
5456344,
121034.8,
1.538109e+07,
879853.7,
814251.8,
82407.39,
582878.9,
867698.6,
0,
4.681855e+07,
2030, 
340016.2,
6575589,
548169.6,
0,
2650477,
291156.8,
3783039,
0,
16295.78,
386380,
735129.6,
967597.7,
564960.4,
267125.3,
139352.9,
3385814,
2132518,
5495132,
122648.3,
1.570691e+07,
887872.2,
848014.8,
79648.15,
588408.8,
885458.7,
0,
4.739771e+07,
2031, 
344330.9,
6641001,
573250.7,
0,
2885259,
306914.4,
3909747,
0,
17092.79,
400294.4,
723036.5,
968737.8,
572003.9,
274339.8,
141987,
3504311,
2209508,
5561602,
125214.1,
1.615784e+07,
891478.6,
865571.8,
78029.48,
609330.3,
898123.1,
0,
4.865901e+07,
2032, 
351036,
6705034,
599576.8,
0,
3112670,
323401.2,
4033757,
0,
17847.45,
411280.5,
710728.9,
969803.8,
578566.9,
281217.1,
145625.4,
3616908,
2273115,
5625429,
127738.9,
1.656301e+07,
895223.9,
883598.1,
76436.52,
633891.9,
908514.6,
0,
4.984441e+07,
2033, 
359629.3,
6775042,
628018.8,
0,
3336813,
340071.2,
4154311,
0,
18581.03,
421929.9,
696659.3,
970751,
586311.2,
287724.9,
145148.6,
3722683,
2352625,
5686199,
130216.6,
1.690145e+07,
899166.9,
901767,
74850.88,
660774.3,
917500.9,
0,
5.096823e+07,
2034, 
368265.8,
6837526,
655261.9,
0,
3544837,
356754.9,
4268374,
0,
19372.08,
429436,
684291.4,
971442,
592450.5,
293809.1,
137379.3,
3822649,
2433846,
5743478,
132624.8,
1.719568e+07,
904812.6,
920319.8,
73309.99,
689072.3,
924779.9,
0,
5.199978e+07,
2035, 
374994.8,
6912496,
675682.9,
0,
3739345,
373504.3,
4375914,
0,
20280.03,
432604.8,
673073.4,
972128.9,
593205.3,
299526.7,
126589.4,
3921705,
2513795,
5797541,
134981.3,
1.747862e+07,
910629.2,
938937.3,
71765.27,
717610.9,
930033.7,
0,
5.298496e+07,
2036, 
376795.1,
6938998,
670045.4,
0,
3883522,
389916.2,
4479975,
0,
21313.86,
424205.7,
668599.6,
970160.3,
577777.8,
303547.5,
115651.3,
4005840,
2569901,
5827905,
136223.8,
1.766272e+07,
914358.4,
960416.8,
70425.16,
723858.9,
932083.2,
0,
5.362424e+07,
2037, 
372326.9,
6948464,
643035.9,
0,
3996772,
403565.8,
4570217,
0,
22472.72,
407497.4,
660870.9,
968120.7,
553941.9,
306631.7,
106952.9,
4079670,
2613220,
5857895,
137398.4,
1.785427e+07,
915351.8,
969908.8,
69088.48,
720333.1,
934216.1,
0,
5.411222e+07,
2038, 
364074.3,
6912946,
600250.9,
0,
4096785,
410174.1,
4642902,
0,
23655.83,
385427,
657319.9,
965667.2,
527999.6,
308843.8,
100212.6,
4138275,
2624052,
5887439,
138495,
1.806152e+07,
915701.3,
979250.1,
67805.35,
706671.2,
930869.9,
0,
5.444634e+07,
2039, 
357536.1,
6851279,
565752.1,
0,
4195300,
407536.9,
4682188,
0,
24720.35,
366918.4,
654822.8,
962888.1,
507076.9,
311906.3,
96338.58,
4177691,
2603025,
5914634,
139462,
1.823427e+07,
913477.2,
988295.6,
66523.6,
692426.3,
914303.4,
0,
5.462837e+07,
2040, 
355467.4,
6736737,
545114.4,
0,
4288078,
400619.6,
4717527,
0,
25877.8,
355859,
653117.4,
960577.5,
493300.7,
317143,
94796.06,
4218507,
2581306,
5939036,
140401.5,
1.837729e+07,
912441.3,
997446.1,
65287.23,
676154.5,
902778.8,
0,
5.475486e+07,
2041, 
363631.3,
6688576,
546872.8,
0,
4382542,
393653.4,
4738567,
0,
27143.32,
349603.5,
648160.8,
957943.1,
486456.1,
324967.7,
94833.42,
4265475,
2570204,
5955811,
141234.6,
1.855118e+07,
912741.2,
998370.9,
64122.03,
671796.2,
893962.6,
0,
5.502784e+07,
2042, 
378371.1,
6664034,
563329.2,
0,
4489454,
388159.2,
4774973,
0,
28460.67,
346495.3,
648633.1,
956077,
485823.6,
333828.4,
95403.86,
4324686,
2575398,
5976326,
142120.2,
1.87269e+07,
915551.3,
1011371,
62944.85,
656510.5,
889081.8,
0,
5.543393e+07,
2043, 
398574.4,
6671206,
594734.3,
0,
4589335,
385477.2,
4829547,
0,
29897.04,
346426,
650484.4,
955255.6,
488001.5,
344003.6,
96608.65,
4399132,
2594499,
6002859,
143061.2,
1.891898e+07,
920654.8,
1025458,
61790.46,
630373.1,
895952.8,
0,
5.597231e+07,
2044, 
420620.9,
6684734,
632959.8,
0,
4677285,
385191.8,
4899890,
0,
31387.25,
346833.8,
652809.8,
954744.1,
488933.8,
353951.2,
98650.66,
4480616,
2627701,
6037483,
144000.5,
1.913904e+07,
927272.9,
1040125,
60634.43,
592630.1,
907212,
0,
5.65847e+07,
2045, 
441829.7,
6724488,
670498.7,
0,
4764362,
388185.1,
4969218,
0,
32912.82,
346411.6,
656598.6,
953957.3,
488753.5,
362467.4,
100657.2,
4555013,
2661496,
6078564,
145910.6,
1.936143e+07,
933028.6,
1055667,
59500.49,
526509.6,
911781.1,
0,
5.718924e+07,
2046, 
460741.1,
6760759,
699358.7,
0,
4863393,
394089.6,
5032928,
0,
34432.16,
346798.1,
658292.1,
951908.4,
484601,
369287.8,
102759,
4617300,
2701100,
6116943,
147330.5,
1.95589e+07,
933331.1,
1066160,
43318.85,
463422.2,
921079.5,
0,
5.772824e+07,
2047, 
477505.4,
6795281,
721660.3,
0,
4960834,
401413.4,
5101549,
0,
35796.89,
347430.4,
659563.1,
949801.4,
481420,
376544.2,
105050,
4682287,
2742975,
6155308,
146712,
1.978712e+07,
932407.3,
1077263,
41921.25,
404670.4,
931004.3,
0,
5.831552e+07,
2048, 
493732.6,
6834829,
736815.9,
0,
5058791,
410567,
5161312,
0,
36897.6,
347368,
659210.8,
947277.4,
477736.6,
383734.3,
107952.4,
4740329,
2777724,
6192843,
150124.5,
2.002649e+07,
928410.1,
1088663,
40540.46,
353132.9,
932906.3,
0,
5.888739e+07,
2049, 
509148,
6883748,
746827.8,
0,
5166463,
419948.3,
5219044,
0,
37885.25,
347273.1,
658490.1,
944813.3,
473754.6,
390901.5,
111137.6,
4797486,
2809962,
6230534,
151473.3,
2.02917e+07,
924188,
1100720,
39193.44,
312709.3,
933244.5,
0,
5.950064e+07,
2050, 
524718.2,
6945209,
757428.7,
0,
5279508,
431223.3,
5276371,
0,
38666.95,
347344.6,
657240.4,
942307.2,
469461.7,
398073.1,
114730.8,
4854785,
2840647,
6269920,
153200.9,
2.063063e+07,
921999.8,
1114085,
37870.25,
282699.3,
932397.4,
0,
6.022052e+07,
2051, 
524343.1,
6978900,
757048.9,
0,
5275988,
437354.6,
5295824,
0,
38992.86,
346697.7,
658927.2,
937862.1,
469798.2,
401383.4,
117825,
4873346,
2849697,
6297738,
153354.2,
2.071867e+07,
913492.3,
1116001,
51465.84,
269109.8,
938620.7,
0,
6.042244e+07,
2052, 
525057.5,
7013047,
756095.3,
0,
5279649,
444834.9,
5311529,
0,
39217.15,
348285.6,
661696.6,
933524.9,
470496.6,
404860.8,
121707.9,
4889636,
2858302,
6328401,
152975.3,
2.086291e+07,
904455.3,
1118720,
51668.15,
263421.2,
943562.4,
0,
6.068405e+07,
2053, 
526349.8,
7040741,
756302.3,
0,
5296116,
452927.3,
5330792,
0,
39345.57,
352360.8,
664935.8,
929439.8,
471561.4,
408558.8,
126119.8,
4912872,
2870483,
6361508,
153117.1,
2.106326e+07,
896582.1,
1121813,
51859.34,
265779.9,
947701.7,
0,
6.104053e+07,
2054, 
528836.3,
7060825,
756739.4,
0,
5314431,
460726.6,
5350515,
0,
39441.25,
358558.1,
668374.6,
925438.1,
472988.9,
412406.8,
130758.6,
4942630,
2885504,
6393948,
152780.4,
2.1291e+07,
889580.5,
1125206,
52061.09,
273945.9,
950708.9,
0,
6.14374e+07,
2055, 
532554.2,
7074590,
756337.1,
0,
5337943,
468103.2,
5370027,
0,
39474.38,
366482.8,
671506.1,
921507.1,
474873.9,
416239.3,
135022.2,
4978471,
2904012,
6423855,
152703.7,
2.148903e+07,
882587.3,
1128229,
52261.71,
284439.8,
951699.3,
0,
6.181195e+07,
2056, 
538239.8,
7089506,
756551.6,
0,
5372513,
476122.3,
5396348,
0,
39412.04,
376250.7,
674034.3,
917573.4,
476402.9,
419817.2,
138591.5,
5025733,
2929700,
6444563,
152905.2,
2.161685e+07,
876815.8,
1131310,
52250.51,
291524.1,
949919.4,
0,
6.214293e+07,
2057, 
545787.8,
7106421,
757182.6,
0,
5409585,
484060.6,
5419918,
0,
39256.02,
385128.9,
674971.3,
913452.3,
476967.4,
423064.8,
141066.1,
5071876,
2957109,
6458024,
152867.9,
2.167374e+07,
872194.4,
1134341,
52248.4,
298889.8,
945173.2,
0,
6.239332e+07,
2058, 
555541.9,
7119723,
757539.7,
0,
5448807,
488466.8,
5438685,
0,
39045.64,
392441.1,
675074.4,
909123.3,
476930,
426143.1,
142720.1,
5113248,
2984366,
6464028,
152794.8,
2.166114e+07,
868189.7,
1137141,
52235.04,
303840.5,
938353.7,
0,
6.254558e+07,
2059, 
567189.1,
7137077,
758652.5,
0,
5496451,
492057.1,
5459063,
0,
38829.68,
398793,
674722,
904743.6,
476584.5,
429110.7,
143641.3,
5151719,
3011200,
6464593,
152719.3,
2.160445e+07,
863041.5,
1139940,
52231.83,
306885.3,
930422,
0,
6.265411e+07,
2060, 
580019.8,
7156861,
760384.8,
0,
5549658,
494699,
5480339,
0,
38587.18,
404562.3,
674523.4,
900285.4,
475593.2,
432028.4,
144381.3,
5183849,
3037638,
6461808,
152639.4,
2.152677e+07,
856528.8,
1142552,
52218.8,
309027.3,
922678.1,
0,
6.273763e+07,
2061, 
591195.8,
7176483,
758557,
0,
5604744,
497732.8,
5493671,
0,
38332.08,
409231.4,
672793.6,
895067.6,
467293.5,
433743.7,
145533.2,
5203104,
3057854,
6452577,
152299.8,
2.140713e+07,
844117.3,
1143952,
52058.06,
307594.9,
913682.2,
0,
6.271875e+07,
2062, 
601571.1,
7199205,
758785.8,
0,
5663909,
500717.1,
5509758,
0,
38121.17,
413536.8,
671271.3,
889862.9,
458080,
435554.8,
146409.5,
5219640,
3076503,
6443153,
151791,
2.129143e+07,
830657,
1145064,
51897.14,
304576.9,
906459.6,
0,
6.270796e+07,
2063, 
609473.8,
7223298,
760371.3,
0,
5725787,
504566.2,
5527381,
0,
37896.27,
417892.8,
669928.2,
884635.7,
449578.5,
437450.1,
147159.7,
5234250,
3092525,
6432885,
151462.9,
2.11822e+07,
816678.9,
1145715,
51726.89,
301623.5,
901269.5,
0,
6.270575e+07,
2064, 
614887.3,
7245201,
762479.9,
0,
5787639,
509337.8,
5544585,
0,
37609.82,
421431.5,
668687.4,
879273.5,
441244.2,
439405.3,
148191.5,
5247356,
3107593,
6418877,
151294.1,
2.10616e+07,
803615.9,
1146600,
51562.71,
299348.1,
897582.3,
0,
6.26854e+07,
2065, 
618288.1,
7263627,
765224.5,
0,
5844298,
514938.4,
5560103,
0,
37333.77,
424010.2,
667138.9,
873780.9,
432982.1,
441453.3,
149360.5,
5260827,
3121034,
6401582,
150780.9,
2.092879e+07,
792167,
1147802,
51391.01,
297085.9,
895133.6,
0,
6.263913e+07,
2066, 
619427.5,
7273359,
768900.8,
0,
5901051,
520398.7,
5569996,
0,
36997.37,
425696,
665601.4,
868076.8,
425585.8,
443437.8,
150269,
5271374,
3127819,
6381204,
150644.2,
2.077875e+07,
782038.4,
1149751,
51164.54,
295403.6,
893118.3,
0,
6.255006e+07,
2067, 
618865.8,
7271517,
770784.1,
0,
5955458,
524385.2,
5572215,
0,
36567.2,
426730.8,
663956.6,
862160.2,
419538.7,
445505.2,
151564.4,
5277374,
3130105,
6359474,
150128.8,
2.061328e+07,
773463.7,
1152753,
50936.79,
294605.8,
890948.4,
0,
6.241232e+07,
2068, 
617309.4,
7254211,
771168.2,
0,
6007234,
527963.5,
5569315,
0,
36092.78,
427396.6,
662110.7,
856155.7,
413428.5,
447612.6,
153042,
5281678,
3128451,
6338223,
149926.9,
2.044499e+07,
766342,
1156575,
50699.48,
294680.1,
887830.1,
0,
6.224244e+07,
2069, 
615397.5,
7228653,
771266.8,
0,
6056065,
531253.1,
5566296,
0,
35704.54,
428194.7,
659986.6,
850252.6,
406283.3,
449751.1,
154434,
5287779,
3123423,
6322216,
149563.9,
2.029704e+07,
760606.3,
1161397,
50467.35,
295592.7,
883920.1,
0,
6.208554e+07,
2070, 
613329.6,
7194529,
772401.1,
0,
6107505,
534298.3,
5564487,
0,
35407.34,
429791.2,
657956.1,
844442.3,
397149.8,
451867.2,
155830.9,
5296345,
3116126,
6310262,
149209,
2.017404e+07,
755878.1,
1166439,
50226.88,
297102.6,
879198.9,
0,
6.195382e+07,
2071, 
613537.6,
7146583,
772004,
0,
6133774,
535785.4,
5555210,
0,
35116.14,
431380.5,
654763.9,
835861.9,
385034.2,
453546.5,
156845.8,
5297390,
3101178,
6309803,
148726.8,
2.003871e+07,
749221.8,
1172012,
50028.02,
296486.9,
880225,
0,
6.175322e+07,
2072, 
613777.8,
7093786,
773010.5,
0,
6154232,
537391.1,
5547476,
0,
34936.31,
433739.1,
651538.9,
827248.9,
372087.3,
455063.5,
157630.4,
5300477,
3085839,
6313485,
148248.6,
1.992367e+07,
742127.1,
1176959,
49827.7,
294635,
881355.5,
0,
6.156854e+07,
2073, 
613643.7,
7040860,
775457,
0,
6171249,
536174.1,
5539619,
0,
34862.24,
437082.9,
648447.8,
818521.8,
358937.2,
456403,
158406.1,
5303593,
3068810,
6323273,
147767.2,
1.981367e+07,
733985.8,
1180740,
49619.14,
291976.8,
883171.9,
0,
6.138627e+07,
2074, 
613312.8,
6993233,
779139.6,
0,
6187208,
533643.1,
5539002,
0,
34854.19,
441716.8,
645637.7,
809887.6,
346245.8,
457559.4,
159393.9,
5313516,
3056099,
6336317,
147329.3,
1.972196e+07,
723726.3,
1183737,
49418.53,
288315.6,
885983.8,
0,
6.124724e+07,
2075, 
612770.6,
6946234,
781394.4,
0,
6203974,
530566.8,
5539580,
0,
34889.29,
447199.8,
643310,
801197.6,
335473.8,
458522.5,
160704.6,
5324445,
3045395,
6353015,
146681.2,
1.963209e+07,
711034.5,
1186022,
49207.92,
283910.2,
890053.5,
0,
6.111767e+07,
2076, 
612284.4,
6901763,
780394.3,
0,
6220765,
527704.4,
5543990,
0,
34978.5,
453627.3,
641670.8,
792485.6,
326679.8,
459296.3,
162324.1,
5338143,
3039677,
6376526,
146470.1,
1.954582e+07,
697178.4,
1187968,
48905.18,
280012.7,
895826.4,
0,
6.101449e+07,
2077, 
611886.2,
6864388,
777408.5,
0,
6246654,
525075.4,
5553921,
0,
35092.41,
460716.3,
640072.9,
783934.1,
318802.2,
459976.7,
163616.5,
5355754,
3037664,
6403547,
146071.5,
1.946931e+07,
683018.1,
1189852,
48594.34,
277497.8,
903185.7,
0,
6.095604e+07,
2078, 
612010.8,
6840135,
773474.6,
0,
6277782,
524939,
5572405,
0,
35227.33,
468384.6,
638218.4,
775548.3,
311835.9,
460555.8,
164703.9,
5378445,
3041790,
6434366,
145718.4,
1.941456e+07,
669274.6,
1191604,
48290.32,
276120.7,
911776.8,
0,
6.096717e+07,
2079, 
613272,
6828631,
771217.3,
0,
6319408,
526871.9,
5601436,
0,
35363.39,
477143.3,
637714.4,
767591.9,
306727.9,
461143.9,
165365,
5407351,
3052902,
6468150,
145415.2,
1.938206e+07,
656634.1,
1193501,
47985.9,
275846.9,
921319.3,
0,
6.106305e+07,
2080, 
616119.5,
6829317,
771206.7,
0,
6368964,
529470.9,
5638318,
0,
35472.15,
486919.9,
638296,
759957.4,
302463.3,
461747.6,
165951.9,
5440566,
3069161,
6507055,
145145.6,
1.936766e+07,
644878.9,
1195908,
47672.59,
276797.9,
932466.4,
0,
6.123151e+07,
2081, 
619338.9,
6848749,
773625.5,
0,
6419130,
532196.4,
5678310,
0,
35547.22,
496838.8,
639262.6,
754208.4,
299834.9,
462401.8,
166209.8,
5482222,
3102207,
6543350,
145037.9,
1.936057e+07,
631514.1,
1197898,
47524.2,
296099.8,
952229.1,
0,
6.14843e+07,
2082, 
623564.3,
6875318,
778635.8,
0,
6476429,
535800.5,
5722231,
0,
35623.24,
507740.4,
641527.4,
748668.5,
296945.1,
463168.5,
166707.3,
5526318,
3137372,
6582362,
144730.4,
1.936283e+07,
618609.6,
1200149,
47369.57,
301113.1,
972456.9,
0,
6.176567e+07,
2083, 
629413.9,
6904280,
785008.4,
0,
6545940,
540049.9,
5770521,
0,
35683.53,
519731.4,
645120.3,
743523.4,
293940,
464049.2,
167374.9,
5575566,
3175927,
6620753,
144877.5,
1.937414e+07,
606081.1,
1203027,
47220.32,
306969.6,
993135.8,
0,
6.209234e+07,
2084, 
635308,
6933746,
791035.8,
0,
6617255,
544426.4,
5818080,
0,
35744.15,
532653.8,
648065.1,
738399.1,
290302.2,
464924.3,
168300.7,
5625641,
3212483,
6660004,
144816.2,
1.938304e+07,
593925.6,
1206505,
47070.5,
313058.3,
1013678,
0,
6.241846e+07,
2085, 
641374.1,
6964497,
797087.4,
0,
6690236,
549668.3,
5865508,
0,
35841.51,
545917.8,
650327.3,
733335.2,
286908.1,
465811.8,
169150.6,
5677182,
3249927,
6699636,
144756.7,
1.939183e+07,
583603.8,
1209638,
46914.37,
320416.6,
1032496,
0,
6.275206e+07,
2086, 
648066.3,
6992422,
803772.8,
0,
6760518,
555362.1,
5906134,
0,
35957.17,
559616.1,
650930.2,
727973.9,
283185.8,
466541.8,
170185.4,
5723702,
3275339,
6733250,
144717.2,
1.93898e+07,
576578.6,
1212490,
46655.36,
329115.5,
1040715,
0,
6.303303e+07,
2087, 
655366.6,
7019956,
810492.6,
0,
6828025,
561150.1,
5943715,
0,
36093.05,
573391.6,
650824.9,
722605.4,
279790.1,
467183.2,
171119.8,
5769064,
3288115,
6763913,
144488.2,
1.941087e+07,
571722.8,
1214730,
46390.65,
336592.8,
1046711,
0,
6.331231e+07,
2088, 
662134.9,
7049506,
817964.9,
0,
6891398,
566726.3,
5979503,
0,
36332.18,
586899.2,
650163.1,
717127.8,
277261,
467782.9,
172041.3,
5813463,
3299057,
6793357,
144632.6,
1.945091e+07,
569157.2,
1216487,
46132.2,
343838.5,
1050228,
0,
6.36021e+07,
2089, 
668949.8,
7079190,
825132.1,
0,
6953924,
571991.6,
6013613,
0,
36631.02,
599807.6,
649119.5,
711570.5,
274647.7,
468356.4,
172542.3,
5857180,
3306703,
6819779,
144592.8,
1.951394e+07,
568986.5,
1217400,
45873.4,
352252.3,
1051895,
0,
6.390408e+07,
2090, 
674855.4,
7107139,
831172.6,
0,
7014708,
576623.9,
6044403,
0,
36938.63,
611699.3,
647743.9,
705870.1,
272078.8,
468897.8,
172340.8,
5897976,
3310361,
6838070,
144537.7,
1.959223e+07,
570705.3,
1217091,
45607.98,
359952.2,
1052627,
0,
6.419362e+07,
2091, 
678878,
7130217,
836382.9,
0,
7043769,
580202.8,
6064954,
0,
37338.76,
621085.1,
644598.2,
702094.7,
273956.6,
469471.6,
170992.8,
5935311,
3320003,
6844020,
144503.1,
1.966964e+07,
573699.5,
1212758,
45421.43,
365103.6,
1055018,
0,
6.441941e+07,
2092, 
682284.2,
7151469,
842270.9,
0,
7066725,
583977.9,
6082979,
0,
37739.44,
628893.3,
641638.5,
698202.1,
277404.1,
469987.1,
169344.5,
5970223,
3327412,
6844159,
144265.5,
1.972401e+07,
576023.2,
1207903,
45228.61,
372061.5,
1057320,
0,
6.460152e+07,
2093, 
684809.1,
7171427,
847127.6,
0,
7086216,
588000.7,
6097383,
0,
38061.61,
635077.3,
638775.3,
694092.2,
280756.7,
470421,
167429.8,
6001839,
3331821,
6838198,
144183.9,
1.975185e+07,
579029.9,
1203120,
45040.08,
379302.8,
1060202,
0,
6.473416e+07,
2094, 
686624.3,
7191262,
850914.9,
0,
7101158,
592417.5,
6112059,
0,
38428.88,
640022.8,
635989.3,
689853.1,
286288.4,
470798.8,
165424.2,
6031732,
3335808,
6826332,
144101.2,
1.974766e+07,
581887.7,
1198266,
44844.41,
385189.9,
1063566,
0,
6.482062e+07,
2095, 
687888.1,
7211195,
853884.6,
0,
7109629,
597536.5,
6126254,
0,
38864.84,
644043.6,
633208.8,
685503.7,
292659.8,
471122.8,
163111.5,
6060433,
3339660,
6812007,
144010.9,
1.971383e+07,
584374.9,
1192928,
44653.27,
390706.8,
1067221,
0,
6.486473e+07,
2096, 
688220.7,
7228620,
853427.2,
0,
7141740,
603313.4,
6144431,
0,
39288.37,
647796.7,
630273.6,
681104.3,
301204.8,
471612.8,
160699.3,
6092305,
3346504,
6795572,
144218.3,
1.966434e+07,
587598.3,
1187562,
44303.25,
394627.9,
1073160,
0,
6.492192e+07,
2097, 
687964.9,
7239937,
849641.1,
0,
7168051,
609365.8,
6161322,
0,
39699.46,
651258.4,
627145.9,
676636.9,
310398.8,
472176.4,
158222.1,
6122534,
3352722,
6783460,
144245.8,
1.960257e+07,
592477.5,
1182265,
43947.87,
398874.5,
1080392,
0,
6.495531e+07,
2098, 
687731.1,
7244820,
844484.1,
0,
7190893,
615338.3,
6176179,
0,
40091.46,
654353.6,
624082.4,
672186.1,
322441.5,
472712.8,
155624.4,
6150289,
3358124,
6772090,
144267.1,
1.953426e+07,
596704.5,
1177149,
43598.01,
401778,
1087620,
0,
6.496682e+07,
2099, 
687471.2,
7244596,
836897.9,
0,
7214971,
619135.9,
6187163,
0,
40489.74,
656787.9,
621190.8,
667715.9,
338217.9,
473231.5,
153232.9,
6175987,
3362339,
6762418,
144100.3,
1.946787e+07,
600577.3,
1172066,
43242.99,
404402.3,
1094820,
0,
6.496892e+07,
2100, 
687147.4,
7241587,
827461.6,
0,
7240330,
620971.6,
6196098,
0,
40883.29,
658446.8,
618476.9,
663263.4,
358810.3,
473718.7,
151514.2,
6201084,
3366114,
6761514,
144103.2,
1.940719e+07,
603357.8,
1168021,
42893.21,
407759.2,
1102385,
0,
6.498313e+07];
