real main.em.dem.RURPOPTOT[28](t) = [1971, 
5.3309,
53.54213,
20.87916,
25.0041,
42.58309,
35.28856,
42.97043,
111.6185,
77.8634,
12.00652,
106.651,
59.13116,
22.21433,
28.69478,
18.89988,
54.23365,
37.47054,
455.5753,
26.24048,
710.3481,
126.9501,
99.91839,
49.19978,
3.430035,
140.6397,
40.64558,
0,
2407.33,
1972, 
5.414045,
54.13614,
21.14098,
25.30899,
42.64231,
35.48507,
43.65652,
113.602,
79.74329,
12.34005,
106.3893,
58.80452,
22.47094,
28.43312,
19.22999,
53.49019,
38.00792,
464.0043,
26.23686,
726.788,
129.5238,
102.0225,
49.07536,
3.478703,
142.8659,
41.60506,
0,
2445.896,
1973, 
5.48415,
54.66267,
21.39331,
25.60349,
42.67241,
35.67015,
44.3621,
115.693,
81.66162,
12.68159,
106.0517,
58.49175,
22.7237,
28.14082,
19.56908,
52.73188,
38.54213,
472.6942,
26.19121,
742.6169,
132.0879,
104.137,
48.94271,
3.509408,
145.8974,
42.64057,
0,
2484.853,
1974, 
5.561762,
55.15897,
21.63295,
25.88819,
42.66549,
35.84608,
45.09534,
117.8995,
83.74389,
13.02776,
105.6482,
58.19403,
22.96222,
27.83028,
19.91417,
51.9754,
39.07914,
481.573,
26.08376,
757.5426,
134.5951,
106.2474,
48.77202,
3.537104,
148.9763,
43.72457,
0,
2523.175,
1975, 
5.6427,
55.66364,
21.85744,
26.16269,
42.62256,
36.00422,
45.96502,
120.2243,
85.87271,
13.37644,
105.1572,
57.90088,
23.17493,
27.50778,
20.26554,
51.23753,
39.61753,
490.514,
25.91869,
770.8582,
136.9523,
108.3541,
48.53373,
3.556973,
152.0712,
44.84987,
0,
2559.862,
1976, 
5.714859,
56.15312,
22.08029,
26.46226,
42.59513,
36.14133,
46.97479,
122.5918,
88.05566,
13.72416,
104.8114,
57.61671,
23.48053,
27.19997,
20.66603,
50.69193,
40.46425,
499.2188,
25.66588,
779.1639,
139.0399,
110.3224,
48.43464,
3.604437,
154.7878,
45.95852,
0,
2591.62,
1977, 
5.778996,
56.68716,
22.29558,
26.7528,
42.54447,
36.27172,
47.939,
125.0279,
90.16054,
14.07989,
104.458,
57.28301,
23.81182,
26.86981,
21.07894,
50.14142,
41.33032,
508.0645,
25.35181,
786.5013,
141.3341,
112.28,
48.29004,
3.649195,
157.6168,
47.08779,
0,
2622.687,
1978, 
5.836784,
57.29321,
22.50303,
27.04078,
42.47003,
36.39812,
48.86406,
127.6935,
92.46822,
14.44715,
104.092,
56.87922,
24.14783,
26.51992,
21.4968,
49.57719,
41.90651,
517.0798,
25.00279,
793.2042,
143.8305,
114.2392,
48.09616,
3.693363,
160.5877,
48.19955,
0,
2653.568,
1979, 
5.896727,
57.93459,
22.67951,
27.31756,
42.36533,
36.5098,
49.83291,
130.5253,
94.99341,
14.81862,
103.7077,
56.4455,
24.46951,
26.17438,
21.90288,
48.96127,
42.50531,
526.2998,
24.636,
800.287,
146.3232,
116.202,
47.85307,
3.737862,
163.6014,
49.33001,
0,
2685.311,
1980, 
5.965366,
58.60011,
22.79024,
27.58464,
42.22862,
36.60883,
50.85098,
133.3259,
97.21715,
15.19582,
103.3617,
55.97131,
24.78687,
25.83604,
22.30139,
48.29193,
43.29433,
535.875,
24.26734,
807.9919,
148.8697,
118.1594,
47.56017,
3.787886,
166.6993,
50.60548,
0,
2718.027,
1981, 
6.005123,
58.91914,
22.94324,
27.88272,
42.12305,
36.75208,
51.88082,
136.1799,
99.76601,
15.53518,
103.2833,
55.80235,
24.509,
25.53134,
22.76367,
47.95033,
44.44251,
546.4286,
23.96069,
813.1125,
151.4688,
119.7402,
47.63391,
3.851759,
170.0716,
51.96035,
0,
2750.498,
1982, 
6.039576,
59.18735,
23.04584,
28.19102,
41.97256,
36.87865,
52.93684,
139.1349,
102.7278,
15.8823,
103.138,
55.60796,
24.23991,
25.21213,
23.24346,
47.63463,
45.56839,
557.1001,
23.68213,
819.0618,
154.1125,
121.292,
47.68499,
3.921091,
173.6796,
53.24115,
0,
2784.417,
1983, 
6.066895,
59.45906,
23.13374,
28.53135,
41.77602,
36.99142,
54.03366,
141.9424,
105.466,
16.25341,
102.956,
55.38931,
23.99251,
24.89329,
23.74702,
47.36285,
46.47746,
567.9618,
23.37427,
824.3944,
156.8055,
122.8039,
47.72655,
3.987806,
177.8083,
54.58384,
0,
2817.919,
1984, 
6.089249,
59.72041,
23.2023,
28.88336,
41.52802,
37.08681,
55.14305,
144.7208,
108.0687,
16.65195,
102.7695,
55.14893,
23.70971,
24.57271,
24.27036,
47.09251,
47.43056,
579.0526,
23.03145,
828.8737,
159.5263,
124.2454,
47.75797,
4.050673,
181.9711,
55.92133,
0,
2850.52,
1985, 
6.111053,
59.97549,
23.24776,
29.23351,
41.22372,
37.15934,
56.24821,
147.6701,
110.7668,
17.08845,
102.5986,
54.87993,
23.38402,
24.23379,
24.80985,
46.80183,
48.33125,
590.2687,
22.6547,
833.9901,
162.2145,
125.5715,
47.77541,
4.113485,
186.175,
57.26669,
0,
2883.794,
1986, 
6.163498,
60.19626,
23.29127,
29.53341,
40.95181,
37.30483,
57.4432,
150.6624,
113.4928,
17.47205,
102.4019,
54.68299,
23.20394,
24.01875,
25.47657,
46.76882,
49.4931,
601.6981,
22.20133,
839.8228,
164.8253,
126.5886,
47.39083,
4.157255,
190.3805,
58.58787,
0,
2918.21,
1987, 
6.227156,
60.40279,
23.31445,
29.83052,
40.62283,
37.43814,
58.58862,
153.7343,
116.384,
17.90146,
102.2444,
54.45801,
22.98569,
23.80235,
26.19003,
46.76286,
50.67909,
613.1934,
21.73445,
846.5591,
167.4073,
127.5054,
46.98769,
4.205185,
194.5261,
59.84075,
0,
2953.526,
1988, 
6.304007,
60.62535,
23.32726,
30.13259,
40.23825,
37.5591,
59.69976,
156.8972,
119.0707,
18.33383,
102.1224,
54.19169,
22.73949,
23.57092,
26.91767,
46.71466,
51.79909,
624.7354,
21.24156,
852.9722,
169.9445,
128.3551,
46.56783,
4.256023,
198.8261,
61.05314,
0,
2988.196,
1989, 
6.392519,
60.89767,
23.3278,
30.436,
39.79813,
37.6638,
60.78027,
160.1684,
121.6734,
18.75276,
102.0155,
53.89222,
22.46709,
23.32592,
27.59438,
46.57693,
52.90287,
636.3922,
20.72644,
858.7083,
172.4581,
129.1362,
46.12122,
4.307213,
203.2686,
62.28585,
0,
3022.07,
1990, 
6.476763,
61.27585,
23.35651,
30.73802,
39.30122,
37.74722,
61.81726,
163.3823,
124.5857,
19.12648,
101.9197,
53.56509,
22.16262,
23.0616,
28.19031,
46.36485,
53.89346,
648.0778,
20.1831,
864.7195,
174.9997,
129.8393,
45.64891,
4.363041,
207.5632,
63.51092,
0,
3055.87,
1991, 
6.499489,
61.15347,
23.49781,
30.93403,
38.85607,
37.84869,
62.85244,
166.6549,
127.5439,
19.42174,
101.8416,
53.4632,
22.2463,
23.04826,
28.88431,
46.57454,
55.03129,
659.9841,
19.99808,
866.6833,
177.9242,
130.343,
45.40934,
4.398262,
211.9276,
64.71378,
0,
3087.734,
1992, 
6.514513,
61.03716,
23.62929,
31.11233,
38.35596,
37.92056,
63.85618,
170.0557,
130.4198,
19.62062,
101.7836,
53.21235,
22.31194,
23.03878,
29.52288,
46.69915,
56.20005,
671.9188,
19.76217,
865.6713,
180.8676,
130.7932,
45.16122,
4.420029,
216.7118,
65.88863,
0,
3116.485,
1993, 
6.525507,
60.89009,
23.75172,
31.27113,
37.81223,
37.96717,
64.83994,
173.4825,
133.4225,
19.77161,
101.6953,
52.90746,
22.37123,
22.98156,
30.05123,
46.76448,
56.9802,
683.8826,
19.52597,
863.6027,
183.8211,
131.1732,
44.89793,
4.435272,
222.0137,
67.09608,
0,
3143.934,
1994, 
6.533401,
60.68936,
23.86415,
31.40739,
37.23093,
37.9905,
65.7843,
177.3295,
135.7995,
19.90492,
101.5628,
52.65928,
22.4267,
22.81998,
30.49863,
46.76211,
57.64793,
695.866,
19.2838,
860.8818,
186.6349,
131.5006,
44.6343,
4.451767,
227.3131,
68.42091,
0,
3169.898,
1995, 
6.538864,
60.43704,
23.96069,
31.52609,
36.61108,
37.98538,
66.68374,
181.1932,
138.4928,
20.01983,
101.4008,
52.44028,
22.46314,
22.60622,
30.92809,
46.70973,
58.40231,
707.8484,
19.01874,
857.5513,
189.3101,
131.78,
44.35972,
4.472794,
232.2949,
69.72714,
0,
3194.762,
1996, 
6.500113,
60.2039,
24.14332,
31.67665,
35.98622,
38.04044,
67.61156,
184.324,
142.6764,
20.11246,
101.1489,
52.37416,
22.52178,
22.38467,
31.29035,
46.6453,
59.15895,
719.6891,
19.02615,
852.5435,
191.6991,
131.426,
44.31699,
4.485121,
236.9897,
70.90723,
0,
3217.882,
1997, 
6.455809,
59.96553,
24.31184,
31.8114,
35.32268,
38.0697,
68.52673,
187.4069,
146.8184,
20.17539,
100.8941,
52.28607,
22.56836,
22.15799,
31.59109,
46.58442,
59.92112,
731.4862,
19.03709,
846.9066,
194.0391,
131.0034,
44.27691,
4.493944,
241.6526,
72.09976,
0,
3239.863,
1998, 
6.403723,
59.70824,
24.46854,
31.92892,
34.61983,
38.07272,
69.41244,
190.8096,
150.5345,
20.20751,
100.6336,
52.09283,
22.59778,
21.93602,
31.84098,
46.52686,
60.6984,
743.2346,
19.03749,
840.767,
196.2787,
130.4814,
44.22865,
4.498425,
246.4144,
73.40013,
0,
3260.833,
1999, 
6.348265,
59.40584,
24.61239,
32.03028,
33.87216,
38.04753,
70.26755,
194.3815,
154.3304,
20.21036,
100.3682,
51.84673,
22.60946,
21.70893,
32.14162,
46.45319,
61.47316,
754.8765,
19.027,
834.1542,
198.3576,
129.8255,
44.16797,
4.501471,
251.2901,
74.72009,
0,
3281.028,
2000, 
6.296829,
59.05173,
24.74045,
32.11189,
33.07834,
37.99118,
71.11781,
198.0883,
158.2939,
20.18073,
100.1196,
51.7257,
22.60579,
21.47587,
32.56698,
46.34073,
62.25636,
766.486,
19.00925,
827.4049,
200.2222,
129.0506,
44.10746,
4.506388,
256.0998,
76.08908,
0,
3301.018,
2001, 
6.322454,
58.73265,
24.80961,
32.17517,
32.43492,
37.93416,
71.95602,
201.8459,
162.3558,
20.13431,
99.4585,
51.49128,
22.61266,
21.17602,
32.9396,
46.29019,
63.07113,
778.2056,
18.95195,
815.575,
201.7234,
130.523,
44.00896,
4.513977,
260.9258,
77.39693,
0,
3317.565,
2002, 
6.347296,
58.35399,
24.86961,
32.22057,
31.75018,
37.84607,
72.80801,
205.6898,
166.5415,
20.09038,
98.88342,
51.17982,
22.59544,
20.88309,
33.32088,
46.24047,
63.6989,
789.8474,
18.88197,
803.2161,
203.166,
131.9634,
43.90077,
4.524168,
265.981,
78.71513,
0,
3333.515,
2003, 
6.366766,
57.93202,
24.91737,
32.24714,
31.01884,
37.72853,
73.66236,
209.5612,
170.8454,
20.04679,
98.40732,
50.84232,
22.55609,
20.61293,
33.71222,
46.20376,
64.2953,
801.2358,
18.80502,
790.4767,
204.5414,
133.3723,
43.77972,
4.534388,
270.8188,
80.09457,
0,
3348.615,
2004, 
6.384504,
57.50679,
24.95656,
32.25558,
30.25156,
37.58502,
74.51827,
213.52,
175.2688,
20.00287,
97.9696,
50.49345,
22.52077,
20.35682,
34.12458,
46.18644,
65.04929,
812.3633,
18.72433,
777.5034,
205.8462,
134.7094,
43.64723,
4.542101,
275.1055,
81.53187,
0,
3362.924,
2005, 
6.403879,
57.07339,
24.98141,
32.24908,
29.45607,
37.41988,
75.36802,
217.6016,
179.7682,
19.95831,
97.52386,
50.14524,
22.47675,
20.10136,
34.5608,
46.18174,
65.96617,
823.0726,
18.63145,
764.3707,
207.0929,
136.0415,
43.50001,
4.55028,
279.123,
83.01926,
0,
3376.637,
2006, 
6.436756,
56.72594,
24.99868,
32.28113,
28.90732,
37.28821,
76.13899,
221.5843,
184.3494,
19.91212,
97.03979,
49.7403,
22.441,
19.78015,
34.97519,
46.00984,
67.01062,
832.6808,
18.53359,
757.235,
208.0918,
137.3468,
43.31254,
4.567228,
282.6795,
84.58031,
0,
3394.647,
2007, 
6.471933,
56.37573,
25.00066,
32.31158,
28.33037,
37.13387,
76.93738,
225.6176,
189.1163,
19.87315,
96.62122,
49.34624,
22.38754,
19.47612,
35.41541,
45.90955,
68.15073,
841.902,
18.43366,
750.0825,
209.0829,
138.6787,
43.12486,
4.593149,
285.7215,
86.20709,
0,
3412.302,
2008, 
6.511499,
56.00034,
24.98613,
32.3376,
27.72594,
36.95677,
77.75912,
229.7019,
194.0286,
19.85497,
96.19901,
48.9752,
22.32096,
19.18771,
35.88589,
45.86646,
69.30225,
850.8397,
18.33196,
742.9028,
210.0006,
140.0079,
42.92574,
4.625473,
288.6955,
87.85017,
0,
3429.78,
2009, 
6.554174,
55.58287,
24.95947,
32.35551,
27.09746,
36.76534,
78.60082,
233.8532,
199.0238,
19.84495,
95.6557,
48.63347,
22.26269,
18.92066,
36.39647,
45.85532,
70.38516,
859.5925,
18.23167,
735.7251,
210.8733,
141.3052,
42.71576,
4.655905,
292.039,
89.49344,
0,
3447.379,
2010, 
6.595016,
55.12244,
24.95068,
32.34875,
26.45078,
36.56564,
79.49316,
238.0767,
204.028,
19.83259,
95.03287,
48.29505,
22.21552,
18.65963,
36.92996,
45.84602,
71.26704,
868.3054,
18.13687,
728.4382,
211.7138,
142.5839,
42.48873,
4.676292,
295.5897,
91.23079,
0,
3464.873,
2011, 
6.55267,
54.72876,
24.92295,
32.31144,
26.26555,
36.39258,
79.88154,
242.4139,
208.3775,
19.79893,
94.05054,
47.53155,
22.29832,
18.34964,
37.11869,
45.25239,
71.97934,
873.0117,
17.97849,
722.5236,
212.1165,
142.8521,
41.96295,
4.682455,
298.2498,
93.03333,
0,
3474.637,
2012, 
6.509514,
54.33405,
24.88155,
32.281,
26.06721,
36.20892,
80.2933,
246.7307,
212.7072,
19.77422,
93.0105,
46.77,
22.41271,
18.06125,
37.31097,
44.69849,
72.61961,
877.4259,
17.84412,
716.7834,
212.4782,
143.0986,
41.41998,
4.691448,
300.5457,
94.92186,
0,
3483.88,
2013, 
6.464586,
53.91531,
24.81433,
32.2362,
25.85484,
36.01166,
80.91145,
251.0109,
217.1451,
19.75171,
91.89935,
46.00359,
22.57824,
17.78015,
37.51297,
44.15971,
73.23727,
881.496,
17.7079,
710.9384,
212.766,
143.2644,
40.8714,
4.702095,
302.3412,
96.9119,
0,
3492.286,
2014, 
6.411633,
53.4707,
24.72224,
32.17351,
25.63411,
35.80226,
81.52951,
255.3269,
221.4988,
19.76725,
90.76871,
45.23484,
22.80555,
17.48782,
37.72703,
43.6194,
73.84621,
885.0165,
17.56885,
704.7164,
212.9437,
143.3348,
40.3155,
4.71067,
303.994,
98.95981,
0,
3499.386,
2015, 
6.354061,
52.99744,
24.60564,
32.09396,
25.40463,
35.58543,
82.06815,
259.6039,
225.8091,
19.877,
89.63559,
44.46774,
23.02346,
17.20173,
37.94421,
43.09109,
74.43182,
888.0207,
17.4219,
698.0731,
213.0595,
143.3159,
39.75378,
4.717972,
305.3462,
101.091,
0,
3504.995,
2016, 
6.303759,
52.5145,
24.47462,
32.00044,
25.16068,
35.35837,
82.5388,
263.9302,
230.2179,
19.76365,
88.50131,
43.70358,
23.18646,
16.92487,
38.15036,
42.57199,
74.87198,
890.9459,
17.24358,
691.1188,
213.1654,
143.2027,
39.18416,
4.727077,
306.5374,
103.3038,
0,
3509.602,
2017, 
6.261135,
52.01373,
24.32458,
31.89113,
24.90633,
35.10777,
82.94792,
268.2699,
234.679,
19.53166,
87.36224,
42.95136,
23.25576,
16.64156,
38.33051,
42.01861,
75.16127,
893.5516,
17.03571,
684.1268,
213.1849,
142.994,
38.59387,
4.737175,
308.0201,
105.5036,
0,
3513.402,
2018, 
6.222364,
51.46268,
24.13729,
31.77918,
24.6467,
34.82143,
83.28516,
272.4874,
239.2389,
19.46001,
86.20599,
42.20308,
23.22045,
16.34849,
38.49543,
41.42097,
75.4904,
895.4874,
16.81646,
676.2553,
213.0544,
142.7069,
37.98351,
4.746414,
309.6957,
107.6258,
0,
3515.298,
2019, 
6.181503,
50.87283,
23.92233,
31.64853,
24.37462,
34.50117,
83.53596,
276.615,
244.0171,
19.3971,
85.05313,
41.45738,
23.16793,
16.04936,
38.65561,
40.7928,
75.7982,
896.8007,
16.58594,
667.3546,
212.8087,
142.3577,
37.35918,
4.756042,
311.4136,
109.6877,
0,
3515.165,
2020, 
6.117886,
50.18765,
23.67033,
31.4998,
24.07259,
34.14392,
83.72411,
280.7424,
248.8469,
19.31536,
83.81082,
40.68195,
23.1064,
15.73119,
38.81646,
40.10281,
75.71173,
897.4167,
16.33444,
657.5886,
212.5112,
141.8497,
36.71416,
4.752777,
313.5123,
111.75,
0,
3512.712,
2021, 
6.042263,
49.57004,
23.49206,
31.42357,
23.86205,
33.86855,
84.0593,
285.6302,
253.5291,
19.21274,
82.71667,
40.11715,
23.05529,
15.10373,
39.00479,
39.52563,
76.01735,
896.3461,
16.1103,
648.6749,
212.1189,
141.3992,
36.10148,
4.726807,
315.9707,
113.8972,
0,
3511.576,
2022, 
5.965675,
48.94611,
23.30833,
31.3406,
23.6485,
33.58533,
84.36459,
290.3491,
258.124,
19.10596,
81.6196,
39.55389,
23.00058,
14.48696,
39.18044,
38.94894,
76.29521,
895.1447,
15.88586,
639.7554,
211.6847,
140.9249,
35.49305,
4.699797,
318.3342,
115.9862,
0,
3509.732,
2023, 
5.888126,
48.3158,
23.11915,
31.25087,
23.43192,
33.29427,
84.64003,
294.8989,
262.6315,
18.99501,
80.51953,
38.99213,
22.94226,
13.88088,
39.3434,
38.37272,
76.54535,
893.8129,
15.66114,
630.83,
211.2087,
140.4266,
34.88888,
4.671745,
320.6026,
118.017,
0,
3507.182,
2024, 
5.809612,
47.67911,
22.92451,
31.1544,
23.21233,
32.99536,
84.88562,
299.2798,
267.0516,
18.87991,
79.41653,
38.43192,
22.88035,
13.28549,
39.49368,
37.79698,
76.76776,
892.3504,
15.43613,
621.8986,
210.6906,
139.9045,
34.28895,
4.642654,
322.776,
119.9897,
0,
3503.923,
2025, 
5.730137,
47.03601,
22.72443,
31.05119,
22.98973,
32.68863,
85.10133,
303.4916,
271.3845,
18.76064,
78.31061,
37.87321,
22.81485,
12.70079,
39.63127,
37.22171,
76.96243,
890.7573,
15.21082,
612.9614,
210.1307,
139.3585,
33.69329,
4.612524,
324.8545,
121.9043,
0,
3499.956,
2026, 
5.639862,
46.26996,
22.41927,
31.69821,
23.01881,
33.24376,
87.30415,
314.898,
279.7234,
19.10669,
78.54922,
38.09195,
23.1535,
12.85528,
40.4982,
37.47877,
79.01646,
903.1126,
15.32587,
618.2368,
213.095,
141.724,
33.8178,
4.614891,
332.288,
126.0166,
0,
3561.197,
2027, 
5.548965,
45.49655,
22.10408,
32.35191,
23.04704,
33.80356,
89.53389,
326.439,
288.1209,
19.45575,
78.78769,
38.30772,
23.49467,
13.00993,
41.37307,
37.73385,
81.09676,
915.5451,
15.44068,
623.4996,
216.0786,
144.1095,
33.9387,
4.616846,
339.7758,
130.1665,
0,
3622.877,
2028, 
5.457451,
44.71582,
21.77883,
33.01225,
23.07439,
34.36804,
91.79057,
338.1143,
296.577,
19.80782,
79.02606,
38.52053,
23.83832,
13.16475,
42.25587,
37.98692,
83.20329,
928.0549,
15.55526,
628.7498,
219.0816,
146.5148,
34.05597,
4.618389,
347.3181,
134.354,
0,
3684.996,
2029, 
5.365314,
43.92773,
21.44355,
33.67928,
23.10086,
34.93719,
94.0742,
349.9242,
305.0917,
20.16291,
79.26431,
38.73038,
24.18446,
13.31973,
43.14662,
38.23801,
85.33609,
940.642,
15.66959,
633.9875,
222.1039,
148.94,
34.16962,
4.619522,
354.9148,
138.579,
0,
3747.552,
2030, 
5.272556,
43.13232,
21.09822,
34.35297,
23.12646,
35.51102,
96.38474,
361.8685,
313.6649,
20.52101,
79.50244,
38.93727,
24.53309,
13.47488,
44.0453,
38.48711,
87.49515,
953.3064,
15.7837,
639.2126,
225.1455,
151.3852,
34.27962,
4.620245,
362.5659,
142.8417,
0,
3810.549,
2031, 
5.196297,
42.54901,
20.90385,
34.65445,
23.02811,
35.65332,
97.72044,
371.8875,
321.2012,
20.61591,
79.05261,
38.71302,
24.65882,
13.44489,
44.56263,
38.29316,
88.71745,
958.744,
15.69859,
636.5168,
226.2234,
152.2814,
34.02322,
4.604618,
367.9561,
146.4543,
0,
3843.355,
2032, 
5.119579,
41.95993,
20.70255,
34.95522,
22.92812,
35.79343,
99.05354,
381.8677,
328.7145,
20.71045,
78.60281,
38.4893,
24.78403,
13.41493,
45.07734,
38.09971,
89.93816,
964.1473,
15.61369,
633.8267,
227.2909,
153.1742,
33.76744,
4.588417,
373.318,
150.0518,
0,
3875.99,
2033, 
5.0424,
41.36511,
20.49435,
35.25528,
22.82646,
35.93134,
100.384,
391.8091,
336.2048,
20.80463,
78.15305,
38.26611,
24.90871,
13.385,
45.58943,
37.90675,
91.15726,
969.5163,
15.52901,
631.142,
228.348,
154.0638,
33.51227,
4.57164,
378.6515,
153.6342,
0,
3908.452,
2034, 
4.964764,
40.76453,
20.27922,
35.55462,
22.72316,
36.06708,
101.7119,
401.7118,
343.6721,
20.89846,
77.70334,
38.04341,
25.03286,
13.35509,
46.09892,
37.71426,
92.37477,
974.851,
15.44456,
628.463,
229.3946,
154.9499,
33.2577,
4.554287,
383.9567,
157.2016,
0,
3940.743,
2035, 
4.886669,
40.15814,
20.05717,
35.85324,
22.61821,
36.20058,
103.0372,
411.5757,
351.1163,
20.99193,
77.25366,
37.82124,
25.15648,
13.32521,
46.60579,
37.52229,
93.59068,
980.1512,
15.36033,
625.7894,
230.4308,
155.8327,
33.00375,
4.536362,
389.2336,
160.7539,
0,
3972.862,
2036, 
4.806381,
39.54834,
19.81782,
36.12794,
22.49164,
36.30663,
104.4205,
422.608,
359.0251,
21.06663,
76.82663,
37.60873,
25.26665,
13.27601,
47.13314,
37.35826,
94.80737,
984.579,
15.25842,
622.7338,
231.2723,
156.5624,
32.75009,
4.516903,
394.5591,
164.6097,
0,
4005.338,
2037, 
4.725704,
38.93268,
19.57197,
36.40196,
22.36377,
36.41066,
105.801,
433.597,
366.9094,
21.14102,
76.39938,
37.39671,
25.37634,
13.22686,
47.65779,
37.19459,
96.02243,
988.9766,
15.15685,
619.6857,
232.1046,
157.2892,
32.49704,
4.496887,
399.856,
168.4492,
0,
4037.641,
2038, 
4.64463,
38.31116,
19.31962,
36.67532,
22.2346,
36.5127,
107.1789,
444.5429,
374.7693,
21.21511,
75.97192,
37.18517,
25.48554,
13.17775,
48.17971,
37.03127,
97.23592,
993.3434,
15.05563,
616.6451,
232.9275,
158.0131,
32.24461,
4.476318,
405.1241,
172.2723,
0,
4069.774,
2039, 
4.56316,
37.68381,
19.06078,
36.94801,
22.10414,
36.61273,
108.554,
455.4456,
382.6048,
21.28889,
75.54422,
36.97412,
25.59425,
13.1287,
48.69894,
36.86831,
98.44778,
997.6799,
14.95473,
613.6119,
233.7411,
158.7341,
31.9928,
4.455193,
410.3636,
176.0791,
0,
4101.735,
2040, 
4.4813,
37.05057,
18.79541,
37.22004,
21.9724,
36.71078,
109.9264,
466.3052,
390.4158,
21.36237,
75.1163,
36.76357,
25.70248,
13.07969,
49.21545,
36.70569,
99.65805,
1001.986,
14.85419,
610.5862,
234.5454,
159.4522,
31.74159,
4.43351,
415.5744,
179.8696,
0,
4133.524,
2041, 
4.412766,
36.53079,
18.57823,
37.4466,
21.82658,
36.77122,
111.258,
477.7865,
398.3146,
21.40812,
74.7114,
36.56112,
25.78093,
13.01721,
49.7231,
36.56648,
100.7906,
1004.804,
14.73702,
606.8615,
235.1063,
159.9514,
31.49096,
4.414516,
420.5546,
183.7728,
0,
4163.178,
2042, 
4.343971,
36.00677,
18.35651,
37.6726,
21.68013,
36.83005,
112.5869,
489.2231,
406.1891,
21.45363,
74.30627,
36.35912,
25.85901,
12.9548,
50.22814,
36.42751,
101.9215,
1007.599,
14.6203,
603.1475,
235.6597,
160.4485,
31.24094,
4.395046,
425.5078,
187.6596,
0,
4192.678,
2043, 
4.274914,
35.47842,
18.13023,
37.89803,
21.53299,
36.88728,
113.9132,
500.6149,
414.0392,
21.49893,
73.901,
36.15759,
25.9367,
12.89244,
50.73055,
36.28877,
103.051,
1010.372,
14.50403,
599.4446,
236.2056,
160.9433,
30.99151,
4.375103,
430.4339,
191.5298,
0,
4222.026,
2044, 
4.205593,
34.94577,
17.89941,
38.12289,
21.38515,
36.94293,
115.2369,
511.962,
421.8649,
21.54401,
73.49551,
35.9565,
26.01401,
12.83016,
51.23035,
36.15027,
104.179,
1013.121,
14.38821,
595.7526,
236.744,
161.4359,
30.74269,
4.354687,
435.333,
195.3836,
0,
4251.221,
2045, 
4.136017,
34.40887,
17.66408,
38.34721,
21.23666,
36.99698,
116.558,
523.2644,
429.6661,
21.58887,
73.08984,
35.75589,
26.09093,
12.76793,
51.72754,
36.01202,
105.3055,
1015.847,
14.27283,
592.0715,
237.2748,
161.9263,
30.49448,
4.333797,
440.2051,
199.2209,
0,
4280.264,
2046, 
4.066433,
33.86261,
17.41064,
38.53625,
21.06651,
37.01959,
117.8183,
535.1837,
437.5991,
21.60432,
72.6871,
35.57001,
26.13718,
12.70243,
52.20031,
35.88782,
106.3374,
1017.217,
14.14927,
587.5165,
237.5984,
162.2433,
30.25404,
4.312252,
444.981,
203.1575,
0,
4307.119,
2047, 
3.996582,
33.31229,
17.15321,
38.72482,
20.89606,
37.04086,
119.0761,
547.0558,
445.5071,
21.61963,
72.28412,
35.38454,
26.18315,
12.637,
52.67054,
35.76377,
107.3678,
1018.57,
14.02622,
582.9768,
237.9157,
162.5587,
30.01418,
4.290237,
449.7303,
207.0773,
0,
4333.833,
2048, 
3.926456,
32.75787,
16.8918,
38.91288,
20.7253,
37.06078,
120.3314,
558.8809,
453.3903,
21.63481,
71.88089,
35.19948,
26.22882,
12.57163,
53.13827,
35.6399,
108.3969,
1019.906,
13.90367,
578.4525,
238.2268,
162.8723,
29.77491,
4.267754,
454.4528,
210.9801,
0,
4360.405,
2049, 
3.85606,
32.19934,
16.6264,
39.10046,
20.55424,
37.07935,
121.5842,
570.6588,
461.2486,
21.64985,
71.47748,
35.01484,
26.27422,
12.50633,
53.60347,
35.5162,
109.4246,
1021.225,
13.78162,
573.9432,
238.5315,
163.1843,
29.53622,
4.244797,
459.1487,
214.8659,
0,
4386.836,
2050, 
3.785393,
31.63672,
16.35703,
39.28754,
20.38289,
37.09654,
122.8345,
582.3893,
469.0821,
21.66476,
71.07382,
34.83061,
26.31933,
12.44109,
54.06614,
35.39267,
110.451,
1022.528,
13.66008,
569.4495,
238.8299,
163.4946,
29.29813,
4.221375,
463.8178,
218.7348,
0,
4413.125,
2051, 
3.726307,
31.17935,
16.145,
39.44859,
20.21098,
37.09889,
124.0193,
594.6854,
477.0211,
21.66379,
70.66812,
34.65381,
26.33932,
12.37408,
54.48771,
35.26546,
111.3924,
1023.342,
13.52358,
564.2789,
238.9786,
163.7248,
29.06927,
4.200703,
468.4817,
222.6782,
0,
4438.658,
2052, 
3.667042,
30.71881,
15.92989,
39.60919,
20.03906,
37.1001,
125.2017,
606.933,
484.9352,
21.66273,
70.26251,
34.47739,
26.35912,
12.30714,
54.90698,
35.13845,
112.3326,
1024.143,
13.38768,
559.1269,
239.1222,
163.9536,
28.84097,
4.17963,
473.1194,
226.6047,
0,
4464.06,
2053, 
3.607594,
30.2551,
15.71165,
39.76937,
19.86714,
37.10016,
126.3818,
619.1322,
492.8245,
21.66159,
69.85699,
34.30135,
26.37872,
12.24026,
55.32396,
35.01163,
113.2716,
1024.93,
13.25238,
553.9932,
239.2607,
164.181,
28.61323,
4.158157,
477.7311,
230.5142,
0,
4489.33,
2054, 
3.54797,
29.78818,
15.49033,
39.92912,
19.69522,
37.09906,
127.5595,
631.2828,
500.6891,
21.66035,
69.45157,
34.12572,
26.39812,
12.17346,
55.73865,
34.88501,
114.2093,
1025.703,
13.11768,
548.8781,
239.394,
164.407,
28.38602,
4.136284,
482.3167,
234.4068,
0,
4514.469,
2055, 
3.488163,
29.31808,
15.2659,
40.08844,
19.5233,
37.0968,
128.7348,
643.3851,
508.5287,
21.65903,
69.04617,
33.95046,
26.41731,
12.10672,
56.15105,
34.75859,
115.1457,
1026.461,
12.98357,
543.7815,
239.5222,
164.6315,
28.15939,
4.114014,
486.8763,
238.2825,
0,
4539.477,
2056, 
3.429157,
28.85992,
15.03653,
40.23252,
19.34143,
37.07886,
129.8534,
655.9678,
516.5398,
21.64736,
68.64911,
33.78139,
26.41666,
12.04336,
56.51153,
34.63159,
116.0018,
1027.007,
12.83778,
538.4476,
239.5171,
164.8039,
27.9369,
4.091305,
491.4538,
242.2375,
0,
4564.354,
2057, 
3.369934,
28.39801,
14.80412,
40.37621,
19.15973,
37.05988,
130.9696,
668.5002,
524.5254,
21.63562,
68.25201,
33.61269,
26.41587,
11.98006,
56.86995,
34.50479,
116.8568,
1027.539,
12.69267,
533.1335,
239.5077,
164.975,
27.71494,
4.068195,
496.005,
246.1752,
0,
4589.102,
2058, 
3.31049,
27.93231,
14.56868,
40.51949,
18.97821,
37.03984,
132.0836,
680.9822,
532.4857,
21.62383,
67.85492,
33.44436,
26.41494,
11.91683,
57.22628,
34.3782,
117.7105,
1028.058,
12.54824,
527.8392,
239.494,
165.1449,
27.49353,
4.044689,
500.5299,
250.0955,
0,
4613.718,
2059, 
3.250835,
27.46283,
14.33023,
40.66238,
18.79686,
37.01877,
133.1954,
693.4139,
540.4205,
21.61198,
67.45779,
33.2764,
26.41388,
11.85366,
57.58053,
34.25182,
118.5631,
1028.563,
12.40449,
522.5645,
239.4759,
165.3135,
27.27266,
4.020782,
505.0286,
253.9986,
0,
4638.204,
2060, 
3.19096,
26.98959,
14.08875,
40.80486,
18.61568,
36.99669,
134.3048,
705.795,
548.33,
21.60008,
67.06064,
33.1088,
26.41268,
11.79057,
57.93271,
34.12562,
119.4145,
1029.056,
12.26141,
517.3096,
239.4534,
165.4808,
27.05233,
3.996475,
509.501,
257.8843,
0,
4662.557,
2061, 
3.143364,
26.62857,
13.89786,
40.93353,
18.44032,
36.96419,
135.3134,
718.3228,
555.9694,
21.57858,
66.71701,
32.94818,
26.40182,
11.73282,
58.23722,
34.00565,
120.1691,
1029.107,
12.12052,
512.2161,
239.3613,
165.5938,
26.83504,
3.975945,
513.7191,
261.6833,
0,
4686.016,
2062, 
3.095535,
26.26382,
13.70462,
41.06181,
18.26529,
36.93079,
136.3199,
730.8005,
563.5844,
21.55705,
66.37305,
32.7879,
26.39085,
11.67513,
58.53991,
33.88586,
120.9226,
1029.147,
11.98028,
507.1414,
239.2655,
165.7056,
26.61827,
3.955051,
517.9126,
265.4655,
0,
4709.35,
2063, 
3.047482,
25.89532,
13.509,
41.18974,
18.09056,
36.8965,
137.3244,
743.228,
571.1752,
21.5355,
66.02869,
32.62796,
26.37978,
11.61751,
58.84077,
33.76626,
121.6751,
1029.177,
11.84069,
502.0852,
239.166,
165.8164,
26.40204,
3.933804,
522.0817,
269.2311,
0,
4732.562,
2064, 
2.999203,
25.52307,
13.31102,
41.3173,
17.91614,
36.86136,
138.3268,
755.6055,
578.7416,
21.51393,
65.68396,
32.46837,
26.36861,
11.55994,
59.1398,
33.64681,
122.4266,
1029.195,
11.70177,
497.0479,
239.0628,
165.9261,
26.18633,
3.912193,
526.2262,
272.98,
0,
4755.649,
2065, 
2.950691,
25.14706,
13.11067,
41.4445,
17.74203,
36.82535,
139.3271,
767.9329,
586.2838,
21.49232,
65.33887,
32.30913,
26.35735,
11.50243,
59.437,
33.52754,
123.177,
1029.203,
11.5635,
492.0293,
238.9559,
166.0348,
25.97115,
3.890221,
530.3462,
276.7123,
0,
4778.612,
2066, 
2.903076,
24.78091,
12.90494,
41.5561,
17.56184,
36.77568,
140.2468,
780.1791,
593.4436,
21.46032,
65.04187,
32.16351,
26.34237,
11.45382,
59.70901,
33.42559,
123.8441,
1028.619,
11.43489,
487.3248,
238.7887,
166.0937,
25.766,
3.867893,
534.0621,
280.2709,
0,
4800.021,
2067, 
2.855186,
24.41046,
12.69695,
41.66736,
17.38208,
36.72525,
141.1646,
792.3752,
600.5801,
21.42831,
64.74396,
32.0182,
26.32731,
11.40527,
59.9793,
33.32372,
124.5103,
1028.027,
11.30687,
482.6376,
238.6181,
166.1516,
25.56135,
3.845203,
537.7554,
283.8133,
0,
4821.31,
2068, 
2.80703,
24.03574,
12.48672,
41.77829,
17.20274,
36.67404,
142.0805,
804.5216,
607.6935,
21.39632,
64.44513,
31.87319,
26.31216,
11.35676,
60.24786,
33.22194,
125.1756,
1027.426,
11.17945,
477.9676,
238.4442,
166.2086,
25.35719,
3.822155,
541.4258,
287.3398,
0,
4842.48,
2069, 
2.758598,
23.65674,
12.27426,
41.88889,
17.02382,
36.62206,
142.9944,
816.6178,
614.7834,
21.36432,
64.14536,
31.72849,
26.29691,
11.3083,
60.51468,
33.12025,
125.8399,
1026.818,
11.05264,
473.3149,
238.2669,
166.2648,
25.15353,
3.798744,
545.0735,
290.8502,
0,
4863.531,
2070, 
2.709904,
23.27347,
12.05954,
41.99915,
16.84532,
36.56931,
143.9064,
828.664,
621.8502,
21.33233,
63.84464,
31.58408,
26.28159,
11.25989,
60.77978,
33.01864,
126.5034,
1026.201,
10.92641,
468.6795,
238.0863,
166.32,
24.95039,
3.774971,
548.6984,
294.3445,
0,
4884.463,
2071, 
2.670567,
22.97519,
11.88821,
42.09338,
16.67532,
36.50879,
144.7937,
840.4486,
628.2635,
21.29365,
63.60425,
31.46265,
26.26318,
11.22272,
61.03698,
32.94373,
127.1109,
1024.949,
10.81119,
464.3342,
237.8706,
166.3362,
24.76753,
3.754349,
551.915,
297.6306,
0,
4903.625,
2072, 
2.630997,
22.67322,
11.71518,
42.1873,
16.50578,
36.44765,
145.6792,
852.1849,
634.6558,
21.25499,
63.36252,
31.34145,
26.2447,
11.18558,
61.29252,
32.86878,
127.7176,
1023.693,
10.69649,
460.0045,
237.6519,
166.3516,
24.58511,
3.733406,
555.1113,
300.9017,
0,
4922.676,
2073, 
2.591202,
22.36755,
11.54037,
42.28092,
16.33672,
36.38585,
146.5628,
863.873,
641.027,
21.21635,
63.11945,
31.22047,
26.22614,
11.14847,
61.54641,
32.79379,
128.3234,
1022.431,
10.58231,
455.6906,
237.4303,
166.3663,
24.40314,
3.712151,
558.2872,
304.1579,
0,
4941.621,
2074, 
2.551167,
22.0582,
11.36386,
42.37425,
16.16812,
36.32341,
147.4445,
875.5129,
647.3771,
21.17774,
62.87509,
31.09972,
26.20752,
11.1114,
61.79865,
32.71878,
128.9284,
1021.164,
10.46864,
451.3922,
237.2057,
166.3802,
24.22158,
3.690578,
561.4428,
307.3991,
0,
4960.456,
2075, 
2.51091,
21.74512,
11.18561,
42.4673,
16.00002,
36.26035,
148.3244,
887.1045,
653.7061,
21.13916,
62.62936,
30.9792,
26.18881,
11.07437,
62.04923,
32.64371,
129.5325,
1019.893,
10.35549,
447.1094,
236.9782,
166.3932,
24.04047,
3.66869,
564.578,
310.6253,
0,
4979.183,
2076, 
2.470089,
21.42688,
11.00423,
42.54627,
15.8306,
36.18639,
149.2001,
898.1954,
659.5313,
21.09483,
62.40604,
30.88595,
26.16705,
11.04869,
62.29128,
32.59361,
130.1127,
1018.221,
10.25204,
443.0146,
236.7285,
166.376,
23.88237,
3.645607,
567.3226,
313.5347,
0,
4995.968,
2077, 
2.429054,
21.10498,
10.82117,
42.62498,
15.6617,
36.11188,
150.0739,
909.2397,
665.3368,
21.05056,
62.18115,
30.79284,
26.1452,
11.02304,
62.5317,
32.54333,
130.6921,
1016.545,
10.14906,
438.9348,
236.4761,
166.3581,
23.72464,
3.622227,
570.0485,
316.4303,
0,
5012.652,
2078, 
2.387798,
20.77951,
10.63644,
42.70345,
15.49329,
36.0368,
150.9459,
920.2375,
671.1226,
21.00632,
61.95465,
30.69987,
26.12329,
10.99741,
62.7705,
32.4929,
131.2707,
1014.866,
10.04653,
434.8696,
236.2207,
166.3395,
23.56727,
3.598545,
572.7557,
319.312,
0,
5029.234,
2079, 
2.346325,
20.45035,
10.45003,
42.78162,
15.32539,
35.96118,
151.816,
931.1887,
676.8888,
20.96212,
61.72653,
30.60704,
26.10133,
10.97181,
63.00768,
32.4423,
131.8484,
1013.184,
9.944458,
430.8192,
235.9626,
166.3202,
23.41027,
3.57457,
575.4443,
322.18,
0,
5045.715,
2080, 
2.30463,
20.11758,
10.26193,
42.85954,
15.158,
35.88498,
152.6843,
942.0935,
682.6353,
20.91797,
61.49683,
30.51435,
26.07928,
10.94622,
63.24323,
32.39155,
132.4253,
1011.499,
9.842846,
426.7836,
235.7017,
166.3002,
23.25364,
3.550297,
578.1143,
325.0343,
0,
5062.095,
2081, 
2.270363,
19.85269,
10.11368,
42.93061,
15.0049,
35.8103,
153.5347,
952.4166,
688.044,
20.87472,
61.29996,
30.44916,
26.05833,
10.93027,
63.46896,
32.36187,
133.0037,
1009.898,
9.751072,
423.0617,
235.4467,
166.2743,
23.11551,
3.528748,
580.5901,
327.5376,
0,
5077.629,
2082, 
2.235928,
19.5849,
9.964035,
43.00143,
14.85223,
35.73511,
154.3833,
962.696,
693.4343,
20.83151,
61.10147,
30.384,
26.03729,
10.91434,
63.69316,
32.33194,
133.5813,
1008.293,
9.659691,
419.3528,
235.1892,
166.2477,
22.97768,
3.506947,
583.0486,
330.0287,
0,
5093.067,
2083, 
2.201324,
19.31415,
9.813004,
43.072,
14.69998,
35.65942,
155.2301,
972.9321,
698.8062,
20.78835,
60.90128,
30.31891,
26.0162,
10.89841,
63.91582,
32.30176,
134.1581,
1006.686,
9.568691,
415.657,
234.929,
166.2204,
22.84017,
3.484894,
585.4899,
332.5077,
0,
5108.411,
2084, 
2.166553,
19.04047,
9.660599,
43.14233,
14.54817,
35.58322,
156.0751,
983.1243,
704.1597,
20.74522,
60.69943,
30.25387,
25.99504,
10.8825,
64.13694,
32.27133,
134.7339,
1005.075,
9.478085,
411.9742,
234.6661,
166.1925,
22.70297,
3.462582,
587.9138,
334.9745,
0,
5123.659,
2085, 
2.131611,
18.76382,
9.50679,
43.21241,
14.39679,
35.5065,
156.9183,
993.2726,
709.4946,
20.70212,
60.49591,
30.18887,
25.97381,
10.86659,
64.35651,
32.24065,
135.3091,
1003.462,
9.387867,
408.3046,
234.4005,
166.1639,
22.56607,
3.440014,
590.3206,
337.4292,
0,
5138.812,
2086, 
2.096428,
18.48627,
9.352921,
43.28245,
14.25156,
35.43158,
157.7382,
1002.691,
714.5748,
20.65929,
60.30441,
30.14646,
25.95818,
10.8572,
64.55437,
32.21951,
135.8895,
1002.196,
9.302528,
405.0207,
234.1525,
166.1285,
22.44147,
3.417191,
592.6455,
339.5772,
0,
5153.376,
2087, 
2.061077,
18.20569,
9.197632,
43.35224,
14.10666,
35.35611,
158.5563,
1012.068,
719.6371,
20.61649,
60.11115,
30.10404,
25.94245,
10.84781,
64.75076,
32.19808,
136.469,
1000.926,
9.217548,
401.7479,
233.9016,
166.0925,
22.31714,
3.394108,
594.9534,
341.7143,
0,
5167.845,
2088, 
2.025566,
17.92209,
9.040878,
43.42181,
13.9621,
35.28009,
159.3727,
1021.403,
724.6818,
20.57372,
59.91599,
30.06159,
25.92664,
10.83842,
64.9457,
32.17635,
137.0478,
999.6519,
9.132927,
398.4865,
233.6479,
166.0558,
22.19308,
3.37077,
597.2444,
343.8404,
0,
5182.22,
2089, 
1.989887,
17.63547,
8.882706,
43.4911,
13.81786,
35.20355,
160.1873,
1030.698,
729.7087,
20.531,
59.71899,
30.01913,
25.91075,
10.82903,
65.13919,
32.15431,
137.6257,
998.3724,
9.048668,
395.2363,
233.3914,
166.0185,
22.0693,
3.347179,
599.5184,
345.9555,
0,
5196.5,
2090, 
1.954041,
17.34583,
8.723068,
43.56015,
13.67395,
35.1265,
161.0001,
1039.952,
734.7179,
20.48832,
59.5202,
29.97663,
25.89477,
10.81965,
65.33123,
32.13197,
138.2028,
997.0884,
8.964764,
391.9973,
233.1321,
165.9805,
21.94578,
3.323334,
601.7754,
348.0595,
0,
5210.686,
2091, 
1.925259,
17.12216,
8.599396,
43.63455,
13.54836,
35.06055,
161.7514,
1048.332,
739.4318,
20.44457,
59.35727,
29.95113,
25.88765,
10.81394,
65.50419,
32.11387,
138.7685,
996.234,
8.886402,
389.1364,
232.9326,
165.9444,
21.8332,
3.303444,
603.9966,
349.9732,
0,
5224.487,
2092, 
1.896324,
16.89575,
8.474472,
43.7087,
13.42294,
34.99405,
162.501,
1056.675,
744.129,
20.40087,
59.19238,
29.92554,
25.88043,
10.80822,
65.6758,
32.09546,
139.3335,
995.3734,
8.808361,
386.2849,
232.7301,
165.9075,
21.72085,
3.28331,
606.2015,
351.8769,
0,
5238.196,
2093, 
1.867241,
16.66666,
8.348267,
43.78259,
13.2977,
34.92697,
163.249,
1064.98,
748.8097,
20.35721,
59.02554,
29.89988,
25.8731,
10.80251,
65.8461,
32.07674,
139.8976,
994.5064,
8.73064,
383.4426,
232.5246,
165.8701,
21.60875,
3.262932,
608.3899,
353.7705,
0,
5251.813,
2094, 
1.838001,
16.43484,
8.22081,
43.85623,
13.17264,
34.85938,
163.9953,
1073.249,
753.4736,
20.31359,
58.85684,
29.87415,
25.86565,
10.79679,
66.01505,
32.05772,
140.4609,
993.6331,
8.653236,
380.6096,
232.3162,
165.832,
21.49688,
3.24231,
610.5621,
355.6541,
0,
5265.339,
2095, 
1.808613,
16.20035,
8.092087,
43.92961,
13.04774,
34.7912,
164.74,
1081.48,
758.121,
20.27001,
58.68613,
29.84835,
25.8581,
10.79108,
66.18266,
32.0384,
141.0234,
992.7534,
8.57616,
377.7859,
232.1049,
165.7933,
21.38525,
3.221447,
612.7178,
357.5276,
0,
5278.774,
2096, 
1.779716,
15.96927,
7.963165,
44.01115,
12.93033,
34.73123,
165.4265,
1088.685,
762.3978,
20.22456,
58.53107,
29.83279,
25.85916,
10.78765,
66.32428,
32.02032,
141.5644,
992.1901,
8.507828,
375.2706,
231.9435,
165.7645,
21.28542,
3.201145,
614.7955,
359.2096,
0,
5291.207,
2097, 
1.750645,
15.73523,
7.832962,
44.09242,
12.81296,
34.67065,
166.1115,
1095.857,
766.6591,
20.17916,
58.37384,
29.81712,
25.86008,
10.78422,
66.46467,
32.00193,
142.1046,
991.619,
8.439762,
372.7631,
231.7788,
165.735,
21.18579,
3.180584,
616.8571,
360.8822,
0,
5303.549,
2098, 
1.721394,
15.49823,
7.701431,
44.17341,
12.69563,
34.60944,
166.7949,
1102.994,
770.9047,
20.1338,
58.21448,
29.80135,
25.86086,
10.78078,
66.60384,
31.98322,
142.6441,
991.0399,
8.37196,
370.2634,
231.6108,
165.7048,
21.08638,
3.15976,
618.9026,
362.5454,
0,
5315.801,
2099, 
1.691963,
15.25833,
7.568604,
44.25412,
12.57835,
34.54764,
167.4767,
1110.099,
775.1346,
20.08849,
58.05301,
29.78548,
25.8615,
10.77734,
66.74178,
31.9642,
143.1828,
990.4531,
8.304424,
367.7715,
231.4397,
165.674,
20.98716,
3.13868,
620.932,
364.1994,
0,
5327.963,
2100, 
1.662361,
15.01547,
7.434464,
44.33456,
12.46111,
34.48517,
168.1571,
1117.169,
779.3491,
20.04323,
57.88937,
29.76949,
25.862,
10.7739,
66.87849,
31.94487,
143.7206,
989.8586,
8.237148,
365.2874,
231.2652,
165.6425,
20.88814,
3.117332,
622.9453,
365.844,
0,
5340.037];
