real main.em.dem.URBPOPTOT[28](t) = [1971, 
16.55778,
149.3658,
31.01851,
19.0625,
56.1832,
63.40449,
29.59219,
33.5097,
10.16387,
11.02492,
245.692,
58.00983,
14.14562,
31.89108,
14.35385,
89.44347,
32.40678,
114.4239,
22.42951,
153.8356,
41.8994,
20.97806,
57.58957,
13.91833,
25.49651,
5.648327,
0,
1362.045,
1972, 
16.80818,
151.1022,
32.40245,
19.71508,
58.55209,
65.3644,
30.60663,
35.11626,
10.72804,
11.35846,
248.0665,
59.32513,
14.71709,
32.636,
14.78165,
91.11504,
34.22383,
118.8337,
23.50835,
157.4106,
43.40672,
22.09233,
59.14505,
14.26358,
26.69394,
6.130322,
0,
1398.104,
1973, 
17.01788,
152.6521,
33.8349,
20.37761,
60.99449,
67.37376,
31.66016,
36.80648,
11.31489,
11.70092,
250.2977,
60.683,
15.30454,
33.36157,
15.22442,
92.79922,
36.12948,
123.4133,
24.59662,
160.8539,
44.94205,
23.24418,
60.73676,
14.54108,
28.07873,
6.645534,
0,
1434.585,
1974, 
17.25067,
154.119,
35.31293,
21.05054,
63.50189,
69.4388,
32.76005,
38.58701,
11.94295,
12.04926,
252.4044,
62.08712,
15.9012,
34.08029,
15.68019,
94.52621,
38.13467,
128.1489,
25.67258,
164.1021,
46.48926,
24.43108,
62.328,
14.81125,
29.51485,
7.191883,
0,
1471.517,
1975, 
17.49355,
155.6109,
36.83444,
21.73356,
66.07796,
71.54473,
33.98837,
40.46308,
12.59721,
12.40152,
254.3291,
63.52868,
16.49866,
34.79873,
16.14948,
96.33045,
40.24416,
133.0102,
26.73526,
167.0021,
48.01526,
25.6536,
63.87792,
15.05342,
30.9973,
7.769917,
0,
1508.74,
1976, 
17.72725,
157.1169,
38.37225,
22.37855,
68.69138,
73.68161,
35.33956,
42.4097,
13.28987,
12.75614,
255.8307,
64.96684,
17.02046,
35.46351,
16.58696,
97.99542,
42.45204,
138.2326,
27.77761,
173.4075,
49.74739,
27.05447,
65.19022,
15.22606,
32.90102,
8.422878,
0,
1550.039,
1977, 
17.93631,
158.7502,
39.96693,
23.03135,
71.39542,
75.88436,
36.69107,
44.44168,
13.99171,
13.11995,
257.3291,
66.3815,
17.57384,
36.1107,
17.03983,
99.69273,
44.78354,
143.6211,
28.79088,
179.7353,
51.59585,
28.49911,
66.47147,
15.38663,
34.89709,
9.1102,
0,
1592.228,
1978, 
18.12591,
160.5882,
41.62097,
23.6976,
74.19435,
78.16198,
38.04688,
46.62104,
14.74675,
13.49629,
258.8112,
67.74494,
18.14437,
36.74178,
17.50227,
101.4059,
46.89989,
149.188,
29.79929,
186.0484,
53.56418,
29.99142,
67.71336,
15.54412,
36.99677,
9.825553,
0,
1635.221,
1979, 
18.3224,
162.5285,
43.2934,
24.36984,
77.08198,
80.49475,
39.47189,
48.93215,
15.56026,
13.87839,
260.2619,
69.10077,
18.71797,
37.38923,
17.96074,
103.055,
49.13599,
154.9486,
30.82109,
192.5812,
55.57951,
31.53301,
68.91244,
15.70238,
39.18182,
10.57697,
0,
1679.392,
1980, 
18.54614,
164.5399,
44.91494,
25.04933,
80.05976,
82.88955,
40.97305,
51.30556,
16.34808,
14.26772,
261.8241,
70.43406,
19.30219,
38.05837,
18.41853,
104.6295,
51.69957,
160.9534,
31.87681,
199.4025,
57.66471,
33.12248,
70.06403,
15.88321,
41.4654,
11.39435,
0,
1725.087,
1981, 
18.81066,
166.7349,
46.29053,
25.68452,
83.04501,
85.28377,
42.56048,
53.70035,
17.15356,
14.69738,
263.0722,
71.37246,
20.47287,
38.67439,
18.82755,
105.8749,
54.58127,
166.4407,
33.00641,
209.6132,
59.92344,
35.11518,
70.75181,
16.09804,
43.27562,
12.1598,
0,
1773.221,
1982, 
19.06194,
168.8141,
47.61094,
26.34214,
86.09253,
87.72739,
44.21246,
56.20863,
18.05336,
15.14012,
264.1583,
72.29196,
21.71008,
39.2785,
19.25221,
107.2025,
57.56163,
172.0694,
34.22338,
220.3197,
62.25845,
37.17195,
71.41315,
16.33415,
45.1948,
12.93814,
0,
1822.642,
1983, 
19.29383,
170.9309,
48.94657,
27.04353,
89.20135,
90.22922,
45.94361,
58.73206,
18.93817,
15.61177,
265.1573,
73.19291,
23.03392,
39.89314,
19.69778,
108.658,
60.39155,
177.8647,
35.45084,
231.1527,
64.67381,
39.29042,
72.0672,
16.55779,
47.30351,
13.7623,
0,
1873.019,
1984, 
19.51283,
173.0459,
50.28735,
27.77074,
92.36076,
92.78273,
47.73256,
61.318,
19.82176,
16.11626,
266.1512,
74.07751,
24.39706,
40.51543,
20.16101,
110.1492,
63.40182,
183.8425,
36.67807,
242.0296,
67.16282,
41.46107,
72.71276,
16.76396,
49.47939,
14.61715,
0,
1924.349,
1985, 
19.73287,
175.1707,
51.62425,
28.51133,
95.55946,
95.37577,
49.56621,
64.05389,
20.74609,
16.66451,
267.1921,
74.93523,
25.79166,
41.11751,
20.639,
111.6255,
66.47091,
189.9734,
37.9035,
253.3809,
69.70146,
43.66773,
73.34363,
16.96849,
51.72571,
15.50678,
0,
1976.948,
1986, 
19.95257,
177.3165,
52.93309,
29.30936,
98.69155,
97.9297,
51.31949,
66.89189,
21.83201,
17.40578,
268.3198,
75.65661,
27.01995,
41.60295,
21.07257,
112.9916,
69.39601,
196.1809,
39.22042,
265.4718,
72.3623,
46.06959,
74.31947,
17.20695,
53.90954,
16.4598,
0,
2030.842,
1987, 
20.20973,
179.4504,
54.23906,
30.12376,
101.8434,
100.5409,
53.06633,
69.84978,
22.98326,
18.21787,
269.5592,
76.34676,
28.26446,
42.09317,
21.53888,
114.4486,
72.44894,
202.5227,
40.5747,
278.2006,
75.07957,
48.51637,
75.2812,
17.46421,
56.12967,
17.42958,
0,
2086.423,
1988, 
20.51106,
181.6625,
55.56475,
30.96287,
105.0157,
103.2111,
54.81968,
72.93714,
24.12789,
19.06002,
270.9023,
76.98542,
29.5364,
42.56364,
22.01071,
115.8279,
75.50358,
208.9944,
41.94436,
291.1929,
77.84642,
51.01923,
76.23048,
17.73526,
58.44875,
18.42327,
0,
2143.038,
1989, 
20.85189,
184.0564,
56.90595,
31.82368,
108.2053,
105.9318,
56.58236,
76.16714,
25.28821,
19.91592,
272.2968,
77.58221,
30.83814,
43.01562,
22.43495,
117.0071,
78.63169,
215.6205,
43.33603,
304.3217,
80.67289,
53.57714,
77.14943,
18.00956,
60.86648,
19.45945,
0,
2200.549,
1990, 
21.18044,
186.8079,
58.36391,
32.70392,
111.4052,
108.6904,
58.34179,
79.46465,
26.54717,
20.75109,
273.7327,
78.14332,
32.16152,
43.43694,
22.78823,
118.0169,
81.68829,
222.3744,
44.73646,
317.9212,
83.58435,
56.18553,
78.03741,
18.30509,
63.29734,
20.53064,
0,
2259.197,
1991, 
21.51627,
190.4067,
59.85378,
33.6912,
114.4804,
111.414,
60.02969,
82.83587,
27.82164,
21.48922,
275.2653,
78.3306,
33.07487,
43.5731,
23.01797,
118.3589,
84.86355,
228.9576,
45.60486,
333.1993,
86.13196,
59.00925,
78.66465,
18.61054,
65.61117,
21.57228,
0,
2317.385,
1992, 
21.83313,
194.1382,
61.36387,
34.68797,
117.5448,
114.1436,
61.71907,
86.3683,
29.11315,
22.14013,
276.8659,
78.29913,
33.9901,
43.71719,
23.19252,
118.4837,
88.1787,
235.6552,
46.38153,
347.7109,
88.73692,
61.90188,
79.28347,
18.8633,
68.10455,
22.6388,
0,
2375.056,
1993, 
22.14266,
197.8897,
62.89672,
35.69186,
120.6286,
116.8915,
63.42063,
90.0153,
30.46856,
22.75383,
278.3986,
78.18636,
34.92478,
43.77102,
23.27152,
118.4578,
90.9694,
242.4687,
47.17991,
362.1195,
91.39593,
64.85572,
79.88165,
19.09183,
70.81512,
23.75155,
0,
2432.339,
1994, 
22.44779,
201.5842,
64.45027,
36.69884,
123.7495,
119.6634,
65.11499,
93.98888,
31.71463,
23.36307,
279.8226,
78.15559,
35.88354,
43.6253,
23.28118,
118.2605,
93.65473,
249.396,
47.98721,
376.5573,
94.03429,
67.87959,
80.48497,
19.32923,
73.58247,
24.94331,
0,
2489.653,
1995, 
22.75056,
205.2235,
66.00888,
37.71416,
126.9043,
122.4427,
66.79578,
98.08717,
33.06687,
23.96626,
281.1772,
78.16688,
36.84235,
43.37797,
23.27169,
117.9375,
96.55666,
256.4308,
48.76022,
391.0198,
96.65052,
70.97659,
81.07425,
19.59007,
76.3037,
26.16765,
0,
2547.264,
1996, 
23.09374,
208.7804,
67.44324,
38.68304,
130.0509,
125.1189,
68.40775,
102.1304,
34.6593,
24.54914,
282.5522,
78.10251,
37.77201,
43.09809,
23.3231,
117.5974,
99.44969,
263.5921,
49.24837,
406.4626,
99.53178,
74.73365,
81.40923,
19.87457,
79.13634,
27.24805,
0,
2606.049,
1997, 
23.42694,
212.4299,
68.87125,
39.65788,
133.224,
127.7947,
70.03254,
106.2661,
36.28039,
25.10966,
283.9313,
78.00528,
38.70907,
42.80607,
23.32575,
117.2671,
102.4294,
270.849,
49.75267,
421.8944,
102.448,
78.58504,
81.75108,
20.14908,
82.02011,
28.3631,
0,
2665.38,
1998, 
23.74109,
216.1268,
70.29875,
40.63652,
136.42,
130.4675,
71.65276,
110.7086,
37.8334,
25.64466,
285.3065,
77.75105,
39.64442,
42.52085,
23.28879,
116.9459,
105.5153,
278.2,
50.2364,
437.3528,
105.3714,
82.51292,
82.07973,
20.4094,
85.00034,
29.55213,
0,
2725.218,
1999, 
24.05151,
219.7757,
71.72242,
41.61992,
139.6141,
133.1288,
73.26677,
115.3846,
39.44256,
26.15432,
286.6802,
77.41764,
40.57616,
42.2234,
23.2869,
116.5852,
108.6801,
285.6235,
50.69794,
452.8322,
108.2674,
86.49284,
82.38709,
20.66835,
88.08476,
30.78243,
0,
2785.447,
2000, 
24.38648,
223.3468,
73.133,
42.60287,
142.7954,
135.7663,
74.90108,
120.2836,
41.13206,
26.63254,
288.1147,
77.27074,
41.50776,
41.91194,
23.37214,
116.1281,
111.9462,
293.1477,
51.14639,
468.5029,
111.1028,
90.53011,
82.6964,
20.9412,
91.21206,
32.06764,
0,
2846.579,
2001, 
24.68031,
226.7378,
74.58468,
43.57431,
145.777,
138.326,
76.58418,
125.5671,
42.91576,
27.0954,
290.0404,
77.34322,
42.45937,
41.64022,
23.61548,
115.505,
115.2369,
300.7654,
51.62536,
489.2111,
114.1406,
92.28796,
83.05676,
21.23627,
94.41801,
33.4408,
0,
2911.865,
2002, 
24.9751,
229.9963,
76.04748,
44.54586,
148.7265,
140.8511,
78.30956,
131.0745,
44.77455,
27.57114,
292.2457,
77.29829,
43.39322,
41.37648,
23.86448,
114.888,
118.2662,
308.4656,
52.0771,
509.9727,
117.2089,
94.04424,
83.40098,
21.54996,
97.77605,
34.85891,
0,
2977.559,
2003, 
25.25268,
233.1778,
77.51198,
45.51552,
151.6104,
143.3444,
80.06573,
136.7762,
46.70897,
28.05726,
294.7806,
77.21146,
44.31124,
41.15257,
24.12016,
114.3072,
121.3136,
316.1793,
52.51642,
530.8558,
120.3019,
95.7988,
83.72263,
21.87053,
101.1242,
36.34632,
0,
3043.934,
2004, 
25.52716,
236.4411,
78.98926,
46.48355,
154.4705,
145.8165,
81.85236,
142.7185,
48.72156,
28.55321,
297.474,
77.10442,
45.2643,
40.95185,
24.3903,
113.778,
124.741,
323.9012,
52.95188,
551.946,
123.4168,
97.52232,
84.02406,
22.18582,
104.333,
37.90445,
0,
3111.463,
2005, 
25.81204,
239.7693,
80.46098,
47.45392,
157.3413,
148.2821,
83.6614,
148.9352,
50.80208,
29.05884,
300.1895,
76.99537,
46.22797,
40.7478,
24.6769,
113.283,
128.5761,
331.566,
53.3591,
573.2979,
126.56,
99.26242,
84.29836,
22.51027,
107.5022,
39.53257,
0,
3180.162,
2006, 
26.09511,
243.0272,
81.88811,
48.38655,
159.9134,
150.6762,
85.56937,
155.5645,
52.99508,
29.57964,
302.9275,
76.96909,
47.16033,
40.62985,
25.03261,
113.0525,
133.0161,
339.693,
53.75152,
588.7703,
129.9574,
101.1589,
84.58963,
22.87038,
110.8396,
41.2702,
0,
3245.384,
2007, 
26.39052,
246.3677,
83.30231,
49.33836,
162.4491,
153.0494,
87.54384,
162.4546,
55.29406,
30.12295,
305.9214,
76.95573,
48.08133,
40.53977,
25.40839,
112.9974,
137.7847,
347.7897,
54.14345,
604.4955,
133.4233,
103.1007,
84.88157,
23.28374,
114.0413,
43.09365,
0,
3312.254,
2008, 
26.70704,
249.6946,
84.69836,
50.30563,
164.9464,
155.3991,
89.58206,
169.6157,
57.69037,
30.71084,
308.9601,
76.97466,
48.99976,
40.47548,
25.80756,
113.0829,
142.724,
355.8951,
54.53571,
620.4763,
136.9168,
105.0667,
85.1519,
23.73907,
117.2788,
44.98129,
0,
3380.416,
2009, 
27.03974,
252.9292,
86.08996,
51.28282,
167.4201,
157.7592,
91.68176,
177.0704,
60.16788,
31.32583,
311.6618,
77.03662,
49.96295,
40.45042,
26.23738,
113.2475,
147.6734,
364.0476,
54.93785,
636.7489,
140.4555,
107.035,
85.40128,
24.1948,
120.7324,
46.92663,
0,
3449.517,
2010, 
27.3684,
256.0604,
87.58172,
52.24329,
169.9027,
160.1559,
93.8808,
184.8344,
62.70588,
31.95233,
314.1489,
77.10119,
50.97982,
40.433,
26.68563,
113.4169,
152.3471,
372.3082,
55.36261,
653.2286,
144.0482,
109.0156,
85.61671,
24.60799,
124.3429,
48.98152,
0,
3519.311,
2011, 
27.77086,
259.1479,
89.22753,
53.23426,
171.9198,
162.5541,
96.4157,
192.9156,
65.72274,
32.64439,
316.9093,
77.56454,
51.87553,
40.4686,
27.50165,
114.2218,
156.7437,
384.6095,
55.97517,
668.2053,
148.0481,
112.0542,
86.04431,
25.00815,
129.027,
51.24936,
0,
3597.059,
2012, 
28.18237,
262.3173,
90.87436,
54.26083,
173.9105,
164.977,
99.05,
201.2551,
68.82458,
33.37081,
319.5248,
78.02283,
52.86473,
40.54591,
28.34196,
115.1352,
161.1121,
397.0613,
56.67784,
683.6206,
152.1116,
115.1506,
86.43372,
25.43399,
133.6738,
53.64047,
0,
3676.375,
2013, 
28.5991,
265.4598,
92.47636,
55.28816,
175.8669,
167.4112,
102.0189,
209.8474,
72.05518,
34.1219,
321.9396,
78.46435,
53.99788,
40.63462,
29.21225,
116.0991,
165.5601,
409.6361,
57.39215,
699.2277,
156.2154,
118.2572,
86.80753,
25.88011,
138.2107,
56.16969,
0,
3756.849,
2014, 
28.99298,
268.5633,
94.03365,
56.30958,
177.8255,
169.8636,
105.0763,
218.7617,
75.35349,
34.9623,
324.3253,
78.89256,
55.30652,
40.69233,
30.11573,
117.0717,
170.1221,
422.2299,
58.11532,
714.7549,
160.3311,
121.3591,
87.16124,
26.32657,
142.7898,
58.81778,
0,
3838.155,
2015, 
29.37806,
271.6104,
95.54426,
57.32601,
179.7836,
172.3573,
108.1211,
227.9445,
78.73342,
35.9995,
326.7414,
79.3139,
56.62272,
40.75883,
31.04658,
118.0905,
174.7681,
434.8458,
58.83052,
730.1343,
164.4926,
124.4582,
87.49715,
26.77781,
147.3325,
61.60525,
0,
3920.114,
2016, 
29.80977,
274.6957,
97.04459,
58.34184,
181.6989,
174.8803,
111.1651,
237.4838,
82.24644,
36.65862,
329.1943,
79.73047,
57.83294,
40.84193,
31.99394,
119.1504,
179.2081,
447.6905,
59.45602,
745.4575,
168.7406,
127.5467,
87.8097,
27.25172,
151.8989,
64.53745,
0,
4002.366,
2017, 
30.29321,
277.7775,
98.51467,
59.35305,
183.5986,
177.3663,
114.2147,
247.3601,
85.88006,
37.10955,
331.6721,
80.15898,
58.83407,
40.90408,
32.94516,
120.1293,
183.4143,
460.6441,
59.99225,
761.0103,
173.0156,
130.6197,
88.0686,
27.74454,
156.7157,
67.5602,
0,
4084.897,
2018, 
30.81289,
280.6774,
99.87657,
60.38386,
185.5199,
179.749,
117.253,
257.4581,
89.65507,
37.87963,
334.1274,
80.5853,
59.58885,
40.93587,
33.90894,
120.9927,
187.8453,
473.5159,
60.49859,
775.8369,
177.2628,
133.6892,
88.27235,
28.24609,
161.7458,
70.63353,
0,
4166.951,
2019, 
31.34108,
283.4468,
101.163,
61.40376,
187.4083,
182.0304,
120.2558,
267.8125,
93.62193,
38.68995,
336.64,
81.0068,
60.31375,
40.94519,
34.89466,
121.7737,
192.3571,
486.3113,
60.97333,
789.6793,
181.5055,
136.7677,
88.4325,
28.76421,
166.9196,
73.76814,
0,
4248.227,
2020, 
31.77082,
285.7544,
102.328,
62.41275,
189.1237,
184.1861,
123.2532,
278.5185,
97.72328,
39.48657,
338.8376,
81.35873,
61.02903,
40.89707,
35.90796,
122.371,
195.9867,
498.9704,
61.37772,
802.6342,
185.7952,
139.7579,
88.53059,
29.21801,
172.4283,
77.00595,
0,
4326.664,
2021, 
32.02263,
287.6904,
103.4699,
63.35816,
190.3335,
186.0891,
126.1484,
289.4771,
101.9809,
40.06544,
340.4518,
81.73915,
61.73814,
39.92976,
36.88036,
122.8793,
199.9757,
511.1957,
61.65019,
812.0182,
189.8109,
142.3941,
88.53136,
29.51985,
178.2007,
80.25337,
0,
4397.804,
2022, 
32.27541,
289.6328,
104.6173,
64.31031,
191.5462,
187.9999,
129.0735,
300.6046,
106.3258,
40.64848,
342.0689,
82.11804,
62.45085,
38.95177,
37.86545,
123.3871,
203.9925,
523.5516,
61.92296,
821.4081,
193.8685,
145.0541,
88.52786,
29.82273,
184.068,
83.55895,
0,
4469.652,
2023, 
32.52915,
291.5815,
105.7702,
65.26921,
192.7621,
189.9186,
132.0285,
311.9012,
110.7581,
41.23567,
343.689,
82.49543,
63.16716,
37.96309,
38.86322,
123.8944,
208.037,
536.0381,
62.19601,
830.8038,
197.968,
147.7381,
88.52012,
30.12664,
190.0304,
86.9227,
0,
4542.207,
2024, 
32.78385,
293.5366,
106.9285,
66.23486,
193.9809,
191.8451,
135.0133,
323.3668,
115.2778,
41.82703,
345.3121,
82.87127,
63.88707,
36.96371,
39.87368,
124.4012,
212.1092,
548.6551,
62.46936,
840.2055,
202.1094,
150.4459,
88.50813,
30.4316,
196.0878,
90.3446,
0,
4615.47,
2025, 
33.03952,
295.4981,
108.0923,
67.20725,
195.2027,
193.7795,
138.028,
335.0013,
119.8848,
42.42255,
346.938,
83.24561,
64.61057,
35.95365,
40.89682,
124.9076,
216.2092,
561.4028,
62.743,
849.6131,
206.2928,
153.1776,
88.49186,
30.7376,
202.2401,
93.82467,
0,
4689.441,
2026, 
33.24253,
297.5938,
109.6615,
67.61176,
196.2749,
195.1872,
139.2947,
342.7308,
121.9365,
42.51607,
346.601,
82.54369,
64.94289,
35.82627,
41.25179,
124.2029,
218.7131,
562.1364,
62.55665,
842.7892,
207.0291,
153.3199,
87.67134,
30.9814,
204.3982,
95.77338,
0,
4706.787,
2027, 
33.44616,
299.6969,
111.2407,
68.00961,
197.3479,
196.5902,
140.5344,
350.3257,
123.9296,
42.60657,
346.264,
81.84474,
65.27272,
35.69873,
41.59882,
123.5003,
221.1908,
562.7927,
62.37054,
835.9778,
207.746,
153.4423,
86.85443,
31.2256,
206.5019,
97.68451,
0,
4723.693,
2028, 
33.65041,
301.8073,
112.83,
68.40079,
198.4218,
197.9886,
141.7471,
357.7861,
125.8642,
42.69405,
345.9272,
81.14876,
65.60005,
35.57104,
41.93791,
122.7996,
223.6422,
563.3717,
62.18466,
829.1791,
208.4437,
153.5448,
86.04115,
31.47022,
208.5511,
99.55807,
0,
4740.162,
2029, 
33.85528,
303.925,
114.4293,
68.7853,
199.4966,
199.3822,
142.933,
365.1121,
127.7402,
42.77853,
345.5905,
80.45574,
65.9249,
35.44317,
42.26906,
122.101,
226.0674,
563.8734,
61.99902,
822.3928,
209.122,
153.6273,
85.23149,
31.71524,
210.546,
101.3941,
0,
4756.191,
2030, 
34.06077,
306.0501,
116.0387,
69.16315,
200.5722,
200.7712,
144.0919,
372.3036,
129.5577,
42.85999,
345.2539,
79.76567,
66.24725,
35.31514,
42.59228,
121.4043,
228.4663,
564.2979,
61.81361,
815.6193,
209.7809,
153.69,
84.42548,
31.96068,
212.4864,
103.1925,
0,
4771.781,
2031, 
34.23782,
307.9812,
117.4751,
69.88095,
201.6153,
202.5042,
146.312,
383.981,
133.3248,
43.14962,
345.6837,
79.49512,
66.73276,
35.2649,
43.27983,
121.1878,
231.8586,
570.9691,
61.73026,
815.7146,
212.0894,
155.0569,
83.96948,
32.21062,
216.9758,
106.2915,
0,
4818.972,
2032, 
34.41534,
309.9181,
118.9186,
70.59946,
202.6601,
204.2393,
148.5347,
395.6971,
137.115,
43.43959,
346.1135,
79.22403,
67.2188,
35.21463,
43.96999,
120.9709,
235.2525,
577.6748,
61.64668,
815.8044,
214.4082,
156.4271,
83.51287,
32.46112,
221.4935,
109.4056,
0,
4866.336,
2033, 
34.59331,
311.8607,
120.3689,
71.3187,
203.7066,
205.9766,
150.7601,
407.4519,
140.9281,
43.72993,
346.5433,
78.95243,
67.70535,
35.16434,
44.66277,
120.7535,
238.6479,
584.4147,
61.56289,
815.8886,
216.7375,
157.8007,
83.05565,
32.71221,
226.0396,
112.5347,
0,
4913.871,
2034, 
34.77174,
313.8091,
121.8261,
72.03865,
204.7546,
207.7161,
152.9881,
419.2455,
144.7644,
44.02063,
346.973,
78.68032,
68.19244,
35.11402,
45.35815,
120.5356,
242.045,
591.1891,
61.47887,
815.9673,
219.0772,
159.1777,
82.59782,
32.96387,
230.614,
115.6789,
0,
4961.578,
2035, 
34.95063,
315.7633,
123.2903,
72.75932,
205.8044,
209.4579,
155.2186,
431.0778,
148.6236,
44.31169,
347.4026,
78.40769,
68.68006,
35.06367,
46.05615,
120.3171,
245.4437,
597.9977,
61.39463,
816.0404,
221.4274,
160.5579,
82.13938,
33.2161,
235.2166,
118.8383,
0,
5009.457,
2036, 
35.11732,
317.7419,
124.696,
73.43352,
206.6722,
211.0548,
157.5433,
444.2177,
152.7133,
44.56414,
347.9346,
78.15352,
69.13284,
34.96236,
46.77969,
120.1866,
248.8502,
604.3264,
61.23835,
815.6003,
223.6098,
161.7867,
81.67953,
33.46184,
239.8946,
122.2493,
0,
5057.601,
2037, 
35.2844,
319.7265,
126.1083,
74.1084,
207.5412,
212.6537,
159.8706,
457.4007,
156.8274,
44.81689,
348.4668,
77.89886,
69.5861,
34.86099,
47.50594,
120.0558,
252.2583,
610.6854,
61.08173,
815.1526,
225.8016,
163.0184,
81.21909,
33.70813,
244.6011,
125.6766,
0,
5105.916,
2038, 
35.45187,
321.7169,
127.527,
74.78394,
208.4116,
214.2546,
162.2007,
470.6269,
160.966,
45.06995,
348.9992,
77.64372,
70.03984,
34.75958,
48.2349,
119.9246,
255.668,
617.075,
60.92476,
814.6974,
228.0026,
164.253,
80.75802,
33.95498,
249.3364,
129.1203,
0,
5154.402,
2039, 
35.61974,
323.7131,
128.9522,
75.46016,
209.2833,
215.8575,
164.5335,
483.8962,
165.129,
45.32331,
349.5318,
77.3881,
70.49409,
34.65812,
48.96657,
119.793,
259.0793,
623.4952,
60.76746,
814.2348,
230.213,
165.4905,
80.29633,
34.20238,
254.1004,
132.5803,
0,
5203.059,
2040, 
35.78801,
325.7152,
130.384,
76.13702,
210.1563,
217.4624,
166.869,
497.2087,
169.3164,
45.57697,
350.0647,
77.13197,
70.94881,
34.55661,
49.70095,
119.6611,
262.4922,
629.9457,
60.60982,
813.7648,
232.4327,
166.7309,
79.83404,
34.45035,
258.893,
136.0566,
0,
5251.888,
2041, 
35.92574,
327.4489,
131.5964,
76.7215,
210.7247,
218.8166,
169.1469,
511.2429,
173.5652,
45.77087,
350.564,
76.88842,
71.32048,
34.41914,
50.42715,
119.5943,
265.7044,
635.4196,
60.37424,
812.255,
234.3854,
167.7402,
79.36853,
34.68296,
263.5515,
139.635,
0,
5297.29,
2042, 
36.06373,
329.187,
132.8134,
77.30653,
211.2938,
220.1724,
171.4275,
525.3218,
177.8384,
45.96498,
351.0635,
76.64441,
71.69254,
34.28161,
51.15597,
119.5274,
268.9181,
640.9164,
60.13822,
810.7344,
236.3456,
168.7517,
78.90242,
34.91605,
268.237,
143.2298,
0,
5342.845,
2043, 
36.20198,
330.9293,
134.0349,
77.89214,
211.8635,
221.5298,
173.7106,
539.4454,
182.136,
46.15932,
351.5632,
76.39994,
72.06497,
34.14402,
51.88741,
119.4601,
272.1334,
646.4362,
59.90174,
809.2027,
238.3133,
169.7654,
78.43571,
35.14962,
272.9495,
146.8412,
0,
5388.551,
2044, 
36.3405,
332.6759,
135.2609,
78.47831,
212.434,
222.8888,
175.9964,
553.6138,
186.458,
46.35387,
352.0631,
76.15501,
72.4378,
34.00636,
52.62146,
119.3927,
275.3501,
651.979,
59.66483,
807.6603,
240.2885,
170.7814,
77.96839,
35.38366,
277.689,
150.469,
0,
5434.411,
2045, 
36.47928,
334.4268,
136.4915,
79.06503,
213.0051,
224.2494,
178.2849,
567.8269,
190.8044,
46.54866,
352.5632,
75.90962,
72.811,
33.86864,
53.35814,
119.325,
278.5683,
657.5448,
59.42746,
806.1068,
242.2712,
171.7995,
77.50046,
35.61816,
282.4556,
154.1134,
0,
5480.423,
2046, 
36.62067,
336.1323,
137.6196,
79.58069,
213.3644,
225.4299,
180.4869,
582.8054,
195.2447,
46.68057,
353.0785,
75.69415,
73.09985,
33.72197,
54.07485,
119.3029,
281.5414,
662.2653,
59.15355,
803.3326,
244.0563,
172.6376,
77.05017,
35.85164,
287.2045,
157.8642,
0,
5523.895,
2047, 
36.76233,
337.8419,
138.7518,
80.09682,
213.724,
226.6118,
182.6914,
597.8311,
199.7099,
46.81261,
353.594,
75.47826,
73.38898,
33.57524,
54.79409,
119.2807,
284.5158,
667.0026,
58.87913,
800.543,
245.8477,
173.4774,
76.5993,
36.08559,
291.9801,
161.632,
0,
5567.508,
2048, 
36.90426,
339.5555,
139.8879,
80.61346,
214.0839,
227.795,
184.8984,
612.9039,
204.2,
46.9448,
354.1098,
75.26196,
73.6784,
33.42844,
55.51585,
119.2583,
287.4916,
671.7568,
58.60421,
797.7381,
247.6453,
174.3189,
76.14783,
36.32,
296.7824,
165.4167,
0,
5611.262,
2049, 
37.04646,
341.2733,
141.028,
81.13058,
214.4442,
228.9795,
187.108,
628.0239,
208.7149,
47.07711,
354.6257,
75.04525,
73.9681,
33.28157,
56.24012,
119.2358,
290.4688,
676.528,
58.32878,
794.918,
249.4493,
175.162,
75.69579,
36.55489,
301.6114,
169.2184,
0,
5655.158,
2050, 
37.18894,
342.9952,
142.172,
81.64819,
214.8047,
230.1655,
189.32,
643.1911,
213.2546,
47.20956,
355.1419,
74.82812,
74.25809,
33.13464,
56.96693,
119.2131,
293.4473,
681.316,
58.05285,
792.0825,
251.2596,
176.0069,
75.24316,
36.79025,
306.4671,
173.037,
0,
5699.195,
2051, 
37.30527,
344.5431,
143.2146,
82.11172,
214.9781,
231.226,
191.4348,
659.0424,
217.8641,
47.30633,
355.5063,
74.62283,
74.47553,
32.98255,
57.65023,
119.1674,
296.2038,
685.7164,
57.70271,
788.1828,
252.8795,
176.7611,
74.80991,
37.01086,
311.3224,
176.9299,
0,
5740.95,
2052, 
37.42178,
346.0942,
144.2603,
82.57568,
215.1516,
232.2877,
193.552,
674.9421,
222.4985,
47.40318,
355.8705,
74.41715,
74.69318,
32.83039,
58.3358,
119.1215,
298.9614,
690.1309,
57.35198,
784.2645,
254.5044,
177.5167,
74.37612,
37.23189,
316.2037,
180.8398,
0,
5782.837,
2053, 
37.53848,
347.6484,
145.3091,
83.04007,
215.3251,
233.3506,
195.6715,
690.8903,
227.1577,
47.50012,
356.2346,
74.21108,
74.91103,
32.67817,
59.02368,
119.0755,
301.7204,
694.5595,
57.00064,
780.3278,
256.1344,
178.2737,
73.94176,
37.45331,
321.111,
184.7666,
0,
5824.855,
2054, 
37.65535,
349.2059,
146.361,
83.50489,
215.4986,
234.4146,
197.7934,
706.887,
231.8416,
47.59715,
356.5986,
74.00462,
75.12907,
32.52587,
59.71384,
119.0292,
304.4806,
699.0023,
56.64871,
776.3725,
257.7696,
179.0321,
73.50687,
37.67513,
326.0445,
188.7104,
0,
5867.003,
2055, 
37.7724,
350.7665,
147.416,
83.97013,
215.6721,
235.4798,
199.9177,
722.9321,
236.5505,
47.69426,
356.9626,
73.79778,
75.34732,
32.3735,
60.4063,
118.9828,
307.242,
703.4592,
56.29618,
772.3988,
259.4099,
179.7919,
73.07142,
37.89735,
331.004,
192.671,
0,
5909.283,
2056, 
37.90044,
352.5153,
148.4558,
84.40475,
215.7345,
236.4532,
201.9598,
739.6223,
241.3759,
47.76878,
357.3694,
73.60318,
75.50956,
32.22991,
61.04748,
118.9335,
309.7936,
707.7931,
55.88958,
768.042,
260.9158,
180.4976,
72.64477,
38.11964,
336.0197,
196.7268,
0,
5951.326,
2057, 
38.02869,
354.2678,
149.4987,
84.83976,
215.7968,
237.4277,
204.0041,
756.3628,
246.2267,
47.84337,
357.7762,
73.40822,
75.67194,
32.08625,
61.69073,
118.884,
312.3464,
712.1403,
55.4823,
763.6655,
262.4261,
181.2045,
72.21759,
38.34233,
341.0617,
200.7999,
0,
5993.5,
2058, 
38.15716,
356.024,
150.5447,
85.27518,
215.8589,
238.4032,
206.0507,
773.1537,
251.1029,
47.918,
358.1829,
73.21288,
75.83446,
31.94252,
62.33606,
118.8344,
314.9003,
716.5006,
55.07433,
759.2692,
263.9406,
181.9126,
71.78986,
38.56542,
346.13,
204.8903,
0,
6035.805,
2059, 
38.28584,
357.7841,
151.5936,
85.71099,
215.9208,
239.3798,
208.0996,
789.9951,
256.0045,
47.9927,
358.5898,
73.01718,
75.99711,
31.79873,
62.98347,
118.7845,
317.4554,
720.8741,
54.66569,
754.8533,
265.4596,
182.622,
71.3616,
38.78891,
351.2245,
208.998,
0,
6078.241,
2060, 
38.41474,
359.5479,
152.6456,
86.1472,
215.9826,
240.3574,
210.1508,
806.8869,
260.9315,
48.06745,
358.9966,
72.82111,
76.1599,
31.65487,
63.63296,
118.7344,
320.0117,
725.2609,
54.25636,
750.4176,
266.9829,
183.3326,
70.93279,
39.01279,
356.3453,
213.123,
0,
6120.808,
2061, 
38.54978,
361.4592,
153.6105,
86.55395,
215.9264,
241.2305,
212.0469,
824.0034,
265.7496,
48.11954,
359.549,
72.63647,
76.29259,
31.52501,
64.22856,
118.6956,
322.3107,
729.2654,
53.84588,
746.0919,
268.3908,
183.9777,
70.5078,
39.23258,
361.2856,
217.1893,
0,
6162.274,
2062, 
38.68505,
363.3741,
154.5777,
86.96107,
215.8698,
242.1045,
213.945,
841.17,
270.5921,
48.17165,
360.1017,
72.45149,
76.42539,
31.39509,
64.82599,
118.6565,
324.6108,
733.2806,
53.43475,
741.7476,
269.8025,
184.6237,
70.0823,
39.45272,
366.2503,
221.2723,
0,
6203.865,
2063, 
38.82055,
365.2928,
155.5473,
87.36856,
215.813,
242.9794,
215.8452,
858.3868,
275.4589,
48.2238,
360.6549,
72.26617,
76.5583,
31.2651,
65.42525,
118.6173,
326.9119,
737.3067,
53.02295,
737.3845,
271.2178,
185.2709,
69.65627,
39.67323,
371.2397,
225.372,
0,
6245.579,
2064, 
38.95627,
367.2153,
156.5192,
87.77641,
215.7558,
243.8552,
217.7475,
875.6538,
280.3499,
48.27596,
361.2084,
72.0805,
76.6913,
31.13506,
66.02634,
118.5779,
329.214,
741.3434,
52.6105,
733.0027,
272.6369,
185.9191,
69.2297,
39.89409,
376.2534,
229.4883,
0,
6287.417,
2065, 
39.09223,
369.1415,
157.4935,
88.18462,
215.6983,
244.7318,
219.6519,
892.9707,
285.2652,
48.32816,
361.7623,
71.89448,
76.8244,
31.00496,
66.62926,
118.5383,
331.5172,
745.391,
52.1974,
728.6022,
274.0596,
186.5684,
68.8026,
40.11531,
381.2918,
233.6213,
0,
6329.378,
2066, 
39.24354,
371.2748,
158.4332,
88.56072,
215.5621,
245.5241,
221.4343,
910.3018,
290.0299,
48.35702,
362.5869,
71.73776,
76.94707,
30.89866,
67.2077,
118.5593,
333.5999,
749.0258,
51.82444,
724.6223,
275.4209,
187.1638,
68.40022,
40.33691,
386.0802,
237.6378,
0,
6370.771,
2067, 
39.39513,
373.4124,
159.375,
88.93716,
215.4255,
246.3171,
223.2186,
927.6829,
294.8179,
48.38587,
363.4123,
71.58074,
77.06982,
30.79231,
67.78789,
118.5802,
335.6835,
752.6687,
51.45089,
720.6252,
276.7854,
187.7602,
67.99732,
40.55886,
390.8914,
241.6703,
0,
6412.283,
2068, 
39.54699,
375.5542,
160.3192,
89.31393,
215.2884,
247.1109,
225.0049,
945.1139,
299.6291,
48.41472,
364.2387,
71.42342,
77.19267,
30.68591,
68.3698,
118.601,
337.7681,
756.3196,
51.07674,
716.6108,
278.1533,
188.3575,
67.59394,
40.78118,
395.7254,
245.7189,
0,
6453.914,
2069, 
39.69912,
377.7004,
161.2655,
89.69104,
215.1509,
247.9054,
226.7931,
962.595,
304.4635,
48.44357,
365.0661,
71.2658,
77.31561,
30.57946,
68.95345,
118.6217,
339.8536,
759.9786,
50.702,
712.5791,
279.5246,
188.9558,
67.19006,
41.00386,
400.5822,
249.7836,
0,
6495.663,
2070, 
39.85151,
379.8508,
162.2142,
90.06847,
215.013,
248.7008,
228.5832,
980.126,
309.3212,
48.47242,
365.8944,
71.10787,
77.43862,
30.47297,
69.53881,
118.6424,
341.94,
763.6459,
50.32666,
708.5302,
280.8992,
189.5549,
66.78566,
41.22689,
405.4617,
253.8643,
0,
6537.532,
2071, 
39.99764,
381.9951,
163.0777,
90.41097,
214.7967,
249.4038,
230.336,
997.3943,
313.8675,
48.48457,
366.9325,
70.99815,
77.55022,
30.39657,
70.11271,
118.7492,
343.877,
766.758,
49.99227,
704.8072,
282.192,
190.1035,
66.43185,
41.44117,
410.0265,
257.7733,
0,
6577.907,
2072, 
40.144,
384.1431,
163.943,
90.75377,
214.58,
250.1074,
232.0906,
1014.711,
318.4349,
48.49669,
367.972,
70.88821,
77.6619,
30.32015,
70.68826,
118.8561,
345.8148,
769.8751,
49.65736,
701.0685,
283.4877,
190.6529,
66.07761,
41.65576,
414.6117,
261.6974,
0,
6618.39,
2073, 
40.29058,
386.2948,
164.81,
91.09686,
214.3628,
250.8117,
233.847,
1032.075,
323.0233,
48.50878,
369.0129,
70.77803,
77.77365,
30.24368,
71.26546,
118.963,
347.7534,
772.9969,
49.32193,
697.3141,
284.7863,
191.2031,
65.72292,
41.87066,
419.2171,
265.6363,
0,
6658.981,
2074, 
40.43741,
388.4501,
165.6788,
91.44025,
214.1452,
251.5166,
235.6053,
1049.488,
327.6328,
48.52086,
370.055,
70.66763,
77.88547,
30.16718,
71.84431,
119.0699,
349.6929,
776.1237,
48.98599,
693.5443,
286.0878,
191.754,
65.36781,
42.08588,
423.8431,
269.5902,
0,
6699.681,
2075, 
40.58445,
390.6092,
166.5492,
91.78392,
213.927,
252.2222,
237.3655,
1066.95,
332.2634,
48.53291,
371.0985,
70.557,
77.99737,
30.09065,
72.42483,
119.1769,
351.6333,
779.2551,
48.64953,
689.7587,
287.3923,
192.3058,
65.01227,
42.30142,
428.4893,
273.5591,
0,
6740.489,
2076, 
40.72636,
392.7445,
167.4003,
92.09811,
213.6845,
252.8569,
239.1239,
1083.913,
336.6686,
48.53172,
372.2851,
70.50788,
78.1004,
30.04487,
72.99891,
119.3754,
353.512,
782.0866,
48.35588,
686.2244,
288.6763,
192.8241,
64.71747,
42.50703,
432.8734,
277.2758,
0,
6780.114,
2077, 
40.86849,
394.8834,
168.2531,
92.41255,
213.4415,
253.4922,
240.8842,
1100.923,
341.0934,
48.53047,
373.4732,
70.45862,
78.20351,
29.99907,
73.57462,
119.574,
355.3915,
784.9211,
48.06179,
682.6753,
289.9631,
193.3431,
64.42231,
42.71293,
437.276,
281.0063,
0,
6819.839,
2078, 
41.01084,
397.0258,
169.1075,
92.72725,
213.198,
254.128,
242.6462,
1117.98,
345.538,
48.52919,
374.6629,
70.40921,
78.30668,
29.95324,
74.15197,
119.7728,
357.2718,
787.7586,
47.76723,
679.1115,
291.2528,
193.8628,
64.12679,
42.91913,
441.6974,
284.7506,
0,
6859.666,
2079, 
41.1534,
399.172,
169.9637,
93.04223,
212.954,
254.7644,
244.4102,
1135.083,
350.0022,
48.52787,
375.8542,
70.35967,
78.40991,
29.90739,
74.73093,
119.9717,
359.153,
790.5992,
47.47222,
675.533,
292.5453,
194.3832,
63.8309,
43.12563,
446.1374,
288.5087,
0,
6899.595,
2080, 
41.29618,
401.3218,
170.8215,
93.35748,
212.7095,
255.4013,
246.176,
1152.232,
354.4861,
48.5265,
377.0471,
70.30999,
78.51321,
29.86152,
75.31151,
120.1709,
361.035,
793.4426,
47.17674,
671.9395,
293.8405,
194.9043,
63.53463,
43.33242,
450.596,
292.2805,
0,
6939.625,
2081, 
41.42419,
403.3669,
171.6445,
93.65705,
212.4812,
256.0074,
247.9146,
1168.701,
358.8017,
48.52568,
378.3072,
70.32071,
78.6173,
29.84174,
75.87744,
120.4395,
362.9222,
796.263,
46.91984,
668.7371,
295.1012,
195.4118,
63.28573,
43.52706,
454.8808,
295.7378,
0,
6978.715,
2082, 
41.55237,
405.4148,
172.4689,
93.95688,
212.2525,
256.614,
249.6549,
1185.214,
363.1357,
48.52483,
379.5688,
70.33139,
78.72147,
29.82195,
76.44492,
120.7085,
364.8103,
799.0866,
46.66255,
665.5217,
296.3646,
195.92,
63.03652,
43.72195,
459.1829,
299.2072,
0,
7017.9,
2083, 
41.68071,
407.4658,
173.2946,
94.25695,
212.0233,
257.2211,
251.3971,
1201.77,
367.4881,
48.52393,
380.8321,
70.34202,
78.82568,
29.80214,
77.01394,
120.9776,
366.6992,
801.9131,
46.40488,
662.2933,
297.6306,
196.4288,
62.78699,
43.9171,
463.5023,
302.6887,
0,
7057.18,
2084, 
41.80922,
409.5197,
174.1218,
94.55727,
211.7937,
257.8286,
253.141,
1218.37,
371.859,
48.52299,
382.0971,
70.35258,
78.92997,
29.78233,
77.5845,
121.247,
368.589,
804.7429,
46.14681,
659.0518,
298.8993,
196.9383,
62.53716,
44.1125,
467.839,
306.1824,
0,
7096.556,
2085, 
41.93791,
411.5765,
174.9503,
94.85784,
211.5637,
258.4368,
254.8868,
1235.014,
376.2484,
48.52202,
383.3637,
70.36311,
79.03433,
29.7625,
78.15659,
121.5167,
370.4795,
807.5756,
45.88836,
655.7971,
300.1707,
197.4484,
62.28703,
44.30815,
472.1929,
309.6882,
0,
7136.026,
2086, 
42.06528,
413.6815,
175.8049,
95.15913,
211.4184,
259.062,
256.5995,
1250.844,
380.5302,
48.52152,
384.7196,
70.42621,
79.15599,
29.76047,
78.70561,
121.8237,
372.3878,
810.6956,
45.65155,
653.1301,
301.4706,
197.9518,
62.06972,
44.50397,
476.5122,
312.9348,
0,
7175.586,
2087, 
42.19283,
415.7895,
176.661,
95.46067,
211.2728,
259.6878,
258.314,
1266.715,
384.8298,
48.52098,
386.0773,
70.48932,
79.27774,
29.75844,
79.25609,
122.131,
374.2968,
813.8205,
45.41439,
650.4519,
302.7733,
198.4559,
61.85214,
44.70005,
480.8487,
316.1925,
0,
7215.241,
2088, 
42.32053,
417.9005,
177.5184,
95.76243,
211.1268,
260.3142,
260.0302,
1282.629,
389.147,
48.52041,
387.4369,
70.55246,
79.39957,
29.7564,
79.80801,
122.4386,
376.2068,
816.95,
45.17687,
647.7623,
304.0788,
198.9607,
61.6343,
44.89639,
485.202,
319.4611,
0,
7254.991,
2089, 
42.4484,
420.0146,
178.3774,
96.06447,
210.9805,
260.9411,
261.7482,
1298.582,
393.4821,
48.51979,
388.7983,
70.61562,
79.52149,
29.75436,
80.36139,
122.7465,
378.1176,
820.0842,
44.93899,
645.0616,
305.387,
199.4661,
61.41617,
45.09298,
489.5724,
322.7407,
0,
7294.834,
2090, 
42.57644,
422.1317,
179.2377,
96.36674,
210.8339,
261.5685,
263.468,
1314.577,
397.8349,
48.51914,
390.1615,
70.6788,
79.6435,
29.75232,
80.91622,
123.0547,
380.0291,
823.2231,
44.70076,
642.3496,
306.6981,
199.9721,
61.19778,
45.28983,
493.9597,
326.0313,
0,
7334.773,
2091, 
42.7073,
424.3324,
180.1134,
96.68008,
210.7911,
262.2363,
265.088,
1329.479,
402.0305,
48.51442,
391.6239,
70.77953,
79.79043,
29.76022,
81.44376,
123.3708,
381.9107,
826.632,
44.48233,
640.1672,
308.045,
200.4735,
61.00703,
45.49332,
498.2901,
329.1382,
0,
7374.38,
2092, 
42.83832,
426.5358,
180.9904,
96.99366,
210.7482,
262.9046,
266.7097,
1344.417,
406.2427,
48.50965,
393.0883,
70.88035,
79.93745,
29.76811,
81.97263,
123.6872,
383.7931,
830.0471,
44.26359,
637.9755,
309.3949,
200.9754,
60.81605,
45.69707,
502.6368,
332.255,
0,
7414.079,
2093, 
42.96948,
428.7419,
181.8686,
97.30751,
210.705,
263.5735,
268.333,
1359.393,
410.4716,
48.50485,
394.5547,
70.98123,
80.08459,
29.77601,
82.50284,
124.0039,
385.6762,
833.4684,
44.04453,
635.7744,
310.7478,
201.478,
60.62483,
45.90106,
506.9998,
335.382,
0,
7453.869,
2094, 
43.1008,
430.9507,
182.7481,
97.6216,
210.6617,
264.2429,
269.9579,
1374.406,
414.717,
48.5,
396.0229,
71.08219,
80.23185,
29.78391,
83.03438,
124.3209,
387.5602,
836.8962,
43.82514,
633.5641,
312.1036,
201.9812,
60.43337,
46.10529,
511.3793,
338.519,
0,
7493.75,
2095, 
43.23227,
433.1623,
183.6289,
97.93596,
210.6182,
264.9129,
271.5845,
1389.456,
418.9792,
48.49512,
397.4931,
71.18321,
80.37921,
29.79181,
83.56726,
124.6383,
389.4451,
840.3304,
43.60543,
631.3445,
313.4623,
202.4851,
60.24167,
46.30976,
515.7751,
341.666,
0,
7533.724,
2096, 
43.3796,
435.5431,
184.536,
98.26935,
210.6936,
265.6506,
273.1194,
1403.269,
423.0616,
48.4856,
399.0846,
71.30896,
80.55383,
29.80604,
84.07021,
124.9619,
391.2737,
844.0452,
43.42844,
629.6172,
314.8959,
203.0024,
60.08238,
46.52623,
520.1351,
344.6488,
0,
7573.449,
2097, 
43.52712,
437.9268,
185.4444,
98.60303,
210.769,
266.3889,
274.6558,
1417.116,
427.1597,
48.47604,
400.6783,
71.43481,
80.72859,
29.82026,
84.57438,
125.286,
393.103,
847.7678,
43.25118,
627.882,
316.3327,
203.5204,
59.92288,
46.74295,
524.511,
347.6409,
0,
7613.264,
2098, 
43.67482,
440.3136,
186.3541,
98.93697,
210.8443,
267.1278,
276.1938,
1430.997,
431.2733,
48.46642,
402.2741,
71.56077,
80.90349,
29.8345,
85.07978,
125.6103,
394.9332,
851.4982,
43.07365,
626.139,
317.7728,
204.039,
59.76316,
46.95995,
528.9032,
350.6424,
0,
7653.169,
2099, 
43.82269,
442.7032,
187.2652,
99.27121,
210.9196,
267.8673,
277.7333,
1444.911,
435.4026,
48.45677,
403.8721,
71.68682,
81.07853,
29.84873,
85.58641,
125.9349,
396.7641,
855.2365,
42.89586,
624.3882,
319.2161,
204.5583,
59.60326,
47.17719,
533.3114,
353.6532,
0,
7693.165,
2100, 
43.97073,
445.0958,
188.1775,
99.6057,
210.9948,
268.6075,
279.2743,
1458.859,
439.5474,
48.44707,
405.4722,
71.81299,
81.2537,
29.86297,
86.09426,
126.2599,
398.5958,
858.9824,
42.71781,
622.6296,
320.6627,
205.0783,
59.44315,
47.3947,
537.7357,
356.6732,
0,
7733.249];
