real main.em.dem.agr.frt.Pfert[26](t) = [1971, 
337.2942,
4025.761,
158.1379,
128.3196,
634.4146,
215.542,
197.5486,
28.37758,
37.00332,
294.9835,
5403.832,
2186.116,
187.8061,
902.1965,
419.7336,
1537.466,
127.5723,
619.6353,
267.1325,
1471.814,
233.9734,
53.57782,
612.7142,
891.4492,
123.4137,
94.01155,
1972, 
394.8687,
4646.962,
176.5471,
133.4819,
901.1628,
274,
219.099,
32.8825,
45.80979,
358.113,
5690.555,
2325.559,
241.6521,
974.4355,
454.1006,
1663.404,
139.8185,
614.2957,
283.0935,
1686.355,
258.0086,
94.37411,
664.3417,
1214.992,
145.8755,
81.13765,
1973, 
494.0327,
5095.192,
203.6373,
154.9623,
759.8839,
281.0567,
219.5064,
31.39987,
46.88012,
327.1113,
6033.411,
2473.153,
281.5709,
1078.599,
504.142,
1846.378,
186.5903,
610.2851,
310.473,
1946.634,
283.2377,
95.18501,
744.1766,
1242.716,
136.3969,
91.36388,
1974, 
501.4995,
4596.821,
200.6174,
179.9771,
872.9233,
306.7788,
226.4573,
44.11939,
49.32183,
320.8785,
5250.67,
2542.037,
192.5,
1248.409,
582.2859,
2132.714,
200.3159,
470.8088,
343.2806,
1724.638,
315.8773,
134.179,
675.2229,
741.7729,
123.2099,
85.17776,
1975, 
508.7418,
5211.307,
276.8852,
157.9521,
949.6648,
239.4819,
248.7045,
60.20764,
54.25036,
349.3424,
5116.197,
2640.833,
327.1369,
1559.373,
725.863,
2660.803,
232.0994,
532.9793,
346.3063,
1839.43,
320.7856,
125.1572,
623.3548,
822.2684,
189.8483,
85.35186,
1976, 
502.6847,
5589.857,
233.8844,
173.4112,
1232.898,
295.1325,
274.2043,
79.72771,
47.73584,
364.4785,
5491.693,
2767.875,
525.9589,
1549.759,
723.5706,
2651.157,
218.3512,
671.9835,
266.2535,
1372.018,
301.6592,
113.041,
701.1204,
1048.329,
218.1547,
91.92513,
1977, 
635.4706,
5120.71,
242.7962,
161.3032,
1456.232,
289.6096,
287.918,
68.67866,
44.58458,
343.8681,
5552.982,
2885.895,
597.7221,
1636.913,
764.1759,
2799.201,
239.8116,
792.9743,
336.6452,
1877.979,
351.9533,
108.7642,
743.7243,
1309.43,
296.5528,
90.5414,
1978, 
629.6823,
5634.341,
258.6119,
165.1615,
1426.969,
305.7107,
269.4702,
67.03058,
36.95464,
394.2115,
6074.837,
2987.532,
738.5376,
1755.898,
817.5324,
3000.26,
210.1888,
1081.425,
327.6853,
1385.149,
436.6818,
136.7459,
771.8714,
1123.775,
340.3155,
88.58001,
1979, 
583.9228,
5372.877,
244.7225,
156.9434,
1576.485,
384.5295,
308.3755,
74.59473,
40.12546,
432.2736,
6158.941,
3001.084,
636.7519,
1782.265,
834.3991,
3062.751,
355.148,
1009.103,
336.0274,
2309.901,
381.6447,
152.7222,
827.647,
1196.986,
380.2349,
76.85179,
1980, 
628.0656,
5325.901,
259.8447,
166.5823,
1892.676,
362.4662,
355.502,
93.14872,
62.57642,
451.8369,
5629.374,
2796.125,
501.9984,
1659.492,
776.5726,
2847.554,
420.2798,
1108.069,
305.9984,
3059.361,
352.8272,
276.8003,
687.1909,
1067.042,
400.7425,
106.4587,
1981, 
634.8169,
4692.829,
371.6963,
172.352,
1237.557,
292.191,
362.4916,
100.4848,
87.51493,
544.4446,
5303.213,
3049.95,
507.5064,
1757.828,
821.7617,
3011.985,
406.5132,
1195.979,
300.4623,
3344.902,
351.6012,
324.3786,
701.172,
1070.357,
407.0094,
99.36871,
1982, 
651.5915,
3986.073,
408.0948,
153.8517,
1137.976,
298.2244,
380.1418,
112.7487,
65.54266,
498.9568,
5290.796,
2960.729,
564.6879,
1827.8,
854.5499,
3132.091,
566.334,
1168.892,
243.5633,
3502.486,
342.3869,
433.2423,
718.1871,
989.7767,
457.5902,
86.47178,
1983, 
713.8848,
4668.435,
330.4958,
166.0812,
943.1547,
291.2637,
419.4179,
130.1963,
80.39471,
382.6196,
5377.991,
3161.904,
647.9261,
1927.026,
901.8808,
3310.332,
675.4177,
1341.834,
260.9776,
4079.669,
391.0463,
390.5998,
762.1558,
1001.16,
486.722,
87.78266,
1984, 
733.686,
4395.532,
382.1935,
178.1631,
1479.038,
370.7701,
458.9267,
150.0317,
71.07184,
407.9537,
5228.215,
3208.5,
560.1036,
1986.002,
926.8018,
3402.306,
748.3681,
1769.936,
267.3788,
4098.079,
392.1267,
443.766,
767.2751,
1000.617,
529.9793,
77.90411,
1985, 
664.4147,
3999.501,
413.158,
175.7099,
1234.863,
432.1927,
530.2843,
134.6355,
69.77641,
357.1422,
5112.362,
2955.492,
480.8189,
2280.758,
1062.792,
3902.512,
781.0829,
2003.004,
277.1491,
3019.225,
420.6083,
485.7391,
728.4294,
912.089,
562.0568,
92.2305,
1986, 
645.2513,
3717.17,
418.1631,
192.6629,
1585.348,
518.535,
513.1122,
129.4901,
85.22703,
328.4892,
5139.455,
3008.491,
524.5604,
2493.476,
1166.38,
4280.91,
774.6025,
2156.705,
287.5448,
3039.189,
453.3497,
545.4897,
750.4756,
903.7186,
641.4728,
86.39274,
1987, 
634.3994,
3800.441,
441.4895,
207.9706,
1561.385,
591.7661,
514.2711,
125.0556,
94.59925,
270.7511,
5107.22,
2773.712,
590.8118,
2555.691,
1197.098,
4389.329,
841.2354,
1721.143,
299.2603,
4505.162,
447.0946,
552.47,
763.4067,
1036.196,
633.7762,
97.49365,
1988, 
614.3353,
3768.368,
394.8929,
209.1162,
1453.326,
598.3259,
471.6395,
150.6167,
108.3838,
306.5937,
5020.742,
2775.466,
495.0273,
2563.737,
1193.88,
4385.914,
922.4825,
2496.235,
297.5677,
5176.462,
549.7001,
610.3911,
723.5367,
974.1862,
661.7152,
97.47585,
1989, 
609.4587,
3960.393,
354.2937,
203.1574,
1257.015,
526.646,
409.5343,
146.5682,
113.9102,
280.355,
4931.416,
2694.403,
605.6135,
2445.345,
1139.508,
4190.343,
956.7047,
2897.619,
335.5645,
5283.112,
542.9544,
592.7704,
726.1223,
1009.29,
684.7848,
94.12904,
1990, 
578.1462,
3817.9,
373.7954,
196.8683,
1171.167,
483.1898,
428.9713,
153.1814,
117.6975,
269.0266,
4409.301,
1751.907,
631.1005,
2037.031,
1218.922,
4311.417,
1023.38,
3028.006,
320.612,
5861.262,
697.5624,
584.7468,
688.8571,
721.8252,
695.2906,
90.08483,
1991, 
592.2153,
3827.987,
379.8965,
182.9216,
1253.795,
484.5895,
375.5315,
156.7855,
106.6528,
256.0206,
4074.969,
822.5563,
624.2833,
1717.576,
981.0932,
3542.674,
893.0131,
3226.83,
321.893,
7292.611,
677.299,
581.8288,
695.4224,
826.1265,
693.0183,
94.99941,
1992, 
615.9883,
4012.507,
297.9974,
144.9732,
1341.777,
487.1086,
332.1386,
162.9161,
111.1967,
240.9308,
3664.369,
728.7445,
664.2526,
852.6105,
683.6274,
1548.036,
963.7852,
2767.057,
303.3616,
6927.107,
753.5975,
597.2802,
699.0912,
992.6887,
778.0807,
90.77483,
1993, 
627.8083,
4101.486,
316.9975,
159.4596,
1625.107,
553.0892,
361.963,
187.3464,
105.4219,
298.6988,
3564.395,
647.5486,
794.0219,
510.9799,
533.1478,
900.491,
820.3314,
2592.757,
321.8649,
5545.575,
885.3072,
543.5509,
728.8327,
976.1715,
692.7795,
91.07808,
1994, 
631.795,
4028.664,
375.4973,
146.522,
1873.93,
549.5524,
331.856,
110.8387,
154.6389,
246.5626,
3666.363,
617.191,
448.1947,
212.6869,
206.7111,
263.5943,
845.5098,
2860.93,
239.9708,
7329.104,
925.1899,
521.2349,
704.6373,
1052.16,
652.5692,
70.55603,
1995, 
658.3829,
4155.557,
181.9987,
188.5103,
1511.062,
577.7141,
317.2896,
122.8225,
142.271,
241.5801,
3512.152,
719.4393,
584.7106,
208.0967,
186.1371,
353.0224,
760.9609,
2827.882,
242.5993,
8911.189,
1170.173,
387.1271,
631.8353,
1124.713,
720.4835,
77.45503,
1996, 
703.5324,
4258.722,
308.9983,
187.258,
1644.622,
789.1097,
325.6656,
98.62979,
188.2056,
253.1316,
3723.756,
738.9291,
583.8394,
229.6017,
244.4808,
378.6035,
804.6263,
2907.092,
229.8568,
8116.763,
1221.486,
333.1594,
610.1995,
1178.916,
608.0325,
80.42897,
1997, 
716.9296,
4295.265,
256.9985,
213.5862,
1917.286,
808.5286,
344.7466,
111.6205,
151.5356,
224.6322,
3548.086,
685.0751,
599.153,
201.3289,
166.9995,
332.0921,
771.1412,
3820.455,
243.4553,
9276.677,
1238.092,
281.2404,
592.5049,
1203.451,
740.0126,
89.51683,
1998, 
666.5396,
3983.105,
294.9969,
199.2411,
1920.572,
821.3646,
329.7296,
124.8779,
152.5495,
214.9953,
3488.186,
646.3087,
708.4705,
174.1109,
154.8069,
285.5616,
775.9271,
4013.471,
213.5128,
9460.261,
1238.101,
362.1967,
561.2327,
1242.725,
700.537,
85.49644,
1999, 
667.827,
4049.475,
305.9985,
191.8591,
1831.598,
817.2582,
350.6768,
128.997,
170.2102,
227.142,
3414.031,
595.0228,
646.0142,
91.619,
143.7395,
218.8525,
796.5884,
4678.709,
239.0121,
8913.887,
1271.433,
323.785,
568.4398,
1315.445,
884.524,
87.78456,
2000, 
622.9858,
4018.568,
314.9981,
205.8955,
2000.237,
835.4414,
334.2731,
113.6125,
152.7016,
190.136,
3015.185,
589.0478,
687.4881,
136.9665,
120.5247,
278.1473,
852.2169,
4146.017,
213.3976,
8430.367,
1216.843,
263.9647,
583.0945,
1326.232,
992.8373,
94.84554,
2001, 
624.0541,
4380.242,
390.6207,
224.1623,
2237.212,
918.6956,
345.0267,
115.404,
152.6901,
210.0377,
2934.746,
678.793,
476.1828,
115.3026,
134.4189,
309.8794,
711.1486,
4269.625,
169.3764,
8829.787,
1221.628,
277.8889,
511.5474,
1434.618,
957.6156,
71.86763,
2002, 
650.6039,
4023.151,
336.4128,
119.2788,
2466.864,
698.3826,
366.9969,
118.6083,
173.2592,
270.8005,
2898.311,
685.7479,
480.0588,
110.3821,
159.6765,
329.2274,
711.4722,
3916.29,
227.42,
9712.868,
1120.907,
358.883,
465.6185,
1271.227,
970.4869,
134.2414,
2003, 
685.759,
4453.183,
253.6456,
146.9549,
3162.385,
960.669,
424.8455,
169.1982,
127.537,
202.6103,
2963.335,
681.3212,
555.2482,
82.06862,
112.1264,
305.1308,
713.7665,
4007.712,
133.8172,
10044.39,
1293.403,
335.2356,
554.7428,
1276.967,
940.72,
113.6816,
2004, 
610.2839,
4481.036,
307.6767,
157.1885,
3354,
1120.596,
445.6117,
170.3521,
187.7166,
228.8905,
2844.815,
729.4521,
598.9477,
114.8458,
142.2658,
348.4128,
754.0505,
4498.029,
142.428,
10585.79,
1464.137,
414.1289,
557.6881,
1274.674,
1085.88,
93.08726,
2005, 
654.7133,
4307.268,
418.165,
189.981,
2434.887,
1133.114,
471.2632,
138.284,
137.4274,
157.9608,
2484.337,
803.3582,
611.9817,
151.9795,
90.34917,
354.2448,
838.7124,
5085.993,
166.1247,
10408.92,
1237.105,
441.8127,
545.9789,
1205.011,
1272.366,
92.26392,
2006, 
495.5886,
4281.356,
371.0913,
196.2812,
2809.987,
1227.509,
434.901,
158.6606,
135.455,
198.8856,
2444.718,
766.5195,
619.2791,
249.4661,
92.24429,
399.7339,
1018.224,
5380.238,
103.7661,
10447.63,
1314.948,
500.9834,
528.2922,
1106.326,
1397.085,
105.5657,
2007, 
731.8448,
4221.627,
266.7755,
212.1906,
3648.491,
1514.158,
401.6357,
105.8413,
184.246,
180.4311,
2520.729,
891.8937,
526.2417,
327.1596,
98.54578,
408.9574,
868.3399,
5366.387,
123.9009,
9976.582,
1485.641,
520.2441,
516.7075,
1115.891,
844.912,
72.3901,
2008, 
605.3912,
3350.36,
161.4885,
146.6985,
2956.131,
1307.307,
469.4189,
75.2052,
184.3824,
167.0599,
1351.79,
754.3439,
334.6263,
358.6057,
112.4764,
428.1721,
712.5739,
6227.792,
83.40847,
9131.053,
1455.73,
426.7408,
391.9721,
907.8477,
816.9308,
73.88367,
2009, 
637.4886,
4028.402,
259.2467,
141.6355,
3805.461,
1208.452,
388.9105,
66.22643,
190.7624,
171.5909,
1718.834,
732.4939,
636.9725,
390.0766,
88.94214,
444.7076,
533.5181,
7064.244,
67.23793,
9619.888,
1498.521,
436.5637,
411.1949,
762.9509,
1249.355,
62.70082,
2010, 
749.4678,
4280.116,
281.0609,
176.8557,
4013.159,
1446.772,
524.1846,
96.61457,
222.52,
139.386,
1821.286,
793.1315,
556.8058,
439.1347,
108.1249,
424.6527,
344.9077,
7777.889,
69.04531,
11103.98,
1532.045,
500.3414,
430.7981,
913.8853,
1245.502,
82.56384,
2011, 
874.0302,
4657.75,
266.0886,
221.1798,
4675.222,
1561.838,
549.8615,
111.7415,
232.0497,
149.8469,
1824.071,
778.2378,
498.9576,
439.7141,
100.8219,
450.8228,
286.8656,
7732.176,
67.76796,
11083.18,
1268.969,
657.6998,
455.0319,
985.7878,
1338.635,
98.18778,
2012, 
941.795,
5211.141,
361.4353,
227.7813,
4349.743,
1401.262,
549.6216,
167.8845,
247.8544,
150.6729,
1904.62,
860.7949,
541.9151,
410.0069,
106.2283,
441.5859,
501.1201,
6489.361,
93.37623,
11208.16,
1570.644,
771.2077,
358.4543,
923.8478,
1436.866,
91.86071,
2013, 
999.7598,
5251.489,
337.754,
281.7376,
4780.924,
1449.33,
613.4863,
203.881,
262.6721,
143.878,
1967.501,
878.6394,
633.7513,
416.3167,
109.0313,
456.666,
468.1068,
5518.552,
72.34627,
10062.34,
1927.887,
961.4526,
355.5891,
860.3179,
1580.168,
123.1952,
2014, 
1188.615,
5223.938,
353.5795,
273.7424,
4987.618,
1440.637,
624.9181,
174.3866,
358.9634,
152.1625,
2062.875,
830.8035,
597.3395,
393.8919,
117.9668,
466.6677,
498.3354,
5608.872,
71.83412,
10150.58,
1838.61,
984.1564,
389.2344,
976.733,
1623.66,
165.1818,
2015, 
1166.11,
5058.971,
407.9948,
271.4383,
4532.939,
1307.05,
634.2568,
157.8437,
265.7263,
147.2828,
2034.975,
875.7084,
596.5167,
369.4366,
118.0674,
491.2553,
420.3542,
5825.854,
70.47669,
10130.77,
1873.86,
963.3971,
358.8642,
997.3452,
1673.767,
151.2687,
2016, 
1149.584,
5120.298,
403.2704,
270.2825,
4741.705,
1443.444,
635.5366,
185.5047,
315.1089,
150.6444,
1946.962,
890.7484,
595.9958,
380.0455,
124.1077,
520.6336,
431.888,
6043.127,
70.12408,
10238.9,
1926.879,
1060.1,
370.4798,
993.0944,
1811.154,
151.1112,
2017, 
1182.149,
5081.177,
393.6136,
266.905,
4977.904,
1506.356,
643.9274,
212.3362,
356.8989,
145.8503,
1860.898,
892.0137,
604.521,
392.1034,
128.1616,
554.1628,
464.3704,
6185.063,
70.51064,
10354.97,
1966.869,
1104.628,
381.8633,
954.5903,
1881.382,
150.4936,
2018, 
1212.276,
5084.111,
387.0375,
261.1611,
5200.348,
1548.362,
634.7122,
240.6675,
403.8138,
151.5405,
1772.234,
907.5695,
608.4133,
399.4214,
132.84,
588.416,
489.7222,
6391.213,
70.72961,
10340.09,
1984.446,
1152.632,
381.3019,
908.3196,
1943.086,
153.6379,
2019, 
1221.217,
4851.19,
374.6535,
254.5176,
5493.174,
1599.272,
644.944,
265.2963,
451.2468,
160.6422,
1716.427,
909.2944,
612.7439,
406.132,
135.1568,
609.4656,
515.8571,
6640.285,
71.79121,
10365.52,
2025.231,
1207.425,
384.6804,
858.975,
1985.692,
158.9445,
2020, 
1235.016,
4691.053,
361.5529,
248.4015,
5716.899,
1650.608,
644.8417,
286.2413,
505.8889,
158.9805,
1641.534,
912.2693,
612.5498,
415.7895,
138.4945,
622.4495,
552.9984,
6908.322,
73.22387,
10397.07,
2045.657,
1244.335,
386.1185,
739.5012,
2019.598,
163.4717,
2021, 
1196.053,
4659.686,
353.881,
253.6875,
5731.015,
1661.194,
652.2408,
319.1813,
541.5532,
157.3551,
1573.799,
907.751,
631.7307,
404.8395,
143.2496,
636.2412,
564.1659,
6992.219,
74.1381,
10410.67,
2043.766,
1285.259,
384.8978,
738.5205,
2065.257,
169.4416,
2022, 
1136.851,
4658.077,
346.3026,
258.4771,
5703.799,
1663.275,
658.6395,
350.7278,
576.737,
157.6835,
1500.442,
901.1328,
647.471,
391.6027,
147.3976,
648.8713,
569.0887,
7077.833,
75.04892,
10426.23,
2038.939,
1323.544,
383.6553,
736.7292,
2109.682,
175.7797,
2023, 
1068.047,
4685.125,
338.8303,
262.5677,
5635.032,
1659.611,
664.3048,
380.4335,
646.315,
159.6179,
1422.701,
893.0329,
659.3796,
376.8798,
151.4639,
660.5781,
574.0007,
7162.778,
75.95612,
10441.14,
2032.562,
1359.402,
382.3924,
734.9868,
2152.538,
182.4731,
2024, 
998.4481,
4735.62,
331.5182,
266.619,
5520.063,
1649.942,
669.4388,
408.992,
732.9672,
162.9815,
1343.187,
883.8538,
669.1234,
361.2914,
155.5141,
671.6121,
578.5875,
7246.282,
76.86026,
10456.38,
2023.037,
1391.701,
381.1102,
729.6536,
2193.719,
189.502,
2025, 
1018.196,
4400.591,
320.0971,
294.6961,
6557.963,
1895.742,
606.8791,
303.5262,
733.7194,
267.7672,
1613.951,
905.9142,
768.1032,
439.331,
215.0536,
728.3761,
471.0216,
7500.377,
95.25919,
8640.433,
2151.318,
1211.427,
330.1406,
875.0208,
2161.254,
230.9712,
2026, 
1044.326,
4438.531,
327.0119,
318.0927,
6252.996,
1938.808,
610.8803,
318.5744,
824.8989,
271.3884,
1579.398,
908.1995,
768.8666,
448.1716,
220.0844,
736.2336,
497.5355,
7613.508,
96.92767,
8807.594,
2221.347,
1242.203,
325.1673,
859.6138,
2246.453,
245.8987,
2027, 
1068.766,
4458.739,
334.009,
352.4759,
5923.739,
1982.639,
614.8809,
333.0373,
912.7844,
275.1005,
1546.195,
910.7186,
769.7146,
456.0379,
225.1048,
744.1551,
521.6079,
7727.394,
98.60572,
8981.928,
2282.686,
1273.925,
320.3898,
844.9077,
2332.959,
255.3495,
2028, 
1089.051,
4466.525,
339.8904,
394.066,
5607.354,
2027.298,
618.9263,
347.164,
1009.427,
280.0174,
1513.098,
913.5433,
770.6741,
463.7371,
229.8304,
752.0541,
546.0818,
7846.89,
100.2919,
9162.914,
2339.792,
1334.138,
315.5832,
837.8616,
2421.726,
259.9933,
2029, 
1103.078,
4464.611,
345.6528,
442.0807,
5351.753,
2075.595,
623.0248,
361.3915,
1107.136,
286.0315,
1480.787,
916.6299,
763.4567,
471.6063,
234.3931,
759.9676,
571.1514,
7981.76,
101.9907,
9353.202,
2395.364,
1397.297,
310.9658,
838.1138,
2507.3,
262.5394,
2030, 
1112.728,
4457.558,
351.7159,
493.7352,
5198.977,
2125.521,
626.983,
386.8967,
1207.354,
292.1669,
1447.585,
919.8395,
760.4914,
479.6815,
237.487,
767.8873,
598.601,
8122.806,
103.7041,
9561.796,
2443.661,
1463.176,
306.2691,
848.9163,
2589.831,
265.611,
2031, 
1133.799,
4416.385,
358.8548,
535.0026,
5441.726,
2205.858,
630.9451,
420.1334,
1293.847,
297.8511,
1444.346,
924.6229,
773.3328,
493.5503,
238.6286,
789.8479,
616.1114,
8210.292,
105.5585,
9745.382,
2483.062,
1498.559,
301.8438,
886.3925,
2655.298,
266.9901,
2032, 
1159.917,
4373.607,
366.2797,
563.9839,
5721.859,
2290.629,
634.8703,
452.1461,
1380.847,
303.5203,
1441.613,
929.1089,
785.9104,
508.5425,
241.8971,
814.6594,
633.8848,
8299.797,
107.4333,
9943.504,
2531.085,
1535.426,
297.4455,
934.0328,
2722.509,
270.7747,
2033, 
1192.288,
4328.781,
375.1785,
582.9597,
6030.98,
2378.95,
638.7783,
482.8088,
1467.23,
307.9692,
1438.248,
933.5215,
798.3617,
523.8752,
247.0385,
842.7325,
651.8294,
8389.257,
109.3261,
10145.3,
2585.333,
1572.814,
293.021,
985.188,
2790.218,
275.1701,
2034, 
1232.727,
4284.887,
385.8906,
594.6685,
6360.681,
2470.227,
642.6577,
508.6208,
1552.836,
311.2609,
1433.927,
937.6477,
809.901,
539.176,
252.5635,
873.1162,
670.0323,
8479.569,
111.2355,
10341.54,
2634.614,
1611.414,
288.7521,
1038.325,
2857.708,
262.792,
2035, 
1279.188,
4260.456,
396.1598,
601.4203,
6718.848,
2564.93,
646.5423,
523.9716,
1668.169,
314.1493,
1429.48,
941.7946,
821.7947,
554.4956,
257.8183,
903.9532,
687.5906,
8569.652,
113.1687,
10529.7,
2685.447,
1649.704,
284.4044,
1091.187,
2925.666,
286.0341,
2036, 
1331.057,
4238.106,
406.3344,
601.3492,
7119.667,
2667.307,
652.5035,
525.8611,
1786.595,
316.8038,
1422.133,
942.7626,
831.7852,
565.7463,
262.5494,
930.3769,
706.1899,
8664.67,
114.7759,
10713.91,
2725.019,
1698.431,
280.0759,
1165.355,
2979.466,
262.7268,
2037, 
1385.271,
4226.945,
417.5921,
598.2454,
7525.815,
2798.976,
658.4165,
527.0995,
1932.237,
319.1829,
1412.449,
943.7137,
845.8746,
577.3069,
264.4958,
954.3975,
725.0923,
8760.235,
116.3978,
10886.14,
2765.039,
1722.14,
275.6648,
1249.098,
3032.869,
297.4855,
2038, 
1442.082,
4224.817,
431.1586,
593.3085,
7935.895,
2960.303,
664.2878,
528.4151,
2094.217,
324.1047,
1401.571,
944.4235,
860.9526,
589.2934,
264.226,
975.6707,
744.2073,
8859.801,
118.0358,
11053.33,
2800.179,
1748.506,
271.4397,
1332.337,
3085.92,
304.2302,
2039, 
1502.156,
4227.999,
452.2356,
588.0461,
8333.191,
3144.812,
670.1213,
531.495,
2284.757,
332.0555,
1390.23,
945.7451,
877.8708,
602.4592,
263.1021,
994.9153,
763.6356,
8957.564,
119.6874,
11228.21,
2835.699,
1775.881,
267.1675,
1405.986,
3139.422,
311.8995,
2040, 
1563.496,
4214.686,
479.9897,
584.1328,
8703.514,
3344.077,
675.9602,
536.4102,
2461.395,
342.3625,
1376.625,
947.1652,
894.9869,
616.2119,
261.7443,
1012.849,
783.304,
9053.303,
121.3543,
11399.41,
2869.204,
1805.974,
263.0534,
1463.285,
3200.874,
320.6973,
2041, 
1626.75,
4184.131,
506.0511,
583.7443,
9099.739,
3552.593,
678.7952,
549.5626,
2613.115,
353.4694,
1361.357,
945.5967,
906.6004,
631.2071,
258.9695,
1030.141,
798.1826,
9143.781,
122.7174,
11561.72,
2893.372,
1817.499,
261.4204,
1472.769,
3250.494,
281.6429,
2042, 
1690.761,
4153.442,
530.1273,
588.2687,
9487.436,
3724.231,
681.5503,
566.1943,
2756.768,
363.9576,
1345.12,
943.673,
915.0643,
644.9829,
256.4657,
1046.052,
813.2354,
9240.269,
124.097,
11732.08,
2910.709,
1857.103,
255.9816,
1461.625,
3306.338,
289.14,
2043, 
1752.637,
4122.583,
553.861,
594.8317,
9834.729,
3853.531,
684.3214,
584.0331,
2895.276,
370.4259,
1328.726,
941.2599,
923.4241,
657.8171,
254.1922,
1060.593,
828.4028,
9328.919,
125.4952,
11911.95,
2922.437,
1898.629,
248.3498,
1434.891,
3368.085,
351.0126,
2044, 
1815.015,
4091.917,
575.8145,
603.5245,
10175.27,
3950.982,
687.0873,
602.4809,
3019.194,
375.6447,
1312.401,
938.0068,
928.4341,
669.3633,
253.6545,
1074.846,
843.8989,
9412.847,
126.912,
12095.74,
2933.492,
1942.563,
239.6797,
1396.82,
3427.791,
326.9886,
2045, 
1877.327,
4060.929,
594.6525,
613.866,
10495.33,
4032.608,
689.8333,
619.8455,
3130.006,
380.961,
1297.715,
934.1651,
932.8428,
680.0593,
254.7367,
1089.978,
859.7079,
9496.685,
128.3504,
12295.24,
2948.656,
1989.181,
231.0472,
1355.469,
3467.428,
376.8689,
2046, 
1939.288,
4044.743,
613.4058,
621.7209,
10836.23,
4082.937,
693.9258,
623.1457,
3277.855,
387.0613,
1285.078,
928.6561,
938.5115,
689.1607,
256.9474,
1107.006,
875.0121,
9575.208,
130.2129,
12514.68,
2957.464,
2027.481,
224.2627,
1312.885,
3490.699,
369.8181,
2047, 
1998.496,
4037.6,
633.1677,
626.4735,
11138.55,
4122.071,
697.9883,
626.0226,
3434.883,
394.1802,
1272.916,
923.3373,
942.1296,
699.208,
259.0639,
1125.099,
890.6437,
9646.698,
132.0917,
12763.58,
2963.886,
2065.833,
219.2818,
1261.815,
3500.742,
398.2423,
2048, 
2059.852,
4046.273,
651.9073,
627.9722,
11420.36,
4165.113,
701.9455,
628.2904,
3591.657,
402.7418,
1262.209,
918.4688,
944.1862,
709.8077,
261.5591,
1144.355,
906.4865,
9731.14,
133.9824,
13034.42,
2969.401,
2103.679,
215.5654,
1208.235,
3493.065,
413.2459,
2049, 
2116.606,
4057.3,
664.9201,
625.7847,
11661.43,
4213.365,
705.7812,
629.9816,
3740.916,
409.7813,
1252.432,
913.5491,
949.6646,
720.3792,
263.3975,
1164.037,
922.4667,
9823.429,
135.8907,
13319.57,
2974.544,
2138.557,
213.5676,
1158.363,
3490.343,
436.0546,
2050, 
2173.138,
4071.776,
676.4139,
618.2901,
11862.32,
4285.954,
709.5804,
630.642,
3878.47,
415.0403,
1243.011,
908.5941,
958.6156,
731.1819,
264.4398,
1183.974,
938.5457,
9915.574,
137.8122,
13613.16,
2978.088,
2171.252,
212.9056,
1110.165,
3492.499,
445.4314,
2051, 
2193.154,
4105.736,
680.3101,
607.3033,
11787.79,
4336.026,
712.2006,
620.5862,
3945.754,
420.8345,
1243.528,
903.2406,
969.369,
739.0881,
268.3496,
1202.538,
947.2012,
9965.238,
137.6064,
13651.45,
2960.614,
2167.875,
215.1844,
1081.33,
3492.376,
462.3579,
2052, 
2212.743,
4123.516,
682.1392,
595.9446,
11661.57,
4395.68,
714.7342,
610.3126,
4017.036,
426.32,
1244.806,
898.0881,
982.8324,
746.5652,
272.7764,
1220.572,
955.8112,
10011.59,
137.387,
13668.62,
2947.15,
2164.736,
215.527,
1058.281,
3497.871,
481.5983,
2053, 
2231.339,
4120.34,
683.6927,
586.5267,
11531.75,
4461.573,
717.2976,
600.3798,
4082.999,
431.4619,
1246.185,
892.8425,
998.2596,
754.217,
277.4468,
1238.432,
964.3246,
10050.53,
137.1555,
13679.14,
2940.904,
2163.593,
215.7528,
1043.415,
3501.112,
494.3842,
2054, 
2252.648,
4106.046,
685.5011,
578.5361,
11455.52,
4532.073,
719.7645,
590.7864,
4144.827,
434.5583,
1247.545,
887.6227,
1009.702,
762.1474,
281.7927,
1255.37,
972.8058,
10092.81,
136.9147,
13681.29,
2937.579,
2164.82,
216.0551,
1034.457,
3496.379,
506.0669,
2055, 
2277.625,
4081.319,
686.933,
573.6168,
11439.64,
4593.513,
722.1487,
573.2894,
4208.128,
436.776,
1249.134,
882.6602,
1018.117,
770.0597,
285.1365,
1271.848,
981.3132,
10140.25,
136.6686,
13679.27,
2936.45,
2169.079,
216.3254,
1032.178,
3486.114,
528.2195,
2056, 
2306.073,
4060.031,
693.3084,
572.6625,
11505.03,
4651.462,
723.4664,
535.5453,
4217.093,
437.6176,
1250.448,
877.7484,
1023.012,
778.7141,
287.9409,
1288.635,
989.2207,
10203.76,
136.3999,
13670.55,
2935.42,
2179.684,
215.2684,
1035.488,
3487.751,
545.3174,
2057, 
2337.691,
4043.03,
703.4216,
572.9467,
11687.33,
4718.887,
724.7747,
499.3701,
4221.491,
438.5804,
1252.626,
872.7859,
1024.931,
788.0992,
290.0564,
1305.339,
997.0733,
10271.53,
136.1298,
13670.51,
2938.017,
2194.89,
214.2894,
1044.004,
3486.383,
560.1551,
2058, 
2371.587,
4034.179,
716.6906,
574.5114,
11926.15,
4793.715,
726.1489,
462.2645,
4220.377,
439.1674,
1254.952,
868.1025,
1024.343,
797.1611,
291.7048,
1321.325,
1004.965,
10351.93,
135.8585,
13676.32,
2941.628,
2213.191,
213.2218,
1056.239,
3482.105,
564.5545,
2059, 
2408.917,
4037.705,
732.9827,
578.8309,
12176.6,
4872.689,
727.4125,
426.235,
4222.169,
441.38,
1257.134,
864.1577,
1020.254,
806.155,
294.2914,
1337.729,
1012.843,
10442.13,
135.5859,
13695.57,
2951.342,
2235.435,
212.2585,
1073.992,
3482.208,
576.2618,
2060, 
2446.252,
4055.262,
751.4731,
584.4938,
12453.67,
4959.954,
728.6788,
390.1873,
4227.851,
444.4391,
1259.523,
866.5962,
1016.177,
815.1084,
298.6108,
1355.198,
1020.821,
10541.19,
135.3127,
13723.54,
2965.023,
2258.132,
211.1877,
1094.58,
3485.954,
588.1542,
2061, 
2482.276,
4090.058,
770.0649,
590.2368,
12699.02,
5045.747,
724.3923,
335.8657,
4194.152,
450.3546,
1260.888,
859.6735,
1003.815,
822.6204,
303.351,
1371.797,
1024.047,
10625.17,
135.4854,
13746.51,
2970.326,
2274.43,
210.7127,
1117.544,
3504.985,
596.7339,
2062, 
2518.119,
4132.854,
788.6128,
595.5903,
12934.02,
5125.928,
720.071,
281.698,
4192.925,
456.3365,
1261.992,
852.8988,
992.2829,
829.8906,
308.4275,
1389.705,
1027.517,
10701.41,
135.6566,
13772.12,
2978.351,
2290.331,
210.2379,
1149.172,
3534.16,
606.0547,
2063, 
2557.651,
4181.86,
806.0394,
601.1234,
13179.47,
5202.904,
715.7539,
228.1371,
4190.633,
462.7818,
1262.731,
845.8808,
980.8444,
836.7366,
313.4455,
1408.839,
1030.269,
10779,
135.8281,
13793.92,
2980.394,
2300.495,
209.6403,
1183.497,
3573.651,
619.2373,
2064, 
2599.181,
4232.494,
822.0549,
604.5978,
13407.77,
5272.287,
711.5388,
174.7229,
4193.899,
469.7866,
1263.321,
838.7498,
974.011,
843.2484,
317.2503,
1429.136,
1033.906,
10836.71,
135.9992,
13819.13,
2988.266,
2307.823,
209.1449,
1220.155,
3620.964,
633.7948,
2065, 
2643.107,
4285.238,
841.2747,
606.8928,
13623.29,
5328.055,
707.2609,
119.2101,
4235.03,
477.1115,
1263.512,
832.5253,
968.4914,
850.01,
320.0992,
1450.081,
1036.467,
10890.5,
136.167,
13836.76,
2984.985,
2313.837,
208.553,
1259.679,
3673.308,
649.4854,
2066, 
2687.335,
4335.868,
864.8527,
608.6091,
13814.21,
5373.182,
708.6384,
57.14181,
4251.412,
491.5378,
1263.659,
827.9258,
961.4683,
856.329,
322.5626,
1472.444,
1042.433,
10929.75,
120.1974,
13848.18,
2987.784,
2320.616,
207.6305,
1301.59,
3724.321,
671.0988,
2067, 
2733.465,
4377.157,
889.2017,
614.2769,
14019.3,
5409.307,
710.0174,
0,
4261.371,
508.258,
1265.16,
823.835,
953.6309,
862.2019,
324.7126,
1493.651,
1048.913,
10974.98,
119.8016,
13836.43,
2983.066,
2323.754,
206.706,
1337.717,
3764.506,
683.9692,
2068, 
2776.354,
4405.842,
920.0564,
618.58,
14237.33,
5450.967,
711.4077,
0,
4296.436,
524.7732,
1268.107,
820.5128,
946.4824,
868.6278,
326.2959,
1512.909,
1054.415,
11003.99,
119.4022,
13803.16,
2975.393,
2335.961,
205.6592,
1366.106,
3795.961,
706.668,
2069, 
2816.885,
4423.955,
952.0602,
622.8383,
14465.22,
5492.602,
712.9263,
0,
4333.447,
539.6965,
1271.589,
817.2804,
941.3906,
875.7066,
327.7676,
1530.721,
1060.35,
11025.96,
119.0042,
13755.25,
2965.197,
2333.579,
204.7173,
1386.982,
3821.835,
726.4264,
2070, 
2856.101,
4432.467,
974.077,
627.3081,
14691.61,
5530.718,
714.3386,
0,
4345.719,
554.4053,
1277.673,
813.8624,
936.6314,
882.6337,
328.8763,
1546.412,
1066.265,
11032.19,
118.6038,
13688.79,
2962.819,
2339.911,
203.6754,
1400.515,
3844.437,
746.0224,
2071, 
2892.04,
4436.711,
985.4531,
630.2372,
14886.89,
5566.865,
715.8346,
0,
4316.331,
566.1429,
1287.074,
808.6473,
928.769,
889.4297,
329.2169,
1563.874,
1069.591,
11005.87,
134.2347,
13559.01,
2943.925,
2338.81,
202.4488,
1400.69,
3870.466,
758.505,
2072, 
2927.158,
4445.591,
992.8515,
629.8472,
15062.29,
5601.771,
717.3527,
0,
4309.345,
577.7667,
1296.697,
803.1641,
923.4193,
896.585,
330.0859,
1580.385,
1072.849,
10982.13,
134.3604,
13412.06,
2927.463,
2351.719,
201.2043,
1396.23,
3900.36,
773.1852,
2073, 
2959.583,
4463.454,
989.2148,
629.8202,
15211.26,
5620.358,
718.8538,
0,
4254.779,
590.9387,
1306.255,
797.776,
920.2352,
903.4966,
331.5704,
1598.04,
1076.05,
10956.06,
134.4853,
13253.72,
2912.208,
2347.049,
199.8415,
1391.695,
3931.229,
783.4999,
2074, 
2988.876,
4491.904,
979.1691,
629.8511,
15356.59,
5634.688,
720.3538,
0,
4184.4,
606.5757,
1316.283,
792.0953,
917.2896,
909.9846,
333.3177,
1616.175,
1079.281,
10938.71,
134.6104,
13068.74,
2886.935,
2340.554,
198.5984,
1390.261,
3961.544,
790.6914,
2075, 
3013.657,
4528.448,
967.42,
629.6556,
15487.69,
5646.342,
721.9499,
0,
4117.682,
622.2587,
1324.366,
786.348,
915.4695,
916.4824,
335.4253,
1635.145,
1082.436,
10928.68,
134.7337,
12878.16,
2859.111,
2326.432,
197.2426,
1379.953,
3990.914,
795.8199,
2076, 
3034.158,
4572.214,
953.3089,
629.6188,
15633.58,
5662.553,
721.6139,
0,
4096.958,
634.3257,
1331.055,
781.1324,
915.5646,
923.244,
338.215,
1656.134,
1081.945,
10930.49,
134.6919,
12700.61,
2831.261,
2310.006,
195.8794,
1374.108,
4014.178,
796.7102,
2077, 
3050.322,
4615.463,
931.3545,
628.6075,
15774.08,
5670.198,
721.3556,
0,
4012.76,
643.7448,
1336.803,
776.4451,
915.474,
930.4896,
341.127,
1678.46,
1081.443,
10930.7,
134.6523,
12535.94,
2802.832,
2278.99,
194.4171,
1368.948,
4036.545,
795.7108,
2078, 
3065.834,
4654.933,
907.6722,
628.1201,
15918.84,
5671.67,
721.0616,
0,
3991.947,
651.2086,
1342.001,
771.7943,
915.8864,
938.2634,
344.3163,
1699.931,
1080.862,
10933.49,
134.6105,
12386.44,
2779.138,
2253.008,
193.042,
1364.047,
4058.774,
793.8422,
2079, 
3081.384,
4684.567,
886.7033,
625.9835,
16072.88,
5669.014,
720.8044,
0,
3953.688,
650.4208,
1346.847,
767.0353,
915.8001,
946.3239,
347.5612,
1720.146,
1080.284,
10939.9,
134.5675,
12258.59,
2761.243,
2228.571,
191.6441,
1362.328,
4081.114,
792.245,
2080, 
3097.568,
4704.305,
871.5864,
623.946,
16245.54,
5666.146,
720.6385,
0,
3907.307,
645.0357,
1351.638,
762.1053,
915.0698,
954.7261,
350.9727,
1739.565,
1079.766,
10949.46,
134.5228,
12151.59,
2750.987,
2203.553,
190.1648,
1371.409,
4103.806,
791.9417,
2081, 
3112.796,
4720.254,
854.788,
622.5786,
16400.52,
5648.013,
727.4197,
0,
3868.294,
641.2803,
1356.112,
757.1804,
913.3651,
961.3286,
354.6288,
1762.182,
1078.477,
10958.17,
134.6395,
12051.38,
2739.721,
2187.034,
190.0228,
1383.802,
4120.625,
793.1742,
2082, 
3129.756,
4732.003,
848.1816,
622.7775,
16578.24,
5641.841,
734.1932,
0,
3812.016,
638.4281,
1361.509,
752.1439,
910.6089,
967.789,
358.3099,
1784.045,
1077.2,
10968.9,
134.7552,
11965.63,
2733.289,
2172.871,
189.805,
1396.947,
4137.741,
796.9537,
2083, 
3149.264,
4743.643,
847.3038,
623.5316,
16769.68,
5645.174,
740.981,
0,
3772.942,
636.8768,
1367.617,
746.8099,
906.8115,
974.4009,
361.8389,
1807.699,
1075.958,
10983.93,
134.8672,
11889.46,
2730.509,
2162.175,
189.6568,
1410.637,
4154.698,
803.1517,
2084, 
3170.134,
4758.462,
849.9515,
626.7092,
16977.57,
5656.666,
747.8473,
0,
3726.695,
643.7078,
1374.607,
741.6221,
903.3452,
981.1173,
365.3099,
1833.287,
1074.725,
11002.5,
134.9811,
11820.53,
2731.291,
2166.894,
189.4874,
1424.681,
4173.538,
810.9148,
2085, 
3193.269,
4780.992,
853.4764,
630.8351,
17193.47,
5673.408,
754.668,
0,
3687.046,
655.762,
1382.155,
736.431,
903.204,
987.8218,
368.45,
1860.691,
1073.44,
11027.75,
135.0932,
11765.05,
2730.261,
2170.178,
189.2579,
1438.95,
4193.765,
819.8499,
2086, 
3220.968,
4807.841,
861.2847,
634.4684,
17406.59,
5692.147,
758.5605,
0,
3657.754,
667.4335,
1389.45,
731.9802,
905.0482,
994.6583,
370.9552,
1890.148,
1073.104,
11064.06,
135.2694,
11725.83,
2727.534,
2173.486,
188.999,
1451.473,
4214.032,
829.1768,
2087, 
3250.747,
4839.947,
869.5128,
637.6981,
17616.19,
5711.219,
762.4064,
0,
3642.515,
678.6953,
1396.112,
727.7514,
909.0891,
1001.335,
373.1939,
1918.567,
1072.81,
11101.9,
135.4464,
11711.34,
2723.357,
2175.739,
188.6537,
1464.608,
4234.692,
836.8395,
2088, 
3282.522,
4873.509,
877.6177,
640.2401,
17812.6,
5730.208,
766.2675,
0,
3635.467,
692.0806,
1401.87,
723.5381,
914.6161,
1007.636,
375.1709,
1944.724,
1072.485,
11147.2,
135.6232,
11713.95,
2717.354,
2178.328,
188.3879,
1475.217,
4255.261,
845.2993,
2089, 
3315.442,
4908.704,
886.4493,
642.4005,
17996.67,
5748.441,
770.1381,
0,
3646.161,
707.0311,
1406.494,
719.3853,
919.6612,
1013.682,
378.6754,
1969.262,
1072.111,
11193.96,
135.8008,
11730.92,
2709.917,
2181.196,
188.1186,
1486.153,
4273.355,
854.3065,
2090, 
3350.394,
4942.431,
896.6646,
644.1589,
18170.61,
5765.516,
774.0233,
0,
3647.537,
723.3665,
1410.177,
715.4488,
920.8925,
1019.488,
383.3269,
1992.505,
1071.774,
11244.11,
135.977,
11754.09,
2701.412,
2185.133,
187.7448,
1494.518,
4289.484,
863.9133,
2091, 
3382.785,
4976.699,
908.4282,
645.051,
18303.25,
5770.486,
776.3824,
0,
3604.136,
739.4624,
1412.885,
712.3953,
923.0018,
1023.276,
389.7813,
2015.274,
1075.082,
11285.57,
136.2785,
11791.25,
2691.131,
2190.198,
187.1464,
1499.458,
4339.809,
869.7742,
2092, 
3415.962,
5009.627,
922.5011,
645.6656,
18425.4,
5775.656,
778.7116,
0,
3546.105,
756.5913,
1414.942,
708.8258,
925.0177,
1027.29,
397.7866,
2039.382,
1078.221,
11329.85,
136.5831,
11820.03,
2678.708,
2196.329,
186.4655,
1504.895,
4389.412,
876.3478,
2093, 
3448.762,
5041.279,
937.3671,
646.964,
18548.82,
5782.075,
781.0159,
0,
3486.483,
771.6874,
1416.757,
704.8142,
927.7739,
1031.527,
407.2335,
2063.257,
1081.202,
11369.58,
136.8855,
11842.7,
2664.038,
2202.998,
185.8507,
1514.665,
4438.744,
889.9792,
2094, 
3481.245,
5072.54,
951.2366,
648.5394,
18665.16,
5789.514,
783.325,
0,
3419.475,
785.0728,
1418.432,
700.7409,
934.3145,
1036.024,
416.0991,
2089.016,
1083.993,
11405.19,
137.1902,
11858.91,
2646.775,
2209.233,
185.1526,
1525.044,
4487.94,
896.7291,
2095, 
3512.901,
5104.249,
963.3357,
650.6715,
18777.75,
5804.369,
785.6469,
0,
3348.969,
797.058,
1419.97,
696.7457,
944.069,
1040.74,
424.727,
2113.539,
1086.678,
11432.99,
137.4942,
11869.01,
2628.75,
2213.665,
184.5112,
1539.238,
4537.063,
903.9532,
2096, 
3542.435,
5132.332,
972.1456,
652.8616,
18896.36,
5829.081,
787.7003,
0,
3287.133,
808.9664,
1422.661,
692.6135,
955.9555,
1046.426,
430.9507,
2139.869,
1087.039,
11470.43,
137.812,
11861.15,
2609.597,
2217.445,
184.1793,
1556.521,
4555.265,
912.4613,
2097, 
3569.105,
5162.435,
977.729,
654.9839,
19013.75,
5856.833,
789.8417,
0,
3228.4,
819.9666,
1424.779,
690.7542,
966.0109,
1051.98,
435.2806,
2163.831,
1090.076,
11510.53,
138.1327,
11841.6,
2589.229,
2220.137,
183.7587,
1572.071,
4573.58,
921.015,
2098, 
3590.604,
5196.832,
980.3723,
655.593,
19127.58,
5892.033,
791.9368,
0,
3161.678,
827.6357,
1426.66,
689.178,
973.4186,
1057.646,
438.4994,
2187.622,
1095.39,
11555.36,
138.4522,
11815.21,
2566.591,
2223.987,
183.4074,
1583.922,
4592.759,
929.1044,
2099, 
3607.852,
5236.538,
978.0681,
655.0706,
19242.85,
5929.816,
793.9827,
0,
3083.297,
833.649,
1428.422,
687.5321,
973.6978,
1063.632,
440.8925,
2209.416,
1102.798,
11607.14,
138.7741,
11782.78,
2544.59,
2227.05,
182.9805,
1592.683,
4612.827,
930.3408,
2100, 
3620.921,
5286.282,
971.8624,
653.243,
19349.27,
5965.673,
796.1215,
0,
3007.194,
838.5181,
1430.192,
686.0121,
967.8168,
1070.163,
440.3904,
2231.656,
1113.008,
11665.08,
139.0977,
11742.56,
2521.484,
2229.537,
182.6206,
1598.078,
4633.699,
922.197];
