real main.em.dem.agr.frt.Pprod2[27](t) = [1971, 
550114.1,
4036719,
212472.5,
12696.24,
319559.9,
52467.7,
501895.8,
19234.84,
0,
301224.6,
5599707,
1946482,
65061.39,
1088583,
606120.5,
1910239,
159314.5,
363092,
206405,
1406370,
88510.22,
0,
568590.1,
1085292,
3893.177,
85782.05,
2.118983e+07,
1972, 
648058.4,
4659998,
241188.5,
13207.01,
453923.2,
66697.68,
581177.8,
22288.35,
0,
365538,
5923586,
2070639,
83715.19,
1196178,
675843.3,
2106890,
177581.9,
359963.1,
218737.5,
1611371,
97602.53,
0,
616499.8,
1445605,
4601.752,
74035.09,
2.371493e+07,
1973, 
750560.5,
5108400,
269130.9,
15332.33,
382759.8,
68415.44,
586358.8,
21283.4,
0,
334634.2,
6269514,
2202055,
97544.21,
1303265,
728808.1,
2295711,
224851.6,
357613,
239892.8,
1860076,
107146.5,
0,
690585.4,
1476368,
4302.74,
83366.15,
2.547797e+07,
1974, 
734340.6,
4723858,
256640.7,
17245.88,
486233.3,
75982.76,
602335,
27660.53,
3.490046,
328935.1,
5462942,
2268949,
78353.55,
1459465,
793297,
2554826,
230128.2,
284958.7,
288132.2,
1611766,
114575.4,
12694.76,
621044.7,
944892.3,
7023.302,
76212.08,
2.406249e+07,
1975, 
729393.5,
5462645,
323428.6,
14642.61,
579316.3,
60334.2,
653585.9,
34684.2,
7.677585,
358372.2,
5315458,
2362909,
152980.5,
1767409,
933805.9,
3076876,
253538.5,
332861.7,
314793.8,
1680450,
111360.9,
23682.4,
568212.3,
1003068,
15654.85,
74855.3,
2.620433e+07,
1976, 
724755.5,
5967862,
278379.8,
15534.71,
814818.8,
75611.02,
728002.6,
41873.43,
10.13346,
374895,
5689489,
2482635,
277831.1,
1766693,
940361.9,
3085025,
235324.9,
432627.7,
271954,
1224648,
100024.1,
32084.64,
633333,
1210555,
23542.56,
78991.16,
2.750686e+07,
1977, 
846220.9,
5688811,
280138.7,
13946.82,
1038160,
75428.98,
797672.8,
32576.65,
12.61934,
356009.7,
5739775,
2594807,
351962.8,
1856404,
983450.1,
3238183,
247779.7,
525808.4,
363795.4,
1636859,
111220.5,
41160.99,
665701.8,
1434802,
39552.37,
76197.62,
2.903644e+07,
1978, 
820725.4,
6350938,
285246.3,
13765.15,
1092604,
80923.95,
806557.6,
28385,
13.07468,
407366.5,
6239752,
2692727,
479638.2,
1967257,
1028616,
3422977,
213172.7,
737921.8,
383113,
1178242,
131196.1,
64688.06,
684548.6,
1227755,
54052.59,
72977.2,
3.046516e+07,
1979, 
738174.8,
6337509,
258895.9,
12590.6,
1290240,
103424.9,
882251.4,
27793.44,
17.03583,
446940.6,
6286529,
2711507,
452123.2,
1974557,
1026319,
3447335,
324859.9,
708024.3,
430936.7,
1916392,
108718.4,
86694.88,
727208.1,
1246241,
70072.66,
61952.91,
3.167731e+07,
1980, 
746481.1,
6531338,
258902.6,
12844.18,
1644369,
99033.68,
967756.6,
29967.96,
30.99565,
468026.2,
5725247,
2532442,
386864.6,
1834920,
951533.3,
3198409,
364120.9,
798821.9,
442416.7,
2473984,
95015.45,
183317.7,
598146,
1082512,
84053.67,
83933.5,
3.159449e+07,
1981, 
700739.9,
6124725,
335594.6,
12751.36,
1154608,
81076.85,
983491.9,
27216.38,
49.54093,
561507.7,
5350928,
2769002,
421865.6,
1900482,
963859.9,
3297293,
334862,
885251.9,
474146,
2634707,
89210.64,
245517.3,
604549.4,
1024616,
95729.38,
76582.7,
3.115036e+07,
1982, 
673405.9,
5634106,
347902.7,
10902.65,
1127486,
84020.57,
1018644,
24802.43,
41.74059,
517040.6,
5296882,
2694477,
503619.6,
1944837,
970946.3,
3366166,
440736.4,
887735.1,
454014.3,
2685343,
81541.53,
368903.9,
613313.8,
901531.9,
119275,
65110.73,
3.083278e+07,
1983, 
687789,
6686155,
266396.6,
11251.16,
999533.7,
83299.41,
1126378,
22017.34,
56.88784,
403234.9,
5339905,
2884477,
617122.2,
2024071,
998140.9,
3504423,
500436.6,
1044945,
525773.8,
3042267,
87041.23,
369548.9,
644594.6,
857707.4,
139258.9,
64542.17,
3.293037e+07,
1984, 
687634.6,
6703804,
316012.9,
11573.9,
1496729,
100899.4,
1307214,
31287.57,
45.26182,
431743.3,
5055673,
2968465,
519773.9,
2028469,
1023534,
3641663,
573048.2,
1366293,
544056.4,
3063796,
91749.32,
422513,
624461.3,
820212.3,
148366.1,
55711.01,
3.403472e+07,
1985, 
605295.1,
6352325,
350081.8,
10925.63,
1219753,
111625.1,
1431003,
33385.68,
39.49941,
381578.6,
4811129,
2773784,
434436.4,
2242935,
1149176,
4162285,
617470.7,
1532588,
535220.3,
2262973,
103205.5,
465321,
569621.5,
713890.8,
153878.7,
64099.81,
3.308803e+07,
1986, 
570923.2,
6378930,
363034.4,
11443.69,
1510566,
126739.3,
1567618,
37215.68,
42.21505,
356319.1,
4703409,
2864817,
461126.7,
2375381,
1252073,
4590353,
631558.9,
1635527,
555912.8,
2283721,
116404.5,
525748.3,
562934,
673894.8,
171663.8,
58303.78,
3.438566e+07,
1987, 
544692.1,
6842110,
392435.6,
11774.25,
1447328,
136437.3,
1752265,
40872.27,
40.16344,
302724.7,
4541528,
2685783,
504914.3,
2363090,
1283850,
4757386,
706750.6,
1293518,
584029.4,
3393864,
119892.2,
535788.9,
548294.2,
734334.8,
165694.4,
63833.19,
3.575323e+07,
1988, 
511361.8,
7219438,
359656.9,
11257.25,
1311266,
129657.9,
1907741,
55165.45,
38.34657,
343034.8,
4334490,
2730229,
410946.6,
2299875,
1281645,
4817301,
797887.8,
1859062,
599761.9,
3909426,
153669.6,
595502.2,
496590.3,
654337.3,
168916.6,
61859.65,
3.702012e+07,
1989, 
491327.1,
7597817,
330497.1,
10371.2,
1101174,
106826.3,
1957733,
59461.96,
32.24147,
318943.6,
4129549,
2692146,
487935.3,
2122024,
1220307,
4660160,
851215.3,
2138289,
631132.1,
4000027,
157969.8,
581872.6,
475214,
640564.1,
170581.2,
57841.19,
3.699101e+07,
1990, 
450929.2,
7562129,
356241.8,
9502.354,
992335,
91315.24,
2052143,
68184.96,
24.98507,
308901.9,
3578041,
1810762,
493032,
1712583,
1292095,
4807959,
935920.2,
2213919,
605257.6,
4448922,
210899.8,
577431.4,
428862.9,
431406.5,
168909,
53542.94,
3.566125e+07,
1991, 
446379,
7861217,
370134.5,
8320.208,
1022763,
84864.13,
2157731,
75971.45,
15.09365,
299149.3,
3201115,
932570.3,
472435.3,
1394409,
1048484,
4092324,
838842.3,
2337348,
606101.3,
5549251,
212490,
578093.2,
410778.2,
463170.3,
164081.7,
54551.93,
3.468259e+07,
1992, 
448151,
7999608,
297561.3,
6190.735,
1051815,
78554.73,
2125589,
85366.05,
7.868356,
283730.8,
2783584,
856042.8,
486433.9,
670241.6,
739530.9,
2105258,
929224.3,
1985498,
563310.1,
5284309,
245013.2,
596785.3,
390656.3,
519817,
179421.5,
50299.01,
3.0762e+07,
1993, 
440294,
8045592,
322701.5,
6365.653,
1223908,
81530.3,
2167092,
105554.4,
0,
341198.7,
2615250,
790258.9,
562041.2,
380180.7,
577940.5,
1465293,
811259.9,
1842800,
558410.6,
4240969,
297921.8,
546458.8,
384038.8,
475042.1,
155477.7,
48633.93,
2.848621e+07,
1994, 
425681.5,
8034370,
354683.6,
5264.265,
1368852,
76554.35,
2237645,
58990.71,
0,
293598,
2629055,
790257.7,
318221.2,
152291.6,
254473.7,
1011146,
871549.6,
2081720,
479101.9,
5699275,
331333.8,
515996.3,
359258.9,
530467.2,
145790.8,
40881.56,
2.906646e+07,
1995, 
425454.5,
8236976,
161757.3,
6020.289,
1069558,
75794.48,
2330711,
61536.96,
0,
293330.3,
2460030,
923571.8,
416414.7,
143181,
237046,
1286575,
823381.8,
2105432,
485154.4,
7044262,
444352.5,
377877.5,
311353.2,
586764.2,
160231.9,
48398.47,
3.051516e+07,
1996, 
435245.5,
8210365,
248793.9,
5232.758,
1126839,
97132.58,
2363337,
46338.82,
0,
307952.3,
2546279,
970832.6,
417058.7,
151551.8,
296536.4,
1494333,
907320.8,
2213502,
463348.3,
6520766,
490230.6,
320149.4,
290273.3,
635710.7,
134605.9,
53911.38,
3.074765e+07,
1997, 
423779.6,
8324161,
189414,
5115.836,
1270228,
92969.03,
2508870,
48959.89,
0,
285152.1,
2367115,
955131.4,
429295.3,
127255.5,
222786.4,
1677521,
918258.6,
2973470,
480185.9,
7572034,
523647.2,
266139.4,
271739.7,
670039.4,
163072.1,
64070.53,
3.283041e+07,
1998, 
375628.1,
7795288,
195452.3,
3976.867,
1228900,
87787.12,
2475431,
50879.09,
0,
277494.9,
2269107,
939870.9,
509156,
105178.9,
210662.8,
1793796,
962269.5,
3191477,
436010.1,
7843675,
550402.7,
336189,
247815.1,
713692.7,
153661.8,
65077.87,
3.281888e+07,
1999, 
357952.4,
7681807,
180539.9,
3063.619,
1130478,
80723.64,
2499550,
48532.92,
0,
292270.7,
2164057,
915257.7,
465669.7,
52782.16,
200230.9,
1906505,
1024341,
3799485,
449414.7,
7505423,
592692.7,
295414.2,
241292.1,
778517.4,
193120.8,
70808.39,
3.292993e+07,
2000, 
316752,
7326098,
162919.1,
2465.815,
1189253,
75747.68,
2406677,
39200.32,
0,
255621.4,
1861065,
925548.6,
497054.4,
75073.89,
175588.9,
2092541,
1114987,
3436916,
403215.5,
7206836,
593537.6,
236642.9,
237557.3,
808152.5,
215761,
80813.59,
3.173602e+07,
2001, 
300100.1,
7514820,
173492.6,
1789.719,
1279469,
75849.32,
2432931,
36218.13,
0,
278716.5,
1762580,
1045776,
345311.8,
59972.64,
190484.5,
2326692,
1020178,
3611489,
347373.1,
7661961,
622267.2,
244438.9,
199674.5,
899349.9,
207134.3,
64500.75,
3.270257e+07,
2002, 
294940.8,
6817728,
125330.3,
476.1627,
1354927,
51998.84,
2356042,
33523.48,
0,
338847.6,
1692468,
1062456,
349162.1,
54324.12,
213658.7,
2433561,
1048270,
3378759,
384156.7,
8553289,
595182.4,
309557.1,
173797,
819208.3,
208932.9,
126580.6,
3.277718e+07,
2003, 
291982.5,
7250965,
76211.3,
0,
1665306,
63740.61,
2569521,
42543.62,
0,
278928.3,
1681127,
1117983,
405052.3,
38092.96,
170974.8,
2779933,
1124649,
3525317,
288386.7,
8974540,
714721.7,
283660.9,
197592.1,
845294.8,
201569.2,
112359.7,
3.470045e+07,
2004, 
253555.1,
7306143,
125943.5,
0,
1742590,
82525.81,
2693476,
38550.38,
181.1878,
308746.6,
1603624,
1155141,
437572.3,
54596.33,
192981,
2888092,
1240991,
3877279,
292605.7,
9921719,
783650.3,
339876.5,
194424.2,
845931.2,
248984.3,
82804.37,
3.671198e+07,
2005, 
265264.5,
6835847,
206688.8,
0,
1247912,
91712.98,
2564390,
27816.39,
265.2953,
232192.3,
1391457,
1169321,
447749.8,
73955.69,
130809.6,
2667546,
1345677,
4294394,
294712.8,
1.018212e+07,
640659.6,
351351.8,
186213.7,
801736,
310856.6,
72952.87,
3.58336e+07,
2006, 
195684.1,
6740809,
224867.4,
0,
1420366,
108307,
2563974,
27925.81,
392.2317,
274251.4,
1360445,
1105215,
453752,
124195.3,
124267.2,
2695907,
1592947,
4447944,
222153.2,
1.070805e+07,
658144.4,
385656.4,
176186.7,
737946.8,
362313.3,
73036.7,
3.678473e+07,
2007, 
281425.5,
6624531,
205421.9,
0,
1818511,
144643.8,
2591257,
15967.8,
711.3516,
257782.3,
1393648,
1202514,
386146.1,
166548,
120999.7,
2706534,
1525772,
4341840,
231708.8,
1.082141e+07,
717787.4,
387242.3,
168416,
746212.7,
231807.2,
42929.01,
3.713176e+07,
2008, 
226557.5,
5248630,
159998,
0,
1452601,
134419.8,
2302255,
9454.893,
889.8477,
231665.9,
742492.6,
980636.8,
245900.7,
186582.9,
116242.6,
2294242,
1322218,
4928938,
161180.5,
1.02553e+07,
678064.6,
306782,
124795.8,
608624.9,
236401.8,
36512.28,
3.299139e+07,
2009, 
231997.3,
6027872,
261598.2,
0,
1843149,
133070.1,
2435992,
6660.857,
1104.766,
243598.2,
937895.6,
949259.7,
468762.4,
207337.1,
91526.14,
2467939,
1277749,
5466343,
140794,
1.140335e+07,
671981.9,
302732.4,
127806.6,
512774.7,
380302.9,
24788.7,
3.661638e+07,
2010, 
265022.6,
6287956,
317417.3,
0,
1915484,
169866.3,
2718117,
7287.903,
1503.465,
216390.3,
987227.1,
985184.2,
410362.1,
238343.6,
96845.09,
2524796,
1213391,
5881376,
132986.6,
1.354131e+07,
660418.9,
334224.2,
130642.1,
615761.1,
397839.2,
24481.14,
4.007424e+07,
2011, 
300058.9,
6588663,
343972.4,
0,
2198562,
194768.7,
2820615,
5619.315,
1791.832,
229363.7,
982154.4,
933125.5,
368262.6,
243595.3,
81341.09,
2550129,
1263005,
5710428,
117715.5,
1.421825e+07,
524985.6,
422598.8,
134550.5,
665873.7,
447695.7,
19409.21,
4.136653e+07,
2012, 
313613.6,
6910433,
461943.8,
0,
2014869,
184965.4,
2716177,
4221.331,
2153.106,
226362.3,
1018652,
965941.6,
400548.3,
231741.6,
73158.05,
2372317,
1507503,
4678114,
125263.7,
1.477275e+07,
622524.8,
475903.7,
103282.5,
625595.9,
502132,
9079.256,
4.131924e+07,
2013, 
322608.7,
6842489,
485082.3,
0,
2180930,
201882.3,
2844939,
0,
2535.364,
221636,
1045183,
939480.1,
469106.2,
239982.5,
63140.5,
2364814,
1588158,
3880931,
87637.34,
1.437702e+07,
730650.2,
568831.1,
99768.13,
584029.6,
575947.1,
0,
4.071678e+07,
2014, 
383549.7,
6874888,
506459.3,
0,
2275218,
200671.4,
2940455,
0,
3464.786,
232850.5,
1095848,
893936.8,
442154,
227055.9,
68315.08,
2446717,
1660591,
3944448,
87701.38,
1.462784e+07,
696815.3,
582263.5,
109208.1,
663058.4,
591799.2,
0,
4.155531e+07,
2015, 
376287.7,
6650012,
555326.9,
0,
2067806,
182063.6,
2865768,
0,
2564.843,
225042.7,
1081027,
936550.7,
441544.9,
212958.8,
68373.36,
2399453,
1540434,
4097041,
85768.16,
1.444555e+07,
710174.5,
569981.6,
100687,
677051,
610062.7,
0,
4.090153e+07,
2016, 
370955.1,
6779581,
556921.6,
0,
2163039,
201062.5,
2962759,
0,
3041.494,
231739.6,
1034272,
954200.3,
441159.4,
219074.3,
71871.34,
2510675,
1600009,
4249839,
86071.41,
1.473875e+07,
730268.3,
627194.6,
103946.1,
674165.4,
660138.2,
0,
4.197074e+07,
2017, 
381463.3,
6790847,
551930.9,
0,
2270787,
209825.7,
3041822,
0,
3444.859,
229408.2,
988553.4,
957392.4,
447469.8,
226024.9,
74218.97,
2604637,
1667964,
4349655,
86942.26,
1.499147e+07,
745424.1,
653539.1,
107139.9,
648026.7,
685735.1,
0,
4.271372e+07,
2018, 
391184.6,
6839554,
549593.4,
0,
2372260,
215676.8,
3096804,
0,
3897.691,
237335.4,
941452.6,
974698.6,
450350.9,
230243.3,
76928.21,
2693787,
1725539,
4494631,
87601.14,
1.510071e+07,
752085.6,
681939.7,
106982.4,
616615.8,
708225.4,
0,
4.33481e+07,
2019, 
394070,
6661224,
542264.5,
0,
2505839,
222768.2,
3183602,
0,
4355.524,
249105.1,
911806.9,
978511,
453556.4,
234111.6,
78269.89,
2780309,
1790106,
4669791,
89187.41,
1.52742e+07,
767542.5,
714357.7,
107930.3,
583117.9,
723754.4,
0,
4.391978e+07,
2020, 
398522.7,
6544171,
533153.6,
0,
2607897,
229919,
3243929,
0,
4882.941,
249549.1,
872021.6,
983133.6,
453412.8,
239678.6,
80202.8,
2844966,
1857579,
4858288,
91034.16,
1.542259e+07,
775283.8,
736194.6,
108333.8,
502012.7,
736112.7,
0,
4.437286e+07,
2021, 
385949.7,
6527896,
526879.3,
0,
2614336,
231393.5,
3272494,
0,
5227.179,
248661.3,
836039.2,
979192.3,
467610.5,
233366.6,
82956.49,
2876858,
1879370,
4917289,
92093.43,
1.547712e+07,
774567.3,
760407.1,
107991.3,
501347,
752754.7,
0,
4.45518e+07,
2022, 
366846.1,
6533926,
520008.2,
0,
2601921,
231683.4,
3289607,
0,
5566.781,
249363,
797070.4,
972866.3,
479261.6,
225736.3,
85358.6,
2898650,
1889671,
4977497,
93077.67,
1.551339e+07,
772737.8,
783058,
107642.7,
500131,
768946.9,
0,
4.466402e+07,
2023, 
344643.9,
6567361,
513127.3,
0,
2570551,
231173,
3304229,
0,
6238.361,
251609.5,
755772.4,
965010.6,
488076.4,
217249.4,
87713.44,
2918016,
1899079,
5037235,
94046.25,
1.554562e+07,
770321.1,
804272.8,
107288.4,
498948.2,
784567.4,
0,
4.476215e+07,
2024, 
322185.5,
6621105,
506116,
0,
2518105,
229826.2,
3313921,
0,
7074.746,
255132,
713532.7,
955955.7,
495288.8,
208263.6,
90058.94,
2932947,
1905953,
5095959,
94981.62,
1.556967e+07,
766711,
823382,
106928.6,
495327.7,
799577,
0,
4.4828e+07,
2025, 
328557.8,
6429793,
508003.4,
0,
2991568,
264064.6,
3452932,
0,
7082.006,
366941.7,
857368.8,
983511.9,
568554.3,
253248.9,
124538.5,
3162077,
1899563,
5274652,
114761.8,
1.414348e+07,
815328.5,
716725.4,
92628.02,
594010.6,
787744.2,
0,
4.473713e+07,
2026, 
336989.7,
6489614,
516944.4,
0,
2852450,
270063.3,
3487621,
0,
7962.088,
371632.2,
839013.5,
986633.9,
569119.3,
258345,
127451.8,
3196177,
1941481,
5354211,
116640.6,
1.436998e+07,
841868.6,
734933.4,
91232.64,
583551.6,
818797.9,
0,
4.516271e+07,
2027, 
344875.9,
6529568,
525769.9,
0,
2702251,
276168.7,
3519317,
0,
8810.377,
376309.4,
821375.6,
989908.1,
569747,
262879.5,
130359.2,
3227781,
1979454,
5434302,
118508.4,
1.459786e+07,
865115.4,
753701.6,
89892.22,
573568.3,
850328.1,
0,
4.554785e+07,
2028, 
351421.8,
6561272,
533866.1,
0,
2557925,
282389.5,
3556908,
0,
9743.188,
382395.3,
803793.3,
993647.5,
570457.3,
267317.6,
133095.8,
3264365,
2020766,
5518338,
120424.5,
1.484371e+07,
886758.4,
789325.8,
88543.62,
568785.1,
882682.3,
0,
4.598793e+07,
2029, 
355948.3,
6588956,
542369.4,
0,
2441327,
289116.9,
3602520,
0,
10686.3,
389856,
786629.4,
997865.9,
565114.9,
271853.8,
135738.1,
3307777,
2066673,
5613185,
122407.7,
1.511427e+07,
907819.5,
826693,
87248.11,
568956.3,
913872.5,
0,
4.650688e+07,
2030, 
359061.8,
6621529,
552101.8,
0,
2371634,
296071.4,
3662055,
0,
11653.62,
397928,
768991.5,
1002591,
562919.9,
276508.6,
137529.8,
3363221,
2122019,
5712376,
124501.9,
1.543032e+07,
926123.7,
865669.6,
85930.35,
576289.6,
943953.8,
0,
4.717098e+07,
2031, 
365861.2,
6649798,
565671.2,
0,
2482370,
307261.7,
3763413,
0,
12488.47,
407006.1,
767270.9,
1010030,
572425.2,
284503.2,
138190.9,
3468467,
2188416,
5773901,
127023.8,
1.580223e+07,
941056,
886603.5,
84688.76,
601730.4,
967815.8,
0,
4.816822e+07,
2032, 
374289.3,
6680550,
579905,
0,
2610159,
319069.8,
3870467,
0,
13328.21,
416268.9,
765818.9,
1017328,
581735.3,
293145.3,
140083.7,
3581465,
2257953,
5836845,
129605.2,
1.619976e+07,
959256.4,
908415.1,
83454.71,
634071.2,
992312.9,
0,
4.924528e+07,
2033, 
384735,
6711722,
595841.3,
0,
2751172,
331372.3,
3980966,
0,
14162,
424432.2,
764031.4,
1024646,
590951.8,
301983.7,
143061.1,
3700686,
2329400,
5899758,
132228.5,
1.660766e+07,
979815.8,
930535.1,
82213.31,
668798.1,
1016992,
0,
5.036716e+07,
2034, 
397784,
6742061,
613427.5,
0,
2901573,
344086.6,
4088960,
0,
14988.28,
431351.8,
761736.3,
1031611,
599493.3,
310803.8,
146260.7,
3820100,
2399862,
5963270,
134851.4,
1.700521e+07,
998492.6,
953372.3,
81015.59,
704870.3,
1041591,
0,
5.148677e+07,
2035, 
412776.2,
6801990,
631508.6,
0,
3064959,
357278.2,
4211166,
0,
16101.5,
438363.3,
759373.7,
1038984,
608296.9,
319634.6,
149303.7,
3952115,
2476810,
6026621,
137595.4,
1.742215e+07,
1017758,
976026.2,
79795.74,
740755.6,
1066361,
0,
5.270572e+07,
2036, 
429513.8,
6858798,
649013.2,
0,
3247802,
371538.5,
4328148,
0,
17244.57,
444886.5,
755470.9,
1042979,
615692,
326120,
152043.5,
4073474,
2551135,
6093443,
139963.3,
1.782103e+07,
1032755,
1004855,
78581.3,
791104.8,
1085970,
0,
5.391156e+07,
2037, 
447007.9,
6941078,
668923.6,
0,
3433076,
389879.2,
4465116,
0,
18650.34,
451832.4,
750326.4,
1047504,
626121.1,
332784,
153170.7,
4209562,
2635819,
6160649,
142483.3,
1.824666e+07,
1047923,
1018882,
77343.66,
847954.4,
1105435,
0,
5.521818e+07,
2038, 
465339.9,
7034301,
691319.8,
0,
3620143,
412351.1,
4604723,
0,
20213.8,
461414.4,
744547.9,
1051860,
637281.9,
339693.5,
153014.5,
4345194,
2722061,
6230669,
145037.8,
1.867244e+07,
1061240,
1034481,
76158.23,
904461.1,
1124771,
0,
5.655271e+07,
2039, 
484724.9,
7138876,
721785.9,
0,
3801379,
438051.9,
4752765,
0,
22052.93,
474320.6,
738523,
1057059,
649804.8,
347282.8,
152363.6,
4486043,
2812869,
6299421,
147663.8,
1.912229e+07,
1074702,
1050677,
74959.56,
954458.1,
1144272,
0,
5.794634e+07,
2040, 
504518.8,
7225256,
758771.8,
0,
3970310,
465808.3,
4898429,
0,
23757.88,
489500.1,
731295.8,
1062291,
662474.3,
355210.5,
151577.3,
4623544,
2902721,
6366749,
150288.9,
1.956385e+07,
1087400,
1068482,
73805.28,
993355.5,
1166670,
0,
5.929606e+07,
2041, 
524929.7,
7283887,
793091.8,
0,
4151058,
494853.2,
5026350,
0,
25222.31,
504965.7,
723184.9,
1064133,
671070.6,
363854.4,
149970.4,
4747798,
2980385,
6430379,
152509.1,
1.996803e+07,
1096560,
1075300,
73347.11,
999793.9,
1184756,
0,
6.048542e+07,
2042, 
545585.4,
7344189,
825593.8,
0,
4327914,
518761.3,
5156725,
0,
26608.88,
519900.9,
714559.8,
1065689,
677335.7,
371795.3,
148520.4,
4872838,
3059495,
6498233,
154763.2,
2.038514e+07,
1103130,
1098731,
71821.12,
992228.5,
1205110,
0,
6.168467e+07,
2043, 
565551.7,
7402157,
857553.1,
0,
4486340,
536771.9,
5284080,
0,
27945.78,
530710.6,
705850.6,
1066673,
683523.6,
379193.5,
147203.8,
4993913,
3137196,
6560577,
157015.1,
2.080591e+07,
1107575,
1123300,
69679.85,
974080.2,
1227616,
0,
6.283041e+07,
2044, 
585680.3,
7441514,
885990.7,
0,
4641685,
550346.2,
5385056,
0,
29141.86,
539351.6,
697178.3,
1066097,
687232.1,
385849.2,
146892.5,
5092148,
3201988,
6619599,
159105,
2.117959e+07,
1111765,
1149293,
67247.28,
948236,
1249378,
0,
6.382036e+07,
2045, 
605787.6,
7484359,
911665.8,
0,
4787687,
561716.2,
5491357,
0,
30211.44,
548276.4,
689376.8,
1065079,
690495.4,
392014.8,
147519.2,
5195830,
3269775,
6678558,
161253,
2.157932e+07,
1117512,
1176873,
64825.24,
920164.7,
1263825,
0,
6.483348e+07,
2046, 
625781.6,
7532302,
936357.4,
0,
4943197,
568726.7,
5585392,
0,
31638.51,
557511,
682663.8,
1062022,
694691.4,
397261.3,
148799.4,
5289770,
3330225,
6733780,
163731.8,
2.197268e+07,
1120850,
1199533,
62921.72,
891256.3,
1272307,
0,
6.58034e+07,
2047, 
644887,
7588625,
961996.4,
0,
5081111,
574177.8,
5678470,
0,
33154.18,
567731.6,
676203.1,
1059130,
697369.5,
403052.9,
150025.1,
5383981,
3390536,
6784055,
166220.5,
2.239369e+07,
1123284,
1222224,
61524.2,
856587.4,
1275967,
0,
6.6774e+07,
2048, 
664686,
7656422,
986211.1,
0,
5209662,
580173.3,
5765352,
0,
34667.39,
579182.9,
670515.3,
1056523,
698891.8,
409163.1,
151470,
5474148,
3448003,
6843439,
168679.5,
2.282487e+07,
1125374,
1244615,
60481.5,
820213.9,
1273169,
0,
6.774591e+07,
2049, 
682999.6,
7724190,
1004478,
0,
5319634,
586894.5,
5848770,
0,
36108.06,
588995.5,
665321.4,
1053773,
702947,
415256.9,
152534.7,
5561881,
3503928,
6908342,
171133.2,
2.32639e+07,
1127323,
1265250,
59920.98,
786358.4,
1272177,
0,
6.870211e+07,
2050, 
701241.7,
7791395,
1020855,
0,
5411274,
597005.6,
5926523,
0,
37435.77,
596831.6,
660317.1,
1050834,
709572.6,
421484,
153138.3,
5645057,
3557127,
6973143,
173561.4,
2.370048e+07,
1128666,
1284593,
59735.24,
753638.9,
1272963,
0,
6.962687e+07,
2051, 
707700.5,
7836660,
1025798,
0,
5377275,
603980.3,
5945000,
0,
38085.21,
603178.3,
660591.6,
1045913,
717532.3,
426041.5,
155402.5,
5677180,
3573741,
7008070,
173464.3,
2.376943e+07,
1122044,
1282596,
60374.61,
734064.6,
1272918,
0,
6.981704e+07,
2052, 
714021.6,
7864672,
1028574,
0,
5319695,
612289.8,
5961884,
0,
38773.23,
609163.9,
661270.7,
1041152,
727498,
430351.7,
157966,
5707487,
3589555,
7040663,
173343.2,
2.381435e+07,
1116941,
1280739,
60470.73,
718417.3,
1274921,
0,
6.99442e+07,
2053, 
720022.2,
7871486,
1031053,
0,
5260477,
621468.3,
5978458,
0,
39409.92,
614793.9,
662003.1,
1036288,
738917.3,
434762.4,
160670.7,
5737327,
3605101,
7068049,
173207.7,
2.385197e+07,
1114574,
1280062,
60534.09,
708325.6,
1276102,
0,
7.004506e+07,
2054, 
726898.6,
7871497,
1034186,
0,
5225700,
631288.4,
6000989,
0,
40006.7,
618589.6,
662725.6,
1031616,
747387,
439333.9,
163187.4,
5771422,
3623652,
7097787,
173104.4,
2.389291e+07,
1113314,
1280788,
60618.89,
702244.2,
1274377,
0,
7.018362e+07,
2055, 
734958.4,
7866102,
1037408,
0,
5218456,
639846.6,
6030487,
0,
40617.69,
621752.1,
663569.4,
1027392,
753616,
443894.8,
165123.8,
5811086,
3645770,
7131145,
173044.1,
2.394332e+07,
1112886,
1283308,
60694.74,
700697.7,
1270635,
0,
7.037581e+07,
2056, 
744137.8,
7861825,
1045359,
0,
5248286,
647918.6,
6055664,
0,
40704.22,
623425.1,
664267.9,
1023131,
757238.9,
448883.6,
166747.9,
5848275,
3665653,
7175810,
172938.8,
2.398073e+07,
1112495,
1289582,
60398.16,
702944.3,
1271232,
0,
7.060765e+07,
2057, 
754340.6,
7872210,
1058008,
0,
5331449,
657310.4,
6095382,
0,
40746.67,
625726.4,
665424.9,
1019216,
758659.8,
454293.6,
167973,
5897824,
3692785,
7223472,
172932,
2.405496e+07,
1113479,
1298579,
60123.48,
708725.6,
1270733,
0,
7.099435e+07,
2058, 
765278.5,
7894506,
1074161,
0,
5440392,
667733.5,
6140441,
0,
40735.92,
627835.6,
666660.3,
1015723,
758224.4,
459517.2,
168927.5,
5951166,
3722604,
7280008,
172960,
2.414523e+07,
1114848,
1309406,
59823.96,
717031.3,
1269174,
0,
7.146239e+07,
2059, 
777324.4,
7934530,
1093833,
0,
5554637,
678734,
6192895,
0,
40753.22,
631831.9,
667819.3,
1013174,
755197.8,
464701.7,
170425.5,
6011342,
3756176,
7343444,
173038.2,
2.426346e+07,
1118530,
1322567,
59553.68,
729082.6,
1269212,
0,
7.202226e+07,
2060, 
789371.9,
7993610,
1116168,
0,
5681030,
690889.4,
6252399,
0,
40808.05,
636920.4,
669088.8,
1017201,
752179.8,
469862.8,
172926.8,
6078611,
3793385,
7413106,
173164.1,
2.440404e+07,
1123715,
1335995,
59253.25,
743059,
1270577,
0,
7.267736e+07,
2061, 
800996.3,
8058223,
1137521,
0,
5792953,
702839.8,
6289934,
0,
40482.8,
644293.3,
669813.4,
1011418,
743029.5,
474193,
175671.9,
6130972,
3817603,
7472169,
173623.4,
2.450788e+07,
1125725,
1345638,
59119.96,
758648.1,
1277514,
0,
7.321026e+07,
2062, 
812562.3,
8135094,
1159224,
0,
5900153,
714008.6,
6333403,
0,
40470.95,
651940.5,
670399.9,
1005947,
734493.3,
478383.9,
178611.7,
6189747,
3845061,
7525781,
174122.1,
2.462589e+07,
1128766,
1355045,
58986.75,
780119.3,
1288148,
0,
7.378636e+07,
2063, 
825318.8,
8219608,
1179939,
0,
6012120,
724730.8,
6378889,
0,
40448.82,
660121.2,
670792.4,
1000286,
726026.4,
482330.2,
181517.7,
6251468,
3872811,
7580351,
174634.9,
2.474399e+07,
1129540,
1361059,
58819.08,
803420.8,
1302542,
0,
7.438077e+07,
2064, 
838720,
8304820,
1199157,
0,
6116265,
734395.4,
6423171,
0,
40480.35,
668816,
671106.1,
994477.7,
720968.3,
486083.9,
183721,
6313236,
3900791,
7620935,
175138.2,
2.486297e+07,
1132523,
1365394,
58680.07,
828306.3,
1319786,
0,
7.495994e+07,
2065, 
852894.3,
8394028,
1221753,
0,
6214581,
742163.6,
6470035,
0,
40877.36,
677922.9,
671207.3,
989647.6,
716882.7,
489981.6,
185370.9,
6377913,
3929022,
7658764,
175656.5,
2.497949e+07,
1131280,
1368952,
58514.01,
855137.2,
1338865,
0,
7.554094e+07,
2066, 
867166.1,
8474272,
1248073,
0,
6301673,
748449.4,
6512948,
0,
41035.48,
693796.6,
671285.6,
986180.6,
711684.1,
493624.1,
186797.4,
6435793,
3955836,
7686363,
159971.5,
2.507122e+07,
1132341,
1372963,
58255.18,
883588.6,
1357458,
0,
7.605077e+07,
2067, 
882051.6,
8542678,
1274934,
0,
6395228,
753481.4,
6552360,
0,
41131.6,
711842.1,
672082.8,
983126.7,
705882.8,
497009.5,
188042.5,
6489524,
3981407,
7718173,
159836.4,
2.513301e+07,
1130553,
1374819,
57995.8,
908113.3,
1372105,
0,
7.652538e+07,
2068, 
895891.1,
8610949,
1309454,
0,
6494689,
759284.4,
6609271,
0,
41470.05,
730292.1,
673648.6,
981318.3,
700591.5,
500713.7,
188959.4,
6556258,
4014777,
7738571,
159817.4,
2.520709e+07,
1127645,
1382041,
57702.09,
927385.8,
1383570,
0,
7.705139e+07,
2069, 
908969.9,
8667012,
1344972,
0,
6598647,
765083.8,
6664015,
0,
41827.29,
747070.1,
675498.4,
979537.1,
696822.6,
504794.2,
189811.7,
6619584,
4047427,
7754024,
159784.1,
2.52621e+07,
1123780,
1380632,
57437.81,
941557.1,
1393001,
0,
7.752338e+07,
2070, 
921624.4,
8709468,
1370132,
0,
6701921,
770393.1,
6713036,
0,
41945.75,
763437.8,
678730.2,
977417.2,
693299.8,
508787.2,
190453.7,
6675985,
4077239,
7758406,
159710,
2.52877e+07,
1122879,
1384378,
57145.5,
950744,
1401239,
0,
7.791606e+07,
2071, 
933221.3,
8734395,
1383423,
0,
6791001,
775428.3,
6743541,
0,
41662.09,
776186.4,
683724,
972993,
687480,
512704.7,
190651,
6718254,
4095126,
7739897,
175539.6,
2.521401e+07,
1115719,
1383727,
56801.34,
950862.8,
1410726,
0,
7.808706e+07,
2072, 
944553.4,
8766555,
1392977,
0,
6871015,
780290.4,
6777711,
0,
41594.66,
788947.9,
688836.4,
968400.1,
683520,
516829.3,
191154.3,
6762685,
4114772,
7723198,
175889.2,
2.513019e+07,
1109480,
1391364,
56452.18,
947835.4,
1421622,
0,
7.824587e+07,
2073, 
955016.8,
8795586,
1390375,
0,
6938968,
782879.5,
6794875,
0,
41067.98,
802665.8,
693913.4,
963439,
681163.2,
520813.5,
192013.9,
6793734,
4125836,
7704864,
176121.3,
2.500213e+07,
1103698,
1388602,
56069.8,
944756.6,
1432873,
0,
7.828146e+07,
2074, 
964469.3,
8831052,
1380979,
0,
7005265,
784875.6,
6806216,
0,
40388.67,
818645.6,
699240.8,
958026.7,
678982.8,
524553.4,
193025.8,
6820284,
4134006,
7692662,
176313.9,
2.483618e+07,
1094120,
1384759,
55721.03,
943782.9,
1443922,
0,
7.826747e+07,
2075, 
972465.5,
8872075,
1369645,
0,
7065069,
786498.8,
6814094,
0,
39744.68,
834547.5,
703534.8,
952450.6,
677635.6,
528299,
194246.3,
6844627,
4140314,
7685612,
176480.3,
2.465775e+07,
1083575,
1376404,
55340.64,
936785.7,
1454627,
0,
7.822182e+07,
2076, 
979081.1,
8927381,
1356602,
0,
7131623,
788756.9,
6829944,
0,
39544.66,
847178.6,
707087.9,
947676.3,
677706,
532196.7,
195861.8,
6879455,
4147948,
7686882,
176549.4,
2.45115e+07,
1073020,
1366686,
54958.18,
932817.8,
1463107,
0,
7.825356e+07,
2077, 
984296.8,
8970180,
1334606,
0,
7195715,
789821.9,
6829053,
0,
38731.95,
856575.6,
710141.4,
942971.8,
677638.9,
536373.4,
197548.1,
6901241,
4147128,
7687033,
176505.4,
2.434561e+07,
1062246,
1348336,
54547.89,
929315,
1471259,
0,
7.818687e+07,
2078, 
989302.3,
9018221,
1311717,
0,
7261748,
790026.9,
6840781,
0,
38531.07,
864458.3,
712902.9,
938648.8,
677944.2,
540854.6,
199395.1,
6932992,
4152581,
7688995,
176546,
2.421934e+07,
1053266,
1332963,
54162.07,
925988.1,
1479361,
0,
7.820073e+07,
2079, 
994320.2,
9054913,
1291402,
0,
7332017,
789656.9,
6850424,
0,
38161.78,
864015.5,
715476.8,
934159.6,
677880.3,
545500.9,
201274.3,
6961673,
4156972,
7693504,
176570.8,
2.411064e+07,
1046484,
1318506,
53769.85,
924820.4,
1487504,
0,
7.821965e+07,
2080, 
999542.6,
9083489,
1277104,
0,
7410781,
789257.5,
6862653,
0,
37714.11,
859062.3,
718022.3,
929567.6,
677339.8,
550344.3,
203249.9,
6991691,
4162675,
7700225,
176611.1,
2.402761e+07,
1042597,
1303704,
53354.81,
930985.5,
1495775,
0,
7.828335e+07,
2081, 
1004456,
9106322,
1260943,
0,
7481478,
786731.6,
6879089,
0,
37337.55,
855643.4,
720398.9,
924905.9,
676077.9,
554150.3,
205367.1,
7022564,
4166233,
7706349,
176793.9,
2.394607e+07,
1038327,
1293931,
53314.97,
939398.6,
1501905,
0,
7.833778e+07,
2082, 
1009929,
9127162,
1255178,
0,
7562548,
785871.9,
6898613,
0,
36794.34,
853235.4,
723265.9,
920217.1,
674037.8,
557874.3,
207498.9,
7055330,
4171356,
7713899,
176997,
2.388497e+07,
1035890,
1285551,
53253.85,
948321.9,
1508143,
0,
7.844594e+07,
2083, 
1016224,
9153792,
1255688,
0,
7649879,
786336.2,
6926426,
0,
36417.19,
852416.8,
726510.5,
915456.3,
671226.9,
561685.8,
209542.5,
7096963,
4180667,
7724469,
177253.1,
2.384946e+07,
1034836,
1279223,
53212.29,
957615.8,
1514324,
0,
7.862962e+07,
2084, 
1022959,
9187092,
1260047,
0,
7744715,
787936.9,
6959212,
0,
35970.8,
860151.1,
730224,
910975.2,
668661.1,
565557.4,
211552.6,
7144716,
4192444,
7737523,
177544.6,
2.383064e+07,
1035132,
1282015,
53164.75,
967149.1,
1521191,
0,
7.888657e+07,
2085, 
1030424,
9231047,
1265556,
0,
7843201,
790268.9,
6996083,
0,
35588.1,
873252.4,
734233.4,
906603.4,
668556.6,
569422.1,
213371,
7197816,
4206243,
7755281,
177862.6,
2.383326e+07,
1034742,
1283958,
53100.37,
976835.8,
1528564,
0,
7.920527e+07,
2086, 
1039362,
9281448,
1275546,
0,
7940423,
792879.3,
7033008,
0,
35305.37,
886074.9,
738109,
903053.3,
669921.7,
573362.9,
214821.8,
7255520,
4222488,
7780820,
178265.1,
2.385791e+07,
1033709,
1285915,
53027.72,
985337.3,
1535950,
0,
7.957226e+07,
2087, 
1048971,
9338663,
1286099,
0,
8036033,
795535.8,
7072070,
0,
35158.29,
898563.9,
741647.9,
899784.7,
672912.8,
577211.7,
216118.2,
7314052,
4239870,
7807426,
178683.5,
2.391152e+07,
1032126,
1287248,
52930.85,
994254.1,
1543481,
0,
7.998036e+07,
2088, 
1059225,
9397671,
1296560,
0,
8125633,
798180.8,
7111622,
0,
35090.25,
913192.8,
744706.6,
896544.5,
677003.9,
580843.9,
217263.2,
7370729,
4257459,
7839283,
179104.8,
2.398314e+07,
1029851,
1288780,
52856.25,
1001456,
1550978,
0,
8.040717e+07,
2089, 
1069848,
9459592,
1307866,
0,
8209599,
800720.6,
7152976,
0,
35193.47,
929449.5,
747163.1,
893413.7,
680738.3,
584328.8,
219292.6,
7427320,
4275899,
7872173,
179539.3,
2.407259e+07,
1027032,
1290477,
52780.71,
1008880,
1557573,
0,
8.085444e+07,
2090, 
1081126,
9517744,
1320344,
0,
8288948,
803099,
7191118,
0,
35206.76,
946978.6,
749119.6,
890411.2,
681649.8,
587676.1,
221986.3,
7479856,
4292757,
7907436,
179950.2,
2.4162e+07,
1023809,
1292806,
52675.84,
1014559,
1563452,
0,
8.12847e+07,
2091, 
1091578,
9567189,
1333512,
0,
8349453,
803791.4,
7214763,
0,
34787.84,
963816.3,
750558.3,
887938.1,
683211.1,
589859.3,
225724.1,
7520827,
4306749,
7936592,
180397.6,
2.424031e+07,
1019912,
1295803,
52507.94,
1017912,
1581794,
0,
8.164898e+07,
2092, 
1102284,
9612650,
1348746,
0,
8405173,
804511.4,
7234671,
0,
34227.71,
981557.8,
751650.9,
884847.9,
684703.2,
592173.3,
230360,
7559967,
4318712,
7967734,
180822.7,
2.430308e+07,
1015204,
1299430,
52316.91,
1021603,
1599874,
0,
8.19863e+07,
2093, 
1112868,
9657835,
1364865,
0,
8461475,
805405.6,
7255956,
0,
33652.23,
997315.3,
752614.7,
881353.8,
686743.4,
594615.6,
235830.8,
7600072,
4331220,
7995674,
181255.2,
2.436246e+07,
1009644,
1303376,
52144.39,
1028235,
1617855,
0,
8.232246e+07,
2094, 
1123350,
9699953,
1379740,
0,
8514548,
806441.8,
7273492,
0,
33005.45,
1011231,
753504.4,
877695.6,
691584.8,
597208.1,
240964.8,
7638853,
4341654,
8020721,
181664.2,
2.440811e+07,
1003102,
1307064,
51948.54,
1035281,
1635786,
0,
8.26269e+07,
2095, 
1133565,
9742491,
1392842,
0,
8565907,
808510.9,
7291004,
0,
32324.92,
1023746,
754321.7,
874114.5,
698805.1,
599926.6,
245961.3,
7676364,
4351964,
8040270,
182072.3,
2.444757e+07,
996270.3,
1309686,
51768.57,
1044917,
1653690,
0,
8.29181e+07,
2096, 
1143095,
9781986,
1402709,
0,
8620013,
811953.2,
7309063,
0,
31728.06,
1036212,
755751.1,
870418.8,
707603.6,
603204.1,
249565.5,
7716381,
4360358,
8066598,
182499.8,
2.447066e+07,
989011.7,
1311923,
51675.45,
1056649,
1660325,
0,
8.318938e+07,
2097, 
1151701,
9823573,
1409355,
0,
8673564,
815818.9,
7327311,
0,
31161.16,
1047773,
756876.3,
868998.6,
715046.6,
606405.8,
252073,
7754116,
4371480,
8094801,
182930.8,
2.448225e+07,
981292.3,
1313516,
51557.45,
1067205,
1667000,
0,
8.344581e+07,
2098, 
1158639,
9868030,
1412930,
0,
8725488,
820722,
7343515,
0,
30517.14,
1055934,
757875.5,
867807.1,
720529.8,
609671.8,
253937,
7789972,
4383876,
8126325,
183347,
2.448315e+07,
972712.8,
1315793,
51458.89,
1075251,
1673991,
0,
8.368147e+07,
2099, 
1164204,
9915039,
1411302,
0,
8778073,
825984.9,
7355804,
0,
29760.6,
1062304,
758811.4,
866440.4,
720736.4,
613122.4,
255322.8,
7820525,
4396425,
8162740,
183739.1,
2.447052e+07,
964374.8,
1317605,
51339.11,
1081198,
1681305,
0,
8.388667e+07,
2100, 
1168421,
9969321,
1405517,
0,
8826621,
830979.7,
7364308,
0,
29026.04,
1067395,
759752.1,
865094.1,
716383.4,
616887.1,
255032,
7848208,
4409830,
8203485,
184106.3,
2.444261e+07,
955617.8,
1319077,
51238.12,
1084860,
1688913,
0,
8.406268e+07];
