real main.em.dem.hi.CE.Cement_Production[28](t) = [1971, 
8.317,
71.054,
7.520999,
5.215999,
9.803001,
14.936,
7.026,
3.428,
1.436,
5.861,
187.588,
41.77,
7.553,
1.94,
0,
100.331,
9.703,
14.931,
11.672,
32.187,
8.483,
0.487,
59.434,
5.586,
3.228,
2.222,
0,
621.713,
1972, 
9.091,
74.93,
8.753,
7.050999,
11.382,
15.606,
6.979,
3.822,
1.397,
6.112,
213.191,
45.894,
7.595,
1.952,
0,
104.299,
11.295,
15.785,
11.786,
36.019,
9.256001,
0.596,
66.292,
5.929,
3.102,
2.513,
0,
680.627,
1973, 
10.053,
77.576,
9.918,
7.588999,
13.398,
16.182,
6.846,
3.85,
1.411,
6.864,
206.852,
48.525,
8.946,
1.987,
0,
109.521,
10.994,
15.016,
13.975,
37.897,
11.17,
0.74,
78.12,
6.301,
3.464,
2.87,
0,
710.065,
1974, 
10.641,
73.558,
10.672,
7.624999,
15.187,
16.977,
7.144,
4.037,
1.451,
7.301,
203.452,
52.201,
8.94,
2.04,
0,
115.145,
13.005,
14.319,
14.842,
37.832,
10.829,
0.831,
73.108,
6.675,
3.863,
2.891,
0,
714.566,
1975, 
9.741,
62.13,
11.2,
7.123999,
16.391,
16.52,
7.791,
4.533,
1.419,
7.176,
192.852,
55.812,
10.833,
2.169,
0,
122.057,
14.87,
16.248,
17.129,
46.9937,
11.881,
1.077,
65.517,
6.292,
3.999,
2.667,
0,
714.4217,
1976, 
9.898,
67.581,
12.691,
7.634999,
18.675,
17.501,
7.991,
4.581,
1.513,
7.048,
198.166,
59.909,
12.154,
24.668,
0,
124.246,
15.867,
18.516,
18.873,
47.6281,
12.959,
1.81,
68.712,
6.162,
3.857,
1.775,
0,
770.4161,
1977, 
9.933,
72.629,
13.328,
7.535999,
21.123,
17.995,
8.849,
4.653,
1.77,
6.573,
203.119,
63.284,
13.39,
25.11467,
0,
127.056,
16.602,
19.173,
21.198,
56.7764,
13.686,
2.549,
73.138,
6.119,
3.928,
1.778,
0,
811.3,
1978, 
10.473,
77.546,
14.15,
8.235,
23.239,
19.139,
10.202,
4.846,
1.626,
6.823,
206.804,
66.265,
15.572,
24.61233,
0,
126.956,
18.953,
19.626,
22.133,
66.6375,
14.187,
3.649,
84.882,
5.952,
4.286,
1.749,
0,
858.5428,
1979, 
11.459,
76.648,
15.352,
8.558999,
24.871,
20.969,
13.056,
5.206,
1.652,
6.199,
209.948,
65.815,
13.573,
23.802,
0,
123.019,
23.557,
18.27,
24.413,
75.3604,
17.259,
4.432,
87.804,
5.981,
4.134,
1.757,
0,
883.0954,
1980, 
10.34,
68.241,
16.398,
8.938279,
27.194,
23.439,
14.922,
5.429,
1.80305,
7.125,
210.581,
71.827,
12.975,
23.71467,
4.2,
125.049,
26.268,
17.803,
23.612,
81.52399,
15.203,
5.259,
87.957,
6.057,
4.431,
1.672,
0,
901.962,
1981, 
10.152,
65.054,
18.173,
8.829503,
26.051,
23.459,
16.26,
6.641,
1.77682,
8.095,
204.569,
66.84,
15.043,
23.78933,
4.41925,
127.169,
31.741,
20.908,
23.617,
84.52,
16.272,
5.719,
84.82801,
6.553,
4.696,
1.869,
0,
907.0439,
1982, 
8.136,
57.475,
19.343,
8.506739,
25.644,
22.422,
16.086,
6.631,
1.60826,
8.08,
198.328,
75.157,
15.778,
24.054,
4.6385,
200.392,
34.413,
22.65,
25.887,
96.815,
17.921,
5.832,
80.686,
7.054,
4.644629,
1.73,
0,
989.9121,
1983, 
7.871,
63.927,
17.363,
8.913981,
20.87,
20.749,
18.043,
6.107,
1.599,
7.897,
198.173,
78.859,
13.595,
25.132,
13.49375,
208.56,
37.043,
25.261,
29.282,
110.132,
19.459,
8.095,
80.891,
6.262,
4.893568,
1.523,
0,
1033.994,
1984, 
9.386999,
70.452,
18.702,
8.833752,
19.497,
21.128,
22.488,
5.557,
1.568577,
8.084,
186.505,
82.269,
15.738,
26.015,
14.2401,
211.5,
43.223,
29.541,
28.413,
125.008,
19.517,
8.893001,
78.86,
5.617,
5.32135,
1.54,
0,
1067.898,
1985, 
10.192,
70.284,
20.255,
8.695295,
20.635,
21.206,
24.608,
6.944,
1.562796,
6.88,
176.347,
76.718,
17.581,
25.795,
15.051,
212.779,
44.516,
31.971,
28.509,
147.936,
17.98,
9.94,
72.847,
6.667,
5.57609,
1.65,
0,
1083.125,
1986, 
10.611,
71.112,
19.825,
9.727639,
25.252,
24.022,
22.808,
7.3322,
1.713959,
6.246,
176.827,
80.356,
20.004,
27.166,
16.889,
219.266,
42.843,
34.983,
31.53,
168.721,
18.707,
11.323,
71.264,
7.133278,
6.878,
1.924,
0,
1134.464,
1987, 
12.603,
67.38,
23.482,
10.28211,
25.468,
26.243,
26.097,
6.6949,
1.888073,
5.999,
181.316,
80.014,
21.98,
27.606,
17.332,
222.991,
45.763,
37.135,
34.946,
189.016,
20.774,
11.814,
71.551,
6.917004,
7.756,
2.074,
0,
1185.122,
1988, 
12.35,
71.544,
23.606,
9.706407,
25.329,
26.25486,
27.549,
7.6606,
1.816,
6.760001,
193.818,
82.502,
22.568,
28.16,
17.628,
225.236,
48.797,
41.136,
41.411,
212.831,
23.459,
13.118,
77.554,
7.058201,
8.302,
2.23,
0,
1258.384,
1989, 
12.591,
71.308,
24.21,
10.27073,
25.921,
23.293,
27.887,
7.945941,
2.309,
7.261,
202.05,
80.533,
23.704,
27.958,
18.42,
227.651,
54.065,
44.197,
47.12099,
212.949,
27.675,
14.788,
79.717,
7.755054,
8.279,
2.263,
0,
1292.122,
1990, 
11.745,
70.944,
24.683,
10.25889,
25.85,
23.45166,
30.144,
6.679068,
2.458,
6.563,
200.368,
72.992,
24.299,
27.275,
18.225,
222.811,
55.37,
46.17,
49.914,
211.96,
35.097,
14.786,
84.445,
7.357902,
8.611,
2.506,
0,
1294.964,
1991, 
9.372,
67.193,
25.208,
9.027902,
27.491,
24.69829,
32.726,
7.016109,
2.332,
6.147,
194.9965,
52.952,
26.029,
25.956,
17.003,
79.893,
46.29,
52.013,
55.167,
246.56,
39.188,
13.48,
89.564,
6.452879,
9.018,
2.836,
0,
1168.61,
1992, 
8.592,
69.585,
27.114,
9.19588,
23.902,
29.29976,
32.958,
7.428288,
2.466,
5.85,
185.845,
41.594,
28.455,
23.089,
14.963,
63.32,
52.276,
53.936,
61.444,
309.994,
42.915,
14.048,
88.252,
6.670589,
9.614,
2.404,
0,
1215.21,
1993, 
9.394001,
73.807,
28.725,
9.73794,
24.845,
40.0546,
30.214,
7.554194,
2.517,
6.135,
171.025,
37.99,
31.134,
17.03,
11.312,
51.022,
57.5946,
57.326,
64.313,
369.672,
50.609,
19.61,
88.046,
7.491562,
9.70181,
2.342,
0,
1279.203,
1994, 
10.584,
77.94801,
31.594,
10.56813,
25.229,
30.79477,
30.53,
6.448114,
2.478112,
7.068,
180.743,
41.162,
29.356,
12.962,
8.107,
37.898,
59.5058,
63.461,
69.088,
423.193,
57.7171,
24.564,
91.62401,
8.107636,
9.899,
2.014,
0,
1352.644,
1995, 
10.44,
76.906,
25.295,
10.925,
28.256,
33.93748,
32.42,
6.674058,
3.141187,
7.437,
178.958,
41.78201,
33.153,
8.911,
6.016,
36.949,
61.9665,
67.722,
73.101,
477.628,
64.9424,
23.136,
90.474,
7.7452,
9.767,
2.469,
0,
1420.152,
1996, 
11.1,
80.8,
25.4,
9.11,
34.6,
32.554,
37.57,
10.568,
2.827,
7.67,
172.793,
42.584,
35.2,
6.51,
4.345,
28.39,
50.613,
80,
74.3,
513.636,
57.774,
36.5,
94.5,
7.692,
10.709,
2.77,
0,
1470.515,
1997, 
11.7,
82.5,
27.5,
9.303,
38.1,
34.8,
39.03,
14.16,
2.73,
7.49,
176.439,
43.813,
36,
7.102001,
4.595,
27.331,
50.333,
80,
76.8,
516.542,
71.588,
41.2,
91.90001,
7.66,
10.831,
2.79,
0,
1512.237,
1998, 
12.1,
82.2,
27.7,
11.065,
40,
37.166,
38.49,
11.481,
3.176,
9.5,
196.397,
44.22,
38.2,
7.704,
4.577,
26.715,
43.822,
85,
63.8,
535.149,
53.49,
44,
81.3,
7.63,
10.706,
3.466,
0,
1519.054,
1999, 
12.6,
87.3,
29.4,
12.832,
40.3,
37.72,
41.56,
11.198,
3.075,
8.9,
195.813,
45,
34.4,
7.98,
5.336,
29.2,
44.518,
90,
64.2,
592.794,
67.355,
41.5,
80.1,
7.545,
11.282,
3.427,
0,
1605.335,
2000, 
12.6,
89.5,
31.7,
10.924,
39.2,
38.36,
45.01,
11.471,
3.194,
8.99,
201.394,
44.804,
35.8,
7.382,
4.52,
33.167,
51.709,
95,
67.4,
601.972,
64.405,
51.7,
81.09999,
8.545,
12.05,
3.029,
0,
1654.926,
2001, 
13,
90.4,
30,
11.049,
39.5,
38.45,
48.52,
12.555,
3.183,
9.17,
198.62,
41.374,
35,
7.8,
4.988999,
36.398,
54.939,
100,
57.16,
680.418,
67.202,
55.1,
76.6,
8.545,
12.445,
3.046,
0,
1735.463,
2002, 
13.2,
91.3,
31,
11.998,
38,
30.67,
48.22,
13.39,
3.223,
9.620001,
190.81,
41.409,
32.6,
9.61,
5.083,
39.203,
56.557,
100,
60.82,
724.548,
75.43,
61.6,
71.8,
8.7,
12.85,
2.658,
0,
1784.299,
2003, 
14.1,
94.3,
32,
13.334,
38,
33.07,
52.04,
13.445,
4.147,
10.2,
205.06,
44.314,
35.1,
11.645,
6.173,
42.739,
57.4,
100,
64.74,
880.65,
82.585,
64.5,
68.8,
9.15,
17.035,
3.419,
0,
1997.946,
2004, 
14.9,
98.99999,
35,
13.316,
34.4,
37.54,
55.12,
13.633,
4.529,
12,
209.57,
47.582,
38,
13.77,
6.684,
48.056,
62.533,
125,
59.93,
990.31,
93.211,
68.2,
67.4,
9.2,
17.39,
3.485,
0,
2179.759,
2005, 
14.3,
101,
37.5,
14.631,
36.7,
42.3,
59.49,
13.926,
5.305,
14.5,
209.482,
49.7,
42.8,
15.971,
6.873,
51.095,
68.981,
130,
57.1,
1090.012,
101.459,
66.6,
69.6,
9.269,
17.66,
3.535,
0,
2329.789,
2006, 
14,
99.7,
40,
15.314,
36.7,
45.28,
61.93,
16.177,
5.547,
13,
219.626,
55.181,
48,
18.037,
7.492,
57.395,
73.202,
155,
59.7,
1259.441,
101.86,
67,
69.9,
10.39,
18.175,
5.06,
0,
2573.107,
2007, 
14.5,
96.9,
40.7,
15.882,
46.4,
48.95,
63.95,
21.996,
5.838,
15.3,
231.62,
60.693,
48.8,
19.88,
8.1,
62.762,
86.86,
170,
63.13,
1369.18,
105.895,
77,
67.7,
10.979,
28.33,
5.295,
0,
2786.64,
2008, 
13.7,
87.60001,
40.1,
16.915,
46.5,
51.39,
78.46,
28.503,
7.118,
13.5,
200.297,
62.942,
51.4,
20.92,
9.04,
56.32,
89.5,
180,
58.12,
1407.57,
110.188,
81.4,
62.8,
10.743,
29.325,
5.47,
0,
2819.821,
2009, 
11,
64.9,
35.2,
14.762,
51.7,
49.98,
86.79,
27.251,
8.475,
11.8,
168.876,
49.868,
53,
14.78,
8.724,
46.927,
105.65,
180,
56.5,
1646.135,
115.564,
88,
54.8,
10.648,
33.425,
6.329,
0,
3001.084,
2010, 
12.4,
67.2,
34.5,
15.584,
59.1,
50.23,
85.26,
30.25,
11.03,
10.9,
162.47,
49.967,
62.7,
15.09,
8.988,
53.025,
109.31,
220,
53.6,
1896.623,
129.993,
83,
51.5,
10.358,
37.531,
6.847,
0,
3327.456,
2011, 
12,
68.6,
34.5,
14.596,
62.6,
50.08,
84.55,
29.462,
12.704,
11.2,
164.972,
52.527,
63.4,
16.5,
9.519,
58.912,
126.24,
270,
54.7,
2117.326,
133.828,
95,
51.3,
10.058,
43.338,
7.679,
0,
3655.591,
2012, 
12.465,
74.934,
36.184,
18.39,
69.323,
55.27501,
99.711,
34.5,
14.52,
11.56,
135.855,
46.49001,
63.879,
15.949,
17.691,
65.65,
187.953,
270,
53.308,
2228.272,
132.478,
52.55,
54.737,
9.915001,
50.777,
10.601,
0,
3822.967,
2013, 
11.611,
77.41499,
34.612,
18.588,
69.975,
59.163,
94.874,
40.283,
16.353,
12.168,
133.019,
44.352,
71.337,
16.064,
18.772,
70.849,
192.102,
280,
53.891,
2430.161,
138.998,
56.89,
57.962,
9.899999,
53.78099,
11.552,
0,
4074.672,
2014, 
11.879,
83.124,
36.597,
19.663,
71.254,
59.394,
104.917,
40.665,
18.186,
12.068,
131.91,
45.217,
71.239,
15.553,
21.27,
74.128,
193.043,
280,
53.723,
2509.493,
143.824,
56.96,
57.913,
10.394,
54.722,
13.937,
0,
4191.073,
2015, 
12.167,
84.94,
39.613,
19.827,
65.283,
60.062,
103.157,
43.019,
20.912,
12.992,
133.206,
46.395,
71.419,
14.194,
23.293,
66.963,
188.614,
260,
58.744,
2374.785,
158.639,
60.05,
54.827,
11.016,
64.29,
14.236,
0,
4062.643,
2016, 
11.693,
85.153,
40.577,
19.466,
57.557,
55.292,
105.928,
46.84,
22.622,
13,
135.046,
46.83101,
75.403,
14.501,
23.837,
59.321,
178.263,
280,
63.827,
2424.398,
164.924,
62.2,
53.255,
10.831,
70.756,
14.521,
0,
4136.042,
2017, 
12.706,
86.799,
41.601,
19.991,
54.004,
55.777,
124.553,
44.91,
23.252,
13.17,
136.163,
50.9,
80.55199,
14.609,
26.55,
60.09,
168.605,
283,
64.24,
2344.131,
172.963,
69.479,
55.195,
10.305,
75.794,
13.546,
0,
4102.885,
2018, 
13.554,
86.99999,
48.328,
19.209,
53.553,
53.00299,
102.7,
52.421,
23.35,
13.68,
138.733,
54.454,
72.544,
14.993,
27.588,
59.65,
173.253,
310,
57.923,
2249.513,
188.088,
75.413,
55.307,
10.879,
85.162,
14.813,
0,
4055.111,
2019, 
14,
88.1,
45.163,
18.628,
56.611,
53.091,
100.087,
57.746,
21.854,
12.726,
139.456,
56.943,
56.966,
15.258,
29.807,
64.436,
178.069,
334,
56.235,
2353.969,
207.594,
72.04,
53.462,
11.105,
88.543,
17.057,
0,
4202.946,
2020, 
14,
89.8,
47.833,
16.711,
61.052,
47.215,
90.375,
63.428,
24.867,
10.8,
137.154,
57.886,
72.299,
15.539,
31.519,
62.563,
193.587,
290,
53.208,
2391.468,
214.147,
62.83,
50.905,
10.72,
87.684,
17.504,
0,
4215.094,
2021, 
14,
91.3,
51.559,
18.552,
65.884,
57.598,
101.499,
69.572,
27.44,
12.5,
143.357,
59.388,
78.495,
17.009,
35.204,
66.584,
192.297,
350,
55.824,
2377.575,
227.432,
65.15,
50.083,
10.96,
97.859,
17.643,
0,
4354.764,
2022, 
15,
91.59999,
49.8,
18.761,
63.546,
60.309,
96.689,
70.41,
26.17,
12,
141.065,
57.383,
73.708,
11.6,
35.455,
67.772,
192.559,
380,
57.612,
2144.181,
236.292,
64.16,
53.2,
11.183,
94.53801,
18.001,
0,
4142.994,
2023, 
15.00213,
91.80143,
50.36988,
19.10359,
64.21992,
60.62674,
99.09476,
72.95004,
24.34295,
12.0753,
140.9146,
57.30318,
73.8171,
11.59638,
36.20898,
68.00972,
195.3284,
394.0075,
57.51315,
2149.265,
238.7161,
65.75532,
52.83342,
11.22193,
96.04131,
18.74605,
0,
4176.865,
2024, 
14.99761,
91.87483,
50.78965,
19.44444,
64.53495,
61.36569,
101.3085,
76.0386,
26.30039,
12.19018,
140.7438,
57.3084,
73.86806,
11.60261,
36.92377,
68.05357,
198.2953,
407.4336,
57.42725,
2152.904,
241.3295,
67.25389,
52.3873,
11.25746,
99.35658,
19.83841,
0,
4214.829,
2025, 
15.00178,
91.89874,
51.10259,
19.76715,
64.86781,
62.07921,
103.5845,
79.29137,
29.22801,
12.27894,
140.6271,
57.31668,
73.98984,
11.66947,
37.62916,
68.03719,
201.2059,
420.3992,
57.34694,
2155.638,
244.0191,
68.66048,
51.92867,
11.29759,
103.1683,
21.01075,
0,
4253.044,
2026, 
14.99573,
92.18264,
51.50805,
20.09674,
65.10143,
62.71298,
105.5667,
83.44861,
32.60482,
12.36339,
140.272,
57.14113,
74.06286,
11.90614,
38.17864,
67.95428,
203.7433,
433.0131,
57.15384,
2154.215,
246.3721,
69.92617,
51.46601,
11.44473,
108.4643,
22.83559,
0,
4288.73,
2027, 
14.99159,
92.38048,
51.86912,
20.38799,
65.28047,
63.25587,
107.1301,
87.44942,
35.84445,
12.43599,
139.8584,
56.92342,
74.17292,
12.12048,
38.68903,
67.81731,
206.1308,
444.2701,
56.94537,
2151.35,
248.5273,
71.04319,
51.00658,
11.57386,
113.3696,
24.57889,
0,
4319.403,
2028, 
14.9881,
92.50925,
52.18584,
20.64785,
65.40585,
63.71842,
108.5023,
91.24046,
38.94695,
12.4996,
139.3756,
56.65548,
74.2916,
12.31453,
39.15933,
67.62753,
208.3473,
454.31,
56.70715,
2146.709,
250.4596,
72.0329,
50.54345,
11.63779,
117.9188,
26.2523,
0,
4344.987,
2029, 
14.98451,
92.51139,
52.46142,
20.89016,
65.49419,
64.12329,
109.758,
94.87379,
41.93369,
12.55856,
138.8655,
56.3407,
74.4539,
12.26864,
39.58845,
67.38636,
210.3724,
463.2639,
56.44522,
2139.867,
252.1983,
72.91952,
50.09761,
11.59434,
122.172,
27.87001,
0,
4365.293,
2030, 
14.96363,
92.5076,
52.69079,
21.1244,
65.52845,
64.49509,
110.8976,
98.51267,
44.82043,
12.6162,
138.2583,
55.97436,
74.54451,
12.10945,
39.97435,
67.09547,
212.1674,
471.2306,
56.10313,
2130.328,
253.5809,
73.72955,
49.59232,
11.56044,
126.137,
29.43838,
0,
4379.981,
2031, 
14.85158,
91.75549,
52.59624,
21.21228,
65.24191,
64.46687,
111.6702,
103.9464,
48.5787,
12.62586,
136.6815,
55.2768,
74.38125,
11.85843,
40.14085,
66.49406,
212.7822,
476.1869,
55.46584,
2112.353,
253.645,
73.87589,
48.78985,
11.47462,
130.133,
31.50905,
0,
4377.994,
2032, 
14.72136,
91.04383,
52.45361,
21.28437,
64.90334,
64.38789,
112.2201,
109.0605,
52.08453,
12.63643,
135.0865,
54.53678,
73.91801,
11.56977,
40.25033,
65.84338,
213.0914,
480.0581,
54.75577,
2090.664,
253.2725,
73.97363,
47.95112,
11.39356,
133.7053,
33.43566,
0,
4368.302,
2033, 
14.61179,
90.35071,
52.27883,
21.35031,
64.51814,
64.2513,
112.2796,
113.661,
55.29447,
12.65752,
133.6591,
53.76458,
73.57977,
11.27004,
40.30247,
65.1466,
213.0766,
483.0076,
54.05244,
2064.797,
252.7416,
74.05437,
47.21811,
11.32206,
136.9341,
35.19908,
0,
4351.379,
2034, 
14.5165,
89.76662,
52.07118,
21.42109,
64.11652,
64.08927,
112.1372,
117.7789,
58.2466,
12.69338,
132.3655,
52.96711,
73.27193,
11.01546,
40.29617,
64.3515,
212.7108,
485.1593,
53.3301,
2034.382,
251.8683,
74.14618,
46.56622,
11.22779,
139.8696,
36.82755,
0,
4327.193,
2035, 
14.42108,
89.2835,
51.82629,
21.50387,
63.70796,
63.93007,
111.8072,
121.6352,
60.99099,
12.74689,
131.1489,
52.14053,
72.86754,
10.84462,
40.23138,
63.509,
211.9691,
486.6029,
52.56744,
1999.181,
250.588,
74.26665,
45.91698,
11.10459,
142.549,
38.35188,
0,
4295.692,
2036, 
14.33796,
88.8904,
51.53903,
21.64156,
63.38522,
63.8472,
111.4452,
126.7399,
64.65364,
12.86802,
130.1243,
51.27641,
72.32666,
10.7596,
40.09383,
62.64963,
210.6573,
487.7974,
51.77813,
1957.603,
248.6346,
74.43542,
45.29848,
10.98801,
145.9029,
40.40397,
0,
4260.078,
2037, 
14.26424,
88.58851,
51.21724,
21.79093,
63.06268,
63.75869,
110.7116,
131.4581,
67.98714,
13.00245,
129.2174,
50.38562,
71.62083,
10.7261,
39.89741,
61.75021,
208.9556,
488.2591,
51.0253,
1911.303,
246.1941,
74.63781,
44.75907,
10.90211,
148.9002,
42.3054,
0,
4216.68,
2038, 
14.21191,
88.36593,
50.86765,
21.95264,
62.74603,
63.68216,
109.7234,
135.7474,
71.02026,
13.15283,
128.451,
49.47499,
70.94735,
10.72406,
39.64463,
60.81594,
206.8735,
488.0795,
50.35342,
1860.521,
243.524,
74.88202,
44.40183,
10.8203,
151.5928,
44.05768,
0,
4166.634,
2039, 
14.16153,
88.21452,
50.48471,
22.12995,
62.43487,
63.6108,
108.6861,
139.653,
73.82204,
13.31658,
127.7656,
48.53932,
70.15041,
10.73146,
39.33828,
59.84887,
204.4219,
487.309,
49.37188,
1805.641,
240.4667,
75.16261,
44.1665,
10.7266,
154.0039,
45.67855,
0,
4109.836,
2040, 
14.11549,
88.11027,
50.07087,
22.31721,
62.14143,
63.53508,
107.5261,
143.1609,
76.40705,
13.49186,
127.1631,
47.5832,
69.26642,
10.73321,
38.98147,
58.85976,
201.6251,
485.9969,
48.32935,
1747.16,
237.0835,
75.47324,
43.77538,
10.63079,
156.1655,
47.17823,
0,
4046.881,
2041, 
14.08718,
88.00363,
49.62216,
22.52776,
61.88218,
63.44863,
106.2947,
147.7128,
79.75433,
13.70487,
126.7773,
46.61143,
68.37971,
10.72449,
38.56646,
57.8994,
198.3763,
484.1923,
47.25723,
1684.38,
233.3343,
75.75653,
43.36009,
10.52949,
158.747,
49.13534,
0,
3981.065,
2042, 
14.05577,
87.9006,
49.13837,
22.73581,
61.59563,
63.3191,
104.9871,
151.7559,
82.75344,
13.9158,
126.4922,
45.62226,
67.39178,
10.70843,
38.10821,
56.93429,
194.8456,
481.8069,
46.13917,
1619.309,
229.2947,
76.03722,
42.92876,
10.41243,
160.962,
50.92265,
0,
3910.073,
2043, 
14.01349,
87.80746,
48.61809,
22.93961,
61.28907,
63.17435,
103.6162,
155.4351,
85.45088,
14.12062,
126.2295,
44.61554,
66.26177,
10.68454,
37.61108,
55.96048,
191.0593,
478.8693,
44.96501,
1552.616,
224.9436,
76.29846,
42.45153,
10.29075,
162.8223,
52.55509,
0,
3834.699,
2044, 
13.95865,
87.75587,
48.06187,
23.13256,
60.94648,
63.01068,
102.155,
158.749,
87.86736,
14.31546,
125.8217,
43.59344,
65.00203,
10.65217,
37.07823,
54.97382,
187.0578,
475.402,
43.74327,
1484.956,
220.3187,
76.52386,
41.92561,
10.18343,
164.345,
54.04174,
0,
3755.572,
2045, 
13.88974,
87.74751,
47.47047,
23.30996,
60.56137,
62.81527,
100.6214,
161.6836,
90.02677,
14.49658,
125.3085,
42.55833,
63.62499,
10.61077,
36.51363,
53.96865,
182.8809,
471.4255,
42.4824,
1416.961,
215.4579,
76.69785,
41.34879,
10.09948,
165.543,
55.38658,
0,
3673.491,
2046, 
13.81385,
87.71629,
46.80864,
23.45758,
60.11311,
62.53817,
98.97066,
165.2986,
92.56828,
14.67086,
124.7416,
41.51569,
62.16249,
10.55276,
35.88023,
52.94729,
178.3705,
466.5797,
41.19762,
1347.623,
210.2563,
76.70777,
40.75967,
10.02639,
166.6796,
56.95907,
0,
3588.916,
2047, 
13.71909,
87.67369,
46.1124,
23.57484,
59.60475,
62.2001,
97.35197,
168.4098,
94.75813,
14.82077,
124.0471,
40.46393,
60.28127,
10.48521,
35.22383,
51.90566,
173.7674,
461.238,
39.88358,
1279.198,
204.8808,
76.63932,
40.10719,
9.950037,
167.4343,
58.32483,
0,
3502.056,
2048, 
13.69118,
87.40109,
45.41553,
23.63856,
58.96288,
61.72528,
95.51487,
170.7969,
96.52579,
14.95166,
123.6222,
39.44019,
59.13293,
10.35387,
34.54606,
50.82027,
169.1563,
455.4746,
38.81078,
1212.137,
200.196,
76.50322,
39.76948,
9.803765,
168.0227,
59.45617,
0,
3415.869,
2049, 
13.64152,
87.08435,
44.68627,
23.66418,
58.25911,
61.18519,
93.61145,
172.8222,
97.97377,
15.05392,
123.0369,
38.41254,
57.87485,
10.21253,
33.85179,
49.7183,
164.5133,
449.2581,
37.7176,
1146.815,
195.3841,
76.26868,
39.36269,
9.668542,
168.2608,
60.41832,
0,
3328.756,
2050, 
13.56889,
86.7214,
43.92596,
23.65005,
57.49576,
60.57835,
91.65469,
174.5046,
99.13371,
15.12621,
122.2793,
37.38013,
56.51516,
10.06126,
33.14404,
48.60185,
159.858,
442.6125,
36.6069,
1083.54,
190.463,
75.92949,
38.88424,
9.535871,
168.1623,
61.22099,
0,
3241.154,
2051, 
13.66613,
87.66093,
43.64557,
23.96396,
57.4623,
60.75093,
90.53146,
178.9063,
101.7792,
15.41426,
123.1494,
36.77372,
55.62701,
10.03563,
32.73519,
48.04092,
156.4731,
440.9344,
35.81871,
1026.397,
187.2351,
76.59784,
38.89264,
9.530258,
170.1354,
62.9455,
0,
3185.103,
2052, 
13.74998,
88.57465,
43.35362,
24.24819,
57.40161,
60.90704,
89.40803,
183.0206,
104.1982,
15.67667,
123.9016,
36.17429,
54.63996,
10.00305,
32.33088,
47.48249,
153.168,
439.018,
34.90889,
971.8993,
184.0389,
77.18271,
38.85957,
9.537848,
171.8726,
64.53089,
0,
3130.088,
2053, 
13.82132,
89.42442,
43.05068,
24.50015,
57.29672,
61.02374,
88.29068,
186.8142,
106.3929,
15.91302,
124.5361,
35.58245,
53.79031,
9.963397,
31.93172,
46.92564,
149.9517,
436.8718,
33.95959,
920.1358,
180.7772,
77.68051,
38.7908,
9.54917,
173.3888,
65.98679,
0,
3076.35,
2054, 
13.88134,
90.17955,
42.73751,
24.7177,
57.1476,
61.08908,
87.1844,
190.2974,
108.3816,
16.12331,
125.0562,
34.99885,
53.11379,
9.916703,
31.53846,
46.36973,
146.8411,
434.5056,
33.03615,
871.1457,
177.5101,
78.0896,
38.69288,
9.55408,
174.6984,
67.32041,
0,
3024.127,
2055, 
13.92986,
90.83701,
42.41441,
24.90104,
56.9553,
61.10335,
86.09311,
193.492,
110.1809,
16.30768,
125.4598,
34.42343,
52.61265,
9.863093,
31.15166,
45.81493,
143.8411,
431.93,
32.13971,
824.9261,
174.2498,
78.40942,
38.51624,
9.553148,
175.8119,
68.54034,
0,
2973.458,
2056, 
13.96393,
91.35516,
42.03754,
25.0307,
56.67538,
61.01128,
84.92361,
196.8718,
112.0579,
16.45217,
125.6857,
33.8456,
52.25777,
9.800561,
30.72458,
45.24559,
140.762,
428.7447,
31.23007,
780.6276,
170.8688,
78.55067,
38.29147,
9.54192,
176.688,
69.80288,
0,
2923.047,
2057, 
13.98587,
91.77464,
41.65215,
25.12615,
56.35437,
60.86953,
83.77376,
199.902,
113.7131,
16.57027,
125.7925,
33.27589,
52.16624,
9.731574,
30.30552,
44.67742,
137.806,
425.3685,
30.34804,
739.0715,
167.6395,
78.60459,
38.02941,
9.527938,
177.3595,
70.93014,
0,
2874.356,
2058, 
13.99614,
92.09712,
41.25885,
25.18885,
55.99462,
60.68018,
82.64549,
202.6143,
115.1677,
16.66311,
125.7844,
32.71427,
52.30897,
9.656474,
29.89464,
44.11068,
134.972,
421.8157,
29.49416,
700.1638,
164.6209,
78.5743,
37.73253,
9.510477,
177.8414,
71.93437,
0,
2827.435,
2059, 
13.99574,
92.32544,
40.85852,
25.22041,
55.59863,
60.44566,
81.54007,
205.0363,
116.4403,
16.732,
125.6684,
32.16091,
51.67192,
9.575642,
29.49197,
43.54569,
132.258,
418.1005,
28.70679,
663.7935,
161.8531,
78.46367,
37.40533,
9.488128,
178.149,
72.82626,
0,
2781.352,
2060, 
13.98552,
92.4631,
40.45195,
25.22257,
55.16901,
60.16856,
80.45821,
207.1925,
117.5472,
16.7783,
125.4513,
31.6159,
51.05004,
9.489482,
29.09744,
42.98274,
129.661,
414.2376,
28.02455,
629.8389,
159.3707,
78.27703,
37.08113,
9.460312,
178.2959,
73.6153,
0,
2736.986,
2061, 
13.96191,
92.48396,
40.00721,
25.18227,
54.6654,
59.80552,
79.31081,
209.4067,
118.6571,
16.78871,
125.0743,
31.06751,
50.42057,
9.395832,
28.68223,
42.40361,
127.0068,
409.8437,
27.43188,
597.7909,
157.065,
77.93315,
36.79688,
9.420722,
178.22,
74.39763,
0,
2693.22,
2062, 
13.92856,
92.42287,
39.55791,
25.11544,
54.13317,
59.40523,
78.18808,
211.3216,
119.5833,
16.77847,
124.6033,
30.5272,
49.79874,
9.297719,
28.27531,
41.82717,
124.4675,
405.331,
26.96439,
567.9289,
154.8225,
77.52291,
36.58833,
9.377271,
177.9873,
75.06605,
0,
2650.82,
2063, 
13.88617,
92.28473,
39.10473,
25.02411,
53.5751,
58.97068,
77.08987,
212.9667,
120.3447,
16.74913,
124.045,
29.99491,
49.18517,
9.19557,
27.87648,
41.25372,
122.0378,
400.7134,
26.64774,
540.1157,
152.1941,
77.05127,
36.48213,
9.330471,
177.6122,
75.63188,
0,
2609.363,
2064, 
13.83542,
92.07451,
38.64835,
24.91023,
52.99387,
58.50482,
76.01588,
214.3675,
120.9579,
16.7022,
123.4062,
29.47058,
48.58036,
9.089806,
27.48551,
40.68353,
119.7121,
396.0044,
26.51823,
514.2155,
149.6361,
76.52326,
36.3377,
9.280465,
177.1077,
76.10498,
0,
2569.167,
2065, 
13.77699,
91.79726,
38.18946,
24.77574,
52.39206,
58.01054,
74.96557,
215.5467,
121.4375,
16.63916,
122.6811,
28.95095,
47.98464,
8.980828,
27.10215,
40.11689,
117.4849,
391.2165,
26.52244,
490.096,
147.146,
75.94379,
35.98639,
9.227012,
176.4858,
76.49406,
0,
2529.95,
2066, 
13.70932,
91.44165,
37.70284,
24.60661,
51.72995,
57.44757,
73.86029,
216.6577,
121.8459,
16.54508,
121.8556,
28.42483,
47.38105,
8.866732,
26.70688,
39.53907,
115.2047,
386.0049,
25.98652,
467.4906,
144.6252,
75.24902,
35.60685,
9.163962,
175.6427,
76.83137,
0,
2490.127,
2067, 
13.63506,
91.02909,
37.21553,
24.4203,
51.0527,
56.86208,
72.77901,
217.5342,
122.117,
16.43742,
120.9973,
27.9044,
46.78601,
8.750252,
26.31906,
38.96551,
113.0174,
380.7458,
25.46587,
446.4267,
142.1684,
74.51328,
35.21465,
9.097996,
174.6959,
77.08186,
0,
2451.233,
2068, 
13.55474,
90.5644,
36.72806,
24.21854,
50.36258,
56.25666,
71.72093,
218.2003,
122.2656,
16.31752,
120.077,
27.39144,
46.19887,
8.631742,
25.93841,
38.39641,
110.9171,
375.4494,
24.95953,
426.7867,
139.7722,
73.74098,
34.81113,
9.029471,
173.6561,
77.25459,
0,
2413.2,
2069, 
13.46892,
90.05214,
36.24093,
24.00298,
49.66164,
55.63378,
70.6852,
218.6768,
122.3046,
16.18666,
119.0971,
26.8864,
45.61957,
8.51153,
25.56469,
37.83198,
108.8984,
370.1255,
24.46681,
408.4602,
137.4335,
72.93633,
34.39787,
8.958526,
172.5333,
77.35751,
0,
2375.993,
2070, 
13.37814,
89.49668,
35.75464,
23.77513,
48.95186,
54.99569,
69.67096,
218.9823,
122.2452,
16.04599,
118.0725,
26.38965,
45.048,
8.389921,
25.19761,
37.2724,
106.9521,
364.7833,
23.98703,
391.3432,
135.1498,
72.10328,
33.97635,
8.885307,
171.3365,
77.39761,
0,
2339.581,
2071, 
13.27835,
88.88158,
35.24767,
23.52242,
48.20236,
54.30596,
68.62151,
219.153,
122.0807,
15.88095,
116.9847,
25.89628,
44.46252,
8.265444,
24.82056,
36.70554,
104.9499,
359.0954,
23.52048,
375.3516,
132.8312,
71.1942,
33.5274,
8.804019,
169.9454,
77.37401,
0,
2302.903,
2072, 
13.17442,
88.2317,
34.74298,
23.26024,
47.4482,
53.60598,
67.59308,
219.1504,
121.8191,
15.70831,
115.8614,
25.41418,
43.82748,
8.140198,
24.45007,
36.14417,
103.013,
353.4137,
23.06489,
360.3825,
130.5632,
70.26499,
33.0722,
8.720988,
168.4925,
77.2879,
0,
2266.848,
2073, 
13.06664,
87.5507,
34.24088,
22.98986,
46.69091,
52.8976,
66.5849,
218.9929,
121.4711,
15.52904,
114.7063,
24.94473,
43.04608,
8.014425,
24.08591,
35.5884,
101.1445,
347.7449,
22.61921,
346.3524,
128.3418,
69.31884,
32.61123,
8.636394,
166.9854,
77.14616,
0,
2231.301,
2074, 
12.95518,
86.842,
33.7416,
22.71244,
45.93188,
52.18253,
65.59613,
218.6965,
121.0466,
15.34401,
113.5223,
24.48974,
42.17859,
7.888346,
23.72786,
35.03835,
99.34358,
342.0953,
22.18216,
333.184,
126.1622,
68.3586,
32.14445,
8.550447,
165.4305,
76.95476,
0,
2196.3,
2075, 
12.84047,
86.1088,
33.24546,
22.42904,
45.17236,
51.46233,
64.62601,
218.2754,
120.5538,
15.15406,
112.3136,
24.05116,
41.26915,
7.762159,
23.37571,
34.49412,
97.60742,
336.4702,
21.7304,
320.8063,
124.023,
67.38705,
31.67313,
8.463414,
163.8342,
76.71901,
0,
2161.848,
2076, 
12.71415,
85.31647,
32.73338,
22.1272,
44.38927,
50.70296,
63.63028,
217.6681,
119.9396,
14.94436,
111.0343,
23.62934,
40.31911,
7.634839,
23.01422,
33.94595,
95.84219,
330.5636,
21.20431,
309.1742,
121.8472,
66.36871,
31.18139,
8.368845,
162.0591,
76.40321,
0,
2126.756,
2077, 
12.58522,
84.5061,
32.22553,
21.82149,
43.60866,
49.94217,
62.65281,
216.9393,
119.2619,
14.7314,
109.7369,
23.18647,
39.38547,
7.50782,
22.6586,
33.40402,
94.13967,
324.7009,
20.65483,
298.2071,
119.7081,
65.3448,
30.68616,
8.273852,
160.2537,
76.04538,
0,
2092.168,
2078, 
12.45535,
83.68023,
31.7226,
21.51273,
42.83147,
49.18113,
61.69292,
216.1026,
118.5284,
14.51593,
108.431,
22.74938,
38.48746,
7.381252,
22.30867,
32.86838,
92.4989,
318.8869,
20.11126,
287.8503,
117.4847,
64.31773,
30.19413,
8.178662,
158.426,
75.65047,
0,
2058.049,
2079, 
12.32506,
82.84115,
31.22484,
21.20166,
42.0585,
48.42089,
60.74997,
215.1697,
117.7457,
14.29856,
107.1202,
22.31971,
37.69878,
7.255269,
21.96425,
32.33908,
90.91936,
313.125,
19.57652,
278.0536,
115.1841,
63.28935,
29.70412,
8.083469,
156.5811,
75.22276,
0,
2024.473,
2080, 
12.19357,
81.99107,
30.73204,
20.88896,
41.29053,
47.66244,
59.82338,
214.1511,
116.9198,
14.07973,
105.8021,
21.89693,
37.08573,
7.129994,
21.62521,
31.81617,
89.35412,
307.4178,
19.04924,
268.7713,
112.8554,
62.26115,
29.15907,
7.988431,
154.7209,
74.76611,
0,
1991.432,
2081, 
12.04786,
81.07568,
30.22611,
20.56249,
40.51247,
46.87534,
58.8765,
212.9173,
115.9714,
13.84789,
104.3803,
21.48134,
36.64229,
7.005027,
21.27928,
31.29275,
87.75214,
301.5083,
18.53171,
259.911,
110.4447,
61.20628,
28.55032,
7.883296,
152.7171,
74.2235,
0,
1957.722,
2082, 
11.90157,
80.15427,
29.72594,
20.23586,
39.74121,
46.0926,
57.94579,
211.6033,
114.9852,
13.61573,
102.9573,
21.07241,
36.42577,
6.880996,
20.9387,
30.77591,
86.19135,
295.667,
18.02717,
251.4883,
108.0794,
60.1553,
27.89826,
7.778761,
150.7066,
73.65484,
0,
1924.699,
2083, 
11.75492,
79.22848,
29.23161,
19.90957,
38.97727,
45.31487,
57.03074,
210.2188,
113.9665,
13.38365,
101.5349,
20.67006,
36.47075,
6.757985,
20.60334,
30.26567,
84.66947,
289.8954,
17.53529,
243.4683,
105.8381,
59.10938,
27.23002,
7.674887,
148.6925,
73.06353,
0,
1892.496,
2084, 
11.60811,
78.29976,
28.74318,
19.58405,
38.22106,
44.54277,
56.13084,
208.7723,
112.9196,
13.15198,
100.115,
20.27419,
36.82635,
6.636069,
20.27306,
29.76201,
83.18436,
284.195,
17.05577,
235.8196,
103.7725,
58.06962,
26.57323,
7.571729,
146.6777,
72.45262,
0,
1861.232,
2085, 
11.46173,
77.36948,
28.26088,
19.2597,
37.47298,
43.77684,
55.24567,
207.2715,
111.8486,
12.9211,
98.70097,
19.8849,
36.47638,
6.515314,
19.94775,
29.26493,
81.73437,
278.5675,
16.59427,
228.5134,
101.9067,
57.03707,
25.96107,
7.469338,
144.6657,
71.82481,
0,
1829.953,
2086, 
11.29666,
76.37276,
27.76581,
18.92475,
36.72425,
42.98913,
54.34811,
205.5459,
110.6682,
12.68277,
97.17555,
19.50305,
35.91294,
6.396347,
19.61918,
28.77279,
80.26228,
272.8202,
16.1801,
221.5266,
100.1922,
55.98552,
25.41225,
7.354949,
142.549,
71.11646,
0,
1798.098,
2087, 
11.13248,
75.37838,
27.27743,
18.59197,
35.98466,
42.20934,
53.46513,
203.7722,
109.4685,
12.44593,
95.66022,
19.12745,
35.35591,
6.27864,
19.29555,
28.2872,
78.82334,
267.1539,
15.85159,
214.8327,
98.72961,
54.94355,
24.9383,
7.241747,
140.4408,
70.39399,
0,
1767.08,
2088, 
10.96931,
74.38734,
26.79574,
18.26164,
35.25442,
41.43782,
52.59636,
201.9572,
108.253,
12.21081,
94.1463,
18.75804,
34.80536,
6.162237,
18.97675,
27.80815,
77.41598,
261.5691,
15.61492,
208.4103,
97.55979,
53.91179,
24.55118,
7.12976,
138.3429,
69.65977,
0,
1736.946,
2089, 
10.80728,
73.40052,
26.32075,
17.934,
34.53373,
40.67487,
51.74143,
200.107,
107.0247,
11.9776,
92.60619,
18.39471,
34.26134,
6.047177,
18.6627,
27.33562,
76.03876,
256.0662,
15.48167,
202.2399,
96.17395,
52.89082,
24.26692,
7.019012,
136.2572,
68.91591,
0,
1707.18,
2090, 
10.64648,
72.41869,
25.85244,
17.60928,
33.82275,
39.92073,
50.90002,
198.2271,
105.7865,
11.74647,
91.06273,
18.0374,
33.72391,
5.933492,
18.35331,
26.86957,
74.69039,
250.6451,
15.46843,
196.3038,
94.37068,
51.88111,
24.1074,
6.909525,
134.1849,
68.16425,
0,
1677.636,
2091, 
10.46918,
71.37715,
25.37085,
17.27691,
33.10976,
39.14916,
50.04523,
196.1241,
104.45,
11.5122,
89.41995,
17.68156,
33.17315,
5.822481,
18.04392,
26.41232,
73.32574,
245.1622,
15.59248,
190.7064,
92.54308,
50.85611,
23.94908,
6.790384,
132.0333,
67.34406,
0,
1647.741,
2092, 
10.29399,
70.3436,
24.89661,
16.9481,
32.40715,
38.38764,
49.20402,
193.9977,
103.1076,
11.28048,
87.81909,
17.32659,
32.63153,
5.712865,
17.73913,
25.9614,
71.98901,
239.7663,
15.53622,
185.3086,
90.74903,
49.84296,
23.49073,
6.67283,
129.9002,
66.51865,
0,
1617.832,
2093, 
10.12089,
69.31857,
24.42964,
16.62301,
31.71496,
37.63629,
48.37613,
191.853,
101.7616,
11.0514,
86.27757,
16.97468,
32.09841,
5.604664,
17.43886,
25.51677,
70.6791,
234.457,
15.21585,
180.0973,
88.98721,
48.8427,
23.03888,
6.55687,
127.7868,
65.68964,
0,
1588.148,
2094, 
9.949843,
68.30254,
23.96988,
16.30175,
31.03324,
36.89522,
47.56127,
189.6944,
100.414,
10.82506,
84.81127,
16.62777,
31.57304,
5.497892,
17.14304,
25.07839,
69.39497,
229.234,
14.90131,
175.0607,
87.25618,
47.8564,
22.59325,
6.442506,
125.6936,
64.85844,
0,
1558.97,
2095, 
9.78082,
67.29594,
23.51722,
15.98442,
30.362,
36.16452,
46.7592,
187.5255,
99.06654,
10.60153,
83.43421,
16.28684,
31.05475,
5.392562,
16.85161,
24.64622,
68.13514,
224.0966,
14.59229,
170.1877,
85.55464,
46.88515,
22.15362,
6.329738,
123.6213,
64.02626,
0,
1530.306,
2096, 
9.600506,
66.21465,
23.04429,
15.66204,
29.68073,
35.41558,
45.94095,
185.1588,
97.63721,
10.37661,
81.95732,
15.95223,
30.52517,
5.289176,
16.55924,
24.21878,
66.83731,
218.9534,
14.28226,
165.6041,
83.83703,
45.90474,
21.70147,
6.212632,
121.4936,
63.13417,
0,
1501.194,
2097, 
9.422757,
65.14566,
22.5792,
15.34402,
29.01058,
34.67797,
45.13579,
182.7882,
96.21154,
10.15478,
80.42341,
15.62565,
30.0041,
5.187236,
16.27125,
23.79749,
65.55925,
213.8981,
13.97808,
161.1612,
82.15023,
44.9376,
21.25646,
6.09728,
119.3903,
62.24348,
0,
1472.452,
2098, 
9.247752,
64.0892,
22.12193,
15.03041,
28.35151,
33.95168,
44.34344,
180.4168,
94.79101,
9.936079,
78.91228,
15.30948,
29.38312,
5.086746,
15.98758,
23.38229,
64.30235,
208.93,
13.68014,
156.8512,
80.49527,
43.98397,
20.81931,
5.983677,
117.312,
61.35522,
0,
1444.054,
2099, 
9.075072,
63.04549,
21.67223,
14.72125,
27.70345,
33.23669,
43.56373,
178.0478,
93.37688,
9.720521,
77.42199,
15.00443,
28.67845,
4.987707,
15.70818,
22.97314,
63.06757,
204.048,
13.38704,
152.6668,
78.86744,
43.04501,
20.38815,
5.871812,
115.2584,
60.47029,
0,
1416.007,
2100, 
8.904314,
62.01463,
21.22985,
14.41655,
27.06634,
32.53297,
42.79637,
175.6837,
91.97032,
9.508085,
75.95065,
14.71125,
27.92795,
4.890117,
15.43297,
22.56998,
61.85767,
199.2509,
13.09746,
148.6012,
77.26232,
42.12059,
19.96121,
5.761674,
113.2287,
59.58949,
0,
1388.337];
