real main.em.dem.hi.Clinker_Production[28](t) = [1971, 
7.4853,
63.9486,
6.16722,
4.277119,
8.038461,
12.24752,
6.25314,
3.05092,
1.27804,
5.21629,
148.1945,
32.9983,
6.87323,
1.5908,
0,
82.27142,
8.05349,
12.39273,
10.62152,
26.71521,
7.71953,
0.44317,
51.11324,
4.80396,
2.93748,
1.97758,
0,
516.6688,
1972, 
8.181899,
67.437,
7.17746,
5.781819,
9.33324,
12.79692,
6.21131,
3.40158,
1.24333,
5.43968,
168.4209,
36.25626,
6.91145,
1.60064,
0,
85.52518,
9.37485,
13.10155,
10.72526,
29.89577,
8.42296,
0.54236,
57.01112,
5.09894,
2.82282,
2.23657,
0,
564.9509,
1973, 
9.0477,
69.8184,
8.13276,
6.222979,
10.98636,
13.26924,
6.09294,
3.4265,
1.25579,
6.10896,
163.4131,
38.33475,
8.140861,
1.62934,
0,
89.80722,
9.12502,
12.46328,
12.71725,
31.45451,
10.1647,
0.6734,
67.1832,
5.41886,
3.15224,
2.5543,
0,
590.5936,
1974, 
9.5769,
66.20219,
8.75104,
6.252499,
12.45334,
13.92114,
6.35816,
3.59293,
1.29139,
6.49789,
160.7271,
41.23879,
8.1354,
1.6728,
0,
94.4189,
10.79415,
11.88477,
13.50622,
31.40056,
9.854391,
0.75621,
62.87288,
5.7405,
3.51533,
2.57299,
0,
593.9885,
1975, 
8.7669,
55.917,
9.184,
5.841679,
13.44062,
13.5464,
6.93399,
4.03437,
1.26291,
6.38664,
152.3531,
44.09148,
9.85803,
1.77858,
0,
100.0867,
12.3421,
13.48584,
15.58739,
39.00477,
10.81171,
0.9800701,
56.34462,
5.41112,
3.63909,
2.37363,
0,
593.4628,
1976, 
8.908199,
60.8229,
10.40662,
6.260699,
15.3135,
14.35082,
7.11199,
4.07709,
1.34657,
6.27272,
156.5511,
47.32811,
11.06014,
20.22776,
0,
101.8817,
13.16961,
15.36828,
17.17443,
39.53132,
11.79269,
1.6471,
59.09232,
5.29932,
3.50987,
1.57975,
0,
640.0847,
1977, 
8.939699,
65.3661,
10.92896,
6.179519,
17.32086,
14.7559,
7.87561,
4.14117,
1.5753,
5.84997,
160.464,
49.99436,
12.1849,
20.59403,
0,
104.1859,
13.77966,
15.91359,
19.29018,
47.12441,
12.45426,
2.31959,
62.89868,
5.26234,
3.57448,
1.58242,
0,
674.5559,
1978, 
9.425699,
69.7914,
11.603,
6.7527,
19.05598,
15.69398,
9.07978,
4.31294,
1.44714,
6.07247,
163.3752,
52.34935,
14.17052,
20.18211,
0,
104.1039,
15.73099,
16.28958,
20.14103,
55.30912,
12.91017,
3.32059,
72.99853,
5.11872,
3.90026,
1.55661,
0,
714.6918,
1979, 
10.3131,
68.9832,
12.58864,
7.018379,
20.39422,
17.19458,
11.61984,
4.63334,
1.47028,
5.51711,
165.8589,
51.99385,
12.35143,
19.51764,
0,
100.8756,
19.55231,
15.1641,
22.21583,
62.54913,
15.70569,
4.03312,
75.51144,
5.14366,
3.76194,
1.56373,
0,
735.5311,
1980, 
9.306,
61.4169,
13.44636,
7.329389,
22.29908,
19.21998,
13.28058,
4.83181,
1.604715,
6.34125,
166.359,
56.74334,
11.80725,
19.44603,
3.444,
102.5402,
21.80244,
14.77649,
21.48692,
67.66492,
13.83473,
4.78569,
75.64302,
5.20902,
4.03221,
1.48808,
0,
750.1393,
1981, 
9.1368,
58.5486,
14.90186,
7.240192,
21.36182,
19.23638,
14.4714,
5.91049,
1.58137,
7.20455,
161.6095,
52.8036,
13.68913,
19.50725,
3.623785,
104.2786,
26.34503,
17.35364,
21.49147,
70.1516,
14.80752,
5.20429,
72.95209,
5.63558,
4.27336,
1.66341,
0,
754.9833,
1982, 
7.3224,
51.7275,
15.86126,
6.975526,
21.02808,
18.38604,
14.31654,
5.90159,
1.431351,
7.1912,
156.6791,
59.37403,
14.35798,
19.72428,
3.80357,
164.3214,
28.56279,
18.7995,
23.55717,
80.35645,
16.30811,
5.30712,
69.38996,
6.06644,
4.226613,
1.5397,
0,
822.5157,
1983, 
7.083899,
57.5343,
14.23766,
7.309465,
17.1134,
17.01418,
16.05827,
5.43523,
1.42311,
7.02833,
156.5567,
62.29861,
12.37145,
20.60824,
11.06487,
171.0192,
30.74569,
20.96663,
26.64662,
91.40956,
17.70769,
7.36645,
69.56626,
5.38532,
4.453147,
1.35547,
0,
859.7597,
1984, 
8.448299,
63.4068,
15.33564,
7.243676,
15.98754,
17.32496,
20.01432,
4.94573,
1.396034,
7.194759,
147.339,
64.99251,
14.32158,
21.3323,
11.67688,
173.43,
35.87509,
24.51903,
25.85583,
103.7566,
17.76047,
8.09263,
67.8196,
4.83062,
4.842429,
1.3706,
0,
889.1129,
1985, 
9.1728,
63.2556,
16.6091,
7.130142,
16.9207,
17.38892,
21.90112,
6.18016,
1.390888,
6.1232,
139.3141,
60.60722,
15.99871,
21.1519,
12.34182,
174.4788,
36.94828,
26.53593,
25.94319,
122.7869,
16.3618,
9.0454,
62.64842,
5.73362,
5.074242,
1.4685,
0,
902.5115,
1986, 
9.5499,
64.0008,
16.2565,
7.976664,
20.70664,
19.69804,
20.29912,
6.525658,
1.525423,
5.55894,
139.6933,
63.48124,
18.20364,
22.27612,
13.84898,
179.7981,
35.55969,
29.03589,
28.6923,
140.0384,
17.02337,
10.30393,
61.28704,
6.134619,
6.25898,
1.71236,
0,
945.4457,
1987, 
11.3427,
60.64199,
19.25524,
8.431331,
20.88376,
21.51926,
23.22633,
5.958461,
1.680385,
5.33911,
143.2396,
63.21106,
20.0018,
22.63692,
14.21224,
182.8526,
37.98329,
30.82205,
31.80086,
156.8833,
18.90434,
10.75074,
61.53386,
5.948624,
7.05796,
1.84586,
0,
987.9637,
1988, 
11.115,
64.3896,
19.35692,
7.959253,
20.76978,
21.52898,
24.51861,
6.817934,
1.61624,
6.0164,
153.1162,
65.17658,
20.53688,
23.0912,
14.45496,
184.6935,
40.50151,
34.14288,
37.68401,
176.6497,
21.34769,
11.93738,
66.69644,
6.070053,
7.55482,
1.9847,
0,
1049.727,
1989, 
11.3319,
64.1772,
19.8522,
8.422002,
21.25522,
19.10026,
24.81943,
7.071888,
2.05501,
6.46229,
159.6195,
63.62107,
21.57064,
22.92556,
15.1044,
186.6738,
44.87395,
36.68351,
42.88011,
176.7477,
25.18425,
13.45708,
68.55663,
6.669346,
7.53389,
2.01407,
0,
1078.663,
1990, 
10.5705,
63.8496,
20.24006,
8.412292,
21.197,
19.23036,
26.82816,
5.94437,
2.18762,
5.84107,
158.2907,
57.66368,
22.11209,
22.3655,
14.9445,
182.705,
45.9571,
38.3211,
45.42174,
175.9268,
31.93827,
13.45526,
72.6227,
6.327796,
7.83601,
2.23034,
0,
1082.42,
1991, 
8.406684,
60.27212,
20.59494,
7.375795,
22.46015,
20.1785,
29.02796,
6.223289,
2.068484,
5.452389,
153.8522,
41.77913,
23.6083,
21.28392,
13.94246,
65.51226,
38.37441,
43.27482,
50.03647,
205.1379,
35.54351,
12.22636,
76.84591,
5.53657,
8.179326,
2.515532,
0,
979.7095,
1992, 
7.681248,
62.20899,
22.0708,
7.485446,
19.45623,
23.85,
29.13487,
6.566607,
2.179944,
5.1714,
146.4459,
32.77607,
25.72332,
18.93298,
12.26966,
51.9224,
43.28453,
44.98262,
55.54538,
258.535,
38.79516,
12.69939,
75.54371,
5.710024,
8.691056,
2.125136,
0,
1019.788,
1993, 
8.370054,
65.76203,
23.29597,
7.897469,
20.14929,
32.48428,
26.61853,
6.655245,
2.217477,
5.404935,
134.5967,
29.89813,
28.05173,
13.9646,
9.27584,
41.83804,
47.63074,
47.92454,
57.94602,
309.0458,
45.59871,
17.66861,
75.19128,
6.397794,
8.741331,
2.063302,
0,
1074.688,
1994, 
9.398592,
69.21783,
25.52795,
8.539049,
20.38503,
24.88217,
26.80534,
5.661444,
2.175782,
6.205704,
142.064,
32.35333,
26.36169,
10.62884,
6.64774,
31.07636,
49.15179,
53.18032,
62.04102,
354.6357,
51.82996,
22.05847,
78.06365,
6.907706,
8.889302,
1.768292,
0,
1136.457,
1995, 
9.2394,
68.06181,
20.36247,
8.794625,
22.74608,
27.31967,
28.3675,
5.839801,
2.748538,
6.507375,
140.482,
32.79887,
29.67193,
7.30702,
4.93312,
30.29818,
51.12236,
56.88648,
65.42539,
401.2075,
58.12344,
20.70672,
76.9029,
6.58342,
8.741465,
2.160375,
0,
1193.339,
1996, 
9.7902,
71.2656,
20.3708,
7.30622,
27.7492,
26.10831,
32.76104,
9.215296,
2.465144,
6.68824,
135.4697,
33.38586,
31.3984,
5.3382,
3.5629,
23.2798,
41.70511,
67.36,
66.2756,
432.4815,
51.53441,
32.558,
80.136,
6.522816,
9.552428,
2.41544,
0,
1236.696,
1997, 
10.2843,
72.5175,
21.9725,
7.433097,
30.4419,
27.8052,
33.91707,
12.30504,
2.37237,
6.50881,
138.1517,
34.30558,
32.004,
5.82364,
3.7679,
22.41142,
41.42406,
67.52,
68.2752,
435.9614,
63.64173,
36.6268,
77.74741,
6.48036,
9.628759,
2.42451,
0,
1271.752,
1998, 
10.5996,
72.00719,
22.0492,
8.807739,
31.84,
29.58414,
33.33234,
9.942546,
2.750416,
8.227,
153.5825,
34.58004,
33.8452,
6.31728,
3.75314,
21.9063,
36.02168,
71.91,
56.5268,
452.7361,
47.39214,
38.984,
68.6172,
6.43972,
9.485516,
3.001556,
0,
1274.239,
1999, 
10.9998,
76.21291,
23.3142,
10.17578,
31.9579,
29.91196,
35.86628,
9.663874,
2.653725,
7.680699,
152.93,
35.145,
30.3752,
6.5436,
4.37552,
23.944,
36.54928,
76.32,
56.6886,
502.6893,
59.47447,
36.6445,
67.4442,
6.35289,
9.962006,
2.957501,
0,
1346.833,
2000, 
10.962,
77.865,
25.043,
8.62996,
30.968,
30.3044,
38.7086,
9.86506,
2.74684,
7.7314,
157.0873,
34.94712,
31.504,
6.05324,
3.7064,
27.19694,
42.40138,
80.75,
59.312,
511.6762,
56.6764,
45.496,
68.12399,
7.1778,
10.604,
2.60494,
0,
1388.142,
2001, 
11.232,
78.10561,
23.4,
8.618219,
30.81,
29.991,
41.242,
10.67175,
2.70555,
7.7945,
154.5264,
32.18897,
30.59,
6.3804,
4.081002,
29.77356,
44.72034,
83.4,
49.95784,
567.4686,
58.73455,
48.1574,
64.1908,
7.16071,
10.87693,
2.5891,
0,
1439.367,
2002, 
11.3256,
78.3354,
23.87,
9.23846,
29.26,
23.6159,
40.5048,
11.2476,
2.70732,
8.0808,
148.0686,
32.13338,
28.2968,
7.84176,
4.147728,
31.98965,
45.69806,
81.8,
52.79176,
592.6802,
65.47324,
53.4688,
60.0248,
7.2732,
11.1538,
2.23272,
0,
1463.26,
2003, 
12.0132,
80.34361,
24.32,
10.13384,
28.88,
25.1332,
43.1932,
11.15935,
3.44201,
8.466,
158.7164,
34.29903,
30.2562,
9.479031,
5.024822,
34.78955,
46.0348,
80.2,
55.80588,
706.2813,
71.18827,
55.599,
57.3792,
7.6311,
14.68417,
2.83777,
0,
1617.291,
2004, 
12.6054,
83.754,
26.25,
9.987,
25.8,
28.155,
45.1984,
11.17906,
3.71378,
9.84,
161.7881,
36.73331,
32.528,
11.18124,
5.427408,
39.02147,
49.77627,
98.25,
51.30008,
778.3837,
79.78861,
58.3792,
56.0768,
7.6544,
14.88584,
2.8577,
0,
1740.515,
2005, 
12.012,
84.84,
27.75,
10.82694,
27.158,
31.302,
48.1869,
11.28006,
4.29705,
11.745,
161.3011,
38.269,
36.38,
12.93651,
5.56713,
41.38695,
54.495,
100.1,
48.535,
839.3092,
86.24015,
56.61,
57.768,
7.69327,
15.011,
2.86335,
0,
1833.864,
2006, 
11.76,
83.74799,
29.6,
11.33236,
27.158,
33.5072,
50.1633,
13.10337,
4.49307,
10.53,
169.112,
42.48937,
40.8,
14.60997,
6.06852,
46.48995,
57.82959,
119.35,
50.745,
969.7696,
86.581,
56.95,
58.017,
8.6237,
15.44875,
4.0986,
0,
2022.378,
2007, 
12.18,
81.396,
30.118,
11.75268,
34.336,
36.223,
51.7995,
17.81676,
4.72878,
12.393,
178.3474,
46.73361,
41.48,
16.1028,
6.561,
50.83722,
68.6194,
130.9,
53.6605,
1054.269,
90.01075,
65.45,
56.191,
9.11257,
24.0805,
4.28895,
0,
2189.388,
2008, 
11.508,
73.584,
29.674,
12.5171,
34.41,
38.0286,
63.5526,
23.08743,
5.76558,
10.935,
154.2287,
48.46534,
43.69,
16.9452,
7.3224,
45.6192,
70.705,
138.6,
49.402,
1083.829,
93.65981,
69.19,
52.124,
8.91669,
24.92625,
4.4307,
0,
2215.116,
2009, 
9.24,
54.516,
26.048,
10.92388,
38.258,
36.9852,
70.2999,
22.07331,
6.86475,
9.558001,
130.0345,
38.39836,
45.05,
11.9718,
7.06644,
38.01087,
83.4635,
138.6,
48.025,
1267.524,
98.22941,
74.8,
45.484,
8.83784,
28.41125,
5.12649,
0,
2353.801,
2010, 
10.416,
56.44799,
25.53,
11.53216,
43.734,
37.1702,
69.0606,
24.5025,
8.934299,
8.829,
125.1019,
38.47459,
53.295,
12.2229,
7.28028,
42.95025,
86.3549,
169.4,
45.56,
1460.4,
110.494,
70.55,
42.745,
8.597139,
31.90135,
5.54607,
0,
2607.03,
2011, 
10.08,
57.624,
25.53,
10.80104,
46.324,
37.0592,
68.4855,
23.86422,
10.29024,
9.072,
127.0284,
40.44579,
53.89,
13.365,
7.71039,
47.71872,
99.7296,
207.9,
46.495,
1630.341,
113.7538,
80.75,
42.579,
8.34814,
36.8373,
6.21999,
0,
2862.242,
2012, 
10.4706,
62.94456,
26.77616,
13.6086,
51.29902,
40.9035,
80.76591,
27.945,
11.7612,
9.363601,
104.6083,
35.7973,
54.29715,
12.91869,
14.32971,
53.1765,
148.4829,
207.9,
45.3118,
1715.769,
112.6063,
44.6675,
45.43171,
8.22945,
43.16045,
8.58681,
0,
2991.112,
2013, 
9.75324,
65.02859,
25.61288,
13.75512,
51.7815,
43.78062,
76.84794,
32.62923,
13.24593,
9.85608,
102.4246,
34.15104,
60.63645,
13.01184,
15.20532,
57.38769,
151.7606,
215.6,
45.80735,
1871.224,
118.1483,
48.3565,
48.10846,
8.216999,
45.71385,
9.357121,
0,
3187.401,
2014, 
9.978359,
69.82416,
27.08178,
14.55062,
52.72796,
43.95156,
84.98277,
32.93865,
14.73066,
9.77508,
101.5707,
34.81709,
60.55315,
12.59793,
17.2287,
60.04368,
152.504,
215.6,
45.66455,
1932.309,
122.2504,
48.416,
48.06779,
8.62702,
46.5137,
11.28897,
0,
3278.595,
2015, 
10.22028,
71.3496,
29.31362,
14.67198,
48.30942,
44.44588,
83.55717,
34.84539,
16.93872,
10.52352,
102.5686,
35.72415,
60.70615,
11.49714,
18.86733,
54.24003,
149.0051,
200.2,
49.9324,
1828.584,
134.8432,
51.0425,
45.50641,
9.14328,
54.6465,
11.53116,
0,
3182.214,
2016, 
9.82212,
71.52852,
30.02698,
14.40484,
42.59218,
40.91608,
85.80168,
37.9404,
18.32382,
10.53,
103.9854,
36.05987,
64.09255,
11.74581,
19.30797,
48.05001,
140.8278,
215.6,
54.25295,
1866.786,
140.1854,
52.87,
44.20165,
8.98973,
60.1426,
11.76201,
0,
3240.747,
2017, 
10.67304,
72.91116,
30.78474,
14.79334,
39.96296,
41.27498,
100.8879,
36.3771,
18.83412,
10.6677,
104.8455,
39.193,
68.4692,
11.83329,
21.5055,
48.6729,
133.198,
217.91,
54.604,
1804.981,
147.0186,
59.05715,
45.81185,
8.55315,
64.4249,
10.97226,
0,
3218.217,
2018, 
11.38536,
73.07999,
35.76272,
14.21466,
39.62922,
39.22222,
83.187,
42.46101,
18.9135,
11.0808,
106.8244,
41.92958,
61.6624,
12.14433,
22.34628,
48.3165,
136.8699,
238.7,
49.23455,
1732.125,
159.8748,
64.10105,
45.90481,
9.02957,
72.3877,
11.99853,
0,
3182.386,
2019, 
11.76,
74.004,
33.42062,
13.78472,
41.89214,
39.28734,
81.07047,
46.77426,
17.70174,
10.30806,
107.3811,
43.84611,
48.4211,
12.35898,
24.14367,
52.19316,
140.6745,
257.18,
47.79975,
1812.556,
176.4549,
61.234,
44.37346,
9.21715,
75.26155,
13.81617,
0,
3296.915,
2020, 
11.76,
75.432,
35.39642,
12.36614,
45.17848,
34.9391,
73.20375,
51.37668,
20.14227,
8.748,
105.6086,
44.57222,
61.45415,
12.58659,
25.53039,
50.67603,
152.9337,
223.3,
45.2268,
1841.43,
182.025,
53.4055,
42.25115,
8.8976,
74.5314,
14.17824,
0,
3307.15,
2021, 
11.76,
76.692,
38.15366,
13.72848,
48.75416,
42.62252,
82.21419,
56.35332,
22.2264,
10.125,
110.3849,
45.72876,
66.72076,
13.77729,
28.51524,
53.93304,
151.9146,
269.5,
47.4504,
1830.733,
193.3172,
55.3775,
41.56889,
9.0968,
83.18015,
14.29083,
0,
3418.119,
2022, 
12.6,
76.94399,
36.852,
13.88314,
47.02404,
44.62866,
78.31809,
57.0321,
21.1977,
9.72,
108.62,
44.18491,
62.6518,
9.396,
28.71855,
54.89532,
152.1216,
292.6,
48.9702,
1651.019,
200.8482,
54.536,
44.156,
9.28189,
80.35731,
14.58081,
0,
3255.138,
2023, 
12.56926,
77.0386,
36.60211,
14.13666,
47.50743,
44.84889,
80.26676,
59.08953,
19.71779,
9.772657,
102.8677,
41.83132,
62.74454,
9.375384,
29.32928,
54.96533,
154.2961,
302.6438,
45.05197,
1654.934,
202.8061,
52.23895,
43.85173,
9.308836,
81.63512,
15.1843,
0,
3264.614,
2024, 
12.49049,
76.86971,
36.00422,
14.3796,
47.70054,
45.34488,
82.05645,
61.59126,
21.30332,
9.867719,
95.23666,
38.77868,
62.78786,
9.350187,
29.90825,
54.94155,
156.6488,
312.226,
39.88004,
1657.736,
204.8471,
48.44771,
43.48145,
9.324533,
84.45309,
16.06911,
0,
3271.726,
2025, 
12.349,
76.37234,
35.77181,
14.59569,
48.00218,
45.75249,
83.90342,
64.22601,
23.67469,
9.94304,
91.40759,
37.25584,
62.89136,
9.370384,
30.47962,
54.8377,
158.9526,
323.3955,
37.27551,
1659.841,
207.2538,
46.91799,
43.10079,
9.344253,
87.69305,
17.01871,
0,
3291.627,
2026, 
11.03224,
67.81805,
35.97259,
14.81222,
48.0709,
46.0618,
85.04453,
67.2262,
26.26645,
9.835793,
91.58849,
37.14173,
61.24175,
9.560356,
30.75671,
54.52686,
160.2237,
329.7227,
37.69629,
1622.049,
205.629,
48.543,
37.73193,
8.390619,
91.54388,
18.39635,
0,
3256.883,
2027, 
10.63818,
65.55412,
36.12408,
14.99486,
48.09865,
46.28015,
85.83263,
70.06448,
28.71857,
9.725307,
91.01391,
37.00022,
59.93896,
9.710928,
30.99765,
54.33522,
161.3592,
317.3443,
38.04576,
1599.05,
202.993,
51.43832,
36.15977,
8.204985,
95.0037,
19.69261,
0,
3228.32,
2028, 
10.43622,
64.41424,
36.20704,
15.15788,
48.01237,
46.39002,
86.30965,
72.7004,
31.03293,
9.569653,
90.59413,
36.82606,
58.34315,
9.517271,
31.20216,
52.34047,
162.3442,
305.6303,
38.32969,
1570.59,
199.1263,
54.157,
35.19343,
8.103398,
98.10847,
20.91784,
0,
3191.555,
2029, 
10.2511,
63.74525,
36.20995,
15.2825,
47.67994,
46.4251,
85.44098,
74.94276,
32.98929,
9.365487,
90.26259,
36.62145,
56.42686,
9.166978,
31.1375,
50.49257,
161.3489,
301.1215,
38.56519,
1535.747,
193.8673,
56.76085,
34.56838,
8.00033,
99.45689,
21.89791,
0,
3147.774,
2030, 
10.02492,
62.42802,
36.12402,
15.30136,
47.21744,
46.28994,
84.0108,
75.86665,
34.36621,
9.107616,
89.8679,
36.38333,
54.04218,
8.777108,
30.64298,
50.82553,
159.1814,
306.2999,
38.30504,
1493.53,
186.8878,
56.55295,
33.85971,
7.893022,
99.21656,
22.53814,
0,
3095.541,
2031, 
9.71057,
60.0318,
35.76474,
15.17667,
46.41636,
45.65892,
81.75523,
77.52396,
36.05655,
8.819061,
88.84294,
35.92992,
51.89125,
8.368482,
29.78753,
48.79918,
155.3022,
309.5215,
37.40617,
1464.736,
177.5199,
54.05739,
32.90388,
7.738484,
97.97388,
23.34658,
0,
3041.039,
2032, 
9.568882,
59.17849,
35.30977,
14.99873,
45.4613,
44.9453,
78.7093,
78.11197,
37.10768,
8.72918,
87.80619,
35.44891,
50.99683,
7.98844,
28.67188,
46.31803,
150.2658,
312.0378,
36.40222,
1431.19,
175.3642,
51.64941,
31.87842,
7.574562,
95.2016,
23.77375,
0,
2984.688,
2033, 
9.497663,
58.72796,
34.77901,
14.83449,
44.64925,
44.30425,
77.69163,
79.06062,
38.41219,
8.62888,
86.87842,
35.56952,
50.09397,
7.651469,
27.99695,
45.05657,
147.7052,
315.7333,
35.34298,
1385.428,
172.762,
51.08056,
30.87425,
7.403096,
95.00804,
24.43971,
0,
2929.611,
2034, 
9.435726,
58.3483,
34.17621,
14.67633,
43.74397,
43.54834,
76.47874,
80.78471,
39.89708,
8.518459,
86.0376,
35.00031,
49.10486,
7.390758,
27.19951,
43.41187,
145.3674,
315.4659,
34.66456,
1328.576,
169.4846,
50.40284,
30.26804,
7.298066,
95.68176,
25.21133,
0,
2860.173,
2035, 
9.373702,
58.03427,
33.68709,
14.48702,
42.73119,
42.68615,
74.94579,
82.03633,
41.07661,
8.397031,
85.24677,
33.89134,
47.93421,
7.224787,
26.30022,
41.46163,
142.411,
316.2919,
34.16883,
1299.467,
165.2534,
49.61345,
29.84604,
7.217985,
95.87495,
25.81319,
0,
2815.472,
2036, 
9.319672,
57.77876,
33.50037,
14.28961,
41.66176,
41.75602,
73.18328,
83.77822,
42.67448,
8.364214,
84.58076,
33.32967,
47.01233,
7.10274,
26.06099,
40.72226,
138.6889,
317.0683,
33.65578,
1272.442,
161.6125,
48.70687,
29.44401,
7.142209,
96.1656,
26.64986,
0,
2776.691,
2037, 
9.271755,
57.58253,
33.2912,
14.1641,
40.99074,
41.44315,
71.96254,
85.44773,
44.19164,
8.45159,
83.99129,
32.75065,
46.55354,
6.971966,
25.93332,
40.13763,
135.8212,
317.3684,
33.16644,
1242.347,
160.0262,
48.51457,
29.0934,
7.086368,
96.78513,
27.49851,
0,
2740.842,
2038, 
9.23774,
57.43785,
33.06397,
14.26922,
40.78492,
41.3934,
71.32018,
88.23582,
46.16317,
8.549337,
83.49312,
32.15874,
46.11578,
6.970636,
25.76901,
39.53036,
134.4678,
317.2516,
32.72972,
1209.339,
158.2906,
48.67331,
28.86119,
7.033193,
98.53532,
28.63749,
0,
2708.312,
2039, 
9.204994,
57.33943,
32.81506,
14.38447,
40.58266,
41.34702,
70.64598,
90.77446,
47.98432,
8.655773,
83.04767,
31.55056,
45.59776,
6.975447,
25.56988,
38.90176,
132.8742,
316.7509,
32.09172,
1173.666,
156.3034,
48.85569,
28.70823,
6.972288,
100.1025,
29.69106,
0,
2671.394,
2040, 
9.175068,
57.27167,
32.54607,
14.50619,
40.39193,
41.2978,
69.89198,
93.0546,
49.66458,
8.769708,
82.65604,
30.92908,
45.02317,
6.976584,
25.33796,
38.25884,
131.0563,
315.8979,
31.41408,
1135.654,
154.1043,
49.05761,
28.454,
6.910016,
101.5076,
30.66585,
0,
2630.473,
2041, 
9.156665,
57.20236,
32.2544,
14.64305,
40.22342,
41.24161,
69.09155,
96.01329,
51.84031,
8.908165,
82.40526,
30.29743,
44.44682,
6.970919,
25.0682,
37.63461,
128.9446,
314.725,
30.7172,
1094.847,
151.6673,
49.24174,
28.18406,
6.844166,
103.1856,
31.93797,
0,
2587.692,
2042, 
9.136248,
57.13538,
31.93994,
14.77827,
40.03716,
41.15741,
68.24162,
98.64134,
53.78973,
9.04527,
82.2199,
29.65447,
43.80465,
6.960481,
24.77033,
37.00729,
126.6497,
313.1744,
29.99046,
1052.551,
149.0416,
49.42419,
27.90369,
6.768079,
104.6253,
33.09972,
0,
2541.548,
2043, 
9.108766,
57.07485,
31.60176,
14.91075,
39.83789,
41.06333,
67.35051,
101.0328,
55.54307,
9.178403,
82.04916,
29.0001,
43.07015,
6.944947,
24.4472,
36.37431,
124.1885,
311.265,
29.22726,
1009.2,
146.2133,
49.594,
27.5935,
6.688985,
105.8345,
34.16081,
0,
2492.554,
2044, 
9.073125,
57.04131,
31.24022,
15.03617,
39.61521,
40.95694,
66.40075,
103.1868,
57.11378,
9.305049,
81.78408,
28.33574,
42.25132,
6.923907,
24.10085,
35.73298,
121.5875,
309.0113,
28.43312,
965.2216,
143.2071,
49.74051,
27.25165,
6.619227,
106.8242,
35.12713,
0,
2441.122,
2045, 
9.028332,
57.03588,
30.8558,
15.15147,
39.36489,
40.82993,
65.40388,
105.0943,
58.5174,
9.422778,
81.45051,
27.66291,
41.35624,
6.897004,
23.73386,
35.07962,
118.8726,
306.4266,
27.61356,
921.0247,
140.0476,
49.8536,
26.87671,
6.564665,
107.6029,
36.00127,
0,
2387.769,
2046, 
8.979,
57.01559,
30.42562,
15.24743,
39.07352,
40.64981,
64.33092,
107.4441,
60.16938,
9.536059,
81.08205,
26.9852,
40.40562,
6.859297,
23.32215,
34.41574,
115.9408,
303.2768,
26.77845,
875.9551,
136.6666,
49.86005,
26.49379,
6.517152,
108.3418,
37.0234,
0,
2332.795,
2047, 
8.917406,
56.9879,
29.97306,
15.32365,
38.74308,
40.43007,
63.27878,
109.4664,
61.59278,
9.633503,
80.63058,
26.30155,
39.18283,
6.815388,
22.89549,
33.73868,
112.9488,
299.8047,
25.92432,
831.4788,
133.1725,
49.81556,
26.06967,
6.467524,
108.8323,
37.91114,
0,
2276.336,
2048, 
8.89927,
56.81071,
29.52009,
15.36506,
38.32587,
40.12143,
62.08466,
111.018,
62.74176,
9.718575,
80.35444,
25.63612,
38.4364,
6.730015,
22.45494,
33.03317,
109.9516,
296.0585,
25.22701,
787.889,
130.1274,
49.72709,
25.85016,
6.372447,
109.2148,
38.64651,
0,
2220.315,
2049, 
8.866985,
56.60483,
29.04608,
15.38172,
37.86842,
39.77037,
60.84744,
112.3344,
63.68295,
9.785047,
79.97401,
24.96815,
37.61865,
6.638146,
22.00366,
32.31689,
106.9336,
292.0178,
24.51644,
745.4299,
126.9997,
49.57464,
25.58575,
6.284552,
109.3695,
39.27191,
0,
2163.691,
2050, 
8.819777,
56.36891,
28.55188,
15.37253,
37.37224,
39.37592,
59.57555,
113.428,
64.43691,
9.832033,
79.48157,
24.29709,
36.73486,
6.539817,
21.54363,
31.5912,
103.9077,
287.6981,
23.79448,
704.3007,
123.8009,
49.35417,
25.27476,
6.198316,
109.3055,
39.79364,
0,
2106.75,
2051, 
8.882985,
56.9796,
28.36962,
15.57657,
37.35049,
39.48811,
58.84545,
116.2891,
66.15646,
10.01927,
80.0471,
23.90291,
36.15755,
6.52316,
21.27787,
31.2266,
101.7075,
286.6074,
23.28216,
667.1578,
121.7028,
49.78859,
25.28021,
6.194667,
110.588,
40.91457,
0,
2070.316,
2052, 
8.937484,
57.57352,
28.17985,
15.76132,
37.31104,
39.58957,
58.11522,
118.9634,
67.72884,
10.18984,
80.53603,
23.51328,
35.51597,
6.501979,
21.01507,
30.86362,
99.55918,
285.3617,
22.69078,
631.7345,
119.6253,
50.16876,
25.25872,
6.199601,
111.7172,
41.94508,
0,
2034.557,
2053, 
8.983858,
58.12587,
27.98294,
15.9251,
37.24287,
39.66543,
57.38894,
121.4293,
69.15535,
10.34347,
80.94849,
23.12859,
34.9637,
6.476208,
20.75562,
30.50167,
97.46859,
283.9666,
22.07374,
598.0883,
117.5052,
50.49233,
25.21402,
6.20696,
112.7027,
42.89141,
0,
1999.627,
2054, 
9.022873,
58.6167,
27.77938,
16.06651,
37.14594,
39.7079,
56.66986,
123.6933,
70.44805,
10.48015,
81.28654,
22.74925,
34.52396,
6.445857,
20.5,
30.14033,
95.4467,
282.4286,
21.4735,
566.2447,
115.3816,
50.75824,
25.15037,
6.210152,
113.554,
43.75827,
0,
1965.683,
2055, 
9.054411,
59.04406,
27.56936,
16.18568,
37.02094,
39.71717,
55.96052,
125.7698,
71.61757,
10.59999,
81.54886,
22.37523,
34.19822,
6.411011,
20.24858,
29.77971,
93.49673,
280.7545,
20.89081,
536.202,
113.2624,
50.96612,
25.03555,
6.209546,
114.2777,
44.55122,
0,
1932.748,
2056, 
9.076557,
59.38086,
27.3244,
16.26995,
36.83899,
39.65733,
55.20035,
127.9667,
72.8376,
10.69391,
81.69567,
21.99964,
33.96755,
6.370364,
19.97097,
29.40963,
91.49531,
278.6841,
20.29954,
507.4079,
111.0647,
51.05793,
24.88945,
6.202248,
114.8472,
45.37187,
0,
1899.981,
2057, 
9.090813,
59.65351,
27.0739,
16.332,
36.63034,
39.56519,
54.45294,
129.9363,
73.91349,
10.77067,
81.76514,
21.62933,
33.90806,
6.325523,
19.69859,
29.04032,
89.57387,
276.4895,
19.72622,
480.3965,
108.9656,
51.09298,
24.71911,
6.193159,
115.2837,
46.10459,
0,
1868.331,
2058, 
9.09749,
59.86313,
26.81825,
16.37275,
36.3965,
39.44212,
53.71957,
131.6993,
74.859,
10.83102,
81.75987,
21.26427,
34.00083,
6.276708,
19.43152,
28.67194,
87.73177,
274.1802,
19.1712,
455.1064,
107.0036,
51.0733,
24.52614,
6.18181,
115.5969,
46.75734,
0,
1837.833,
2059, 
9.097231,
60.01153,
26.55803,
16.39326,
36.13911,
39.28968,
53.00104,
133.2736,
75.6862,
10.8758,
81.68446,
20.90459,
33.58675,
6.224167,
19.16978,
28.3047,
85.96768,
271.7653,
18.65941,
431.4657,
105.2045,
51.00138,
24.31347,
6.167283,
115.7968,
47.33707,
0,
1807.879,
2060, 
9.090589,
60.10102,
26.29376,
16.39467,
35.85985,
39.10956,
52.29784,
134.6751,
76.40569,
10.90589,
81.54334,
20.55033,
33.18253,
6.168163,
18.91334,
27.93878,
84.27963,
269.2545,
18.21596,
409.3953,
103.591,
50.88007,
24.10273,
6.149202,
115.8923,
47.84995,
0,
1779.041,
2061, 
9.07524,
60.11457,
26.00469,
16.36847,
35.53251,
38.87359,
51.55203,
136.1143,
77.12713,
10.91266,
81.29831,
20.19388,
32.77337,
6.107291,
18.64345,
27.56235,
82.55441,
266.3984,
17.83072,
388.5641,
102.0922,
50.65655,
23.91797,
6.123469,
115.843,
48.35846,
0,
1750.593,
2062, 
9.053565,
60.07487,
25.71264,
16.32504,
35.18656,
38.6134,
50.82225,
137.3591,
77.72914,
10.906,
80.99215,
19.84268,
32.36918,
6.043517,
18.37895,
27.18766,
80.90388,
263.4651,
17.52685,
369.1538,
100.6347,
50.38989,
23.78242,
6.095226,
115.6918,
48.79293,
0,
1723.033,
2063, 
9.026012,
59.98507,
25.41808,
16.26567,
34.82381,
38.33094,
50.10841,
138.4284,
78.22405,
10.88693,
80.62924,
19.49669,
31.97036,
5.97712,
18.11971,
26.81491,
79.32458,
260.4637,
17.32103,
351.0752,
98.92618,
50.08332,
23.71338,
6.064806,
115.4479,
49.16072,
0,
1696.086,
2064, 
8.993024,
59.84843,
25.12143,
16.19165,
34.44601,
38.02813,
49.41032,
139.3389,
78.62266,
10.85643,
80.214,
19.15588,
31.57723,
5.908373,
17.86558,
26.44429,
77.81289,
257.4028,
17.23685,
334.2401,
97.26348,
49.74012,
23.6195,
6.032302,
115.12,
49.46824,
0,
1669.959,
2065, 
8.955043,
59.66822,
24.82315,
16.10423,
34.05484,
37.70685,
48.72762,
140.1053,
78.93436,
10.81546,
79.74273,
18.81812,
31.19001,
5.837538,
17.61639,
26.07598,
76.36517,
254.2907,
17.23959,
318.5624,
95.64487,
49.36346,
23.39115,
5.997558,
114.7158,
49.72113,
0,
1644.468,
2066, 
8.911055,
59.43707,
24.50684,
15.9943,
33.62447,
37.34092,
48.00919,
140.8275,
79.19984,
10.7543,
79.20614,
18.47614,
30.79768,
5.763375,
17.35947,
25.7004,
74.88306,
250.9032,
16.89124,
303.8689,
94.00636,
48.91187,
23.14445,
5.956575,
114.1678,
49.94039,
0,
1618.583,
2067, 
8.862787,
59.16891,
24.19009,
15.87319,
33.18425,
36.96035,
47.30635,
141.3972,
79.37608,
10.68432,
78.64825,
18.13786,
30.41091,
5.687664,
17.10739,
25.32758,
73.46129,
247.4847,
16.55281,
290.1773,
92.40947,
48.43363,
22.88952,
5.913697,
113.5523,
50.10321,
0,
1593.301,
2068, 
8.810578,
58.86686,
23.87324,
15.74205,
32.73567,
36.56683,
46.6186,
141.8302,
79.47266,
10.60639,
78.05006,
17.80443,
30.02927,
5.610632,
16.85997,
24.95766,
72.09612,
244.0421,
16.22369,
277.4113,
90.8519,
47.93164,
22.62723,
5.869156,
112.8765,
50.21548,
0,
1568.58,
2069, 
8.754799,
58.53389,
23.5566,
15.60194,
32.28007,
36.16196,
45.94538,
142.1399,
79.49797,
10.52133,
77.41312,
17.47616,
29.65272,
5.532495,
16.61705,
24.59078,
70.78399,
240.5816,
15.90343,
265.4991,
89.33179,
47.40862,
22.35862,
5.823041,
112.1466,
50.28238,
0,
1544.395,
2070, 
8.695793,
58.17284,
23.24052,
15.45384,
31.81871,
35.7472,
45.28612,
142.3385,
79.4594,
10.4299,
76.74713,
17.15327,
29.2812,
5.453449,
16.37845,
24.22706,
69.51886,
237.1091,
15.59157,
254.373,
87.84738,
46.86713,
22.08463,
5.775449,
111.3687,
50.30844,
0,
1520.728,
2071, 
8.630927,
57.77303,
22.91098,
15.28957,
31.33153,
35.29887,
44.60398,
142.4494,
79.35246,
10.32261,
76.04002,
16.83258,
28.90064,
5.372539,
16.13336,
23.8586,
68.21741,
233.412,
15.28831,
243.9785,
86.3403,
46.27623,
21.79281,
5.722612,
110.4645,
50.2931,
0,
1496.887,
2072, 
8.563375,
57.3506,
22.58294,
15.11915,
30.84133,
34.84389,
43.9355,
142.4478,
79.18238,
10.2104,
75.30989,
16.51922,
28.48786,
5.291129,
15.89254,
23.49371,
66.95846,
229.7189,
14.99218,
234.2486,
84.8661,
45.67224,
21.49693,
5.668642,
109.5201,
50.23713,
0,
1473.451,
2073, 
8.493318,
56.90795,
22.25657,
14.94341,
30.34909,
34.38344,
43.28019,
142.3454,
78.95623,
10.09387,
74.55909,
16.21408,
27.97995,
5.209376,
15.65584,
23.13246,
65.74393,
226.0342,
14.70248,
225.1291,
83.42214,
45.05724,
21.1973,
5.613656,
108.5405,
50.145,
0,
1450.346,
2074, 
8.420866,
56.4473,
21.93204,
14.76309,
29.85572,
33.91864,
42.63749,
142.1527,
78.68026,
9.973608,
73.78952,
15.91833,
27.41608,
5.127425,
15.42311,
22.77493,
64.57333,
222.3619,
14.41841,
216.5696,
82.00542,
44.43309,
20.89389,
5.55779,
107.5298,
50.02059,
0,
1427.595,
2075, 
8.346307,
55.97072,
21.60955,
14.57887,
29.36203,
33.45051,
42.0069,
141.879,
78.35995,
9.85014,
73.00383,
15.63326,
26.82495,
5.045403,
15.19421,
22.42118,
63.44482,
218.7057,
14.12476,
208.5241,
80.61493,
43.80158,
20.58754,
5.501219,
106.4922,
49.86736,
0,
1405.201,
2076, 
8.264194,
55.4557,
21.2767,
14.38268,
28.85302,
32.95692,
41.35968,
141.4843,
77.96073,
9.713833,
72.17229,
15.35907,
26.20742,
4.962645,
14.95924,
22.06487,
62.29742,
214.8663,
13.7828,
200.9632,
79.20069,
43.13966,
20.2679,
5.439749,
105.3384,
49.66209,
0,
1382.392,
2077, 
8.18039,
54.92896,
20.9466,
14.18397,
28.34563,
32.46241,
40.72432,
141.0105,
77.52026,
9.57541,
71.329,
15.0712,
25.60055,
4.880083,
14.72809,
21.71261,
61.19078,
211.0556,
13.42564,
193.8346,
77.81026,
42.47412,
19.946,
5.378004,
104.1649,
49.42949,
0,
1359.909,
2078, 
8.095976,
54.39215,
20.61969,
13.98327,
27.84045,
31.96773,
40.1004,
140.4667,
77.04348,
9.435356,
70.48012,
14.7871,
25.01685,
4.797813,
14.50064,
21.36445,
60.12428,
207.2765,
13.07232,
187.1027,
76.36504,
41.80652,
19.62618,
5.31613,
102.9769,
49.1728,
0,
1337.731,
2079, 
8.011291,
53.84674,
20.29614,
13.78108,
27.33802,
31.47358,
39.48748,
139.8603,
76.53472,
9.294066,
69.62812,
14.50781,
24.50421,
4.715924,
14.27676,
21.0204,
59.09758,
203.5313,
12.72474,
180.7348,
74.86968,
41.13808,
19.30768,
5.254255,
101.7777,
48.89479,
0,
1315.907,
2080, 
7.925822,
53.2942,
19.97582,
13.57782,
26.83884,
30.98058,
38.8852,
139.1982,
75.99786,
9.151825,
68.77139,
14.233,
24.10572,
4.634496,
14.05639,
20.68051,
58.08017,
199.8215,
12.38201,
174.7014,
73.35599,
40.46975,
18.9534,
5.19248,
100.5686,
48.59797,
0,
1294.431,
2081, 
7.831109,
52.69919,
19.64697,
13.36562,
26.3331,
30.46897,
38.26973,
138.3962,
75.38139,
9.001129,
67.84721,
13.96287,
23.81749,
4.553267,
13.83153,
20.34029,
57.03889,
195.9804,
12.04561,
168.9421,
71.78908,
39.78408,
18.55771,
5.124143,
99.26611,
48.24528,
0,
1272.52,
2082, 
7.736022,
52.10028,
19.32186,
13.15331,
25.83179,
29.96019,
37.66476,
137.5421,
74.74039,
8.850225,
66.92223,
13.69707,
23.67675,
4.472647,
13.61016,
20.00434,
56.02438,
192.1835,
11.71766,
163.4674,
70.25161,
39.10094,
18.13387,
5.056195,
97.95927,
47.87564,
0,
1251.055,
2083, 
7.640699,
51.49851,
19.00055,
12.94122,
25.33522,
29.45466,
37.06998,
136.6422,
74.07819,
8.69937,
65.99767,
13.43554,
23.70598,
4.39269,
13.39217,
19.67269,
55.03515,
188.432,
11.39794,
158.2544,
68.79479,
38.4211,
17.69951,
4.988677,
96.65009,
47.49129,
0,
1230.122,
2084, 
7.545274,
50.89484,
18.68307,
12.72963,
24.84369,
28.9528,
36.48505,
135.702,
73.39771,
8.548788,
65.07471,
13.17823,
23.93713,
4.313445,
13.17749,
19.34531,
54.06984,
184.7267,
11.08625,
153.2827,
67.45213,
37.74525,
17.2726,
4.921624,
95.34048,
47.0942,
0,
1209.801,
2085, 
7.450125,
50.29016,
18.36957,
12.5188,
24.35744,
28.45495,
35.90969,
134.7265,
72.70161,
8.398712,
64.15563,
12.92519,
23.70964,
4.234954,
12.96604,
19.02221,
53.12733,
181.0688,
10.78627,
148.5337,
66.23937,
37.07409,
16.8747,
4.85507,
94.03271,
46.68612,
0,
1189.469,
2086, 
7.342829,
49.64229,
18.04778,
12.30109,
23.87076,
27.94293,
35.32627,
133.6048,
71.9343,
8.243798,
63.1641,
12.67698,
23.34341,
4.157625,
12.75247,
18.70231,
52.17048,
177.3331,
10.51706,
143.9922,
65.12492,
36.39059,
16.51796,
4.780716,
92.65687,
46.22569,
0,
1168.763,
2087, 
7.236109,
48.99594,
17.73033,
12.08478,
23.39003,
27.43607,
34.75233,
132.4519,
71.1545,
8.089855,
62.17914,
12.43285,
22.98134,
4.081116,
12.54211,
18.38668,
51.23517,
173.6501,
10.30353,
139.6412,
64.17425,
35.7133,
16.2099,
4.707135,
91.28654,
45.75609,
0,
1148.602,
2088, 
7.130051,
48.35177,
17.41723,
11.87007,
22.91537,
26.93458,
34.18763,
131.2721,
70.36443,
7.937027,
61.1951,
12.19272,
22.62348,
4.005454,
12.33489,
18.07529,
50.32038,
170.0199,
10.1497,
135.4667,
63.41386,
35.04266,
15.95827,
4.634344,
89.92291,
45.27885,
0,
1129.015,
2089, 
7.02473,
47.71034,
17.10849,
11.6571,
22.44693,
26.43867,
33.63193,
130.0696,
69.56607,
7.785439,
60.19402,
11.95656,
22.26987,
3.930665,
12.13075,
17.76815,
49.4252,
166.443,
10.06309,
131.4559,
62.51307,
34.37903,
15.7735,
4.562358,
88.56715,
44.79534,
0,
1109.667,
2090, 
6.920211,
47.07215,
16.80408,
11.44603,
21.98478,
25.94848,
33.08501,
128.8476,
68.76119,
7.635204,
59.19077,
11.72431,
21.92054,
3.85677,
11.92965,
17.46522,
48.54875,
162.9193,
10.05448,
127.5975,
61.34094,
33.72272,
15.66981,
4.491191,
87.22018,
44.30676,
0,
1090.464,
2091, 
6.804969,
46.39515,
16.49105,
11.22999,
21.52134,
25.44695,
32.5294,
127.4806,
67.89249,
7.482931,
58.12297,
11.49302,
21.56255,
3.784612,
11.72855,
17.16801,
47.66173,
159.3554,
10.13511,
123.9592,
60.153,
33.05647,
15.5669,
4.41375,
85.82162,
43.77363,
0,
1071.031,
2092, 
6.691094,
45.72334,
16.18279,
11.01627,
21.06464,
24.95197,
31.98261,
126.0985,
67.01994,
7.332311,
57.08241,
11.26228,
21.21049,
3.713362,
11.53043,
16.87491,
46.79286,
155.8481,
10.09854,
120.4506,
58.98687,
32.39793,
15.26897,
4.337339,
84.43515,
43.23712,
0,
1051.591,
2093, 
6.578578,
45.05707,
15.87927,
10.80496,
20.61472,
24.46358,
31.44448,
124.7045,
66.14504,
7.183411,
56.08042,
11.03354,
20.86396,
3.643032,
11.33526,
16.5859,
45.94141,
152.3971,
9.8903,
117.0633,
57.84169,
31.74776,
14.97527,
4.261965,
83.06141,
42.69826,
0,
1032.296,
2094, 
6.467398,
44.39665,
15.58042,
10.59614,
20.1716,
23.98189,
30.91483,
123.3013,
65.26908,
7.03629,
55.12732,
10.80805,
20.52247,
3.57363,
11.14298,
16.30095,
45.10673,
149.0021,
9.685854,
113.7894,
56.71651,
31.10666,
14.68561,
4.187629,
81.70084,
42.15798,
0,
1013.33,
2095, 
6.357533,
43.74236,
15.28619,
10.38987,
19.7353,
23.50694,
30.39348,
121.8916,
64.39325,
6.890996,
54.23223,
10.58645,
20.18559,
3.505166,
10.95355,
16.02004,
44.28784,
145.6628,
9.484989,
110.622,
55.61052,
30.47535,
14.39985,
4.114329,
80.35382,
41.61707,
0,
994.6991,
2096, 
6.240329,
43.03952,
14.97879,
10.18033,
19.29247,
23.02012,
29.86162,
120.3532,
63.46418,
6.744798,
53.27225,
10.36895,
19.84136,
3.437964,
10.7635,
15.7422,
43.44425,
142.3197,
9.283465,
107.6426,
54.49406,
29.83808,
14.10596,
4.03821,
78.97084,
41.03721,
0,
975.7761,
2097, 
6.124792,
42.34468,
14.67648,
9.973615,
18.85688,
22.54068,
29.33826,
118.8123,
62.5375,
6.600605,
52.27522,
10.15667,
19.50266,
3.371703,
10.57631,
15.46837,
42.61351,
139.0338,
9.085749,
104.7548,
53.39765,
29.20944,
13.8167,
3.963232,
77.60367,
40.45826,
0,
957.0935,
2098, 
6.011039,
41.65798,
14.37925,
9.769764,
18.42848,
22.06859,
28.82324,
117.2709,
61.61415,
6.458451,
51.29298,
9.951164,
19.09903,
3.306385,
10.39193,
15.19849,
41.79652,
135.8045,
8.892093,
101.9533,
52.32192,
28.58958,
13.53255,
3.88939,
76.25282,
39.88089,
0,
938.6354,
2099, 
5.898797,
40.97957,
14.08695,
9.56881,
18.00724,
21.60385,
28.31642,
115.7311,
60.69497,
6.318338,
50.32429,
9.752878,
18.64099,
3.242009,
10.21031,
14.93254,
40.99392,
132.6312,
8.701578,
99.23339,
51.26383,
27.97925,
13.2523,
3.816678,
74.91795,
39.30569,
0,
920.4048,
2100, 
5.787804,
40.30951,
13.79941,
9.37076,
17.59312,
21.14643,
27.81764,
114.1944,
59.78071,
6.180255,
49.36792,
9.562312,
18.15317,
3.178576,
10.03143,
14.67049,
40.20749,
129.5131,
8.513347,
96.59077,
50.2205,
27.37838,
12.97479,
3.745088,
73.59866,
38.73317,
0,
902.4192];
