real main.em.dem.hi.PPI.production[27](t) = [1971, 
11.161,
46.95401,
0.908,
0.1505,
1.2373,
1.6619,
0.2297,
0.0064,
0.0177,
0.625,
35.0154,
3.536,
0.2121,
0,
0,
7.048,
0.1695,
0.82,
0.508,
3.06,
0.3577,
0.019,
12.907,
1.5404,
0.1035,
0.0469,
0,
1972, 
12.038,
50.757,
0.981,
0.16,
1.3457,
1.765,
0.2358,
0.0064,
0.0172,
0.744,
37.1807,
3.7291,
0.2777,
0,
0,
7.424,
0.1921,
0.845,
0.566,
3.371,
0.5017,
0.019,
13.648,
1.5458,
0.0972,
0.0498,
0,
1973, 
12.578,
52.971,
1.113,
0.1723,
1.5879,
1.825,
0.2249,
0.0065,
0.0189,
0.85,
40.5347,
3.8944,
0.345,
0,
0,
7.89,
0.2099,
0.84,
0.592,
4.116,
0.5926,
0.0432,
15.975,
1.686,
0.124,
0.0541,
0,
1974, 
13.218,
52.54,
1.254,
0.1746,
1.8537,
1.917,
0.2078,
0.0065,
0.0245,
0.912,
41.9213,
3.9647,
0.387,
0,
0,
8.199,
0.2054,
0.893,
0.693,
3.926,
0.5193,
0.043,
15.645,
1.7324,
0.1362,
0.0525,
0,
1975, 
10.067,
45.248,
1.184,
0.171,
1.6878,
1.7442,
0.2093,
0.0065,
0.052117,
0.834,
33.8723,
4.4057,
0.414,
0,
0,
8.583,
0.2421,
0.911,
0.742,
4.128,
0.4822,
0.046,
13.6,
1.697,
0.1257,
0.0525,
0,
1976, 
11.791,
51.75701,
1.346,
0.1815,
2.0449,
1.7333,
0.2158,
0.0065,
0.0599,
0.904,
39.069,
4.7221,
0.31,
0,
0,
8.916,
0.2541,
0.934,
0.778,
4.213,
0.5863,
0.058,
15.394,
1.761,
0.0977,
0.0525,
0,
1977, 
12.151,
53.347,
1.463,
0.1389,
2.2355,
1.7992,
0.2478,
0.0065,
0.0745,
0.979,
39.4753,
5.1191,
0.34,
0,
0,
9.064,
0.2761,
0.99,
1.204,
4.661,
0.6454,
0.078,
15.702,
1.89,
0.1177,
0.0525,
0,
1978, 
13.286,
55.15401,
1.596,
0.1499,
2.534,
1.9828,
0.2528,
0.0065,
0.0763,
1.023,
41.7701,
4.986,
0.265,
0,
0,
9.236,
0.2731,
0.998,
1.445,
5.37,
0.7274,
0.154,
16.499,
1.867,
0.1439,
0.0645,
0,
1979, 
13.486,
57.41001,
1.684,
0.1681,
2.979,
2.1949,
0.3068,
0.0065,
0.0793,
1.12,
45.4132,
5.021,
0.443,
0,
0,
8.729,
0.2676,
1.044,
1.674,
6.321,
0.7903,
0.212,
17.861,
1.942,
0.1535,
0.0675,
0,
1980, 
13.39,
56.839,
1.979,
0.1714,
3.361,
2.2187,
0.3342,
0.0185,
0.0827,
1.197,
44.881,
5.224,
0.478,
0,
0,
8.733,
0.2691,
0.962,
1.76,
6.884,
0.8221,
0.231,
18.088,
2.104,
0.1563,
0.073,
0,
1981, 
13.835,
57.667,
1.893,
0.1947,
3.102,
2.2615,
0.3744,
0.0175,
0.0837,
1.29,
44.814,
5.203,
0.512,
0,
0,
8.954,
0.2671,
1.266,
1.863,
6.948,
0.7983,
0.258,
16.98,
2.151,
0.1688,
0.077,
0,
1982, 
12.408,
54.89901,
1.924,
0.2275,
3.329,
2.2425,
0.3394,
0.017,
0.0841,
1.35,
43.854,
5.262,
0.537,
0,
0,
8.978,
0.2671,
1.288,
1.817,
7.463,
0.7493,
0.329,
17.453,
2.188,
0.1887,
0.0763,
0,
1983, 
13.353,
58.804,
2.019,
0.2238,
3.426,
2.3015,
0.3479,
0.017,
0.097,
1.52,
45.61,
5.398,
0.391,
0,
0,
9.556,
0.3161,
1.481,
2.062,
8.446,
0.6933,
0.374,
18.441,
2.101,
0.2479,
0.0718,
0,
1984, 
14.222,
62.36601,
2.239,
0.2396,
3.768,
2.5235,
0.4138,
0.023,
0.1037,
1.422,
49.976,
5.547,
0.488,
0,
0,
9.835,
0.3091,
1.557,
2.287,
9.55,
0.8523,
0.403,
19.345,
2.214,
0.2466,
0.0684,
0,
1985, 
14.448,
60.959,
2.376,
0.2237,
4.022,
2.4833,
0.4161,
0.047,
0.1059,
1.489,
50.141,
5.621,
0.644,
0,
0,
10.031,
0.3,
1.559,
2.392,
11.237,
0.872,
0.5,
20.469,
2.316,
0.2089,
0.08,
0,
1986, 
15.259,
64.444,
2.469,
0.2427,
4.525,
2.7103,
0.4331,
0.067,
0.12085,
1.611,
51.933,
5.677,
0.71,
0,
0,
10.395,
0.32,
1.806,
2.853,
12.641,
0.82,
0.611,
21.062,
2.267,
0.2196,
0.082,
0,
1987, 
16.044,
67.532,
2.573,
0.2298,
4.712,
2.9321,
0.4531,
0.056,
0.12104,
1.6,
54.594,
5.813,
0.813,
0,
0,
10.566,
0.342,
1.871,
3.243,
14.271,
0.9984,
0.813,
22.537,
2.17,
0.2366,
0.115,
0,
1988, 
16.639,
69.587,
3.375,
0.2218,
4.685,
2.9998,
0.4591,
0.06,
0.12824,
1.8,
58.745,
5.952,
0.681,
0,
0,
10.881,
0.364,
1.977,
3.739,
15.74,
1.0216,
0.974,
24.625,
2.492,
0.285,
0.114,
0,
1989, 
16.555,
69.51401,
3.294,
0.2507,
4.806,
2.802798,
0.5261,
0.051,
0.13634,
1.899,
60.966,
5.72,
0.751,
0,
0,
10.735,
0.417,
2.05,
4.109,
16.527,
1.0856,
1.158,
26.809,
2.605,
0.2785,
0.1155,
0,
1990, 
16.466,
71.965,
2.873,
0.2147,
4.844,
2.8415,
0.517,
0.049,
0.11435,
1.904,
63.04,
4.6135,
0.891,
0,
0,
10.718,
0.531,
2.185,
4.604,
17.408,
1.55,
1.438,
28.088,
2.768,
0.3619,
0.1139,
0,
1991, 
16.559,
72.724,
2.896,
0.21,
4.888,
3.0983,
0.494,
0.035,
0.10907,
1.905,
63.678,
3.8625,
0.747,
0,
0,
9.59,
0.506,
2.362,
5.002,
18.64,
1.9284,
1.755,
29.053,
2.833,
0.346,
0.115,
0,
1992, 
16.585,
75.16101,
2.825,
0.1526,
4.913,
3.1689,
0.471,
0.029,
0.19002,
1.8,
64.999,
3.1026,
1.0126,
0.9249,
0,
5.765,
0.476,
2.528,
5.584,
20.049,
2.5668,
2.263,
28.324,
2.728,
0.365,
0.115,
0,
1993, 
17.557,
77.25001,
2.447,
0.1454,
5.352,
2.8559,
0.498,
0.013,
0.19472,
1.71,
67.02683,
3.8039,
1.032,
0.6321,
0,
4.459,
0.558,
2.626,
5.884,
22.077,
2.727,
2.6,
27.764,
2.875,
0.554,
0.103,
0,
1994, 
18.348,
80.945,
2.518,
0.1574,
5.73,
3.0821,
0.507,
0.011,
0.12622,
1.684,
72.77069,
4.1706,
1.102,
0.4341,
0,
3.412,
0.526,
2.859,
6.515,
25.627,
2.974,
3.054,
28.527,
3.061,
0.607,
0.109,
0,
1995, 
18.713,
85.526,
3.047,
0.2499,
5.856,
3.3482,
0.501,
0.0135,
0.12937,
1.871,
73.59541,
4.5498,
1.24,
0.4361,
0,
4.073,
0.572,
3.025,
6.958,
28.517,
3.475,
3.425,
29.664,
3.155,
0.581,
0.109,
0,
1996, 
18.414,
84.046,
3.047,
0.3155,
5.885,
3.3623,
0.479,
0.029,
0.1459,
1.871,
73.45018,
4.7195,
1.105,
0.4239,
0,
3.224,
0.572,
3.025,
7.761,
30.913,
3.55,
4.121,
30.014,
3.185,
0.5745,
0.109,
0,
1997, 
18.969,
88.511,
3.491,
0.301,
6.475,
3.4954,
0.557,
0.022,
0.1489,
2.047,
79.56598,
5.5145,
1.246,
0.395,
0,
3.339,
0.573,
2.922,
8.414,
31.663,
3.846,
4.822,
31.014,
3.308,
0.6075,
0.1099,
0,
1998, 
18.875,
86.451,
3.673,
0.389,
6.524,
3.038221,
0.641,
0.022,
0.153882,
2.105,
81.39453,
5.347572,
1.357,
0.4881,
0,
3.595,
0.357,
3.320027,
7.83,
32.203,
4.433,
5.487,
29.886,
3.385,
0.6105,
0.1049,
0,
1999, 
20.28,
88.67,
3.783999,
0.389,
6.255,
3.4094,
0.578,
0.022,
0.151804,
2.9,
84.2033,
5.482202,
1.349,
0.5193,
0.002703,
4.535,
0.395,
3.845,
8.955,
34.137,
4.7834,
6.978,
30.631,
3.381,
0.6575,
0.1089,
0,
2000, 
20.9209,
86.25227,
3.865,
0.389,
6.473,
3.7704,
0.69,
0.022,
0.157873,
2.982,
88.43532,
5.783165,
1.567,
0.6465,
0.033415,
5.3584,
0.4028,
3.794,
9.388,
35.439,
4.7202,
6.977,
31.828,
3.713,
0.6745,
0.1089,
0,
2001, 
19.834,
81.24883,
4.056,
0.389,
7.354,
3.9043,
0.73,
0.022,
0.094923,
3.523,
86.20253,
6.50523,
1.513,
0.7034,
0.06159,
5.7721,
0.4113,
4.094,
9.412,
37.929,
5.2429,
6.995,
30.717,
3.515,
1.2485,
0.1089,
0,
2002, 
20.226,
81.87907,
3.987,
0.3567,
7.354,
4.0742,
0.73,
0.022,
0.106523,
3.579,
88.36497,
6.612834,
1.643,
0.7476,
0.088323,
6.1236,
0.7783,
4.1048,
9.892,
42.329,
5.294,
6.995,
30.686,
3.519,
1.2485,
0.1089,
0,
2003, 
20.12,
80.71217,
4.149,
0.3561,
7.811,
4.2758,
0.73,
0.022,
0.128439,
3.645,
90.6743,
6.551424,
1.643,
0.897337,
0.0717,
6.5273,
0.7783,
4.1446,
10.228,
47.529,
6.3749,
6.995,
30.457,
3.904,
1.2485,
0.1089,
0,
2004, 
20.462,
82.08437,
4.689,
0.3936,
8.221,
4.19698,
0.7732,
0.025097,
0.191899,
2.881,
94.866,
7.148608,
1.643,
0.979999,
0.0828,
6.8398,
1.392,
4.6146,
10.591,
54.072,
6.2722,
7.223,
30.891,
4.013913,
0.9435,
0.2069,
0,
2005, 
19.498,
83.69733,
4.8411,
0.4028,
8.597,
4.694037,
0.7714,
0.026538,
0.304199,
2.444,
94.95413,
7.731102,
1.866,
1.05191,
0.0945,
7.134718,
1.445,
4.655007,
10.629,
60.405,
6.3933,
7.223,
30.953,
4.195181,
0.9675,
0.2059,
0,
2006, 
18.189,
84.31694,
4.876,
0.4036,
8.725,
4.617966,
0.7711,
0.026238,
0.310199,
2.611,
97.95297,
8.035076,
1.72,
1.1732,
0.178927,
7.458372,
1.3735,
6.799169,
10.783,
69.394,
8.4907,
7.223,
31.097,
4.102399,
0.9675,
0.1879,
0,
2007, 
17.367,
83.91596,
4.582,
0.4008,
9.009,
4.792552,
0.9711,
0.026238,
0.209599,
2.726,
97.69236,
8.384479,
2.039,
1.319501,
0.202922,
7.609216,
1.372,
8.30061,
11.012,
77.965,
8.3721,
7.727,
31.268,
4.056451,
0.9945,
0.1889,
0,
2008, 
15.789,
80.17838,
4.451,
0.40791,
9.409,
5.195454,
0.9711,
0.026238,
0.202499,
2.726,
94.28756,
8.005387,
2.05,
1.319501,
0.174571,
7.710859,
1.4942,
7.941178,
9.97,
83.685,
8.3588,
9.731,
30.628,
4.154047,
1.1845,
0.1889,
0,
2009, 
12.823,
71.35545,
4.556,
0.4074,
9.428,
4.993796,
0.9711,
0.026238,
0.051239,
2.245,
84.30791,
7.919005,
2.156,
1.385699,
0.209641,
7.382859,
2.5972,
7.78852,
9.806,
90.192,
8.7384,
9.908,
26.268,
4.162639,
1.1845,
0.105786,
0,
2010, 
12.755,
75.77284,
4.704,
0.41212,
9.978,
4.813147,
0.9711,
0.026238,
0.088239,
2.516,
90.50254,
8.599111,
2.348,
1.542251,
0.214496,
5.621459,
2.5562,
10.11124,
11.102,
96.545,
8.7429,
9.908,
27.364,
4.091822,
0.9975,
0.0949,
0,
2011, 
12.057,
76.43082,
4.701,
0.398208,
10.159,
4.931931,
0.9711,
0.026238,
0.088239,
2.176,
89.42604,
8.781577,
2.659,
1.441898,
0.243316,
7.660179,
2.5182,
10.172,
11.336,
103.226,
8.9581,
10.034,
26.609,
3.963677,
1.0255,
0.0949,
0,
2012, 
10.756,
74.492,
4.795,
0.409108,
10.26,
4.760415,
0.9665,
0.027538,
0.090239,
2.422486,
87.61104,
8.60685,
2.784,
1.487274,
0.196677,
7.690504,
2.9032,
10.247,
11.412,
106.569,
9.0444,
10.247,
25.957,
4.038189,
1.0255,
0.0949,
0,
2013, 
11.174,
71.7323,
4.835,
0.408808,
10.444,
4.732604,
0.9915,
0.027182,
0.178371,
2.318183,
86.6896,
8.713341,
2.85,
1.393929,
0.249025,
7.774043,
2.9032,
11.8,
11.847,
105.15,
8.9681,
10.247,
26.238,
3.78952,
1.0255,
0.0949,
0,
2014, 
10.775,
73.093,
4.855,
0.648721,
10.398,
4.74694,
1.0065,
0.027182,
0.149351,
2.257489,
85.63888,
9.143342,
2.900002,
1.420138,
0.248376,
8.054422,
2.9032,
14.49,
11.702,
108.75,
8.5595,
10.37626,
26.626,
3.810022,
1.0255,
0.0949,
0,
2015, 
10.3,
72.397,
5.316,
0.645929,
10.477,
4.86087,
1.0165,
0.027182,
0.165192,
2.248182,
85.01026,
9.435444,
2.920011,
1.384449,
0.248976,
8.106546,
2.9032,
15.435,
11.649,
111.15,
9.0097,
10.55472,
26.404,
3.898929,
1.0255,
0.0949,
0,
2016, 
9.911,
71.90224,
5.675,
0.644129,
10.335,
5.143885,
1.0165,
0.027182,
0.114993,
2.35299,
84.42686,
9.907754,
2.95001,
1.35035,
0.276629,
8.591518,
2.9102,
15.54,
11.732,
112.6,
9.4915,
11.01571,
26.22,
3.900095,
1.0255,
0.0949,
0,
2017, 
9.958,
72.04454,
5.755,
0.634029,
10.471,
5.293045,
1.0165,
0.027182,
0.115809,
2.08006,
85.43297,
10.29239,
2.930012,
1.286999,
0.283944,
8.762425,
2.902,
16.227,
11.171,
115.35,
9.8278,
11.69337,
26.544,
3.967608,
1.0255,
0.092,
0,
2018, 
10.142,
70.89107,
5.956,
0.634029,
10.433,
5.425974,
1.0265,
0.027182,
0.115809,
2.223214,
85.15913,
10.3818,
2.799991,
1.518832,
0.347947,
9.103868,
2.902,
17.235,
11.609,
108.4,
10.1087,
11.80337,
26.056,
3.963059,
0.8285,
0.092,
0,
2019, 
9.473,
68.15681,
5.805,
0.609966,
10.534,
5.388175,
1.0265,
0.027182,
0.115809,
2.158133,
82.55747,
10.44295,
2.79997,
1.408587,
0.328125,
9.219241,
2.902,
16.843,
10.727,
111.7,
10.665,
11.95337,
25.376,
3.935,
0.7115,
0.092,
0,
2020, 
8.6654,
66.239,
5.812082,
0.59902,
10.184,
5.175253,
1.0335,
0.027182,
0.115809,
1.89124,
78.05414,
10.658,
2.79997,
1.404134,
0.453525,
9.614367,
2.902,
16.438,
10.898,
117.15,
10.7162,
11.95337,
22.702,
3.723526,
0.8245,
0.092,
0,
2021, 
9.1954,
67.47535,
6.295,
0.59902,
10.666,
5.463701,
1.0335,
0.027182,
0.115809,
1.995561,
82.69821,
11.28833,
2.79997,
1.563616,
0.310645,
9.630353,
2.95,
16.8628,
11.057,
125.15,
11.8215,
11.95337,
22.91,
3.613526,
0.8355,
0.092,
0,
2022, 
8.9944,
65.257,
6.497,
0.59902,
11.04,
5.52911,
1.0585,
0.027182,
0.115809,
1.962973,
78.32823,
10.98419,
2.79997,
1.348045,
0.346838,
9.421058,
2.96,
16.79766,
10.777,
128.37,
11.9191,
11.95337,
22.686,
3.577365,
0.6525,
0.092,
0,
2023, 
9.019554,
65.5057,
6.57069,
0.624954,
11.08293,
5.588708,
1.111367,
0.0476895,
0.1324576,
1.982727,
78.40883,
10.96099,
2.835593,
1.296316,
0.3581238,
9.417892,
3.051236,
16.93009,
10.78288,
128.4119,
12.0429,
12.0131,
22.58017,
3.607088,
0.6846614,
0.1056946,
0,
2024, 
9.045723,
65.76829,
6.655215,
0.6560788,
11.13641,
5.652684,
1.188358,
0.06818086,
0.1355386,
2.003503,
78.50087,
10.95096,
2.878211,
1.254569,
0.3955514,
9.421768,
3.347031,
17.19252,
10.79387,
128.7295,
12.19858,
12.09704,
22.4839,
3.637463,
0.7218924,
0.1112714,
0,
2025, 
9.073854,
66.04519,
6.744084,
0.6930277,
11.19843,
5.728376,
1.275907,
0.09201211,
0.1385482,
2.025776,
78.61714,
10.95961,
2.925239,
1.227772,
0.4381009,
9.430237,
3.660412,
17.61007,
10.8111,
129.2983,
12.39546,
12.20682,
22.39299,
3.668942,
0.7717075,
0.1172349,
0,
2026, 
9.089012,
66.23029,
6.817826,
0.7251258,
11.23494,
5.788671,
1.357279,
0.1196051,
0.1404951,
2.04482,
78.57179,
10.90958,
2.961361,
1.253089,
0.4774385,
9.41677,
3.943358,
18.12913,
10.79775,
129.5604,
12.57538,
12.31118,
22.26821,
3.691497,
0.8390639,
0.1239254,
0,
2027, 
9.11025,
66.48091,
6.911786,
0.7669058,
11.28718,
5.868196,
1.455198,
0.1550449,
0.1433755,
2.067377,
78.59916,
10.88834,
3.007139,
1.287569,
0.5229843,
9.416251,
4.257665,
18.85033,
10.79773,
130.1623,
12.81444,
12.44773,
22.16658,
3.718652,
0.9347162,
0.1327664,
0,
2028, 
9.130769,
66.71821,
7.012687,
0.8141191,
11.34283,
5.955923,
1.562994,
0.1979364,
0.1476049,
2.09027,
78.61871,
10.87519,
3.055916,
1.328104,
0.5718995,
9.418981,
4.582249,
19.73979,
10.79895,
130.9065,
13.08982,
12.60326,
22.06218,
3.745687,
1.057424,
0.1440255,
0,
2029, 
9.150467,
66.94141,
7.119925,
0.8664751,
11.40159,
6.051291,
1.680087,
0.2488976,
0.1536905,
2.113442,
78.62964,
10.86897,
3.107245,
1.374468,
0.6239848,
9.424674,
4.916164,
20.79414,
10.80112,
131.7755,
13.3988,
12.77629,
21.95493,
3.772488,
1.208607,
0.158132,
0,
2030, 
9.169256,
67.1498,
7.23293,
0.9236836,
11.46319,
6.153759,
1.805902,
0.3084789,
0.1621578,
2.136836,
78.63123,
10.86862,
3.160723,
1.426421,
0.6790479,
9.433059,
5.258539,
22.00839,
10.80396,
132.7534,
13.7387,
12.9654,
21.84476,
3.798951,
1.389275,
0.1754886,
0,
2031, 
9.187489,
67.33484,
7.353572,
0.9908354,
11.54716,
6.271146,
1.959277,
0.4230588,
0.1795268,
2.167149,
78.64058,
10.86827,
3.211853,
1.490565,
0.7411169,
9.454421,
5.609725,
23.49522,
10.79598,
133.7183,
14.11929,
13.16993,
21.73457,
3.824269,
1.650426,
0.2066811,
0,
2032, 
9.204948,
67.50462,
7.482326,
1.064487,
11.64009,
6.398768,
2.125007,
0.5690455,
0.2054512,
2.20007,
78.6414,
10.87154,
3.264797,
1.561971,
0.8068672,
9.479697,
5.969546,
25.16305,
10.78814,
134.7659,
14.53247,
13.39042,
21.62262,
3.849361,
1.960127,
0.2478343,
0,
2033, 
9.221525,
67.65849,
7.618381,
1.144174,
11.74119,
6.535786,
2.302081,
0.7497131,
0.2417829,
2.235422,
78.63284,
10.87766,
3.319189,
1.640184,
0.8760201,
9.508465,
6.337045,
27.00112,
10.78023,
135.8831,
14.97495,
13.62528,
21.50872,
3.874107,
2.318639,
0.3002574,
0,
2034, 
9.23712,
67.79582,
7.760969,
1.229446,
11.84974,
6.681385,
2.489543,
0.9679434,
0.2903363,
2.273027,
78.61417,
10.88591,
3.374696,
1.72474,
0.9483125,
9.540319,
6.711342,
28.99823,
10.77205,
137.0576,
15.44364,
13.87303,
21.39271,
3.898399,
2.725671,
0.3651257,
0,
2035, 
9.251641,
67.91607,
7.909367,
1.319864,
11.96503,
6.834793,
2.686486,
1.226218,
0.3528445,
2.312716,
78.58466,
10.89564,
3.431016,
1.815173,
1.023493,
9.574878,
7.091622,
31.14308,
10.76343,
138.2783,
15.93565,
14.13227,
21.27442,
3.922135,
3.180486,
0.443471,
0,
2036, 
9.265634,
68.00656,
8.07311,
1.425429,
12.11442,
7.01549,
2.929259,
1.630489,
0.4638085,
2.365208,
78.57396,
10.90323,
3.482657,
1.920244,
1.104816,
9.618659,
7.482006,
33.65553,
10.74578,
139.3714,
16.43743,
14.41209,
21.1539,
3.945568,
3.801145,
0.5714189,
0,
2037, 
9.278563,
68.07959,
8.243421,
1.536683,
12.27264,
7.205409,
3.182806,
2.113978,
0.6079449,
2.42105,
78.55303,
10.91091,
3.534583,
2.03135,
1.188921,
9.664745,
7.877698,
36.3173,
10.72749,
140.4868,
16.95801,
14.7024,
21.03127,
3.968428,
4.489187,
0.7277984,
0,
2038, 
9.290333,
68.13466,
8.419412,
1.653047,
12.43859,
7.403495,
3.445843,
2.680391,
0.7888284,
2.479931,
78.52105,
10.91823,
3.586566,
2.147861,
1.275545,
9.712769,
8.277891,
39.11333,
10.70842,
141.6168,
17.49486,
15.00171,
20.90633,
3.990614,
5.241517,
0.9142565,
0,
2039, 
9.300858,
68.1713,
8.600257,
1.773972,
12.61121,
7.608756,
3.717204,
3.332517,
1.009557,
2.541554,
78.47727,
10.92476,
3.638404,
2.269174,
1.36444,
9.762377,
8.681829,
42.02935,
10.68844,
142.7544,
18.04562,
15.30867,
20.77896,
4.012034,
6.054809,
1.132058,
0,
2040, 
9.310055,
68.18909,
8.785182,
1.898944,
12.78956,
7.820265,
3.995836,
4.072321,
1.272743,
2.605634,
78.42101,
10.93013,
3.689909,
2.394713,
1.455377,
9.813244,
9.088823,
45.05198,
10.66741,
143.8931,
18.60815,
15.62206,
20.649,
4.032602,
6.925631,
1.382123,
0,
2041, 
9.318543,
68.16908,
8.98753,
2.040719,
13.00604,
8.05769,
4.324798,
5.178905,
1.69261,
2.685334,
78.37968,
10.92574,
3.734883,
2.527251,
1.550088,
9.871784,
9.497698,
48.38567,
10.63862,
144.9626,
19.16427,
15.94149,
20.52001,
4.053627,
8.041828,
1.766857,
0,
2042, 
9.325603,
68.12973,
9.193339,
2.186119,
13.22741,
8.300573,
4.659554,
6.440716,
2.195039,
2.767657,
78.32518,
10.91919,
3.779171,
2.663045,
1.646494,
9.9311,
9.908361,
51.80684,
10.60865,
146.022,
19.72803,
16.26517,
20.38836,
4.073692,
9.22581,
2.210762,
0,
2043, 
9.331168,
68.07073,
9.401805,
2.334577,
13.45252,
8.547925,
4.999006,
7.857831,
2.78278,
2.852228,
78.25687,
10.91028,
3.822638,
2.801541,
1.74439,
9.990896,
10.32022,
55.3019,
10.57738,
147.066,
20.2977,
16.59201,
20.25394,
4.092724,
10.47155,
2.713987,
0,
2044, 
9.335177,
67.99179,
9.612191,
2.485571,
13.68033,
8.798832,
5.342193,
9.429106,
3.457515,
2.938703,
78.17415,
10.89881,
3.865165,
2.942221,
1.843584,
10.0509,
10.73271,
58.85841,
10.54473,
148.0897,
20.8717,
16.92106,
20.11663,
4.110653,
11.77339,
3.276138,
0,
2045, 
9.337578,
67.89263,
9.823818,
2.638621,
13.90991,
9.052453,
5.688263,
11.15241,
4.219997,
3.026761,
78.07649,
10.88462,
3.906639,
3.084601,
1.943896,
10.11085,
11.14535,
62.46508,
10.51063,
149.0888,
21.44858,
17.25144,
19.97634,
4.12742,
13.12605,
3.896393,
0,
2046, 
9.338042,
67.74644,
10.03419,
2.801326,
14.15948,
9.313414,
6.065835,
13.54552,
5.294483,
3.127054,
77.96572,
10.85915,
3.938248,
3.223608,
2.043976,
10.17074,
11.5454,
66.18513,
10.46787,
149.8629,
21.99216,
17.56282,
19.83354,
4.142644,
14.7095,
4.759013,
0,
2047, 
9.3368,
67.57965,
10.24459,
2.965129,
14.40864,
9.575505,
6.443652,
16.1687,
6.503379,
3.228392,
77.83901,
10.83047,
3.968593,
3.363375,
2.14477,
10.23011,
11.94427,
69.93114,
10.42352,
150.6041,
22.53554,
17.8737,
19.68756,
4.156604,
16.33986,
5.708215,
0,
2048, 
9.333811,
67.39209,
10.45443,
3.129592,
14.65655,
9.838001,
6.821059,
19.01368,
7.843999,
3.330453,
77.69598,
10.79853,
3.997605,
3.50353,
2.246128,
10.28874,
12.34157,
73.69363,
10.37752,
151.3094,
23.07763,
18.18341,
19.53837,
4.169252,
18.01104,
6.740567,
0,
2049, 
9.329043,
67.1836,
10.66317,
3.294314,
14.90246,
10.10023,
7.197487,
22.07155,
9.312787,
3.432948,
77.53628,
10.76327,
4.02522,
3.643729,
2.34791,
10.34647,
12.73691,
77.46407,
10.32984,
151.976,
23.61742,
18.49136,
19.38591,
4.180546,
19.71759,
7.852412,
0,
2050, 
9.322462,
66.95405,
10.87035,
3.458936,
15.14574,
10.36158,
7.572445,
25.33308,
10.90555,
3.535613,
77.35957,
10.72463,
4.051377,
3.783654,
2.449987,
10.4031,
13.12995,
81.23473,
10.28047,
152.6015,
24.15401,
18.797,
19.23018,
4.190447,
21.45457,
9.039971,
0,
2051, 
9.310319,
66.65847,
11.06608,
3.628854,
15.39438,
10.62148,
7.965572,
29.64939,
13.01393,
3.644839,
77.12904,
10.6737,
4.068249,
3.919765,
2.551443,
10.45964,
13.50772,
85.03603,
10.21629,
152.9166,
24.65331,
19.08572,
19.07016,
4.196383,
23.39886,
10.60001,
0,
2052, 
9.296365,
66.34238,
11.25927,
3.797651,
15.63837,
10.8791,
8.354482,
34.24139,
15.28963,
3.753464,
76.88155,
10.61927,
4.083587,
4.054999,
2.6528,
10.5148,
13.88208,
88.81773,
10.15047,
153.187,
25.14733,
19.3709,
18.9068,
4.200892,
25.36303,
12.25952,
0,
2053, 
9.280581,
66.0057,
11.44953,
3.965024,
15.87721,
11.13395,
8.738883,
39.09079,
17.72292,
3.861258,
76.61687,
10.56134,
4.097352,
4.189108,
2.753945,
10.56841,
14.25276,
92.57379,
10.08302,
153.4112,
25.63538,
19.65212,
18.74012,
4.203946,
27.34237,
14.01124,
0,
2054, 
9.262947,
65.64839,
11.63652,
4.130705,
16.11048,
11.38557,
9.118532,
44.18002,
20.30403,
3.96802,
76.33485,
10.49991,
4.109514,
4.321866,
2.854772,
10.62033,
14.6195,
96.29881,
10.01392,
153.588,
26.11685,
19.92901,
18.57014,
4.205519,
29.33273,
15.84828,
0,
2055, 
9.243453,
65.27042,
11.81993,
4.294454,
16.3378,
11.63357,
9.493229,
49.49229,
23.02336,
4.073573,
76.03529,
10.43498,
4.120043,
4.453067,
2.955187,
10.67045,
14.98206,
99.98797,
9.943193,
153.7163,
26.59114,
20.20123,
18.3969,
4.205588,
31.33046,
17.7641,
0,
2056, 
9.219402,
64.84542,
11.98518,
4.461176,
16.55914,
11.87516,
9.876743,
56.28639,
26.48105,
4.183057,
75.68217,
10.35951,
4.121242,
4.582482,
3.055905,
10.72308,
15.32811,
103.6568,
9.856913,
153.6419,
27.03112,
20.45285,
18.2159,
4.201968,
33.51991,
20.19202,
0,
2057, 
9.193515,
64.40034,
12.14622,
4.624973,
16.77312,
12.11195,
10.25274,
63.34948,
30.10519,
4.290509,
75.31201,
10.2806,
4.12081,
4.709913,
3.155787,
10.77357,
15.66893,
107.2729,
9.769205,
153.5172,
27.46236,
20.69889,
18.03175,
4.196838,
35.70243,
22.71111,
0,
2058, 
9.165781,
63.93518,
12.3028,
4.785663,
16.97949,
12.34363,
10.6212,
70.65477,
33.87999,
4.395798,
74.92473,
10.19829,
4.118733,
4.835197,
3.254749,
10.8218,
16.00433,
110.8325,
9.68009,
153.3417,
27.88441,
20.93911,
17.8445,
4.190184,
37.87503,
25.31135,
0,
2059, 
9.136195,
63.44996,
12.45472,
4.94309,
17.17808,
12.56993,
10.98211,
78.1778,
37.79073,
4.498813,
74.5203,
10.11261,
4.114998,
4.95819,
3.352711,
10.86769,
16.33414,
114.3326,
9.5896,
153.1149,
28.29688,
21.17328,
17.65421,
4.181992,
40.03508,
27.98368,
0,
2060, 
9.104752,
62.9447,
12.60179,
5.097126,
17.36873,
12.79062,
11.33549,
85.89627,
41.82371,
4.599456,
74.09869,
10.02358,
4.109596,
5.078756,
3.449605,
10.91112,
16.65822,
117.7704,
9.497759,
152.8366,
28.69941,
21.4012,
17.46093,
4.17225,
42.18037,
30.71986,
0,
2061, 
9.069401,
62.40269,
12.73127,
5.252564,
17.54894,
13.00329,
11.6867,
95.34465,
46.7548,
4.700841,
73.62653,
9.92502,
4.095449,
5.195765,
3.546631,
10.95318,
16.96243,
121.1158,
9.397408,
152.3951,
29.07002,
21.6038,
17.25597,
4.158519,
44.48642,
34.04582,
0,
2062, 
9.032236,
61.84126,
12.85556,
5.403788,
17.72027,
13.20943,
12.02849,
104.9857,
51.80954,
4.799177,
73.13792,
9.823263,
4.079691,
5.31007,
3.642219,
10.99251,
17.25996,
124.3864,
9.295885,
151.9025,
29.42961,
21.79964,
17.04831,
4.14326,
46.76218,
37.43027,
0,
2063, 
8.993256,
61.26041,
12.97454,
5.550719,
17.88264,
13.40891,
12.36098,
114.7905,
56.96957,
4.894415,
72.63287,
9.718351,
4.062322,
5.421573,
3.736315,
11.02906,
17.55072,
127.5804,
9.193233,
151.3591,
29.7779,
21.9886,
16.83803,
4.126471,
49.00634,
40.86286,
0,
2064, 
8.952462,
60.66024,
13.08809,
5.6933,
18.03605,
13.60157,
12.68432,
124.7333,
62.21846,
4.986522,
72.11145,
9.610332,
4.043346,
5.530189,
3.828869,
11.06275,
17.83461,
130.6964,
9.089485,
150.765,
30.1147,
22.17057,
16.62522,
4.108143,
51.21783,
44.33453,
0,
2065, 
8.909857,
60.04079,
13.19612,
5.831486,
18.18048,
13.78731,
12.99866,
134.7916,
67.54149,
5.075469,
71.57372,
9.499256,
4.02277,
5.635842,
3.919837,
11.09355,
18.11157,
133.7331,
8.984682,
150.1205,
30.43981,
22.34548,
16.40993,
4.088275,
53.39583,
47.83734,
0,
2066, 
8.864128,
59.39166,
13.28477,
5.965304,
18.30477,
13.95832,
13.2973,
146.5489,
73.68993,
5.160734,
70.99503,
9.37756,
3.993725,
5.73589,
4.008987,
11.12065,
18.35969,
136.5637,
8.875666,
149.2841,
30.72445,
22.49367,
16.1795,
4.064428,
55.64078,
51.88734,
0,
2067, 
8.816629,
58.72371,
13.36785,
6.094271,
18.41994,
14.12196,
13.58619,
158.3733,
79.88607,
5.242421,
70.40075,
9.253008,
3.963179,
5.83287,
4.096309,
11.1447,
18.60032,
139.3106,
8.765738,
148.402,
30.99696,
22.63467,
15.94704,
4.03909,
57.84045,
55.94764,
0,
2068, 
8.767367,
58.03703,
13.4453,
6.218385,
18.52605,
14.27819,
13.86551,
170.2409,
86.1143,
5.320537,
69.79098,
9.125668,
3.931146,
5.926734,
4.181771,
11.16567,
18.83345,
141.9731,
8.654939,
147.475,
31.25724,
22.76842,
15.71267,
4.012261,
59.99484,
60.01024,
0,
2069, 
8.716347,
57.33171,
13.51708,
6.337651,
18.62317,
14.42696,
14.13543,
182.1311,
92.36098,
5.395098,
69.16584,
8.9956,
3.897643,
6.01744,
4.265353,
11.18354,
19.05905,
144.551,
8.543319,
146.5037,
31.50521,
22.89491,
15.47648,
3.983945,
62.10403,
64.06836,
0,
2070, 
8.663576,
56.60783,
13.58316,
6.452086,
18.71138,
14.56825,
14.39613,
194.0264,
98.61423,
5.466125,
68.52547,
8.862865,
3.862684,
6.104957,
4.347032,
11.1983,
19.27712,
147.0439,
8.430923,
145.4888,
31.74081,
23.01411,
15.23855,
3.954144,
64.16821,
68.11623,
0,
2071, 
8.606831,
55.85265,
13.62661,
6.559855,
18.77875,
14.68981,
14.64069,
207.4356,
105.5929,
5.530464,
67.84892,
8.720587,
3.820441,
6.185732,
4.425022,
11.2072,
19.4646,
149.2901,
8.316103,
144.3272,
31.93191,
23.10732,
14.98515,
3.920178,
66.2492,
72.64595,
0,
2072, 
8.548414,
55.07954,
13.66458,
6.662574,
18.83743,
14.80387,
14.87568,
220.7747,
112.5372,
5.591096,
67.15788,
8.575876,
3.776865,
6.263351,
4.500978,
11.21298,
19.64433,
151.4503,
8.200637,
143.1275,
32.11071,
23.1934,
14.73055,
3.884806,
68.27607,
77.13654,
0,
2073, 
8.488336,
54.28863,
13.69708,
6.760286,
18.88755,
14.91045,
15.1013,
234.0287,
119.4363,
5.648064,
66.45254,
8.428816,
3.731977,
6.3378,
4.57489,
11.21565,
19.81633,
153.5246,
8.084576,
141.8908,
32.27723,
23.27237,
14.47489,
3.848033,
70.24962,
81.58344,
0,
2074, 
8.455075,
53.91565,
13.59792,
6.734268,
18.76295,
14.83216,
15.06193,
242.3545,
123.8178,
5.633192,
66.00845,
8.270956,
3.675559,
6.302047,
4.566538,
11.16706,
19.68985,
152.7987,
7.980911,
139.7648,
32.04107,
23.12465,
14.27845,
3.825113,
70.78321,
84.30836,
0,
2075, 
8.421762,
53.54353,
13.49604,
6.704067,
18.63303,
14.74844,
15.01529,
250.2568,
127.9717,
5.614985,
65.56507,
8.114223,
3.619406,
6.264297,
4.556478,
11.11649,
19.56057,
152.0149,
7.878071,
137.6493,
31.79967,
22.97427,
14.08383,
3.801979,
71.24654,
86.88023,
0,
2076, 
8.384562,
53.15073,
13.3731,
6.665425,
18.48484,
14.6444,
14.95439,
259.0038,
132.4311,
5.588882,
65.09004,
7.953783,
3.558756,
6.221821,
4.543001,
11.06147,
19.40804,
150.974,
7.775486,
135.4788,
31.5236,
22.80442,
13.88085,
3.775469,
71.64725,
89.68532,
0,
2077, 
8.347425,
52.75932,
13.24861,
6.623178,
18.33281,
14.53615,
14.88708,
267.2486,
136.6291,
5.559844,
64.61698,
7.794723,
3.498531,
6.177743,
4.527946,
11.00475,
19.25348,
149.8912,
7.673847,
133.3249,
31.244,
22.633,
13.68002,
3.748849,
71.9803,
92.31206,
0,
2078, 
8.310362,
52.36935,
13.1227,
6.577585,
18.17725,
14.42398,
14.81387,
275.0133,
140.5751,
5.528082,
64.14598,
7.637047,
3.438734,
6.132158,
4.511408,
10.94645,
19.09707,
148.7693,
7.573153,
131.1875,
30.96116,
22.46016,
13.48133,
3.722135,
72.25047,
94.76909,
0,
2079, 
8.273381,
51.98086,
12.99547,
6.52888,
18.01847,
14.30814,
14.73525,
282.3199,
144.2791,
5.493796,
63.67709,
7.480745,
3.379367,
6.085154,
4.49347,
10.88667,
18.93897,
147.6107,
7.473396,
129.0669,
30.67532,
22.28602,
13.28477,
3.695341,
72.46208,
97.06479,
0,
2080, 
8.236493,
51.59391,
12.86703,
6.477295,
17.85677,
14.1889,
14.65169,
289.1899,
147.7512,
5.457173,
63.21041,
7.325819,
3.320432,
6.036819,
4.474221,
10.82552,
18.77932,
146.4182,
7.374574,
126.9629,
30.38673,
22.11073,
13.09032,
3.668481,
72.61923,
99.20743,
0,
2081, 
8.194004,
51.17639,
12.71968,
6.417533,
17.68144,
14.05162,
14.55619,
296.588,
151.3394,
5.413824,
62.69059,
7.169618,
3.258462,
5.986002,
4.452518,
10.76175,
18.60066,
145.0058,
7.275756,
124.7999,
30.06943,
21.92049,
12.89343,
3.636576,
72.70025,
101.47,
0,
2082, 
8.151743,
50.76105,
12.57207,
6.35542,
17.50435,
13.91195,
14.45642,
303.489,
154.676,
5.368511,
62.17443,
7.014946,
3.197026,
5.93409,
4.429579,
10.69679,
18.42109,
143.5724,
7.177962,
122.6578,
29.75068,
21.72993,
12.69884,
3.604732,
72.73091,
103.5618,
0,
2083, 
8.109715,
50.34795,
12.42426,
6.291137,
17.32569,
13.77009,
14.35273,
309.9194,
157.7731,
5.321392,
61.66196,
6.861789,
3.136123,
5.881155,
4.405482,
10.63073,
18.24074,
142.1198,
7.081185,
120.5365,
29.43066,
21.53913,
12.50652,
3.572959,
72.71474,
105.4926,
0,
2084, 
8.067924,
49.93709,
12.27631,
6.224852,
17.14565,
13.62621,
14.24548,
315.9044,
160.6422,
5.272606,
61.15319,
6.710139,
3.075752,
5.827267,
4.380299,
10.56364,
18.0597,
140.6493,
6.985415,
118.4359,
29.10955,
21.34818,
12.31645,
3.541265,
72.65504,
107.2713,
0,
2085, 
8.026376,
49.52851,
12.12828,
6.156723,
16.96443,
13.48049,
14.13498,
321.4683,
163.2944,
5.222293,
60.64815,
6.559986,
3.01591,
5.772494,
4.3541,
10.49561,
17.87811,
139.1627,
6.890645,
116.3559,
28.78749,
21.15715,
12.12862,
3.509661,
72.55488,
108.907,
0,
2086, 
7.976572,
49.08335,
11.96232,
6.081229,
16.77383,
13.31878,
14.01573,
327.3152,
165.9578,
5.166635,
60.08156,
6.410057,
2.954147,
5.717149,
4.32634,
10.42722,
17.68206,
137.5065,
6.794759,
114.2562,
28.44244,
20.95286,
11.94179,
3.471817,
72.38718,
110.584,
0,
2087, 
7.927189,
48.64122,
11.79706,
6.004326,
16.58291,
13.15608,
13.89372,
332.6952,
168.3939,
5.109787,
59.52019,
6.261698,
2.892977,
5.661056,
4.297616,
10.35796,
17.48592,
135.8441,
6.699948,
112.1797,
28.09747,
20.74917,
11.75729,
3.434206,
72.18266,
112.1063,
0,
2088, 
7.878224,
48.20214,
11.63252,
5.926139,
16.39177,
12.9925,
13.76922,
337.6357,
170.6146,
5.051857,
58.96403,
6.1149,
2.832397,
5.604275,
4.267994,
10.28792,
17.28976,
134.1763,
6.606198,
110.1261,
27.75269,
20.54615,
11.57507,
3.396831,
71.94397,
113.4833,
0,
2089, 
7.829681,
47.76612,
11.46874,
5.846788,
16.20053,
12.82815,
13.6425,
342.1626,
172.6317,
4.992945,
58.41305,
5.969648,
2.772404,
5.546861,
4.237538,
10.21717,
17.09367,
132.5041,
6.513503,
108.0952,
27.40822,
20.34383,
11.39512,
3.359697,
71.67361,
114.724,
0,
2090, 
7.781557,
47.33317,
11.30572,
5.766384,
16.0093,
12.66314,
13.51377,
346.3001,
174.456,
4.933147,
57.86723,
5.825928,
2.712994,
5.488868,
4.206306,
10.14577,
16.89773,
130.8284,
6.421848,
106.0868,
27.06417,
20.14227,
11.21741,
3.322807,
71.37386,
115.8368,
0,
2091, 
7.72581,
46.86261,
11.12509,
5.679437,
15.80891,
12.48354,
13.37663,
350.5048,
176.2193,
4.869437,
57.26651,
5.683218,
2.652335,
5.431274,
4.174099,
10.07514,
16.69046,
129.023,
6.328773,
104.1276,
26.70199,
19.92852,
11.03952,
3.2805,
71.01241,
116.9261,
0,
2092, 
7.670648,
46.39591,
10.94591,
5.591808,
15.60923,
12.304,
13.23788,
354.2888,
177.7853,
4.805134,
56.67227,
5.542076,
2.592302,
5.373205,
4.141171,
10.00393,
16.4837,
127.2217,
6.236799,
102.1917,
26.34102,
19.71609,
10.86396,
3.238565,
70.62493,
117.8823,
0,
2093, 
7.616066,
45.93309,
10.76817,
5.503585,
15.41031,
12.1246,
13.09773,
357.6787,
179.1654,
4.740311,
56.08447,
5.402484,
2.532891,
5.314709,
4.107575,
9.932199,
16.27752,
125.4249,
6.145914,
100.2789,
25.98134,
19.50501,
10.69069,
3.197001,
70.21342,
118.714,
0,
2094, 
7.562061,
45.47411,
10.59187,
5.414847,
15.21221,
11.94541,
12.95635,
360.6992,
180.3701,
4.675035,
55.50304,
5.264431,
2.474097,
5.255828,
4.073366,
9.86,
16.07198,
123.6332,
6.056108,
98.38892,
25.62301,
19.29529,
10.51968,
3.155808,
69.77969,
119.4293,
0,
2095, 
7.508629,
45.01898,
10.41702,
5.325672,
15.01499,
11.76649,
12.81393,
363.3733,
181.4098,
4.609372,
54.92793,
5.127902,
2.415915,
5.196609,
4.038591,
9.787395,
15.86712,
121.847,
5.967368,
96.5216,
25.26611,
19.08695,
10.35092,
3.114988,
69.32551,
120.0357,
0,
2096, 
7.449604,
44.51275,
10.22137,
5.230842,
14.80597,
11.57283,
12.6621,
365.9529,
182.336,
4.540512,
54.31314,
4.991909,
2.35691,
5.137272,
4.002502,
9.714086,
15.6482,
119.9709,
5.878281,
94.71931,
24.89555,
18.86759,
10.17535,
3.071171,
68.81818,
120.5693,
0,
2097, 
7.391278,
44.01144,
10.0278,
5.135896,
14.59846,
11.38008,
12.50962,
368.1689,
183.0977,
4.471511,
53.70569,
4.857472,
2.298548,
5.077694,
3.965915,
9.640475,
15.43036,
118.1061,
5.790298,
92.93978,
24.52703,
18.6501,
10.00221,
3.027805,
68.29337,
120.9936,
0,
2098, 
7.333645,
43.51503,
9.836298,
5.040888,
14.39245,
11.18827,
12.35663,
370.0453,
183.7049,
4.402417,
53.10547,
4.724576,
2.240826,
5.01791,
3.928875,
9.566609,
15.21363,
116.2526,
5.703406,
91.18272,
24.16063,
18.43447,
9.831459,
2.984889,
67.75253,
121.316,
0,
2099, 
7.276698,
43.02348,
9.646839,
4.945876,
14.18798,
10.99744,
12.20325,
371.6044,
184.1669,
4.333273,
52.51243,
4.593205,
2.183737,
4.957955,
3.891424,
9.492537,
14.99806,
114.4107,
5.617594,
89.44787,
23.79636,
18.22071,
9.663074,
2.942417,
67.19701,
121.5435,
0,
2100, 
7.220429,
42.53676,
9.459408,
4.850906,
13.98507,
10.80761,
12.04961,
372.8669,
184.4925,
4.264121,
51.92648,
4.463341,
2.127275,
4.897863,
3.8536,
9.418299,
14.78368,
112.5805,
5.532847,
87.73496,
23.43428,
18.00881,
9.497023,
2.90039,
66.62809,
121.6823,
0];
