real main.em.ep.isp.StorResTot[28](t) = [1971, 
651.5343,
6662.301,
42.08245,
21.60213,
64.96689,
80.57098,
58.75524,
41.05855,
12.20759,
218.7674,
4050.518,
794.3257,
45.14894,
639.8839,
126.0057,
1848.95,
149.6624,
189.8941,
60.786,
215.9777,
32.17176,
2.735793,
947.4415,
247.1319,
13.94703,
25.39259,
0,
17243.82,
1972, 
743.1379,
6664.728,
47.7262,
24.07365,
71.01305,
85.62901,
59.5344,
44.36075,
13.14336,
237.3148,
4228.148,
866.3724,
52.09121,
676.2775,
129.2396,
1948.799,
169.1202,
198.1338,
65.41999,
236.9972,
36.51493,
3.161403,
1012.384,
243.989,
13.98373,
36.3438,
0,
17907.64,
1973, 
823.4536,
7276.438,
51.89817,
26.7822,
82.26498,
95.7737,
61.004,
49.39493,
13.3358,
252.2585,
4534.185,
902.643,
52.66745,
714.8611,
138.3771,
2062.626,
202.3026,
204.9313,
74.03787,
259.1164,
43.11644,
3.88229,
1095.986,
278.0313,
16.24768,
46.19956,
0,
19361.81,
1974, 
851.8475,
7332.585,
65.72918,
27.9819,
91.64121,
104.7265,
65.23281,
49.52388,
12.89815,
269.9228,
4643.078,
958.119,
59.58812,
756.1116,
148.4388,
2188.701,
226.6788,
214.7355,
81.40347,
268.0446,
45.88003,
5.151445,
1082.19,
298.4529,
18.27978,
58.22723,
0,
19925.17,
1975, 
829.4708,
7548.269,
69.66646,
27.81349,
98.71245,
109.7047,
74.15015,
55.54008,
13.42982,
290.122,
4627.427,
1001.688,
71.43203,
685.0228,
132.0404,
2029.392,
263.1306,
237.9871,
91.05245,
317.319,
47.80796,
5.849806,
1106.663,
309.6375,
20.51815,
61.28817,
0,
20125.13,
1976, 
887.3736,
8061.648,
73.96089,
31.44196,
113.7738,
118.3513,
85.01038,
57.75348,
15.56682,
303.738,
4975.722,
1064.596,
81.15306,
715.8107,
139.8739,
2160.233,
310.0076,
266.9823,
99.52127,
351.9517,
53.87077,
5.430489,
1184.029,
322.8207,
21.59112,
65.74049,
0,
21567.95,
1977, 
951.7455,
8331.671,
79.97083,
34.06802,
125.4774,
129.5805,
97.22928,
63.17781,
16.35658,
303.796,
5086.99,
1110.645,
90.79747,
736.6292,
144.6624,
2236.307,
392.5284,
283.8665,
108.9099,
384.2584,
59.81034,
6.788415,
1233.85,
339.6395,
23.24754,
71.49924,
0,
22443.5,
1978, 
1020.996,
8559.443,
88.3676,
35.96863,
138.9407,
135.9336,
109.4434,
61.04873,
17.19222,
316.9648,
5276.29,
1168.905,
96.68808,
760.6332,
149.6674,
2341.145,
443.0547,
311.8177,
120.7874,
437.9878,
61.91246,
9.509306,
1291.158,
349.9268,
26.12036,
69.42392,
0,
23399.33,
1979, 
1070.171,
8729.813,
94.73719,
37.54453,
155.6575,
151.5532,
122.3724,
70.43597,
17.6326,
332.7302,
5500.41,
1177.954,
98.70918,
779.6888,
205.7969,
2397.325,
512.4427,
316.3133,
130.9079,
478.6803,
67.35005,
11.46119,
1360.344,
366.1624,
29.25215,
74.78744,
0,
24290.23,
1980, 
1100.516,
8839.18,
99.38868,
37.87766,
178.6554,
162.1609,
136.8136,
78.82357,
17.83863,
360.1647,
5537.828,
1232.66,
101.6957,
816.4669,
225.3084,
2582.525,
567.5072,
330.1799,
136.6896,
468.131,
72.07088,
14.42511,
1343.363,
383.7989,
30.68501,
68.90266,
0,
24923.66,
1981, 
1157.09,
8909.859,
108.5302,
39.18369,
171.8719,
168.5743,
155.3696,
77.11351,
18.86036,
411.1879,
5594.711,
1241.718,
106.6037,
836.2609,
230.855,
2726.784,
672.9659,
362.1985,
147.5992,
472.7571,
76.6324,
14.23497,
1357.065,
408.6898,
32.8315,
65.34301,
0,
25564.89,
1982, 
1136.058,
8688.75,
113.4095,
40.57534,
180.2194,
171.0359,
170.1496,
85.83471,
20.4164,
432.2899,
5586.426,
1259.721,
116.2423,
853.111,
239.0651,
2830.601,
797.8285,
386.6031,
155.6199,
504.137,
82.1542,
17.32995,
1343.73,
415.6123,
35.22574,
65.2659,
0,
25727.41,
1983, 
1187.16,
8878.192,
112.5313,
43.13845,
186.5169,
179.2569,
187.7583,
79.84968,
21.7321,
440.0708,
5719.142,
1317.657,
121.5037,
877.2928,
246.6496,
2978.39,
816.7967,
413.5939,
169.5538,
544.8012,
89.82158,
20.33164,
1418.878,
426.0636,
39.1615,
63.88533,
0,
26579.73,
1984, 
1279.878,
9274.39,
121.9216,
44.38152,
208.6821,
184.5302,
207.2545,
74.1756,
21.76359,
486.7347,
5928.742,
1378.836,
137.3197,
911.7481,
257.2548,
3168.132,
880.3057,
457.3213,
182.6243,
571.9357,
96.85426,
23.91775,
1493.585,
455.2826,
44.1786,
62.97643,
0,
27954.72,
1985, 
1357.436,
9440.135,
106.3642,
43.75373,
225.9766,
187.9616,
222.6229,
89.90286,
23.32075,
503.4824,
6149.178,
1383.467,
150.0041,
934.8961,
265.9077,
3287.403,
944.2718,
501.3247,
196.6258,
611.4672,
102.2769,
24.83817,
1551.948,
488.7081,
47.70227,
65.33821,
0,
28906.31,
1986, 
1388.987,
9431.795,
119.1544,
46.76657,
238.9479,
212.846,
219.9135,
94.12849,
24.75148,
517.3594,
6248.405,
1447.913,
171.9918,
956.4094,
270.1849,
3435.084,
1029.16,
547.5707,
212.1964,
670.936,
105.8192,
34.99953,
1574.154,
504.9262,
52.75277,
66.81181,
0,
29623.96,
1987, 
1480.768,
9599.564,
128.0912,
49.48165,
242.1289,
228.9782,
235.2785,
98.10892,
26.71566,
529.7612,
6454.689,
1477.736,
192.5159,
992.7374,
272.0798,
3572.937,
1052.563,
594.9044,
235.6988,
741.3655,
114.1199,
40.56454,
1678.871,
532.5202,
58.37646,
65.13058,
0,
30695.69,
1988, 
1515.47,
9991.863,
130.5549,
49.77978,
251.3054,
258.8858,
256.5076,
103.0374,
28.43357,
549.8065,
6738.333,
1470.669,
202.0823,
1024.183,
276.9368,
3660.732,
1210.957,
655.4727,
266.509,
811.0547,
125.3007,
42.84606,
1774.558,
556.6133,
66.99831,
72.00517,
0,
32090.89,
1989, 
1483.442,
10898.31,
138.3461,
53.15834,
267.3742,
247.344,
268.4909,
107.554,
30.07609,
562.0959,
6954.356,
1489.864,
218.0068,
1042.152,
278.4245,
3929.543,
1235.246,
716.1543,
290.5589,
872.066,
137.423,
47.39959,
1887.378,
597.5944,
69.8728,
69.05097,
0,
33891.28,
1990, 
1436.097,
11103.51,
142.8049,
53.64337,
256.157,
266.8235,
277.9583,
109.5198,
34.60491,
571.2708,
7109.383,
1408.169,
240.8647,
1121.767,
345.3876,
3831.769,
1322.039,
770.1458,
311.961,
926.8814,
151.1902,
56.31755,
2059.753,
613.0417,
76.03208,
76.81651,
0,
34673.91,
1991, 
1520.486,
11197.95,
147.5193,
52.20329,
272.3797,
251.1248,
293.1727,
111.9394,
36.85384,
572.0761,
7268.85,
1343.255,
245.3357,
1034.106,
295.8364,
3572.459,
1463.87,
838.6843,
328.7474,
1107.988,
163.0661,
63.7285,
2127.467,
630.2851,
81.54287,
84.63546,
0,
35105.56,
1992, 
1555.996,
11400.44,
151.2603,
55.09789,
279.6952,
259.702,
309.9341,
116.1849,
38.26927,
586.3565,
7319.005,
1248.595,
276.4901,
881.0822,
274.5658,
3089.787,
1556.87,
876.326,
349.4074,
1223.302,
176.5753,
69.63503,
2152.391,
642.6923,
89.56591,
73.20712,
0,
35052.43,
1993, 
1610.014,
11674.79,
152.9276,
56.25336,
290.9452,
274.2718,
335.337,
116.6131,
39.69597,
610.4304,
7331.786,
1247.372,
303.8206,
799.4495,
231.2749,
3119.418,
1603.986,
924.9092,
386.9567,
1263.101,
194.6026,
77.84192,
2176.418,
663.0656,
93.45965,
74.84407,
0,
35653.59,
1994, 
1698.638,
11971.24,
164.4938,
60.35305,
299.2097,
291.1112,
358.1979,
116.6067,
40.5304,
630.9039,
7487.983,
1322.332,
319.6058,
728.6999,
227.3057,
2752.347,
1705.7,
992.4897,
434.0207,
1370.948,
219.5738,
86.56419,
2276.654,
683.5645,
98.24709,
72.57018,
0,
36409.89,
1995, 
1716.221,
12314.75,
167.8308,
63.69207,
314.2012,
304.9055,
378.8947,
123.3033,
44.27421,
638.8261,
7682.944,
1320.011,
357.3271,
764.7353,
225.4766,
2745.575,
1790.839,
1076.425,
483.9916,
1492.601,
243.3461,
100.4082,
2314.045,
702.776,
104.4558,
74.16449,
0,
37546.02,
1996, 
1767.091,
12612.32,
159.7348,
67.02302,
329.8972,
319.1933,
428.2096,
128.4475,
46.33263,
666.8746,
7804.325,
1456.002,
388.3974,
767.2689,
217.7438,
2711.001,
1865.74,
1135.946,
536.2814,
1568.253,
264.948,
116.5101,
2381.014,
717.4484,
109.4885,
66.9756,
0,
38632.47,
1997, 
1793.254,
12918.12,
171.9748,
72.52254,
347.0989,
344.668,
461.1024,
128.9829,
49.93093,
691.2817,
7956.557,
1482.706,
423.169,
760.2098,
213.5799,
2668.773,
2017.888,
1198.807,
586.2389,
1662.874,
283.6157,
123.0141,
2434.721,
740.8954,
113.6667,
70.27987,
0,
39715.93,
1998, 
1771.589,
13228.41,
185.5553,
77.78593,
357.8865,
363.0716,
492.3503,
125.9726,
51.33597,
682.0064,
8129.692,
1501.847,
450.8383,
730.6346,
205.3921,
2701.894,
2276.147,
1283.698,
574.8156,
1743.491,
279.546,
126.8133,
2439.215,
784.2237,
117.8154,
91.86442,
0,
40773.89,
1999, 
1808.022,
13432.55,
196.6115,
83.88288,
371.7747,
363.6088,
521.7943,
132.2535,
52.82086,
680.2275,
8220.541,
1468.104,
466.1482,
755.1091,
201.7713,
2773.941,
2181.883,
1379.012,
639.6661,
1816.208,
298.8711,
148.1256,
2474.37,
825.4229,
117.6831,
99.42213,
0,
41509.82,
2000, 
1862.348,
14055,
209.507,
85.83012,
385.4215,
382.4797,
555.7893,
136.4133,
54.75759,
712.5422,
8253.018,
1559.22,
503.6082,
746.6587,
205.5341,
2908.319,
2198.635,
1457.249,
757.0422,
2051.084,
324.4068,
159.5317,
2582.839,
848.4988,
128.3606,
108.2201,
0,
43232.31,
2001, 
1816.703,
13402.39,
215.9934,
88.13029,
377.4438,
380.2491,
588.356,
145.0848,
57.3063,
689.076,
8233.446,
1697.069,
502.6694,
794.3774,
197.5716,
3039.253,
2298.491,
1512.992,
808.4637,
2258.368,
344.5855,
168.735,
2560.834,
899.1688,
144.0589,
121.9242,
0,
43342.74,
2002, 
1841.69,
13731.12,
219.423,
91.89225,
400.2731,
375.5943,
616.1567,
154.157,
57.46857,
745.9126,
8042.516,
1619.967,
534.672,
790.0809,
201.2903,
2935.147,
2386.734,
1559.404,
863.9702,
2444.079,
365.3073,
178.6555,
2613.723,
897.5117,
151.986,
129.9114,
0,
43948.64,
2003, 
1793.388,
13846.63,
269.1272,
93.96069,
416.398,
394.6724,
647.5139,
152.2271,
60.90741,
780.8209,
7973.573,
1626.267,
580.3295,
818.8633,
213.9467,
2991.426,
2509.429,
1665.36,
901.42,
2800.139,
394.9186,
186.6024,
2613.19,
853.4379,
161.4112,
124.3611,
0,
44870.32,
2004, 
1819.804,
14281.96,
268.6956,
94.53962,
445.3099,
420.802,
685.7575,
168.1795,
66.07278,
806.9061,
7900.216,
1721.992,
621.0629,
856.0839,
221.7139,
3085.424,
2672.821,
1772.678,
950.4913,
3210.411,
421.7803,
199.3033,
2692.214,
873.1628,
174.4674,
133.4705,
0,
46565.32,
2005, 
1771.526,
14206.45,
282.4271,
99.4947,
458.2369,
437.456,
701.2104,
178.5791,
71.34224,
817.1768,
7802.528,
1687.348,
660.4073,
832.4236,
227.3185,
3483.112,
2682.939,
1884.641,
1013.019,
3632.569,
454.9922,
212.8147,
2755.664,
866.429,
187.8812,
143.6056,
0,
47551.59,
2006, 
1709.409,
14009.68,
290.3227,
105.3049,
478.9374,
462.8379,
743.4825,
189.2572,
76.10659,
856.1068,
7645.952,
1714.207,
710.2568,
870.8588,
232.4904,
3508.001,
2837.533,
2040.543,
1044.871,
4174.79,
481.2014,
216.4154,
2809.479,
862.0956,
198.8869,
147.1754,
0,
48416.2,
2007, 
1811.52,
13963.34,
301.7918,
108.2725,
507.684,
474.0299,
822.9774,
200.089,
83.13345,
877.1299,
7397.988,
1702.899,
767.9614,
884.027,
241.9481,
3536.814,
3059.928,
2192.843,
1104.145,
4813.763,
510.1425,
220.6763,
2895.551,
902.8188,
205.7303,
150.945,
0,
49738.15,
2008, 
1799.222,
13370.63,
306.4398,
106.4962,
528.8416,
505.1328,
860.4684,
204.1228,
83.39807,
873.7645,
7355.359,
1701.326,
776.0917,
839.9698,
222.1313,
3606.92,
3192.406,
2110.146,
1182.932,
5355.919,
523.0214,
225.6627,
2800.775,
899.7026,
214.3346,
153.4443,
0,
49798.66,
2009, 
1719.509,
12335,
302.5525,
106.321,
534.5541,
511.1582,
981.1139,
212.5661,
92.03215,
852.3444,
6871.615,
1643.045,
757.2717,
726.1322,
212.9556,
3408.006,
3522.735,
2265.629,
1239.852,
6257.113,
549.739,
230.7063,
2797.493,
814.3403,
223.551,
166.6309,
0,
49333.97,
2010, 
1709.428,
12362.97,
319.9328,
111.1119,
593.5747,
505.7768,
1067.878,
229.9068,
107.0264,
888.2253,
7307.203,
1709.128,
816.3021,
747.9816,
235.1116,
3428.673,
3691.416,
2443.999,
1339.395,
7646.548,
601.0916,
248.8872,
2892.724,
833.6721,
231.4323,
175.9045,
0,
52245.3,
2011, 
1786.858,
11538.77,
354.0855,
116.3,
615.1259,
523.0934,
1105.345,
237.2028,
126.9559,
897.3647,
7649.377,
1740.396,
883.8589,
764.476,
227.6768,
3510.061,
3852.423,
2722.736,
1397.584,
9508.228,
633.8951,
264.6509,
3039.283,
808.0306,
247.5583,
179.6611,
0,
54731,
2012, 
1746.17,
11168.46,
369.5621,
120.6113,
648.6298,
558.8475,
1176.607,
244.3764,
142.7649,
892.6297,
8138.896,
1677.706,
955.9398,
770.0712,
242.5606,
3513.993,
4118.809,
2841.802,
1461.777,
11117.7,
708.6557,
277.3123,
3190.071,
821.1231,
268.0741,
184.595,
0,
57357.74,
2013, 
1650.457,
10881.1,
362.8081,
126.7494,
676.2372,
600.7664,
1247.388,
275.4203,
156.8718,
907.1008,
7880.897,
1675.628,
971.6547,
753.258,
290.765,
3527.436,
4381.133,
3095.878,
1539.667,
13495.03,
790.7011,
305.5747,
3975.896,
855.6918,
305.6815,
194.6111,
0,
60924.4,
2014, 
1606.617,
10816.9,
382.9348,
131.7152,
718.9532,
605.6241,
1327.18,
292.3048,
180.1926,
1085.637,
7987.723,
1656.221,
1026.96,
716.6523,
265.6419,
3560.837,
4765.559,
3507.715,
1645.145,
16185.1,
922.7667,
328.4563,
4823.696,
831.973,
336.0136,
221.3582,
0,
65929.88,
2015, 
1524.928,
11356.34,
398.7303,
143.8963,
722.8868,
650.2319,
1504.075,
321.6361,
206.6084,
1169.572,
7362.617,
1608.446,
1100.578,
659.3541,
276.4433,
3579.068,
5335.76,
3879.183,
1805.017,
19935.06,
1043.332,
350.2905,
6660.636,
874.8393,
362.2028,
233.0275,
0,
73064.76,
2016, 
1507.832,
10939.98,
423.0358,
147.7329,
759.9661,
659.3987,
1655.15,
335.7382,
220.5513,
1351.037,
7727.158,
1630.05,
1283.776,
659.571,
329.0652,
3577.741,
5913.574,
4440.833,
1964.204,
23593.5,
1277.522,
378.9612,
7923.862,
937.399,
429.1905,
227.8815,
0,
80294.72,
2017, 
1557.487,
11279.79,
428.6363,
147.274,
813.7442,
660.6191,
1718.923,
360.9225,
237.3392,
1542.708,
7931.2,
1630.283,
1727.168,
680.0664,
416.7598,
3643.962,
6083.037,
5121.224,
2182.909,
29359.56,
1410.473,
404.0299,
9239.14,
1025.144,
494.2235,
249.2629,
0,
90345.88,
2018, 
1515.994,
11774.56,
453.8026,
155.7491,
849.4135,
671.8116,
2018.688,
408.5031,
292.2486,
1821.094,
8518.677,
1862.123,
2841.056,
753.7078,
433.7765,
3630.751,
6174.815,
6045.244,
2456.819,
36038.26,
1545.215,
472.484,
10563.9,
1185.072,
542.9981,
279.9355,
0,
103306.7,
2019, 
1571.517,
11910.96,
422.6849,
161.9207,
908.7734,
636.9732,
2248.979,
448.9816,
337.1149,
1910.571,
9786.905,
1790.479,
3181.928,
940.388,
475.1997,
3677.752,
7276.136,
6728.754,
2931.042,
42056.82,
2113.411,
518.1388,
11910.21,
1377.213,
579.3925,
327.6026,
0,
116229.8,
2020, 
1543.105,
11508.58,
430.4132,
152.3793,
881.4406,
630.1169,
2316.624,
484.5544,
360.1024,
2088.46,
10987.32,
1950.654,
3540.969,
1033.361,
451.6701,
3555.601,
7976.572,
7082.419,
3478.8,
51209.23,
2839.019,
522.1282,
13453.8,
1609.491,
613.5811,
333.7625,
0,
131034.1,
2021, 
1591.585,
12604.87,
456.8156,
166.8975,
975.2685,
707.4204,
2453.126,
537.4572,
407.8609,
2222.153,
11689.07,
2277.233,
4008.622,
1086.987,
563.1783,
3714.805,
8687.158,
8038.969,
4214.011,
62351.89,
4250.211,
563.1082,
15023.2,
1954.831,
706.9139,
369.89,
0,
151623.5,
2022, 
1558.967,
13585.67,
528.5422,
178.0347,
1030.804,
707.4647,
2516.287,
640.7897,
471.8272,
2252.532,
13229.8,
2570.851,
4522.333,
956.0512,
625.3171,
3686.392,
10335.17,
9574.16,
4643.268,
72663.42,
4432.527,
616.5134,
16383.33,
2337.845,
818.4596,
495.238,
0,
171361.6,
2023, 
1480.438,
15395.4,
548.1194,
185.6874,
1107.391,
726.087,
2732.45,
766.1744,
506.3492,
2254.749,
15501.44,
3029.999,
5092.543,
983.7471,
719.1077,
3735.402,
12141.37,
10556.04,
5159.484,
98380.7,
4790.597,
683.0377,
17108.49,
2883.938,
862.8842,
534.0047,
0,
207865.6,
2024, 
1403.649,
18158.86,
579.4892,
194.0216,
1152.425,
756.5123,
3016.313,
855.644,
539.1152,
2391.896,
17821.05,
3619.562,
8214.723,
806.6242,
807.7794,
3711.643,
13319,
12667.94,
5389.23,
128588.8,
5087.614,
738.0872,
17522.66,
3728.783,
950.7098,
587.4772,
0,
252609.5,
2025, 
1512.124,
22173.94,
584.6794,
277.726,
1318.218,
791.5172,
3246.112,
974.7513,
800.7211,
3135.946,
19642.79,
4015.151,
8925.443,
848.0218,
869.4542,
3720.258,
29480.54,
17591.28,
6206.738,
141009.8,
5725.021,
1399.778,
20416.82,
4885.969,
1216.465,
665.0308,
0,
301434.3,
2026, 
1587.442,
24427.79,
599.0423,
294.7553,
1322.335,
811.0466,
2960.02,
1090.816,
1014.512,
2759.172,
21682.57,
4454.499,
8086.786,
915.27,
1078.941,
3668.605,
27272.88,
21892.81,
6298.629,
175414.2,
6266.025,
1773.014,
20968.04,
5961.105,
1551.843,
657.9086,
0,
344810.1,
2027, 
1616.829,
26936.78,
623.6996,
368.8877,
1332.669,
843.196,
2757.949,
1789.593,
1293.797,
2472.67,
23570.3,
4826.868,
7623.017,
1041.707,
1915.799,
3629.42,
29531.53,
28182,
6751.286,
212219.3,
7282.627,
3116.335,
21798.89,
7480.889,
2212.387,
685.9136,
0,
401904.3,
2028, 
1996.516,
28627.46,
669.5573,
472.1675,
1343.358,
877.1472,
2521.077,
2846.002,
1547.322,
2303.718,
25957.49,
5543.837,
7389.808,
1173.146,
2774.101,
3579.819,
34260.85,
37799.41,
6854.06,
263978.8,
9950.951,
5487.267,
23260.2,
9261.766,
3829.691,
892.6654,
0,
485198.2,
2029, 
2573.413,
30461.66,
724.9427,
619.5546,
1366.731,
914.2949,
2243.226,
4190.322,
1719.477,
2256.034,
28212.13,
6236.467,
7560.912,
1253.39,
4135.053,
3542.207,
37367.28,
53598.92,
6942.849,
318553.1,
13817.47,
8990.714,
24648.71,
11841.31,
5986.63,
1208.127,
0,
580964.9,
2030, 
3083.378,
33827.75,
916.5556,
1596.932,
1496.579,
1395.22,
1915.104,
5005.435,
2027.179,
2348.056,
29645,
6907.152,
8334.688,
1377.318,
5796.308,
3557.863,
46513.33,
80086.23,
6986.923,
406578.6,
20321.13,
14244.1,
25993.24,
14616.03,
8952.011,
1782.772,
0,
735304.8,
2031, 
3618.175,
43193.07,
1094.301,
6331.309,
2221.435,
1917.856,
1928.773,
5369.572,
2354.596,
2563.975,
33207.3,
7002.152,
9307.993,
1541.262,
8937.856,
3647.035,
53984.11,
136983.9,
7283.351,
553663.6,
27656.06,
20073.81,
27762.82,
19188.5,
13179.94,
2226.627,
0,
996239.4,
2032, 
4165.353,
59321.04,
1472.167,
23801.24,
3635.427,
4070.336,
3416.111,
5546.549,
2322.345,
2634.848,
77113.8,
8774.975,
10560.98,
1811.879,
13118.54,
3921.843,
52238.18,
263035.5,
7530.333,
824670.8,
42104.44,
26091.14,
29654.54,
25746.93,
18199.91,
2264.83,
0,
1517224,
2033, 
5266.409,
82711.27,
2323.835,
61101.75,
9735.116,
14968.82,
5287.694,
8971.686,
2330.186,
2549.222,
149283.6,
20547.54,
12059.1,
1889.588,
18687.97,
4963.547,
56106.04,
438340.8,
7702.232,
1353150,
65799.9,
36060.75,
32188.74,
36467.06,
22598.49,
2668.96,
0,
2453760,
2034, 
6970.809,
118158.4,
3384.328,
93331.35,
25568.84,
34861.93,
6099.061,
21763.22,
2591.574,
2307.529,
225503,
44462.81,
13083.16,
2934.704,
29478.79,
6378.178,
72840.73,
636398.9,
8153.985,
2523346,
101752.6,
50361.21,
35209.15,
54122.12,
27621.22,
4525.632,
0,
4151210,
2035, 
8945.294,
176645.5,
4805.131,
111801.3,
68324.09,
102766.6,
5730.216,
50565.82,
2900.976,
3703.846,
327378.7,
86781.67,
14438.95,
8434.719,
44784.21,
7825.986,
109506.6,
959460,
8602.047,
3618886,
149684.4,
60122.94,
38320.57,
75893.59,
33659.39,
12595.09,
0,
6092563,
2036, 
10220.83,
255542.5,
10196.65,
125942,
112482.1,
149634.2,
15229.05,
88889.3,
3578.38,
21035.92,
412920.9,
121106.1,
16590.2,
18369.07,
73268,
9305.312,
180152.1,
1216498,
8965.701,
4510328,
234351.9,
70606.8,
41113.66,
92669.31,
40940.41,
35192.7,
0,
7875129,
2037, 
12680.08,
357590.9,
18396.96,
136119.2,
170803.3,
177572.5,
38110.41,
146561.8,
6593.891,
61847.68,
490748.8,
168990.2,
18303.66,
34688.57,
139047.4,
9361.22,
282437.3,
1520066,
10588.98,
5204034,
310316.9,
92571.46,
47598.09,
109941.1,
63617.66,
81007.15,
0,
9709595,
2038, 
16637.24,
609357.4,
31965.13,
148120.8,
198076.8,
217871.1,
104634,
247235,
15028.16,
88435.77,
557738.2,
214093.1,
20197.77,
59862.05,
214159.4,
9272.154,
417863.5,
1939111,
13535.38,
5836322,
392080,
115032.6,
57404.51,
129079.9,
97403.31,
122533,
0,
1.187305e+07,
2039, 
23767.73,
1027633,
49409.27,
155818.1,
229073.9,
272289.3,
259279.3,
324569.8,
26595.14,
101339,
617578.1,
265758.7,
21621.64,
72186.01,
273967.1,
9456.688,
610454.1,
2277768,
13937.99,
6470287,
480011.8,
156999.6,
64837.79,
151257.5,
197608.6,
150820.1,
0,
1.430433e+07,
2040, 
36620.19,
1477550,
63076.67,
164394.7,
257761.6,
334928.9,
426300.5,
390643.7,
50113.65,
116522.1,
647830.3,
333130.5,
24178.03,
79715.05,
301954.3,
10060.72,
905212.1,
2429098,
14114.03,
7055870,
576695.7,
223607.2,
70451.44,
172015.9,
311791.2,
173203.6,
0,
1.664684e+07,
2041, 
43147.46,
1828661,
69227.82,
174749.2,
277568.2,
378188.6,
531424.6,
448095.1,
69537.27,
146143.2,
642192.5,
372760.6,
25913.74,
93284.66,
324932.4,
10698.91,
1080568,
2586136,
13786.74,
7566822,
658811.3,
285398.8,
75381.09,
193870.3,
433360.2,
192369,
0,
1.852303e+07,
2042, 
50454.21,
2206413,
85274.13,
185615.8,
293352.7,
417065.2,
597736.1,
502578.6,
90181.99,
161041.2,
687156.7,
395560.4,
29157.74,
118178.1,
338817.2,
11637.01,
1213111,
2707370,
13528.72,
7971455,
737667.3,
303806.9,
82705.58,
215897.5,
512391.8,
188328.4,
0,
2.011648e+07,
2043, 
61442.13,
2519517,
140569.4,
198022,
350506.3,
474325.8,
659687.3,
535508.1,
113467.7,
173302.6,
750741.4,
416912.8,
40738.33,
145894.2,
352872.6,
12862.14,
1293330,
2789218,
13639.88,
8291693,
886120.4,
315339.7,
90636.99,
246204.5,
581403,
160754.7,
0,
2.161471e+07,
2044, 
77134.65,
2750136,
209535.6,
210596.4,
456251,
538642.8,
714679.8,
566939.1,
144229.6,
179577.9,
750915.4,
447381.3,
56253.22,
167047.6,
376910.1,
15623.81,
1363945,
2872434,
13434.65,
8456330,
1045734,
353708.6,
98675.45,
269895.6,
668187.1,
142628.6,
0,
2.294683e+07,
2045, 
86335.34,
2918847,
269127.5,
223482.4,
589183.3,
607407.8,
752801.9,
602719,
212007.9,
173063.3,
790727.4,
462975.5,
71175.84,
173284.3,
393385.3,
30093.1,
1413633,
2951313,
13440.78,
8564452,
1103693,
376143.2,
105246,
290622.8,
763355.4,
129192.7,
0,
2.406771e+07,
2046, 
112698.2,
3018782,
321630.7,
234621.4,
720257.4,
705765.1,
773016.9,
638113.1,
294848.5,
166940,
786609.6,
463224.5,
88640.71,
180306.5,
408742.7,
72273.72,
1462995,
3026554,
14458.19,
8687820,
1119294,
376655.3,
111535.6,
311595.9,
833978.4,
113596.6,
0,
2.504495e+07,
2047, 
120084.2,
3117518,
380185.2,
244320,
824054.6,
770639.1,
788793.8,
672194.2,
336754.5,
169830.6,
766129.3,
475732.5,
113987.2,
184182.7,
405047.8,
179843.3,
1518175,
3101195,
18012.36,
8811449,
1131981,
394841.8,
115160.9,
333323.7,
886988.6,
118656.7,
0,
2.597908e+07,
2048, 
135636.2,
3187562,
431071.7,
255968.2,
939114.8,
817446,
803478.1,
707185.1,
364298.6,
174791.6,
729940.3,
474197.9,
136302.5,
191200.3,
391980.8,
342617.9,
1583439,
3175005,
24338.22,
8914665,
1149576,
408472.5,
118908.7,
363086.6,
976261.6,
146718.7,
0,
2.694326e+07,
2049, 
149807.9,
3279973,
487559.5,
267626.8,
1044139,
877066.8,
824150.5,
744861.5,
394706.1,
185855.8,
685228.5,
470298.9,
148871.5,
197109.3,
334097.3,
531918.7,
1651962,
3249227,
29847.21,
9002790,
1175850,
394825.8,
129532.4,
387196,
1058549,
196287.2,
0,
2.789934e+07,
2050, 
166082.2,
3352641,
546863,
276137,
1130696,
922924.7,
852091.6,
788420.9,
426482.7,
190053.2,
651589.4,
479037.7,
157811.4,
201884.4,
164241,
678450.6,
1717063,
3286324,
36612.28,
9074125,
1142528,
378847.9,
136137.4,
410615.9,
1123199,
280375.9,
0,
2.857123e+07,
2051, 
182731.1,
3440965,
585978.4,
284024,
1210872,
951804.3,
889394.4,
843363.4,
458557.1,
204057.9,
644500.5,
481135.1,
170193.4,
206056.9,
99674.89,
767889.8,
1775405,
3327022,
42666.8,
9118352,
1145327,
347901.2,
139404.2,
433349.5,
1203006,
371594.5,
0,
2.932522e+07,
2052, 
198755.5,
3527429,
615920.2,
288926.8,
1323071,
987212.1,
934306.8,
894871.6,
492152.8,
212865.7,
691548.3,
481464.5,
184538.9,
209014.7,
139736.1,
852734.9,
1803733,
3353088,
46933.69,
9412986,
1134686,
320815.9,
141520.9,
471627.2,
1311441,
411733.8,
0,
3.044311e+07,
2053, 
211894.9,
3604838,
648685.1,
293865.6,
1427395,
1029000,
990952.9,
948052.4,
528784.5,
221121.3,
684274.1,
483036.1,
199119.4,
213451.3,
199935.3,
885314.6,
1816492,
3380448,
49852.09,
9450220,
1104713,
305938.2,
145630.3,
487792.6,
1419875,
248975.3,
0,
3.097966e+07,
2054, 
220935.4,
3669200,
687417.8,
288038.5,
1513279,
1064136,
1050956,
1016144,
565055.1,
234339.8,
689814.9,
493453.5,
207166.6,
219422.2,
252119.7,
903577.4,
1793667,
3392034,
52078.38,
9509482,
1047439,
298095.5,
147600.4,
506965.9,
1503665,
2440.848,
0,
3.132852e+07,
2055, 
229738.6,
3716301,
740498.8,
278264.3,
1575731,
1100367,
1118088,
1102264,
601426.9,
249575.5,
698247.3,
492620.6,
200897.7,
224087.3,
290964.5,
939185.3,
1744383,
3426704,
53417.01,
9644286,
1004206,
292758,
149723.6,
522182.6,
1583066,
1030.456,
0,
3.198001e+07,
2056, 
241717.5,
3770504,
794750.3,
276982.2,
1641519,
1133613,
1188892,
1189477,
642378.9,
273033.2,
706939.2,
490191.3,
207146,
226530.6,
317766.1,
978846.3,
1735500,
3509102,
54262.14,
9625308,
985374.4,
289409.2,
151445.1,
534098.2,
1688739,
8805.548,
0,
3.266233e+07,
2057, 
255756.7,
3809304,
838142.4,
277859.3,
1698822,
1166787,
1248224,
1290418,
684554.6,
297890.3,
716741.1,
492366.4,
204698,
232732.5,
351074.4,
1011257,
1684495,
3597568,
55235.68,
9683831,
970353.1,
296228.9,
150997.8,
550555.6,
1798974,
759.5948,
0,
3.336563e+07,
2058, 
273088.7,
3817369,
881856.4,
276597.5,
1758447,
1195714,
1300430,
1455550,
725918.8,
319836.2,
710551,
495873.7,
200334.9,
239246.6,
388086.1,
1033843,
1636907,
3726864,
55684.83,
9745236,
962089.8,
311529.8,
150568.1,
554279.2,
1893149,
99451.67,
0,
3.42085e+07,
2059, 
292173.6,
3833598,
929533.9,
279809,
1822725,
1224238,
1351329,
1535178,
767134.6,
343080.2,
717861.4,
498136.6,
197573,
245431.9,
424644.3,
1057935,
1601637,
3786973,
55415.46,
9759314,
962774.6,
324320.9,
151624.4,
548777.7,
1991113,
2110.313,
0,
3.470444e+07,
2060, 
306285.9,
3924269,
968282.7,
286861.9,
1890614,
1252864,
1395775,
1620856,
808878.9,
369344.2,
721853.6,
498985.2,
192825,
248796.4,
438061.2,
1077269,
1597848,
3721689,
53468.72,
9792710,
965713.3,
332507.7,
154069.2,
533904.6,
2098765,
2893.18,
0,
3.525539e+07,
2061, 
317362.2,
3918367,
998754.3,
282028,
1964033,
1288878,
1430251,
1685281,
855982.9,
401611.7,
728148.4,
503384.5,
189551.9,
243049,
443150.7,
1097093,
1604111,
3478549,
53469.62,
9798830,
958107.5,
333168.6,
156868.9,
529788,
2221092,
2090.752,
0,
3.5483e+07,
2062, 
327826.7,
3915517,
1044300,
274208.4,
2036504,
1326250,
1467683,
1778570,
903722.4,
418234.5,
740246.4,
512231.1,
188577.4,
226755.5,
441177.8,
1121681,
1620861,
3311219,
54333.63,
9745742,
942525.8,
324989.7,
160370,
529105.9,
2371262,
3204.235,
0,
3.57871e+07,
2063, 
332433.2,
3922984,
1091320,
265992.7,
2101153,
1362036,
1513010,
1824918,
953516.6,
437328.3,
756513.3,
519471.4,
190375.7,
218774.1,
440963.5,
1154952,
1676807,
3121146,
56139.48,
9690702,
895191.6,
307971.9,
161339.8,
534168.9,
2565005,
2366.674,
0,
3.609658e+07,
2064, 
340710.9,
3978060,
1133467,
259323.3,
2160650,
1398046,
1564015,
1889099,
1000649,
458687.4,
765541.7,
524692.1,
197515.1,
213720.2,
442282.7,
1194668,
1766239,
2935544,
58799.36,
9648261,
871571.5,
300899.3,
163371,
535565.8,
2698890,
8006.744,
0,
3.650827e+07,
2065, 
336542.4,
4121196,
1176228,
248036.8,
2213229,
1423316,
1632210,
1951370,
1045637,
474330.1,
775245.1,
527133.5,
205472.5,
212426.5,
455193.7,
1226163,
1880692,
2801292,
59574.98,
9624224,
864959.9,
300882.8,
165221.2,
535593.7,
2828699,
6233.735,
0,
3.70911e+07,
2066, 
342605.4,
4256071,
1216232,
238948.4,
2269338,
1447260,
1723455,
2042689,
1095851,
489975.3,
794236.7,
528739.1,
208671.9,
215505.6,
473349.9,
1251311,
2030590,
2716863,
59619.04,
9517472,
859006.3,
303694.1,
167275.6,
548597.2,
2944313,
42281.42,
0,
3.778395e+07,
2067, 
343291.9,
4386639,
1245998,
239691.1,
2309508,
1468467,
1797523,
2135469,
1149631,
504116.8,
814221.6,
529437.7,
222361.4,
222736.9,
494199.9,
1263873,
2085754,
2642899,
59909.46,
9437670,
875881.3,
304697.7,
165823.8,
567809.2,
3062492,
228450.8,
0,
3.855855e+07,
2068, 
346046.5,
4518802,
1268565,
244087,
2373487,
1486213,
1854782,
2237005,
1199979,
517127.6,
839852.4,
530970.7,
228626.9,
230971.4,
500528.2,
1269167,
2124843,
2548632,
60464.73,
9363676,
919978.4,
316994.3,
170229.9,
590169.5,
3143997,
431218.5,
0,
3.931641e+07,
2069, 
358465.3,
4577572,
1299460,
246757.8,
2458111,
1508300,
1897138,
2328398,
1255144,
530399.2,
860257.1,
527257.8,
231237.7,
238758,
509838.2,
1270853,
2093371,
2443386,
60614.33,
9325144,
953528.6,
318151.9,
171465.8,
618437.3,
3218566,
449295.2,
0,
3.974991e+07,
2070, 
362336.1,
4598830,
1323504,
253162.2,
2578224,
1532150,
1924598,
2421117,
1311602,
543132.4,
864098.7,
525028.1,
234429.5,
242826.1,
512959.8,
1277164,
1980114,
2349410,
62443.11,
9304412,
980377.5,
316229.5,
169802.5,
633091.6,
3293059,
398154.7,
0,
3.999226e+07,
2071, 
361287.3,
4563150,
1337131,
260547.9,
2719521,
1565119,
1943549,
2520594,
1368393,
553075.2,
858493.8,
524201.3,
240564.1,
245259.9,
513122.3,
1288820,
1829269,
2313243,
64250.25,
9319924,
1007849,
316980.8,
166924.5,
631565.2,
3373485,
465373.1,
0,
4.035169e+07,
2072, 
357041.9,
4535808,
1365303,
258915.9,
2883267,
1599162,
1970123,
2616076,
1423192,
550260.3,
831951.7,
525162,
246766.4,
249489.6,
518082,
1306735,
1704601,
2333270,
66897.59,
9382926,
1040847,
325677.3,
164739.4,
628583.6,
3431921,
667423.4,
0,
4.098422e+07,
2073, 
353911.4,
4533528,
1392530,
255260.8,
2987406,
1635121,
2001272,
2702217,
1480613,
542760.8,
787823,
525269.7,
249526.7,
262336.7,
526533.2,
1308445,
1589325,
2326193,
68441.28,
9454848,
1075942,
329315,
161919.5,
625152.8,
3481769,
759320.3,
0,
4.141678e+07,
2074, 
350633.6,
4550017,
1419391,
248906.6,
3076477,
1661819,
2029092,
2761963,
1537016,
537517.3,
772159.1,
529451.5,
249645.9,
268320.6,
538939.3,
1303990,
1495718,
2326508,
69572.41,
9488326,
1118110,
337521.8,
156517.4,
628686.9,
3517714,
823361.8,
0,
4.179737e+07,
2075, 
348676.3,
4574919,
1438204,
243247.3,
3133116,
1691289,
2058965,
2822660,
1592962,
533166.9,
759219.5,
537634,
253468.3,
241413.4,
550013,
1313570,
1411538,
2342363,
70599.06,
9510540,
1171402,
344371.3,
156704.1,
632689.7,
3557496,
571089.9,
0,
4.186132e+07,
2076, 
344134.6,
4596700,
1438876,
242712.2,
3169587,
1718957,
2071575,
2897248,
1652238,
528367.2,
760220.7,
548223,
258959.5,
224997.1,
559142.1,
1307322,
1334512,
2384490,
72346.76,
9538190,
1202894,
360655,
156444.5,
657043.1,
3587248,
535885.1,
0,
4.214897e+07,
2077, 
338390.4,
4618018,
1423586,
240333.2,
3199730,
1748055,
2064869,
2991909,
1711867,
528150.6,
772723.9,
557452.1,
265165.4,
211283.7,
565391.8,
1314335,
1302910,
2421134,
73473.2,
9516151,
1224639,
376604.4,
157323.5,
696963.5,
3619216,
657509.8,
0,
4.259718e+07,
2078, 
331925.8,
4631824,
1403689,
238274.9,
3265748,
1793445,
2038637,
3005610,
1767783,
533737.9,
797474.3,
561218.1,
269919.4,
206696.5,
570976.8,
1322873,
1269533,
2455806,
75659.92,
9463800,
1226282,
384739.3,
157011.3,
745855.1,
3640756,
834414.6,
0,
4.299369e+07,
2079, 
327806.4,
4647385,
1387604,
241559.1,
3332694,
1847493,
2020636,
3015887,
1820711,
542331.8,
809253.5,
558065.3,
274514.8,
204798.2,
585336.9,
1319425,
1258379,
2507808,
80196.2,
9421955,
1213269,
386568,
156775.1,
797961.1,
3666178,
1034996,
0,
4.345958e+07,
2080, 
323188.2,
4653139,
1372778,
244917,
3386444,
1918782,
2000595,
2941631,
1874087,
549054.8,
826170.8,
552365.6,
282524.7,
203633.3,
592520.8,
1319879,
1282138,
2534972,
86836.29,
9316386,
1211847,
386408.5,
155045.5,
854628.1,
3689472,
1161001,
0,
4.372044e+07,
2081, 
319146.5,
4666197,
1330452,
247099.4,
3448202,
1954954,
1974701,
2889148,
1929349,
553996.7,
845324.4,
545034.9,
287997.9,
202766.4,
588846.9,
1318415,
1294459,
2567397,
90878.73,
9136897,
1221840,
387423.8,
153967,
910958.3,
3714632,
1236831,
0,
4.381691e+07,
2082, 
313900.3,
4690999,
1282555,
252495.3,
3496914,
1982974,
1940349,
2733789,
1985561,
557534.1,
877757.9,
536245.4,
290364.6,
201603,
598296.2,
1311222,
1274462,
2589366,
94342.87,
8975370,
1236425,
396936.6,
153468.1,
959068.9,
3733700,
1315261,
0,
4.378096e+07,
2083, 
306300.6,
4722939,
1261183,
261023,
3515485,
1993482,
1868387,
2728475,
2042208,
573434.8,
879954.4,
528022.3,
292161.1,
200197.6,
607125.8,
1304168,
1243978,
2609821,
97269.78,
8862250,
1256556,
417536.5,
153416,
1001348,
3755304,
1406831,
0,
4.388886e+07,
2084, 
293511.5,
4765209,
1238555,
261825.3,
3508813,
1988005,
1800732,
2596990,
2100402,
592593.2,
884626.9,
518151,
296899,
196069,
610783.5,
1289428,
1172795,
2620965,
99212.59,
8655754,
1303349,
442987.7,
154229.8,
1034707,
3789127,
1486387,
0,
4.37021e+07,
2085, 
283177.8,
4804108,
1222922,
258166.5,
3512638,
1979309,
1730777,
2520909,
2156798,
590159.9,
907344.8,
507535.3,
303732.4,
192719,
601594.1,
1249890,
1087216,
2595958,
100959.8,
8524453,
1355126,
477716.1,
155706.9,
1068014,
3806721,
1546531,
0,
4.354018e+07,
2086, 
277168.5,
4825163,
1215018,
252177.7,
3509756,
1960859,
1687898,
2574000,
2215069,
578554.2,
939753.4,
500199.8,
308140.7,
194965.9,
583137.2,
1225369,
997036.5,
2575953,
100811.8,
8448821,
1382423,
509289.6,
155935.3,
1099701,
3821410,
1605269,
0,
4.354388e+07,
2087, 
273397.5,
4815047,
1207194,
246749.6,
3507944,
1953615,
1676289,
2594495,
2271948,
561783.9,
951545.2,
493771.9,
312886.6,
197477.5,
556135.8,
1229138,
980932.6,
2532783,
100320.3,
8496394,
1373475,
523968.6,
154920.6,
1123991,
3831704,
1647943,
0,
4.361585e+07,
2088, 
280265.7,
4754861,
1213638,
242145.9,
3501056,
1958021,
1720852,
2745540,
2327633,
523255,
948562.7,
487605.7,
316142.3,
201192.3,
539799.3,
1247954,
933300.2,
2472789,
99861.76,
8529535,
1347601,
521307.4,
153409.8,
1142001,
3837288,
1690463,
0,
4.373608e+07,
2089, 
283192.2,
4674198,
1229127,
243670.5,
3499732,
1946446,
1744513,
2923261,
2383303,
491985,
950619.1,
483818.4,
320134,
202439.2,
542801.3,
1269462,
979516.5,
2399395,
98968.27,
8542324,
1336162,
515940.2,
151044.3,
1153999,
3851501,
1732950,
0,
4.39505e+07,
2090, 
289204.2,
4582918,
1245911,
247761.5,
3487017,
1912804,
1841653,
3180758,
2444698,
455782.7,
941582.8,
483337,
324248.8,
202475,
558537.7,
1292258,
913472.1,
2385944,
98484.2,
8471638,
1347852,
508605.8,
148691.9,
1171020,
3892334,
1788152,
0,
4.421714e+07,
2091, 
279585.6,
4441673,
1255369,
253317.6,
3474018,
1855503,
1914058,
3513929,
2506376,
421505.4,
934636.4,
485486.3,
328290.7,
200703.9,
564679.3,
1308676,
749065.8,
2432330,
97653.66,
8419267,
1352527,
494146.7,
144840.3,
1183321,
3921593,
1852550,
0,
4.43851e+07,
2092, 
281507.7,
4294676,
1245641,
260192.4,
3467902,
1805716,
1981394,
3821079,
2569032,
409135.7,
938796.7,
489862.1,
331742.8,
204068.5,
580310.4,
1317881,
627110.7,
2467351,
97337.79,
8327040,
1375738,
483469.8,
144624.6,
1193845,
3965261,
1918625,
0,
4.459934e+07,
2093, 
276207,
4178713,
1247149,
264903.3,
3474458,
1757680,
2043089,
4222265,
2629076,
420254.8,
945332.1,
494228.1,
334988.3,
209593,
567437.1,
1329345,
496230.9,
2542894,
97276.83,
8307645,
1418453,
477921,
143345.9,
1202693,
4001581,
1987276,
0,
4.507003e+07,
2094, 
267786.9,
4133223,
1266426,
263297.2,
3472321,
1716034,
2057697,
4496651,
2688598,
430965.6,
954140.2,
500666.5,
339713.6,
217237.3,
575211.6,
1325413,
431428.3,
2611168,
96886.82,
8214702,
1457568,
476304.9,
142825.7,
1208548,
4039744,
2056615,
0,
4.544117e+07,
2095, 
267460.7,
4066304,
1284787,
259457.3,
3479688,
1689569,
2004470,
4696979,
2746126,
457859.3,
962812.6,
503433.5,
343325.5,
225466,
604464.8,
1318843,
344916.8,
2654673,
96064.66,
8089216,
1448900,
484988.2,
142305.6,
1211690,
4050358,
2098354,
0,
4.553251e+07,
2096, 
273125,
4021697,
1307332,
254763.9,
3484898,
1662566,
1984221,
4902817,
2805059,
500244.7,
961754.7,
503658.5,
347042.4,
228096,
616712.4,
1308712,
327345.4,
2665573,
95440.73,
7952865,
1431725,
490170.9,
142452.2,
1211862,
4055199,
2067980,
0,
4.560331e+07,
2097, 
281981.9,
4010471,
1311194,
250082.4,
3462377,
1638368,
1921439,
5127405,
2864054,
519680.2,
953525.6,
502259.5,
351391.5,
226679.2,
590283.4,
1294371,
313524.1,
2678489,
95445.43,
7851582,
1429102,
498781.3,
142322.4,
1208579,
4073575,
2005020,
0,
4.560198e+07,
2098, 
288416.5,
4024299,
1328139,
245796.8,
3449965,
1617315,
1890607,
5283093,
2923257,
533460.8,
953949.3,
500991.9,
354333.6,
223698.3,
498848.2,
1273665,
356188,
2670965,
95477.32,
7749742,
1427403,
514753.4,
145137.1,
1205142,
4090106,
1887252,
0,
4.5532e+07,
2099, 
297824.7,
4041466,
1351684,
247111.2,
3409672,
1597610,
1840720,
5411682,
2983534,
546332.6,
960365.2,
502218.6,
358863.9,
221766.5,
455064.1,
1266522,
400674,
2724105,
95633.76,
7647037,
1417870,
519549.7,
146906.3,
1204501,
4134319,
1755400,
0,
4.553843e+07,
2100, 
297849.7,
4044295,
1355542,
250926,
3338241,
1580559,
1860070,
5542557,
3043872,
554167.2,
965918.4,
507666.3,
362774.2,
220780.1,
453661.7,
1256716,
449662.1,
2764632,
95761.12,
7548998,
1409901,
510901.8,
148174.2,
1200808,
4178685,
1665032,
0,
4.560815e+07];
