real main.em.ep.isp.StorCapTot[28](t) = [1971, 
566.5516,
2974.242,
36.59344,
18.78446,
56.49295,
70.06173,
51.09151,
35.70309,
10.61529,
190.2325,
3522.189,
690.718,
37.31318,
556.4208,
110.5313,
1607.783,
123.688,
165.1254,
43.73093,
189.4541,
28.22084,
2.399819,
681.6126,
110.3267,
12.23423,
22.08051,
0,
11914.2,
1972, 
646.2068,
2975.325,
41.50105,
20.93361,
61.75048,
74.46001,
51.76905,
38.57457,
11.42901,
206.3607,
3676.651,
753.3674,
43.05058,
588.0674,
113.3681,
1694.608,
139.7687,
172.2903,
47.06474,
207.8923,
32.03064,
2.773161,
728.3337,
108.9237,
12.26643,
31.6033,
0,
12480.37,
1973, 
716.0466,
3248.41,
45.12885,
23.28887,
71.53477,
83.28148,
53.04696,
42.95211,
11.59635,
219.3552,
3942.77,
784.907,
43.52681,
621.6184,
121.3834,
1793.588,
167.1922,
178.2011,
53.26466,
227.2951,
37.82144,
3.405518,
788.479,
124.1211,
14.25235,
40.17353,
0,
13456.64,
1974, 
740.7369,
3273.476,
57.15581,
24.33209,
79.68801,
91.06651,
56.72418,
43.06424,
11.21579,
234.7155,
4037.459,
833.1469,
49.24638,
657.4884,
130.2095,
1903.219,
187.3379,
186.7265,
58.56365,
235.1268,
40.24564,
4.518811,
778.5542,
133.2379,
16.03489,
50.63238,
0,
13913.92,
1975, 
721.2789,
3369.763,
60.57953,
24.18564,
85.83691,
95.39542,
64.47839,
48.29573,
11.6781,
252.28,
4023.85,
871.0329,
59.03473,
595.6721,
115.8249,
1764.688,
217.4633,
206.9453,
65.50536,
278.35,
41.93681,
5.131409,
796.1603,
138.231,
17.99837,
53.29406,
0,
13984.89,
1976, 
771.6292,
3598.95,
64.31382,
27.34083,
98.93375,
102.9142,
73.92207,
50.22042,
13.53636,
264.12,
4326.715,
925.7356,
67.06864,
622.4441,
122.6964,
1878.464,
256.2046,
232.1586,
71.59804,
308.7295,
47.25506,
4.763587,
851.8198,
144.1164,
18.93958,
57.16565,
0,
15001.75,
1977, 
827.6048,
3719.497,
69.53985,
29.62437,
109.1107,
112.6787,
84.5472,
54.93723,
14.22311,
264.1704,
4423.47,
965.7786,
75.03923,
640.5471,
126.8969,
1944.615,
324.4036,
246.8405,
78.35242,
337.0688,
52.46521,
5.95475,
887.6619,
151.6248,
20.39258,
62.17325,
0,
15629.22,
1978, 
887.8226,
3821.181,
76.84139,
31.27707,
120.818,
118.2031,
95.16819,
53.08585,
14.94976,
275.6216,
4588.078,
1016.439,
79.9075,
661.4202,
131.2872,
2035.778,
366.1609,
271.1459,
86.89742,
384.1998,
54.30918,
8.341496,
928.8909,
156.2173,
22.9126,
60.36863,
0,
16347.32,
1979, 
930.5837,
3897.239,
82.38017,
32.64742,
135.3544,
131.7854,
106.4107,
61.24866,
15.3327,
289.3306,
4782.964,
1024.308,
81.57783,
677.9902,
180.5236,
2084.63,
423.5064,
275.055,
94.17832,
419.895,
59.07899,
10.05368,
978.6647,
163.4653,
25.65978,
65.03255,
0,
17028.9,
1980, 
956.9705,
3946.067,
86.42494,
32.93709,
155.3525,
141.0095,
118.9684,
68.54224,
15.51185,
313.1867,
4815.501,
1071.879,
84.04602,
709.9712,
197.6389,
2245.674,
469.0142,
287.1129,
98.33781,
410.6412,
63.22007,
12.6536,
966.4481,
171.3388,
26.91667,
59.91535,
0,
17525.28,
1981, 
1006.165,
3977.724,
94.37409,
34.07277,
149.4538,
146.5863,
135.104,
67.05523,
16.40031,
357.5547,
4864.923,
1079.755,
88.10221,
727.1834,
202.5044,
2371.116,
556.1702,
314.9553,
106.1865,
414.6992,
67.22141,
12.48682,
976.3061,
182.4508,
28.79956,
56.82001,
0,
18034.17,
1982, 
987.8765,
3879.774,
98.61699,
35.2829,
156.7125,
148.7269,
147.9557,
74.63888,
17.75339,
375.9043,
4857.617,
1095.41,
96.068,
741.8356,
209.7063,
2461.393,
659.3624,
336.1766,
111.9568,
442.2255,
72.06509,
15.20171,
966.7123,
185.5412,
30.89977,
56.75296,
0,
18262.17,
1983, 
1032.313,
3967.786,
97.85333,
37.51171,
162.1886,
155.8756,
163.2668,
69.4345,
18.89748,
382.6703,
4973.012,
1145.789,
100.4163,
762.8633,
216.3593,
2589.904,
675.0386,
359.6469,
121.9812,
477.8958,
78.79086,
17.83477,
1020.775,
190.207,
34.3522,
55.55246,
0,
18908.22,
1984, 
1112.937,
4148.68,
106.0188,
38.59263,
181.4627,
160.461,
180.22,
64.50052,
18.92486,
423.2476,
5155.272,
1198.988,
113.4875,
792.8245,
225.6621,
2754.897,
727.5254,
397.6707,
131.3844,
501.698,
84.95988,
20.98048,
1074.521,
203.2512,
38.75315,
54.76211,
0,
19911.68,
1985, 
1180.38,
4230.037,
92.49062,
38.04673,
196.5014,
163.4449,
193.5835,
78.17641,
20.27892,
437.8108,
5346.953,
1203.015,
123.9705,
812.9531,
233.2524,
2858.612,
780.3899,
435.9345,
141.4574,
536.3747,
89.71655,
21.78787,
1116.508,
218.1733,
41.8441,
56.81584,
0,
20648.51,
1986, 
1207.813,
4229.518,
103.6125,
40.66662,
207.7808,
185.0835,
191.2275,
81.85087,
21.52302,
449.8777,
5433.235,
1259.055,
142.1421,
831.6603,
237.0043,
2987.03,
850.5453,
476.1484,
152.6593,
588.5262,
92.82371,
30.70134,
1132.484,
225.4152,
46.27436,
58.09723,
0,
21262.76,
1987, 
1287.623,
4307.051,
111.3837,
43.02757,
210.5469,
199.1115,
204.5884,
85.31211,
23.23101,
460.6619,
5612.605,
1284.988,
159.1042,
863.2499,
238.6665,
3106.901,
869.8859,
517.3082,
169.5675,
650.3064,
100.105,
35.58293,
1207.819,
237.7349,
51.20742,
56.63528,
0,
22094.21,
1988, 
1317.798,
4484.585,
113.5261,
43.28681,
218.5264,
225.1181,
223.0481,
89.5977,
24.72484,
478.0926,
5859.237,
1278.843,
167.0103,
890.5942,
242.927,
3183.245,
1000.79,
569.9761,
191.7331,
711.4371,
109.9127,
37.58426,
1276.658,
248.4914,
58.77045,
62.61319,
0,
23108.13,
1989, 
1289.948,
4891.889,
120.301,
46.22469,
232.4993,
215.0817,
233.4684,
93.52523,
26.15312,
488.7791,
6047.041,
1295.534,
180.171,
906.2196,
244.232,
3416.994,
1020.845,
622.7427,
209.0352,
764.9399,
120.5464,
41.57859,
1357.823,
266.7866,
61.29193,
60.04433,
0,
24253.69,
1990, 
1248.779,
4995.013,
124.1782,
46.64646,
222.7453,
232.0205,
241.7009,
95.23463,
30.09122,
496.7573,
6181.774,
1224.495,
199.0619,
975.4499,
302.9716,
3331.973,
1092.569,
669.6919,
224.4324,
813.0234,
132.6228,
49.40136,
1481.831,
273.6827,
66.69481,
66.79697,
0,
24819.64,
1991, 
1322.161,
5037.777,
128.2777,
45.39423,
236.8519,
218.3694,
254.9297,
97.33857,
32.04682,
497.4575,
6320.371,
1168.048,
202.7569,
899.2223,
259.5056,
3106.487,
1209.781,
729.2906,
236.5089,
971.884,
143.0403,
55.9022,
1530.546,
281.3867,
71.52883,
73.59605,
0,
25130.46,
1992, 
1353.039,
5124.862,
131.5307,
47.91128,
243.2132,
225.8279,
269.5048,
101.0303,
33.27763,
509.8752,
6363.886,
1085.735,
228.5043,
766.1584,
240.8472,
2686.772,
1286.644,
762.0225,
251.3723,
1073.015,
154.8903,
61.08336,
1548.467,
286.9294,
78.56659,
63.65837,
0,
24978.62,
1993, 
1400.01,
5248.243,
132.9806,
48.91608,
252.9958,
238.4972,
291.5942,
101.4027,
34.51823,
530.809,
6374.86,
1084.671,
251.0916,
695.1735,
202.8727,
2712.538,
1325.594,
804.2687,
278.3861,
1107.901,
170.7037,
68.28239,
1565.738,
296.0274,
81.98215,
65.0818,
0,
25365.14,
1994, 
1477.075,
5383.487,
143.0381,
52.48103,
260.1825,
253.1404,
311.4728,
101.3972,
35.24383,
548.6121,
6510.536,
1149.854,
264.1371,
633.6521,
199.3909,
2393.345,
1409.661,
863.0345,
312.2451,
1202.43,
192.6083,
75.9335,
1637.838,
305.2039,
86.18166,
63.1045,
0,
25865.29,
1995, 
1492.358,
5533.3,
145.9399,
55.38452,
273.2186,
265.1354,
329.47,
107.2203,
38.49931,
555.501,
6679.88,
1147.835,
295.3118,
664.9872,
197.7865,
2387.457,
1480.046,
936.0219,
348.1944,
1309.084,
213.4603,
88.07734,
1664.714,
313.7807,
91.62786,
64.49086,
0,
26678.78,
1996, 
1536.592,
5667.442,
138.8999,
58.28428,
286.8675,
277.5596,
372.3525,
111.6934,
40.28925,
579.891,
6785.179,
1266.089,
320.9897,
667.1903,
191.0033,
2357.392,
1541.957,
987.7782,
385.8129,
1375.309,
232.4085,
102.2018,
1712.869,
320.4303,
96.04259,
58.23965,
0,
27470.77,
1997, 
1559.342,
5802.42,
149.5433,
63.06667,
301.8254,
299.7116,
400.9549,
112.1591,
43.4182,
601.1145,
6917.219,
1289.305,
349.7266,
661.052,
187.3508,
2320.673,
1667.711,
1042.44,
421.7536,
1458.194,
248.7837,
107.9071,
1751.484,
330.9117,
99.70744,
61.11293,
0,
28248.89,
1998, 
1540.502,
5942.696,
161.3528,
67.64513,
311.2066,
315.7187,
428.127,
109.5414,
44.63995,
593.0491,
7067.234,
1305.949,
372.6165,
635.3345,
180.1685,
2349.473,
1881.152,
1116.258,
413.5285,
1528.118,
245.2137,
111.2397,
1754.625,
350.3318,
103.3465,
79.8821,
0,
29008.95,
1999, 
1572.173,
6056.589,
170.9669,
72.95132,
323.2833,
316.1862,
453.7305,
115.0014,
45.93115,
591.5022,
7145.396,
1276.606,
385.2694,
656.6166,
176.9924,
2412.123,
1803.323,
1199.138,
460.1583,
1591.606,
262.1656,
129.9347,
1779.913,
369.1242,
103.2132,
86.45403,
0,
29556.35,
2000, 
1619.371,
6343.598,
182.1804,
74.65184,
335.1501,
332.5957,
483.0026,
118.5998,
47.61525,
619.6019,
7169.123,
1355.836,
416.255,
649.2684,
180.2931,
2528.973,
1817.156,
1267.169,
544.5009,
1796.547,
284.5641,
139.9361,
1853.209,
380.3521,
112.5751,
94.0961,
0,
30746.22,
2001, 
1579.686,
6036.336,
187.8208,
76.65722,
328.215,
330.656,
511.2394,
126.1115,
49.83152,
599.1965,
7150.127,
1475.698,
415.5149,
690.749,
173.3084,
2642.829,
1899.68,
1315.586,
581.4237,
1977.719,
302.2621,
148.0006,
1834.23,
404.3328,
126.3338,
106.0062,
0,
31069.55,
2002, 
1601.414,
6216.287,
190.8052,
79.93091,
348.0688,
326.6085,
535.3992,
133.979,
49.97228,
648.6197,
6981.9,
1408.631,
441.9272,
687.0127,
176.5705,
2552.302,
1972.567,
1355.931,
621.3357,
2139.943,
320.4363,
156.6994,
1869.33,
404.9095,
133.2686,
112.9466,
0,
31466.79,
2003, 
1559.413,
6274.114,
234.0262,
81.7334,
362.0905,
343.1982,
562.7012,
132.2837,
52.96256,
678.9747,
6911.882,
1414.087,
479.6729,
712.0406,
187.6726,
2601.24,
2073.95,
1448.072,
648.206,
2451.692,
346.4093,
163.6695,
1866.884,
387.6968,
141.5318,
108.1215,
0,
32224.33,
2004, 
1582.392,
6482.713,
233.6509,
82.24095,
387.2312,
365.9215,
595.9069,
146.1196,
57.43195,
701.6575,
6834.977,
1497.295,
513.3196,
744.4063,
194.4859,
2682.974,
2209.006,
1541.396,
683.4837,
2810.406,
369.9597,
174.81,
1920.474,
398.1721,
152.954,
116.0364,
0,
33479.42,
2005, 
1540.254,
6485.272,
245.5914,
86.54619,
398.4741,
380.4034,
609.2895,
155.0973,
61.99103,
710.5886,
6734.492,
1467.113,
545.8192,
723.832,
199.4022,
3028.787,
2217.365,
1638.708,
727.5107,
3177.348,
398.8737,
186.6612,
1962.813,
398.9419,
164.6812,
124.8451,
0,
34370.7,
2006, 
1485.824,
6463.281,
252.4695,
91.60591,
416.5018,
402.4745,
645.9952,
164.3181,
65.97582,
744.4407,
6584,
1490.396,
587.1058,
757.2537,
203.939,
3050.431,
2345.201,
1774.289,
750.1337,
3645.153,
421.5736,
189.8112,
1990.278,
401.1125,
174.2884,
127.9489,
0,
35225.8,
2007, 
1574.615,
6502.201,
262.4502,
94.18405,
441.52,
412.2105,
715.0487,
173.6385,
71.87503,
762.7217,
6348.048,
1480.385,
635.1568,
768.7041,
212.2352,
3075.485,
2529.004,
1906.573,
792.1226,
4191.988,
446.9207,
193.515,
2050.219,
418.7293,
180.2431,
131.2265,
0,
36371.02,
2008, 
1563.847,
6385.169,
266.4926,
92.63628,
459.9346,
439.2581,
747.5794,
177.139,
71.79164,
759.7952,
6246.647,
1478.159,
642.669,
730.3933,
194.8521,
3136.446,
2638.016,
1834.626,
845.5489,
4635.511,
458.1943,
197.849,
1980.87,
418.6232,
187.713,
133.3994,
0,
36723.16,
2009, 
1493.507,
6045.764,
263.1045,
92.5056,
464.9368,
444.5186,
852.4196,
184.4751,
78.41569,
741.169,
5755.696,
1419.687,
626.8298,
631.4039,
186.8031,
2963.475,
2909.69,
1969.72,
883.3447,
5351.23,
481.487,
202.2235,
1970.731,
402.4929,
195.6768,
144.8649,
0,
36756.17,
2010, 
1482.595,
6199.615,
278.2232,
96.68848,
516.3411,
439.8463,
923.8,
198.6546,
89.26054,
772.3489,
6010.892,
1453.807,
678.1425,
650.3873,
206.2382,
2981.445,
3046.439,
2124.571,
953.2413,
6454.225,
526.2254,
218.1566,
2037.503,
424.4417,
202.2079,
152.9244,
0,
39118.22,
2011, 
1544.362,
5996.323,
307.9242,
101.2212,
535.1364,
454.9114,
954.5945,
205.2336,
104.188,
780.2264,
6066.144,
1455.307,
737.9728,
662.8312,
199.7165,
3052.208,
3174.1,
2358.865,
993.0229,
7878.747,
554.1741,
231.9496,
2103.418,
424.2166,
215.4379,
156.1418,
0,
41248.38,
2012, 
1502.147,
5973.438,
321.376,
105.0279,
564.47,
486.0799,
1016.288,
211.0603,
116.2936,
776.0204,
6259.235,
1384.221,
799.1765,
665.5272,
212.7724,
3055.625,
3386.409,
2460.404,
1034.503,
9032.808,
614.5797,
242.9446,
2186.608,
443.5869,
232.0877,
160.2246,
0,
43242.91,
2013, 
1408.745,
6041.553,
315.8563,
110.4144,
588.6144,
522.5706,
1077.432,
236.5541,
127.3412,
784.6553,
6010.526,
1364.031,
814.5999,
645.0831,
255.0497,
3067.283,
3584.289,
2664.548,
1081.616,
10688.15,
678.5155,
267.5954,
2610.014,
474.472,
262.2623,
168.5284,
0,
45850.3,
2014, 
1362.696,
6148.191,
333.5646,
114.807,
626.2808,
526.9151,
1145.916,
250.8742,
144.936,
892.5254,
6045.166,
1330.811,
861.2068,
605.9148,
232.9855,
3092.465,
3884.438,
2988.514,
1142.211,
12528.49,
783.8353,
287.6143,
3016.61,
484.7797,
285.3235,
191.1462,
0,
49308.21,
2015, 
1279.184,
6389.154,
347.519,
125.4861,
630.1284,
565.9075,
1282.787,
275.2182,
164.0755,
936.1735,
5637.292,
1289.816,
919.7043,
554.8728,
242.1327,
3106.929,
4340.292,
3270.059,
1232.561,
14746.56,
875.3697,
306.3041,
3803.409,
522.9246,
305.7777,
200.8964,
0,
53350.54,
2016, 
1258.159,
6639.375,
368.8048,
128.839,
664.0094,
574.0179,
1402.814,
284.4392,
174.5053,
1037.938,
5875.774,
1309.851,
1040.457,
551.919,
286.9775,
3104.734,
4783.37,
3666.25,
1325.763,
16885.41,
1043.134,
331.3426,
4331.269,
566.3868,
355.7079,
195.298,
0,
58186.54,
2017, 
1298.877,
7101.296,
373.6421,
128.4192,
711.8248,
575.2354,
1447.376,
301.2891,
185.4516,
1135.028,
6032.053,
1312.423,
1309.021,
563.9563,
363.3415,
3161.75,
4878.37,
4125.948,
1447.351,
20101.09,
1137.122,
353.2377,
4839.93,
626.2341,
402.7116,
211.3776,
0,
64124.35,
2018, 
1261.571,
7560.323,
395.7441,
135.9024,
743.444,
585.1528,
1626.41,
331.2471,
220.8819,
1269.196,
6404.273,
1487.095,
1830.606,
607.3607,
377.102,
3134.868,
4867.292,
4725.12,
1597.416,
23559.61,
1240.901,
412.2394,
5313.017,
763.2841,
439.0869,
235.133,
0,
71124.27,
2019, 
1303.589,
7872.09,
368.4848,
141.2578,
795.7135,
555.296,
1768.198,
359.2242,
252.3356,
1303.715,
7156.404,
1408.408,
1958.896,
671.516,
412.0493,
3158.949,
5511.861,
5124.936,
1832.966,
26593.76,
1586.471,
451.0826,
5747.542,
926.487,
468.4483,
264.0726,
0,
77993.76,
2020, 
1277.806,
8155.741,
375.2833,
132.905,
771.1129,
549.8432,
1825.853,
383.2548,
264.8388,
1351.891,
7769.76,
1494.522,
2115.751,
698.7571,
373.8784,
3036.693,
5928.533,
5241.525,
2069.441,
30869.93,
1932.261,
453.8042,
6224.097,
1112.845,
493.9307,
267.8422,
0,
85172.09,
2021, 
1302.299,
9257.585,
398.2935,
145.5254,
852.8867,
617.4542,
1934.013,
412.4962,
294.7882,
1426.683,
8102.255,
1677.89,
2376.121,
720.0223,
466.1357,
3165.577,
6338.198,
5798.342,
2418.767,
36268.8,
2577.544,
489.3835,
6736.896,
1362.353,
560.7138,
292.6316,
0,
95993.66,
2022, 
1277.38,
10191.61,
461.0156,
155.2255,
900.5006,
617.5831,
1970.756,
492.828,
333.1601,
1430.207,
8877.549,
1821.007,
2629.891,
601.4393,
506.1907,
3138.297,
7294.357,
6728.953,
2591.422,
40288.52,
2731.322,
535.0396,
7059.158,
1586.789,
641.9936,
365.4457,
0,
105227.6,
2023, 
1212.789,
11598.93,
478.0316,
161.8447,
967.0682,
634.0291,
2119.353,
577.6951,
356.1376,
1443.737,
9787.972,
2010.922,
2868.69,
623.0545,
571.7022,
3174.116,
8108.297,
7424.47,
2799.75,
48798.58,
2913.167,
588.7708,
7305.315,
1816.056,
671.0845,
389.877,
0,
119401.4,
2024, 
1151.135,
13583.94,
505.2479,
169.0855,
1005.203,
660.3424,
2293.47,
642.574,
384.4598,
1504.021,
10662.91,
2280.398,
3865.344,
566.2994,
631.9999,
3147.881,
8663.526,
8610.037,
2895.083,
57180.58,
3082.651,
634.2264,
7448.353,
2136.77,
728.6294,
422.4008,
0,
134856.6,
2025, 
1202.493,
15860.54,
509.7614,
217.3967,
1148.226,
690.445,
2439.836,
723.3292,
512.697,
1795.895,
11587.37,
2469.761,
4105.978,
593.0162,
678.0909,
3128.608,
14367.48,
10928.73,
3186.975,
60849.8,
3379.95,
1073.058,
8398.73,
2542.885,
882.0733,
465.757,
0,
153738.9,
2026, 
1229.586,
17211.15,
522.2124,
227.4909,
1151.745,
707.2566,
2391.579,
833.9948,
635.0424,
1677.574,
12430.86,
2683.562,
3931.079,
632.9919,
807.8231,
3078.514,
13912.11,
12862.97,
3222.023,
70451.64,
3647.968,
1280.725,
8585.377,
2887.254,
1068.906,
490.7992,
0,
168562.2,
2027, 
1229.555,
18577.05,
543.5486,
260.4336,
1160.634,
734.5074,
2372.826,
1220.505,
789.2968,
1585.36,
13262.02,
2861.162,
3866.132,
694.1082,
1229.89,
3040.977,
14723.04,
15615.42,
3362.506,
80429.92,
4102.983,
1895.556,
8842.2,
3337.132,
1389.075,
536.7782,
0,
187662.6,
2028, 
1447.311,
19510.15,
583.0347,
302.8863,
1169.817,
763.4478,
2325.783,
1722.66,
944.2907,
1532.203,
14323.73,
3175.37,
3865.318,
756.3375,
1594.224,
2995.85,
16108.38,
19490.34,
3395.016,
93234.71,
5095.106,
2765.665,
9296.877,
3827.147,
2024.263,
678.4422,
0,
212928.4,
2029, 
1737.338,
20576.81,
630.7145,
364.3574,
1189.667,
795.1284,
2239.006,
2305.575,
1073.151,
1519.788,
15310.59,
3508.772,
3968.875,
803.2744,
2062.345,
2963.01,
16856.16,
24797.15,
3423.256,
105741.4,
6354.909,
3765.601,
9705.164,
4621.093,
2720.339,
865.7671,
0,
239899.2,
2030, 
1948.011,
22368.99,
735.6881,
661.9584,
1264.947,
1001.373,
2105.42,
2765.713,
1246.512,
1560.494,
15936.74,
3824.355,
4212.707,
866.6902,
2501.594,
2960.056,
19176.89,
30175.07,
3414.974,
123983.2,
8075.369,
4988.065,
10015.33,
5420.527,
3572.482,
1136.984,
0,
275920.1,
2031, 
2143.621,
26059.99,
828.4567,
1646.082,
1597.752,
1193.35,
2174.836,
3073.026,
1436.78,
1652.518,
17427.09,
4007.106,
4549.283,
943.5327,
3390.043,
2972.976,
20933.08,
40207.33,
3460.303,
153096.4,
10015.78,
6406.366,
10321.44,
6566.74,
4711.677,
1339.757,
0,
332155.3,
2032, 
2354.338,
31666.64,
1003.424,
4593.309,
2167.536,
1836.45,
3122.664,
3299.806,
1498.233,
1703.005,
31548.79,
4694.366,
4971.263,
1037.523,
4431.848,
3069.807,
20859.07,
57644.73,
3464.689,
198691.2,
13500.94,
7852.661,
10679.67,
7874.634,
5961.227,
1416.085,
0,
430943.8,
2033, 
2798.042,
38681.08,
1345.355,
10464.04,
3718.473,
4433.698,
4127.226,
4553.598,
1570.657,
1748.337,
48472.02,
8462.737,
5440.985,
1125.627,
5682.521,
3425.581,
22320.71,
88507.09,
3442.114,
268234.7,
18454.53,
9919.141,
11138.93,
9311.622,
7070.85,
1589.618,
0,
586039.3,
2034, 
3418.666,
49275.09,
1726.046,
15294.68,
6825.996,
7603.587,
4612.543,
7607.165,
1711.153,
1681.901,
62485.29,
13866.68,
5858.096,
1569.125,
7675.117,
3870.453,
26982.1,
125674.8,
3633.263,
445384.6,
25029.43,
12428.83,
11766.26,
11587.37,
8290.75,
2152.265,
0,
868011.3,
2035, 
4059.65,
66858.14,
2159.53,
16836.78,
13695.25,
19078.48,
4555.512,
13297.41,
1858.646,
2092.82,
79122.58,
21249.84,
6374.988,
3271.156,
10091.56,
4268.013,
35177.07,
189759.5,
3880.796,
623686.8,
32588.96,
14091.91,
12393.79,
14403.36,
9696.645,
3803.944,
0,
1208353,
2036, 
4460.851,
86323.32,
3235.424,
17902.5,
19826.13,
26454.05,
8086.753,
20905.36,
2151.775,
5519.67,
92100.91,
26464.99,
7067.682,
5345.238,
13887.8,
4677.942,
48252.13,
230518.3,
4155.071,
762165.6,
46523.48,
15807.15,
12929.63,
16730.6,
11371.57,
6987.236,
0,
1499851,
2037, 
5187.211,
103700.8,
4739.935,
18885.73,
29507.87,
30832.74,
13286.2,
31159.06,
3055.796,
11106.93,
102665.3,
32789.69,
7635.553,
7988.168,
24643.95,
4835.242,
64251.05,
275961.5,
4815.552,
846242.6,
58491.93,
18907.38,
14341.23,
19134.63,
15546.46,
14727.07,
0,
1764440,
2038, 
6230.11,
134556,
7192.981,
20209.32,
33964.16,
37122.29,
26110.19,
46516.72,
4920.14,
15499.45,
109593.4,
39148.38,
8269.803,
11668.78,
35791.46,
4932.195,
84081.47,
310445,
5660.76,
920139.4,
70940.77,
22030.64,
16304.66,
22103.63,
20753.83,
20770.01,
0,
2034956,
2039, 
7882.162,
189998.3,
10039.49,
20724.31,
38884.69,
45139.87,
51963.4,
57168.56,
6878.511,
16952.65,
116259.5,
47200.29,
8749.038,
13364.29,
42656.14,
5123.333,
118244.4,
326940.5,
5761.536,
974093.1,
84518.71,
29742.4,
17733.55,
25578.37,
36212.69,
23211.69,
0,
2321022,
2040, 
10578.05,
253356.3,
12188.32,
21719.5,
43725.57,
53869.89,
74034.7,
63458.04,
11507,
18799.36,
118649.7,
57556.4,
9548.979,
14568.36,
43946.55,
5478.693,
162539.6,
331752.2,
5806.161,
988955.3,
100799,
41490.8,
18778.37,
28924.49,
55229.75,
24980.37,
0,
2572241,
2041, 
11824.37,
309502.8,
13209.26,
23121.27,
46962.72,
59887.77,
85199.6,
68227.52,
15627.28,
22924.94,
116435.3,
63424.01,
10168.89,
16427.85,
45116.78,
5878.629,
175251,
349130.7,
5730.95,
1014037,
115721.7,
52071.86,
19746.15,
32597.01,
73938.77,
26165.69,
0,
2778330,
2042, 
13173.18,
370844.2,
15528.54,
24583.54,
49386.65,
65475.27,
91513.88,
73185.64,
19838.9,
24647.33,
121559.9,
66300.73,
11137.11,
20151.79,
45491.46,
6327.818,
185871.3,
363714.1,
5676.754,
1038589,
128962.9,
55550.42,
20902.12,
35824.95,
85466.87,
24524.54,
0,
2964230,
2043, 
15019.01,
422196.1,
24324.14,
26244,
57886.16,
73090.27,
97188.7,
76949.94,
24015.28,
25639.14,
128934.9,
68576.82,
13873.38,
23918.45,
47311.15,
6870.046,
196122,
376717.6,
5709.359,
1061999,
151119,
57536.97,
22046.46,
40678.87,
95592.95,
19769.95,
0,
3159329,
2044, 
17402.79,
453550.5,
35320.39,
27994.23,
74185.03,
81673.84,
104246.5,
81512.05,
29161.71,
25400.44,
129641.5,
72137.63,
17052.56,
26212.69,
53621.6,
8027.061,
206154.6,
391139.8,
5630.788,
1071179,
172044.7,
62936.66,
23220.78,
43999.16,
108077.9,
17186.61,
0,
3338711,
2045, 
18894.03,
470815.6,
44623.05,
29760.95,
94803.71,
90527.12,
109701.8,
85584.45,
38629.98,
23304.86,
133957.7,
73706.08,
19904.7,
25902.92,
58090.95,
12893.89,
216209.4,
405172.7,
5596.549,
1078553,
181171.5,
66266.86,
24128.78,
46436.3,
121089.4,
15532.18,
0,
3491258,
2046, 
22159.26,
475520.9,
52670.93,
31264.28,
114941.4,
102947.6,
112215.8,
90183.94,
48701.73,
21657.54,
134621.1,
73289.95,
22917.09,
25966.96,
56192.28,
23008.99,
226862.1,
420379.7,
5769.578,
1093472,
185133.3,
66175.85,
24978.98,
49229.5,
131657.2,
14739.12,
0,
3626657,
2047, 
23248.54,
482391.5,
61075.99,
32622.88,
129854.1,
108655.7,
113743.2,
94866.39,
52102.15,
21885.53,
133734.5,
74499.09,
27691.53,
26432.44,
51776.73,
41332.74,
237352.5,
436377.3,
6644.974,
1108634,
188938.5,
69164.67,
25023.39,
52389.69,
140473.1,
15532.24,
0,
3756444,
2048, 
25138.82,
487205.6,
68203.73,
34315.58,
145691.5,
113848.6,
114612.9,
99830.58,
55368.7,
22362.69,
131116.1,
73808.99,
32516.82,
27492.71,
48997.59,
64471.91,
249232.2,
452956.9,
8122.295,
1121523,
193705.5,
71649.41,
24983.81,
57795.86,
153211.9,
18230.48,
0,
3896394,
2049, 
26803.19,
495569.4,
76200.64,
36045.01,
160292.4,
119081.1,
115666.8,
104203,
59008.87,
23763.62,
127347.1,
72858.46,
35206.91,
28677.36,
41762.16,
94914.72,
259802.2,
469887.6,
9271.435,
1133283,
199109,
69634.11,
25567.64,
61330.61,
163024.8,
24077.04,
0,
4032388,
2050, 
28607.28,
502780.4,
84498.19,
37581.25,
172317.2,
124126.1,
118888.1,
110255.8,
63145.79,
24050.48,
124426,
73707.26,
37199.47,
29592.67,
18654.11,
115281.2,
268213.1,
481774.1,
10555.11,
1142829,
193533.1,
66701.66,
25954.19,
62840.23,
173101.3,
37803.9,
0,
4128417,
2051, 
30428.01,
511701.6,
88667.52,
39198.45,
183651.5,
128218.6,
124175.2,
117806.6,
67736.34,
25792.49,
124840,
73364.56,
39799.02,
30447.26,
13210.41,
124484.4,
274508.9,
496670.4,
11417.98,
1150045,
192783.4,
61341.2,
26217.96,
63605.04,
184340.2,
57014.98,
0,
4241467,
2052, 
32380.41,
521554.6,
90907.23,
40820.47,
198099.6,
132572,
130608.4,
124779.6,
72437.2,
26808,
130830.4,
72677.34,
42691.78,
30714.99,
16617.81,
132460.5,
278770,
513657.4,
11850.34,
1199108,
190132,
56803.17,
26536.72,
67810.53,
195963.7,
62215.2,
0,
4399807,
2053, 
34182.92,
531444.8,
93037.98,
42901.38,
211593.2,
137345.4,
139209.9,
132531.4,
77340.69,
27721.73,
130683.5,
73033.3,
45586.88,
31232.1,
21727.61,
136660.8,
281363.1,
541381.1,
12117.05,
1209314,
184501,
56410.95,
27130.74,
69203.04,
207778,
29959.89,
0,
4485392,
2054, 
35468.58,
540350,
96297.02,
42717.56,
222282.8,
141471.6,
148185.6,
144217.8,
81880.04,
29379.05,
131942.5,
73878.52,
47342.49,
32118.13,
28110.48,
142437.8,
278134.4,
559816.4,
12341.76,
1218060,
174653.5,
56856.75,
27327.98,
71265.17,
219468.8,
1118.116,
0,
4557123,
2055, 
36756.18,
548701.6,
103052.9,
41422.6,
229048.7,
145320,
157491.9,
157958.4,
86107.59,
31349.26,
133395.1,
73790.01,
46675.7,
33213.5,
35312.54,
146961.2,
270974.2,
577005.8,
12482.33,
1225523,
166903.4,
57384.5,
27557.86,
73599.99,
231042.7,
472.0364,
0,
4649503,
2056, 
38527.23,
560870,
109882.3,
41176.87,
236091.5,
149282.6,
165487.7,
172165.9,
91324.13,
34561.69,
134901.4,
74070.94,
48001.15,
33821.76,
39716.77,
151183,
269531.7,
594574.1,
12561.3,
1230990,
163435.9,
57862.55,
27775.36,
76207.56,
244336.4,
3206.403,
0,
4761547,
2057, 
40671.99,
572494.8,
115382.1,
41476.23,
242677.6,
153156.3,
170777,
185958,
96395.7,
37986.35,
136478.5,
74928.16,
47669.36,
34232,
43884.3,
154680.4,
263058.2,
611803.1,
12641.19,
1245403,
160646.7,
59425.73,
27793.1,
80057.78,
257592.2,
347.9591,
0,
4867618,
2058, 
43267.64,
579305.4,
121822.6,
41207.51,
248902.9,
156899.8,
174619.7,
202743.5,
101456.5,
41046.93,
136286.6,
75912.16,
46938.71,
34407.39,
48524.61,
157118.4,
257445.9,
629056.6,
12693.82,
1264536,
159107.5,
62219.05,
27790.85,
81642.2,
270986.1,
17427.73,
0,
4993366,
2059, 
46066.75,
589656.6,
128756.7,
41490.21,
254636.4,
160123.8,
177869.5,
213957.5,
106547,
44412.64,
137250.1,
76545.83,
46511.22,
34539.18,
54176.92,
159212.2,
255068.3,
645197,
12685.89,
1277997,
159101.8,
64510.95,
27948.3,
80999.2,
284125,
966.7032,
0,
5080353,
2060, 
48008.39,
610450.5,
134378.5,
42507.55,
260170.1,
163709,
181345.3,
221384.9,
111795,
48364.79,
138161.5,
76721.01,
45661.6,
34256.93,
60064.21,
161617.8,
256744.7,
658119.9,
12570.57,
1291897,
159208.8,
66188.47,
28212.86,
78395.32,
297499.2,
1325.323,
0,
5188760,
2061, 
49530.02,
616866.7,
138898.6,
41849.52,
265740.2,
167190,
183482.1,
228732.2,
117877.5,
53476.07,
139300.6,
77164.89,
45054.36,
32869.6,
64494.05,
164077.9,
258103.4,
634661.9,
12559.39,
1301252,
157454.8,
66839.11,
28531.56,
77563.48,
312550.9,
957.7424,
0,
5237079,
2062, 
50834.65,
619811.9,
145729.3,
40789.98,
270960.1,
170687.8,
186613.3,
239243.9,
123554.7,
55599.95,
141054.7,
77659.89,
44831.28,
30707.57,
67262.17,
166301,
261645,
618674.7,
12616.09,
1303592,
156181.1,
66216.8,
28970.32,
77306.79,
329149.9,
1467.813,
0,
5287463,
2063, 
51225.54,
622346.6,
152440,
39645.36,
275901.9,
174241.2,
191725.6,
242462.4,
129539.2,
57979.23,
143235.9,
78011.09,
45110.33,
29270.38,
69656.92,
168717.4,
271674.9,
599174.6,
12751.66,
1287888,
152040,
64130.34,
29105.94,
78402.69,
353096.8,
1084.138,
0,
5320859,
2064, 
53355.24,
628613.3,
158455.2,
38741.73,
280638.1,
177345.6,
197896.4,
247814.8,
135065.8,
60520.01,
144521.7,
77999.3,
46460.9,
28336.35,
71178.38,
170977.9,
286492.4,
577229.2,
12997.52,
1267142,
150184.3,
63233.59,
29318.76,
79431.27,
371232.1,
3046.531,
0,
5358229,
2065, 
51416.07,
644650.7,
164686.5,
36997.93,
285185.1,
180178.2,
206520,
254421.5,
140302.6,
62106.69,
145848,
78092.78,
47977.77,
28218.49,
71770.86,
172152.5,
305210.5,
559069.2,
13031.4,
1250748,
150050.6,
63268.65,
29526.42,
80921.64,
387674.5,
2491.17,
0,
5412518,
2066, 
53328.09,
650336.8,
170727.5,
35460.52,
290564.4,
182834.3,
218386.5,
265426.3,
146184.5,
63587.15,
148086,
78155.15,
48533.1,
29260.6,
71585.67,
173300.3,
329764.6,
546852.3,
12971.91,
1241418,
149868.8,
63588.64,
29783.44,
85009.9,
402094.5,
9989.508,
0,
5497099,
2067, 
53673.25,
648460.7,
174931.2,
35332.95,
296597.3,
185871.7,
227628.5,
277373.5,
152570.1,
64842.09,
150396,
78311.19,
51033.73,
30734.19,
70604.59,
174241.1,
335743.3,
535748.9,
12954.65,
1239343,
152342.5,
63780.71,
29764.83,
89890.3,
416887.7,
28012.49,
0,
5577070,
2068, 
54221.48,
647527.4,
178189.9,
35762.69,
306506.8,
188694.6,
234249.9,
288887.4,
158329.3,
66192.54,
153204.5,
78623.59,
52142.61,
32365.44,
68829.55,
175055.1,
338702.1,
513465.7,
12980.51,
1237882,
157931.5,
65631.07,
30216.29,
94065.98,
428944.9,
66650.86,
0,
5665254,
2069, 
56117.53,
647737.6,
182686.2,
36048.8,
319175.1,
191325.5,
238611,
300449.5,
164514.2,
67685.43,
155420.5,
78468.84,
52554.41,
33843.59,
68490.4,
176068.7,
327702.7,
490680.8,
12929.73,
1237120,
162472.8,
65714.77,
30302.64,
98086.11,
440101.5,
80681.91,
0,
5714991,
2070, 
56634.62,
644615,
186137.2,
36830.86,
337192.7,
193792.9,
240854.5,
311976.4,
170831,
69240.66,
155937.9,
78345.96,
53132.63,
34376.29,
67693.71,
176656.5,
304341.3,
473116.3,
13100.45,
1234344,
166295.8,
65174.74,
30074.38,
98591.43,
451948.3,
72778.94,
0,
5724015,
2071, 
56451.41,
641709.3,
187787.8,
37593.02,
358291,
197629.3,
242141.8,
324619.3,
177296.8,
70360.59,
155471,
78305.77,
54180.07,
34254.09,
67362.2,
178320.8,
278734.3,
468859.6,
13255,
1229133,
170040.5,
65235.59,
29729.23,
95734.68,
466144.9,
84458.89,
0,
5763100,
2072, 
55508.11,
641439.9,
192169.6,
37085.25,
383304.5,
202049.9,
244223.1,
336059.3,
183669,
69681.91,
152843,
78414.58,
55256.37,
34496.66,
68035.2,
180745.8,
261833.6,
472617.2,
13542.64,
1221525,
174431.9,
66570.05,
29454.75,
93986.09,
479777.5,
118098.1,
0,
5846819,
2073, 
54661.29,
641887.9,
195971.1,
36423.53,
399376.9,
206938.3,
246891.8,
345177.8,
190450,
68545.32,
148311.9,
78577.02,
55720.67,
36254.63,
69584.42,
181393.6,
244494.4,
472012.7,
13690.53,
1214014,
179053.8,
67183.47,
29131.49,
92832.69,
493383.9,
119097.2,
0,
5881061,
2074, 
53944.06,
642301.9,
199874.7,
35351.59,
414196,
211031.2,
249548.2,
350710.5,
197075.9,
67679.12,
146824.3,
78850.03,
55699.71,
36181.78,
72015.91,
181779.7,
230979.2,
472187.3,
13806.2,
1199274,
184498.7,
68241.27,
28692.04,
93366.71,
506933.9,
114596.1,
0,
5905641,
2075, 
53573.77,
642141.1,
202319,
34345.5,
424052.7,
215378.2,
252424.7,
356219.3,
203584.2,
67111.02,
145600.3,
79156.05,
56352.01,
31895.14,
74046.85,
185142,
220027.5,
474179.6,
13946.26,
1189491,
191276.2,
69251.33,
28733.94,
93775.29,
520197.3,
69069.14,
0,
5893290,
2076, 
52893.99,
641153.7,
201620.1,
34096.19,
430691.1,
219450.3,
253202.2,
364553.9,
210526.3,
66515.48,
145872.2,
79455.38,
57261.29,
28666.14,
75192.56,
185715.4,
211188,
480711.3,
14183.81,
1196398,
194950.2,
71118.19,
28668.77,
97820.9,
533059.9,
64282.87,
0,
5939249,
2077, 
52165,
638755,
198026.8,
33591.36,
436128.2,
224107,
250641.4,
372927.8,
217381.5,
66579.94,
147414.3,
79964.46,
58295.86,
26650.99,
75700.17,
188024.8,
209698.7,
486547.8,
14292.87,
1196005,
197408.5,
72615.98,
28728.15,
104591.2,
545496.1,
79301.02,
0,
6001040,
2078, 
51420.34,
635666.9,
193816.5,
33127.16,
448243.8,
231834.8,
245317.8,
372072.5,
224047,
67508.97,
150272.9,
79957.82,
59053.53,
25991.01,
75230.88,
188996.1,
207845.3,
491585,
14504.23,
1190677,
197692.3,
73506.43,
28661.93,
112216.3,
557332.1,
104887.4,
0,
6061466,
2079, 
51112.86,
634026,
190427.1,
33423.45,
459991,
240701,
242229,
368911.5,
230419.9,
68803.7,
151582.8,
79687.93,
59799.47,
25752.38,
75016.01,
186445,
207538.6,
501557.7,
15008.53,
1187186,
196511.9,
73364.57,
28598.53,
119356.3,
568813.5,
138802.7,
0,
6135067,
2080, 
50675.09,
632022.9,
187235.5,
33841.32,
469065,
251899.1,
239190,
356461.3,
236756.8,
69756.27,
153388,
79332.77,
61112.44,
25662.98,
74960.67,
183312.5,
210974,
508061.8,
15744.89,
1174439,
196713.1,
73186.42,
28375.29,
126363.2,
579954.9,
160647,
0,
6179132,
2081, 
50340.32,
631330.9,
179137,
34127.1,
479762,
259305,
235587.9,
345894.8,
243405.3,
70297.49,
155225.8,
78774.75,
61973.79,
25640.46,
73887.09,
179171.4,
211641.9,
514645.5,
16171.18,
1150283,
198068.8,
72883.38,
28198.11,
133515.5,
590136.1,
170340.4,
0,
6189745,
2082, 
49833.08,
631651,
170321.6,
34865.87,
487595.4,
265502.3,
230990.6,
322714.5,
250140.5,
70585.74,
158477.7,
78065.78,
62119.71,
25654.16,
74965.93,
176286,
207211.5,
519277.9,
16509.39,
1128268,
199763.2,
73966.19,
28160.97,
138688.2,
599677.3,
177511.9,
0,
6178805,
2083, 
48966.78,
632793.3,
166416.2,
36035.2,
490570.6,
268593.1,
221121.4,
320755.6,
256928.4,
72672.62,
158677,
77419.37,
62218.86,
25678.49,
76079.98,
173487.7,
202135.4,
523562.5,
16754.17,
1113226,
202088.5,
76408.02,
28154.23,
141541.6,
608339.7,
183633.1,
0,
6184258,
2084, 
47315.59,
634771.3,
162439.5,
36140.57,
489584.1,
268105.9,
212059.4,
303338.5,
263758,
75430.89,
159063.4,
76721.2,
62663.16,
25571.79,
76356.22,
170449.6,
193448.5,
526031.5,
16876.38,
1085023,
207660.6,
79619.88,
28200.62,
143188,
616203.8,
188951.6,
0,
6148973,
2085, 
46077.91,
637138.9,
159693.2,
35649.55,
490149.2,
268517.1,
202728.8,
295552.4,
270521.6,
74572.61,
161311.6,
76014.03,
63337.54,
25467.83,
75258.3,
164613.1,
182365.4,
521099.1,
16985.98,
1067837,
215841.5,
84925.73,
28308.74,
144626.8,
624590.7,
193961.2,
0,
6127146,
2086, 
45600.02,
640146.1,
158235.6,
34871.62,
489698.2,
266158.9,
197257.3,
301790.2,
277582.2,
72645.64,
164401.2,
75511.04,
63684.88,
25693.22,
72973.23,
161233.1,
176429.7,
518126.7,
16848.33,
1058186,
220087.1,
89486.57,
28297.01,
144965,
632891.4,
199233.7,
0,
6132034,
2087, 
45487.56,
641473.9,
157006.5,
34200.93,
489322.9,
265826.4,
196266.7,
305017.9,
284481.2,
70172.12,
165360.1,
75023.37,
64046.15,
26040.86,
69599.91,
161119.9,
175556.1,
512111.1,
16688.57,
1066265,
218612,
91631.38,
28180.84,
145238.8,
640866.8,
202124.7,
0,
6147722,
2088, 
46216.86,
641751.4,
158134.2,
33629.22,
488424.5,
266911.6,
202968.9,
322067.5,
291219.2,
63852.95,
164789.6,
74501.42,
64227.38,
26656.1,
67655.54,
163075.7,
173071,
504065.2,
16551.37,
1072097,
214499.1,
91134.21,
28023.28,
145518.6,
648725.7,
206923.8,
0,
6176691,
2089, 
47956.27,
642037,
160607.7,
33829.99,
488473.5,
265196.1,
206699.8,
342261.3,
297643.2,
59238.78,
164529.7,
74109.66,
64491.54,
27468.9,
68312.16,
165724,
177698.2,
495267.2,
16377.88,
1075240,
212691.7,
90333.03,
27791.51,
146017.2,
655848.4,
211863.2,
0,
6217708,
2090, 
48309.27,
640464.3,
163364.8,
34355.41,
487159,
259559.7,
220720.5,
374243.5,
304339.6,
54418.71,
163299.6,
73809.59,
64776.13,
28193.77,
70736.77,
169155.5,
173259.5,
492569.7,
16282.81,
1065963,
214532.7,
89217.87,
27560.6,
147541.3,
662906.8,
218655.4,
0,
6265396,
2091, 
47835.43,
626661.4,
165060.1,
35054.97,
485692.3,
250104.1,
231242.7,
419681.5,
311160.2,
50237.82,
162303.7,
73565.47,
65040.11,
28517.94,
72794.96,
171068.9,
161427.5,
497496.9,
16130.53,
1058814,
215218.6,
87051.97,
27418.48,
148958,
669612.8,
226996.8,
0,
6305147,
2092, 
47508.64,
610743.1,
162290.4,
35936.94,
485716.3,
242261.3,
240592.7,
462746.4,
318240.5,
49121.55,
162303.8,
73260.67,
65245.71,
29735.4,
81577.48,
171950.9,
151909.7,
502055.3,
16053.61,
1045791,
218800.9,
85438.07,
27449.06,
150679.1,
675637.8,
235491.8,
0,
6348539,
2093, 
46788.28,
600084.6,
163150.5,
36583.21,
487702.3,
236271.4,
248600.5,
520775.2,
325621.4,
51345.93,
162532.4,
72757.62,
65416.18,
30265.16,
84906.02,
173018.5,
139258.7,
511083.7,
16026.32,
1042642,
225389.8,
84583.35,
27248.63,
151959.7,
681370.3,
244130.2,
0,
6429512,
2094, 
45656.18,
602128.4,
166957.5,
36364.63,
488073.6,
230103.3,
248926.1,
561000.5,
332717.9,
53404.38,
162948,
72231.39,
65734.84,
30005.93,
81677.67,
172357.8,
129075.5,
519078.7,
15958.08,
1030048,
231217.5,
84293.81,
26962.74,
152808.7,
686854.6,
252803.7,
0,
6479389,
2095, 
45771.99,
602313.3,
170254.4,
35866.95,
490036.6,
227729.9,
239445,
589488.4,
339555,
57759.62,
163348.2,
71427.73,
65937.66,
29632.78,
81242.56,
171326.9,
113832.1,
524876.3,
15786.23,
1013084,
228880.6,
85506.3,
26920.63,
153290,
692170.4,
256729.6,
0,
6492213,
2096, 
46808.6,
608564.3,
174630.4,
35289.96,
491475.7,
225309,
235719.5,
617383.8,
346136.4,
64367.33,
162843.6,
70725.95,
66113.65,
29227.44,
79233.55,
170573.2,
110814.8,
528209.6,
15640.58,
994538.6,
225438.7,
86193.69,
26897.46,
153295.7,
697397.9,
248798.1,
0,
6511628,
2097, 
48323.37,
618428.6,
175672.4,
34723.96,
487997.2,
224293,
226502.1,
647926.3,
352768.2,
66702.38,
161707.5,
70127.41,
66365.05,
28968.04,
74856.77,
169647.6,
108932.4,
531031.1,
15606.33,
981447.8,
224510.2,
87355.59,
26864.01,
153101.1,
702918.6,
238854.4,
0,
6525631,
2098, 
49424.9,
621484.4,
178922.8,
34211.83,
487241.9,
224116,
222311.6,
666499.3,
358781.2,
67785.34,
161340.1,
69559.51,
66458.93,
29031.5,
62341.18,
168236.1,
118936.1,
531804.4,
15576.71,
968717.8,
223625.9,
89635.41,
27043.3,
152597.5,
708128.3,
221584.1,
0,
6525396,
2099, 
50871.93,
622039.1,
183318.8,
34402.35,
481528.9,
223982.2,
215682.8,
681443.1,
366231.9,
68836.19,
161478.5,
69023.05,
66700.52,
29132.46,
56551.96,
167508.5,
128910.3,
539267.8,
15568.63,
955879.6,
221346.5,
90241.14,
27192.69,
152141.2,
714145.2,
203341.5,
0,
6526767,
2100, 
50860.75,
620626.9,
184386.9,
34912.44,
470476.8,
223718.4,
218861.9,
696534.1,
373316,
69421.09,
161485.9,
68606.24,
66884.27,
29360.62,
56392.06,
166626.7,
138685.8,
545240.8,
15558.27,
943624.8,
219204.7,
88975.42,
27155.93,
151752.7,
719328.6,
191905.6,
0,
6533904];
