real main.em.ep.ncl.NuclFuelEff[27](t) = [1971, 
170,
170,
170,
170,
170,
170,
170,
170,
170,
170,
170,
170,
170,
170,
170,
170,
170,
170,
170,
170,
170,
170,
170,
170,
170,
170,
0,
1972, 
170,
170,
170.3448,
170,
170.3448,
170.3448,
170.3448,
170.3448,
170.3448,
170.3448,
170,
170.3448,
170.3448,
170.3448,
170.3448,
170,
170.3448,
170,
170.3448,
170.3448,
170.3448,
170.3448,
170,
170.3448,
170.3448,
170.3448,
0,
1973, 
170.1724,
170.1724,
170.6897,
170.1724,
170.6897,
170.6897,
170.6897,
170.6897,
170.6897,
170.6897,
170.1724,
170.6897,
170.6897,
170.6897,
170.6897,
170.1724,
170.6897,
170.1724,
170.6897,
170.6897,
170.6897,
170.6897,
170.1724,
170.6897,
170.6897,
170.6897,
0,
1974, 
170.3448,
170.3448,
171.0345,
170.3448,
171.0345,
171.0345,
171.0345,
171.0345,
171.0345,
171.0345,
170.3448,
171.0345,
171.0345,
171.0345,
171.0345,
170.3448,
171.0345,
170.3448,
171.0345,
171.0345,
171.0345,
171.0345,
170.3448,
171.0345,
171.0345,
171.0345,
0,
1975, 
170.5172,
170.5172,
171.3793,
170.5172,
171.3793,
171.3793,
171.3793,
171.3793,
171.3793,
171.3793,
170.5172,
171.3793,
171.3793,
171.3793,
171.3793,
170.5172,
171.3793,
170.5172,
171.3793,
171.3793,
171.3793,
171.3793,
170.5172,
171.3793,
171.3793,
171.3793,
0,
1976, 
171.327,
171.3623,
171.7241,
170.5172,
171.7241,
171.3793,
171.7241,
171.7241,
171.7241,
171.7241,
171.3228,
171.3793,
171.7241,
171.7241,
171.3793,
171.3486,
171.7241,
171.2341,
171.7241,
171.7241,
171.7241,
171.7241,
171.3629,
171.7241,
171.3793,
171.7241,
0,
1977, 
171.333,
171.4064,
172.069,
170.5172,
172.069,
171.3793,
172.069,
172.069,
172.069,
172.069,
171.4478,
171.3793,
172.069,
172.069,
171.3793,
171.5026,
172.069,
171.2539,
172.069,
172.069,
172.069,
172.069,
171.4782,
172.069,
171.3793,
172.069,
0,
1978, 
171.6898,
171.503,
172.4138,
170.5172,
172.4138,
171.3793,
172.4138,
172.4138,
172.4138,
172.4138,
171.6004,
171.3793,
172.4138,
172.4138,
171.3793,
171.5482,
172.4138,
171.2856,
172.4138,
172.4138,
172.4138,
172.4138,
171.4801,
172.4138,
171.3793,
172.4138,
0,
1979, 
171.8529,
171.5842,
172.7586,
170.5172,
172.7586,
171.3793,
172.7586,
172.7586,
172.7586,
172.7586,
171.7551,
171.3793,
172.7586,
172.4138,
171.3793,
171.5524,
172.7586,
171.3277,
172.4138,
172.4138,
172.7586,
172.7586,
171.7984,
172.7586,
171.3793,
172.7586,
0,
1980, 
172.0194,
171.5955,
173.1035,
170.5172,
173.1035,
171.3793,
173.1035,
173.1035,
173.1035,
173.1035,
171.9291,
171.6823,
173.1035,
172.4138,
171.3793,
171.7449,
173.1035,
171.3793,
172.4138,
172.5862,
173.1035,
173.1035,
172.048,
173.1035,
171.3793,
173.1035,
0,
1981, 
172.1633,
171.655,
173.4483,
170.5172,
173.4483,
171.3793,
173.4483,
173.4483,
173.4483,
173.4483,
172.1892,
171.6823,
173.4483,
172.4138,
171.3793,
172.0715,
173.4483,
171.4393,
172.4138,
172.5862,
173.4483,
173.4483,
172.0497,
173.4483,
171.3793,
173.4483,
0,
1982, 
172.3306,
171.7886,
173.4483,
170.5172,
173.4483,
171.6534,
173.7931,
173.7931,
173.7931,
173.4483,
172.3811,
172.4267,
173.7931,
172.6927,
171.3793,
172.2091,
173.7931,
172.2115,
172.9527,
172.5862,
173.7931,
173.7931,
172.1927,
173.7931,
171.4298,
173.7931,
0,
1983, 
172.499,
171.9276,
173.6207,
170.5172,
173.6207,
171.9037,
174.1379,
174.1379,
174.1379,
173.6207,
172.5679,
172.8319,
174.1379,
172.9264,
171.3793,
172.3531,
174.1379,
172.6506,
173.2406,
172.5862,
174.1379,
174.1379,
172.3413,
174.1379,
171.486,
174.1379,
0,
1984, 
172.6683,
172.071,
173.7931,
170.5172,
173.7931,
172.1377,
174.4828,
174.4828,
174.4828,
173.7931,
172.7513,
173.1306,
174.4828,
173.1386,
171.3793,
172.5018,
174.4828,
172.9738,
173.4695,
172.5862,
174.4828,
174.4828,
172.4938,
174.4828,
171.5477,
174.4828,
0,
1985, 
172.8381,
172.2178,
173.9655,
170.5172,
173.9655,
172.36,
174.8276,
174.8276,
174.8276,
173.9655,
172.9324,
173.3823,
174.8276,
173.339,
171.3793,
172.6541,
174.8276,
173.2432,
173.6755,
172.5862,
174.8276,
174.8276,
172.6495,
174.8276,
171.6144,
174.8276,
0,
1986, 
173.0084,
172.3676,
174.1379,
170.5172,
174.1379,
172.5737,
175.1724,
175.1724,
175.1724,
174.1379,
173.1119,
173.6091,
175.1724,
173.5321,
171.3793,
172.8094,
175.1724,
173.4832,
173.8701,
172.5862,
175.1724,
175.1724,
172.8076,
175.1724,
171.6858,
175.1724,
0,
1987, 
173.179,
172.5199,
174.3103,
170.5172,
174.3103,
172.7807,
175.5172,
175.5172,
175.5172,
174.3103,
173.2901,
173.8212,
175.5172,
173.7205,
171.3793,
172.9669,
175.5172,
173.7054,
174.0583,
172.5862,
175.5172,
175.5172,
172.9677,
175.5172,
171.7616,
175.5172,
0,
1988, 
173.3499,
172.6743,
174.4828,
170.5172,
174.4828,
172.9827,
175.8621,
175.8621,
175.8621,
174.4828,
173.4675,
174.0237,
175.8621,
173.9055,
171.3793,
173.1263,
175.8621,
173.916,
174.2425,
172.5862,
175.8621,
175.8621,
173.1293,
175.8621,
171.8415,
175.8621,
0,
1989, 
173.521,
172.8304,
174.6552,
170.5172,
174.6552,
173.1806,
176.2069,
176.2069,
176.2069,
174.6552,
173.6441,
174.2199,
176.2069,
174.0882,
171.3793,
173.2872,
176.2069,
174.1187,
174.4241,
172.5862,
176.2069,
176.2069,
173.2922,
176.2069,
171.9253,
176.2069,
0,
1990, 
173.6923,
172.988,
174.8276,
170.5172,
174.8276,
173.3753,
176.5517,
176.5517,
176.5517,
174.8276,
173.8201,
174.4115,
176.5517,
174.2692,
171.3793,
173.4494,
176.5517,
174.3157,
174.6038,
172.5862,
176.5517,
176.5517,
173.4562,
176.5517,
172.0127,
176.5517,
0,
1991, 
173.6923,
173.0888,
175,
170.5172,
175,
173.5672,
176.8965,
176.8965,
176.8965,
174.9655,
173.8201,
174.5997,
176.8965,
174.2692,
171.3793,
173.6126,
176.8965,
174.5084,
174.7822,
172.5862,
176.8965,
176.8965,
173.4562,
176.8965,
172.1035,
176.8965,
0,
1992, 
173.6923,
173.0956,
175.3062,
170.5172,
175,
173.5672,
177.2414,
177.2414,
177.2414,
174.9655,
173.8201,
174.63,
177.2414,
174.2692,
171.3793,
173.6653,
177.2414,
174.687,
174.8877,
172.5862,
177.2414,
177.2414,
173.4562,
177.2414,
172.1035,
177.2414,
0,
1993, 
173.6923,
173.1031,
175.5751,
170.5172,
175,
173.5672,
177.5862,
177.5862,
177.5862,
174.9655,
173.8201,
174.664,
177.5862,
174.2692,
171.3793,
173.7218,
177.5862,
174.8646,
174.9995,
172.5862,
177.5862,
177.5862,
173.4562,
177.5862,
172.1035,
177.5862,
0,
1994, 
173.6923,
173.1111,
175.8205,
170.5172,
175,
173.5672,
177.931,
177.931,
177.931,
174.9655,
173.8201,
174.6693,
177.931,
174.2692,
171.3793,
173.7818,
177.931,
175.0416,
175.1168,
172.7416,
177.931,
177.931,
173.4562,
177.931,
172.1035,
177.931,
0,
1995, 
173.6923,
173.1198,
176.0501,
170.5172,
175,
173.5672,
178.2759,
178.2759,
178.2759,
174.9655,
173.8201,
174.6693,
178.2759,
174.2692,
171.3793,
173.8453,
178.2759,
175.218,
175.2389,
174.039,
178.2759,
178.2759,
173.4562,
178.2759,
172.1035,
178.2759,
0,
1996, 
173.6923,
173.129,
176.2684,
170.5172,
175,
173.5672,
178.6207,
178.6207,
178.6207,
174.9655,
173.8201,
174.6693,
178.6207,
174.2692,
171.3793,
173.9121,
178.6207,
175.394,
175.3652,
174.8863,
178.6207,
178.6207,
173.4562,
178.6207,
172.1035,
178.6207,
0,
1997, 
173.6923,
173.1388,
176.2811,
170.5172,
176.091,
173.5672,
178.9655,
178.9655,
178.9655,
174.9655,
173.8201,
174.6693,
178.9655,
174.2692,
171.3793,
173.9185,
178.9655,
175.6904,
175.6203,
174.8863,
178.9655,
178.9655,
173.4562,
178.9655,
174.2171,
178.9655,
0,
1998, 
173.6923,
173.1492,
176.2954,
170.5172,
176.7567,
173.5672,
179.3103,
179.3103,
179.3103,
174.9655,
173.8201,
174.6693,
179.3103,
174.2692,
171.3793,
173.9252,
179.3103,
175.966,
175.8634,
174.8863,
179.3103,
179.3103,
173.4562,
179.3103,
175.38,
179.3103,
0,
1999, 
173.6923,
173.1601,
176.3115,
170.5172,
177.2368,
173.5672,
179.6552,
179.6552,
179.6552,
174.9655,
173.8201,
174.6693,
179.6552,
174.2692,
171.3793,
173.9324,
179.6552,
176.2255,
176.0969,
174.8863,
179.6552,
179.6552,
173.4562,
179.6552,
176.1532,
179.6552,
0,
2000, 
173.6923,
173.1717,
176.3292,
170.5172,
177.6196,
173.5672,
180,
180,
180,
174.9655,
173.8201,
174.6693,
180,
174.2692,
171.3793,
173.9401,
180,
176.4725,
176.3226,
174.8863,
180,
180,
173.4562,
180,
176.7289,
180,
0,
2001, 
173.6923,
173.1838,
176.3486,
170.5172,
177.8445,
173.5672,
181.4,
181.4,
181.4,
174.9655,
173.8201,
174.6693,
181.4,
174.2692,
171.3793,
173.9482,
181.4,
176.7095,
176.542,
174.8863,
181.4,
181.4,
173.4562,
181.4,
177.1907,
181.4,
0,
2002, 
173.6923,
173.1983,
176.3874,
170.5172,
177.8445,
173.5672,
182.8,
182.8,
182.8,
174.9655,
173.8201,
174.6693,
182.8,
174.2692,
171.3793,
174.1002,
182.8,
176.8721,
176.8119,
176.7544,
182.8,
182.8,
173.4562,
182.8,
177.1907,
182.8,
0,
2003, 
173.6923,
173.2153,
176.3874,
170.5172,
177.8445,
173.5672,
184.2,
184.2,
184.2,
174.9655,
173.8201,
174.6693,
184.2,
174.2692,
171.3793,
174.2741,
184.2,
177.0707,
177.127,
178.1017,
184.2,
184.2,
173.4562,
184.2,
177.1907,
184.2,
0,
2004, 
173.6923,
173.2346,
176.3874,
170.5172,
177.8445,
173.5672,
185.6,
185.6,
185.6,
174.9655,
173.8201,
174.6693,
185.6,
174.5482,
171.3793,
174.4687,
185.6,
177.3019,
177.4806,
179.2132,
185.6,
185.6,
173.4562,
185.6,
177.1907,
185.6,
0,
2005, 
173.6923,
173.2564,
176.3874,
170.5172,
177.8445,
173.5672,
187,
187,
187,
174.9655,
173.8201,
174.6693,
187,
174.8803,
171.3793,
174.6827,
187,
177.5625,
177.8672,
180.1977,
187,
187,
173.4562,
187,
177.1907,
187,
0,
2006, 
173.6923,
173.2805,
176.3874,
170.5172,
177.8445,
173.5672,
188.4,
188.4,
188.4,
174.9655,
173.8201,
174.6693,
188.4,
175.2339,
171.3793,
174.915,
188.4,
177.8499,
178.2823,
181.1063,
188.4,
188.4,
173.4562,
188.4,
177.1907,
188.4,
0,
2007, 
173.6923,
173.3071,
176.3874,
170.5172,
177.8445,
173.5672,
189.8,
189.8,
189.8,
174.9655,
173.8201,
174.6693,
189.8,
175.2339,
171.3793,
175.0492,
189.8,
178.7057,
178.5045,
181.8029,
189.8,
189.8,
173.4562,
189.8,
177.1907,
189.8,
0,
2008, 
173.6923,
173.3359,
176.3874,
170.5172,
177.8445,
173.5672,
191.2,
191.2,
191.2,
174.9655,
173.8201,
174.6693,
191.2,
175.2339,
171.3793,
175.1945,
191.2,
179.5383,
178.7474,
182.5002,
191.2,
191.2,
173.4562,
191.2,
177.1907,
191.2,
0,
2009, 
173.6923,
173.3672,
176.3874,
170.5172,
177.8445,
173.5672,
192.6,
192.6,
192.6,
174.9655,
173.8201,
174.6693,
192.6,
175.2339,
171.3793,
175.3507,
192.6,
180.3523,
179.0094,
183.1979,
192.6,
192.6,
173.4562,
192.6,
177.1907,
192.6,
0,
2010, 
173.6923,
173.4007,
176.3874,
170.5172,
177.8445,
173.5672,
194,
194,
194,
174.9655,
173.8201,
174.6693,
194,
175.2339,
171.3793,
175.5173,
194,
181.1514,
179.2896,
183.8959,
194,
194,
173.4562,
194,
177.1907,
194,
0,
2011, 
173.6923,
173.4366,
176.3874,
170.5172,
177.8445,
173.5672,
195.4,
195.4,
195.4,
174.9655,
173.8201,
174.6693,
195.4,
175.2339,
171.3793,
175.6942,
195.4,
181.9384,
179.5866,
184.5942,
195.4,
195.4,
173.4562,
195.4,
177.1907,
195.4,
0,
2012, 
173.6923,
173.4748,
176.7883,
170.5172,
177.8445,
176.3999,
196.8,
196.8,
196.8,
175.1008,
173.8201,
174.7774,
196.8,
175.2339,
171.3793,
176.18,
195.4,
182.6691,
180.0838,
187.2853,
196.8,
196.8,
173.4562,
196.8,
179.2097,
196.8,
0,
2013, 
173.6923,
173.5153,
177.2015,
170.5172,
177.8445,
178.7428,
198.2,
198.2,
198.2,
175.2436,
173.8201,
174.8917,
198.2,
175.2339,
171.3793,
176.6761,
196.1,
183.3966,
180.5934,
189.1823,
198.2,
198.2,
173.4562,
198.2,
180.9654,
198.2,
0,
2014, 
173.6923,
173.558,
177.6263,
170.5172,
177.8445,
180.7472,
199.6,
199.6,
199.6,
175.3936,
173.8201,
175.012,
199.6,
175.2339,
171.3793,
177.1819,
196.8,
184.1214,
181.1143,
190.6814,
199.6,
199.6,
173.4562,
199.6,
182.5295,
199.6,
0,
2015, 
173.6923,
173.6031,
178.0621,
170.5172,
177.8445,
182.5079,
201,
201,
201,
175.5508,
173.8201,
175.1383,
201,
175.2339,
171.3793,
177.6965,
197.5,
184.8439,
181.6454,
191.9527,
201,
201,
173.4562,
201,
183.9498,
201,
0,
2016, 
173.7264,
173.6504,
178.5081,
170.5172,
177.8445,
184.0875,
202.4,
202.4,
202.4,
175.6332,
173.8201,
175.2704,
202.4,
175.2339,
171.3793,
178.2194,
198.2,
185.5644,
182.186,
193.0814,
202.4,
202.4,
173.4562,
202.4,
185.2595,
202.4,
0,
2017, 
173.7778,
173.7,
178.8741,
170.5172,
177.8445,
184.1076,
203.8,
203.8,
203.8,
175.6332,
173.8201,
175.3267,
203.8,
175.6863,
171.3793,
178.8382,
199.1542,
185.866,
182.4462,
194.333,
203.8,
203.8,
173.4562,
203.8,
187.8991,
203.8,
0,
2018, 
173.8315,
173.7518,
179.2501,
170.5172,
177.8445,
184.1293,
205.2,
205.2,
205.2,
175.6332,
173.8201,
175.3856,
205.2,
176.1469,
171.3793,
179.461,
200.0143,
186.1817,
182.7175,
195.4539,
205.2,
205.2,
173.4562,
205.2,
190.021,
205.2,
0,
2019, 
173.8875,
173.8058,
179.6358,
170.5172,
177.8445,
184.1525,
206.6,
206.6,
206.6,
175.6332,
173.8201,
175.4472,
206.6,
176.6152,
171.3793,
179.6274,
200.8244,
186.5106,
182.9997,
196.4858,
206.6,
206.6,
173.4562,
206.6,
191.8081,
206.6,
0,
2020, 
173.9458,
173.862,
180.0306,
170.5172,
177.8445,
184.1771,
208,
208,
208,
175.6332,
173.8201,
175.5114,
208,
177.0909,
171.3793,
179.6534,
201.6047,
186.8522,
183.2922,
197.4541,
208,
208,
173.4562,
208,
193.3662,
208,
0,
2021, 
174.0064,
173.9205,
180.4343,
170.5172,
177.8445,
184.2033,
209.4,
209.4,
209.4,
175.6332,
173.8201,
175.5783,
209.4,
177.5735,
171.3793,
179.6807,
202.3659,
187.2057,
183.5323,
198.3755,
209.4,
209.4,
173.4562,
209.4,
194.7607,
209.4,
0,
2022, 
174.0693,
173.9811,
180.4343,
170.5172,
177.8445,
184.2033,
210.8,
210.8,
210.8,
175.6332,
173.8201,
175.7082,
210.8,
177.5735,
171.3793,
179.7093,
205.0766,
189.4648,
183.5323,
198.9279,
210.8,
210.8,
173.4562,
210.8,
200.794,
210.8,
0,
2023, 
174.1344,
174.0439,
180.4343,
170.5172,
177.8445,
184.2033,
212.2,
212.2,
212.2,
175.6332,
173.8201,
175.7082,
212.2,
177.5735,
171.3793,
179.7392,
206.5278,
189.483,
185.0889,
199.4209,
212.2,
212.2,
173.4562,
212.2,
203.9228,
212.2,
0,
2024, 
174.2018,
174.5581,
180.4343,
170.5172,
177.8445,
184.2033,
213.6,
213.6,
213.6,
175.6332,
173.8201,
176.381,
213.6,
178.8745,
171.3793,
179.7704,
207.1935,
190.591,
185.8088,
199.7892,
213.6,
213.6,
173.4562,
213.6,
203.9228,
213.6,
0,
2025, 
174.2714,
175.0772,
180.4343,
170.5172,
177.8445,
184.2033,
215,
215,
215,
175.6332,
173.8201,
177.0549,
215,
180.1319,
171.3793,
179.8028,
207.8664,
191.661,
186.5277,
200.1761,
215,
215,
173.4562,
215,
203.9228,
215,
0,
2026, 
174.3432,
175.1434,
180.4343,
170.5172,
177.8445,
184.2033,
216.4,
216.4,
216.4,
175.6332,
173.8201,
178.4707,
215,
180.1319,
171.3793,
181.3936,
207.8664,
191.661,
187.9918,
201.2947,
216.4,
216.4,
173.4562,
216.4,
206.9019,
216.4,
0,
2027, 
174.424,
175.2179,
180.4343,
170.5172,
177.8445,
184.2033,
217.8,
217.8,
217.8,
175.6332,
173.8201,
178.4707,
215.7,
180.1319,
171.3793,
182.9099,
207.8664,
200.6208,
187.9918,
202.5623,
217.8,
217.8,
173.4562,
217.8,
208.9149,
217.8,
0,
2028, 
174.5141,
175.301,
180.4343,
170.5172,
177.8445,
184.7867,
219.2,
219.2,
219.2,
175.6332,
173.8201,
178.4707,
216.4,
180.1319,
171.3793,
182.946,
207.8664,
203.3124,
189.4497,
204.3181,
219.2,
219.2,
173.4562,
219.2,
208.9149,
219.2,
0,
2029, 
174.6138,
175.3931,
180.4343,
170.5172,
177.8445,
184.7867,
219.2,
220.6,
220.6,
175.6332,
173.8201,
178.4707,
217.1,
180.1319,
171.3793,
183.4749,
207.8664,
203.3208,
189.4497,
205.4634,
220.6,
220.6,
173.4562,
220.6,
208.9149,
220.6,
0,
2030, 
174.7234,
175.4945,
180.4343,
170.5172,
177.8445,
184.7867,
219.2,
222,
222,
175.6332,
173.8201,
178.4707,
217.1,
180.1319,
171.3793,
184.9388,
207.8664,
203.3306,
189.4497,
206.9229,
222,
222,
173.4562,
222,
208.9149,
222,
0,
2031, 
175.2948,
176.9359,
180.4343,
170.5172,
177.8445,
185.5214,
221.3,
223.4,
223.4,
175.6332,
173.8201,
178.7912,
217.1,
180.1319,
171.3793,
184.9388,
207.8664,
203.3551,
189.4497,
206.9229,
223.4,
223.4,
173.4562,
223.4,
211.2175,
223.4,
0,
2032, 
175.304,
176.947,
180.4343,
170.6897,
177.8445,
185.5214,
221.3,
224.8,
224.8,
175.6332,
173.8266,
178.7912,
217.9262,
180.1319,
209.2547,
184.9511,
207.8664,
213.8231,
195.012,
206.9229,
224.8,
224.8,
174.765,
224.8,
214.4392,
224.8,
0,
2033, 
175.3126,
176.9575,
199.936,
170.8621,
177.8445,
185.5214,
221.3,
226.2,
226.2,
175.6332,
173.8325,
189.5978,
218.9266,
181.7911,
211.4771,
184.9633,
210.9885,
215.6275,
195.0172,
206.9229,
226.2,
226.2,
176.0421,
226.2,
215.8036,
226.2,
0,
2034, 
175.3206,
176.9675,
206.628,
171.0345,
177.8445,
185.5214,
221.3,
227.6,
227.6,
175.6332,
191.1974,
202.4764,
220.2464,
183.6538,
211.4771,
184.9751,
212.812,
216.0217,
196.2164,
206.9229,
227.6,
227.6,
176.6155,
227.6,
217.2443,
227.6,
0,
2035, 
175.3281,
176.9771,
206.628,
229,
177.8445,
200.2007,
221.3,
229,
229,
175.6332,
191.5288,
203.0345,
221.0398,
184.4677,
211.4771,
184.9867,
213.1148,
216.2047,
196.6674,
206.9229,
229,
229,
176.8994,
229,
217.7913,
229,
0,
2036, 
175.8052,
179.5999,
206.628,
230.4,
177.8445,
208.1562,
222.5455,
230.4,
230.4,
175.6332,
193.0445,
204.349,
221.3881,
184.9594,
223.661,
186.3333,
213.4975,
216.4885,
197.163,
206.9229,
230.4,
230.4,
178.1118,
230.4,
218.9037,
230.4,
0,
2037, 
175.8131,
180.1598,
206.628,
231.8,
177.8445,
209.8044,
222.5455,
231.8,
231.8,
176.1229,
194.005,
204.349,
221.9992,
185.5973,
223.661,
187.4548,
213.4975,
216.4955,
198.1824,
206.9229,
231.8,
231.8,
178.9049,
231.8,
219.941,
231.8,
0,
2038, 
176.3387,
181.0534,
206.628,
233.2,
177.8445,
210.0294,
223.3836,
233.2,
233.2,
177.1011,
195.0562,
204.5408,
222.4645,
185.8903,
223.661,
187.7118,
213.4975,
217.236,
198.1824,
206.9229,
233.2,
233.2,
181.0131,
233.2,
221.0109,
233.2,
0,
2039, 
176.6996,
181.7454,
206.628,
234.6,
177.8445,
210.0294,
224.5227,
234.6,
234.6,
178.5415,
196.0816,
204.5408,
222.828,
188.4348,
223.661,
187.7271,
213.4975,
217.2427,
198.6733,
207.1728,
234.6,
234.6,
184.8536,
234.6,
222.2285,
234.6,
0,
2040, 
177.0986,
181.825,
206.628,
236,
177.8445,
210.0294,
224.5227,
236,
236,
180.3972,
197.2468,
204.908,
222.9989,
188.4348,
223.6825,
188.3437,
213.4975,
217.2493,
198.6793,
207.4239,
236,
236,
187.6164,
236,
222.9378,
236,
0,
2041, 
177.4664,
182.1655,
206.628,
237.4,
177.8445,
210.0294,
224.5227,
237.4,
237.4,
182.6065,
199.142,
204.908,
223.226,
189.0251,
223.6825,
189.6987,
213.4975,
217.2559,
199.8607,
207.4239,
237.4,
237.4,
187.6829,
237.4,
223.6421,
237.4,
0,
2042, 
177.9316,
182.9207,
207.2094,
238.8,
177.9956,
210.775,
224.5227,
238.8,
238.8,
186.1609,
200.9386,
206.1615,
223.7851,
190.588,
223.6825,
190.3952,
215.1618,
217.4562,
200.635,
207.7282,
238.8,
238.8,
189.0005,
238.8,
224.2809,
238.8,
0,
2043, 
178.4735,
183.7866,
207.8055,
240.2,
178.1451,
211.5444,
224.5227,
240.2,
240.2,
190.4791,
202.9395,
207.5046,
224.1308,
191.9162,
223.6825,
191.1385,
215.1618,
217.8857,
201.1077,
207.8453,
240.2,
240.2,
190.5516,
240.2,
224.8999,
240.2,
0,
2044, 
179.1268,
184.7978,
208.4169,
241.6,
178.293,
212.3393,
224.5227,
241.6,
241.6,
195.7531,
205.1874,
213.4623,
224.2843,
193.4429,
223.6825,
191.9354,
215.1618,
218.0015,
202.3417,
208.0386,
241.6,
241.6,
196.1369,
241.6,
225.3296,
241.6,
0,
2045, 
181.6002,
186.0054,
209.0445,
243,
178.439,
213.1611,
224.5227,
243,
243,
201.9157,
208.2822,
218.02,
225.1833,
195.2241,
223.6825,
192.7937,
215.1618,
218.117,
203.5336,
208.0386,
243,
243,
203.273,
243,
226.2198,
243,
0,
2046, 
189.8642,
187.4874,
209.6893,
244.4,
184.5263,
223.0132,
224.5227,
244.4,
244.4,
211.3068,
211.1456,
219.5425,
226.7723,
198.7194,
223.6825,
193.7229,
215.2728,
218.2322,
207.6304,
208.5222,
244.4,
244.4,
209.7668,
244.4,
226.9135,
244.4,
0,
2047, 
196.0781,
189.3699,
210.3523,
245.8,
197.2564,
226.9566,
224.7223,
245.8,
245.8,
218.194,
214.2768,
221.2112,
227.2468,
203.4061,
223.6825,
194.7347,
215.7821,
220.0695,
208.183,
210.9436,
245.8,
245.8,
216.5984,
245.8,
227.7152,
245.8,
0,
2048, 
202.9449,
191.8696,
211.0345,
247.2,
205.0237,
228.0583,
224.7223,
247.2,
247.2,
228.6417,
217.9404,
222.9404,
227.2468,
208.1603,
223.6825,
195.8433,
215.7821,
221.6638,
209.1658,
212.1599,
247.2,
247.2,
223.57,
247.2,
228.6323,
247.2,
0,
2049, 
213.3328,
195.3939,
211.737,
248.6,
211.4931,
230.8796,
226.0825,
248.6,
248.6,
235.649,
222.333,
224.7921,
227.2468,
216.1301,
223.6825,
197.0666,
215.7821,
226.725,
210.1106,
213.5954,
248.6,
248.6,
230.8869,
248.6,
230.1358,
248.6,
0,
2050, 
233.5592,
200.8111,
212.4612,
250,
216.3393,
231.6617,
228.513,
250,
250,
240.0673,
227.7094,
226.7812,
227.2468,
223.6702,
223.6825,
198.4269,
215.7821,
232.0011,
210.7693,
215.0581,
250,
250,
238.8101,
250,
231.9019,
250,
0,
2051, 
233.5592,
205.9911,
213.2083,
253,
220.3958,
232.3136,
229.4087,
253,
253,
243.6561,
227.7094,
228.9255,
228.1167,
225.4899,
223.6825,
199.953,
215.7821,
232.3828,
211.4856,
217.1099,
253,
253,
239.4032,
253,
233.3569,
253,
0,
2052, 
233.5592,
206.3931,
214.7232,
256,
223.4667,
232.3136,
230.2812,
256,
256,
244.2433,
227.7094,
229.2657,
230.1823,
225.4899,
223.6825,
200.4623,
215.7821,
234.0586,
211.8294,
218.8674,
256,
256,
239.9564,
256,
234.3697,
256,
0,
2053, 
233.5592,
206.8016,
216.3551,
259,
226.1369,
232.3136,
231.0778,
259,
259,
244.9464,
227.7094,
229.6082,
230.3507,
225.4899,
223.6825,
200.9869,
215.7821,
236.5925,
212.1766,
220.5005,
259,
259,
240.4314,
259,
235.6566,
259,
0,
2054, 
233.5592,
207.2168,
218.1198,
262,
228.633,
232.3136,
231.0778,
262,
262,
247.6107,
227.7094,
229.6555,
234.5338,
226.4871,
223.6825,
201.5277,
215.7821,
236.6573,
212.5274,
220.8055,
262,
262,
240.7908,
262,
237.193,
262,
0,
2055, 
233.5592,
207.6389,
220.0364,
262,
230.7047,
232.4613,
231.0778,
265,
265,
249.5507,
227.7094,
229.6555,
234.5338,
228.0943,
227.7645,
202.0859,
215.7821,
236.7219,
212.8818,
221.1739,
265,
262,
240.994,
265,
238.9546,
265,
0,
2056, 
233.5592,
208.0684,
222.1277,
264.199,
231.2981,
232.4613,
231.0778,
268,
268,
249.6693,
227.7094,
229.6555,
234.5338,
228.4669,
246.1747,
202.6628,
215.7821,
236.7863,
213.4513,
222.5025,
268,
263.3013,
242.1037,
268,
241.3784,
268,
0,
2057, 
233.5592,
208.5055,
222.2483,
265.7929,
244.5558,
232.4613,
232.4954,
271,
271,
250.3268,
227.7094,
229.6555,
234.5338,
231.8231,
250.4552,
204.0027,
215.7821,
236.8992,
214.587,
223.3408,
271,
264.5113,
248.062,
271,
243.8995,
271,
0,
2058, 
233.5592,
208.9506,
222.3686,
267.3292,
249.3317,
232.4613,
232.4954,
274,
274,
250.6727,
227.7868,
229.6555,
234.5338,
234.3821,
251.9759,
205.211,
215.7821,
242.6459,
215.3652,
223.5968,
271,
266.0513,
251.4555,
274,
245.0127,
274,
0,
2059, 
233.5592,
209.404,
222.4886,
268.285,
257.2742,
236.1464,
232.4954,
277,
277,
250.8124,
227.83,
229.6555,
234.5338,
236.193,
251.9759,
208.5554,
215.7821,
248.6348,
216.1705,
223.7081,
271,
266.1367,
252.6339,
274,
245.228,
277,
0,
2060, 
233.5592,
209.8661,
222.6083,
268.285,
264.3337,
236.1464,
232.4954,
280,
280,
254.0194,
228.127,
229.6555,
234.5338,
236.193,
251.9759,
211.7212,
216.1882,
250.2212,
217.0047,
223.8384,
271,
266.9267,
253.7038,
274,
245.4111,
280,
0,
2061, 
233.5592,
210.3374,
222.7278,
268.285,
270.0724,
238.3958,
232.4954,
283,
283,
254.4472,
228.4478,
229.6555,
234.5338,
236.193,
253.1059,
215.471,
216.1882,
254.5212,
217.8698,
223.8865,
271,
267.9144,
254.6795,
274,
246.1603,
283,
0,
2062, 
233.5592,
210.8014,
222.8988,
268.285,
273.7261,
248.8302,
232.4954,
286,
286,
254.4472,
228.6994,
229.6555,
234.5338,
236.193,
256.8092,
220.1981,
216.1882,
256.094,
218.7301,
224.7869,
271,
270.9014,
255.5041,
274,
247.551,
286,
0,
2063, 
233.5592,
211.2577,
222.8988,
268.285,
276.146,
248.8302,
232.4954,
289,
289,
254.4472,
228.6994,
229.6555,
234.5338,
236.193,
259.9323,
224.465,
216.1882,
256.9061,
219.5982,
225.4577,
271,
274.6168,
256.1724,
274,
248.7135,
289,
0,
2064, 
233.5592,
211.7058,
222.8988,
268.285,
277.8455,
250.3228,
232.4954,
292,
292,
254.4472,
228.6994,
230.2856,
234.5338,
237.701,
262.9383,
229.1539,
216.1882,
259.5198,
220.4746,
226.0405,
271,
276.8711,
256.7601,
274,
248.9763,
292,
0,
2065, 
233.5592,
212.1456,
222.8988,
268.285,
278.9234,
259.9661,
232.4954,
295,
295,
254.5062,
228.6994,
230.2856,
234.5338,
239.4228,
262.9383,
234.7203,
216.1882,
262.7653,
221.36,
226.3038,
271,
278.0188,
257.2637,
274,
248.9763,
295,
0,
2066, 
233.5592,
212.5763,
222.8988,
268.285,
279.3946,
262.0948,
232.4954,
298,
298,
254.6711,
228.6994,
230.2856,
234.5338,
241.2144,
262.9383,
238.0269,
216.1882,
265.454,
222.255,
226.5613,
271,
278.6157,
257.6344,
274,
249.1705,
298,
0,
2067, 
233.5592,
212.9977,
222.8988,
268.285,
279.3946,
262.0948,
232.4954,
301,
301,
254.9572,
228.6994,
230.2856,
234.5338,
241.2144,
262.9383,
238.6823,
216.1882,
268.0207,
222.6966,
227.0353,
271,
279.2431,
258.4873,
274,
249.64,
301,
0,
2068, 
233.5592,
213.4093,
222.8988,
268.285,
279.3946,
262.7648,
232.4954,
304,
304,
255.681,
228.6994,
230.2856,
234.5338,
241.2144,
262.9383,
239.3364,
216.1882,
269.4155,
223.1313,
228.6129,
271,
279.2431,
258.8609,
274,
251.604,
304,
0,
2069, 
233.5592,
213.8104,
222.8988,
269.0367,
279.3946,
264.1216,
234.6781,
307,
307,
256.1125,
228.6994,
230.2856,
234.959,
241.2144,
264.5177,
239.9892,
217.6505,
272.0256,
223.5589,
230.3976,
271,
279.2431,
259.3028,
274,
255.9565,
307,
0,
2070, 
233.5592,
214.2005,
222.8988,
270.481,
279.3946,
265.7311,
236.9972,
310,
310,
256.4052,
228.6994,
230.2856,
235.2126,
241.2144,
265.9739,
240.6408,
219.3926,
274.3506,
223.9791,
231.7667,
271,
279.2431,
259.4252,
274,
257.4208,
310,
0,
2071, 
233.5592,
214.579,
222.8988,
282.0568,
279.3946,
266.6863,
239.2886,
313,
313,
256.4052,
228.6994,
230.2856,
235.5335,
241.2144,
266.8796,
241.889,
223.5032,
276.5092,
224.3916,
231.9557,
271,
279.2431,
259.5179,
274,
258.6125,
313,
0,
2072, 
233.5592,
214.9452,
223.2212,
285.4211,
279.3946,
268.4399,
248.1318,
316,
316,
256.7821,
228.6994,
230.3775,
235.5335,
241.2144,
267.0083,
244.2605,
227.7057,
279.3178,
225.0474,
232.8555,
271,
280.4497,
259.879,
274,
262.7322,
316,
0,
2073, 
233.5592,
215.2984,
223.5347,
286.6814,
279.3946,
271.2704,
252.4819,
319,
319,
257.8407,
228.6994,
231.5274,
235.5335,
241.2144,
267.0083,
246.1124,
235.506,
280.6324,
225.7011,
235.3917,
271,
280.6775,
260.0163,
274,
263.8343,
319,
0,
2074, 
233.5592,
215.6379,
223.8388,
289.1193,
279.3946,
272.121,
254.0259,
322,
322,
258.8866,
228.6994,
231.6145,
235.5335,
241.2144,
267.0083,
248.058,
236.0829,
281.4914,
226.3527,
236.335,
271,
280.6775,
260.0696,
274,
265.0143,
322,
0,
2075, 
233.5592,
215.9627,
224.1334,
289.3394,
279.3946,
272.9752,
254.1713,
325,
325,
260.6546,
228.6994,
231.6985,
235.6922,
241.2144,
267.0083,
250.1089,
236.6559,
283.5003,
227.0018,
237.2909,
271,
280.7862,
260.0696,
274,
266.471,
325,
0,
2076, 
233.9109,
216.272,
224.418,
289.3394,
279.3946,
273.833,
256.8992,
328,
328,
262.6056,
228.6994,
231.7792,
236.1862,
241.2144,
267.0083,
252.2793,
239.5005,
285.9898,
227.6485,
238.2606,
271,
282.0757,
260.0696,
274,
270.0457,
328,
0,
2077, 
234.4078,
216.5649,
224.6368,
292.5521,
279.3946,
273.844,
259.7482,
331,
331,
267.246,
228.6994,
231.8106,
236.1862,
242.0001,
267.0083,
254.9995,
241.5214,
288.1555,
227.9451,
240.0869,
315.9341,
282.8706,
260.8626,
274,
273.1424,
331,
0,
2078, 
234.8983,
216.8402,
249.4231,
294.485,
279.3946,
273.8548,
268.1338,
334,
334,
267.7213,
228.6994,
231.8406,
236.4394,
242.7894,
267.0083,
257.9528,
243.8075,
290.263,
228.2322,
242.1143,
322.9599,
282.8706,
260.9465,
274,
275.4763,
334,
0,
2079, 
235.3819,
217.0967,
263.2046,
297.4678,
279.3946,
273.8654,
268.1338,
337,
337,
267.7213,
228.6994,
231.8692,
237.2567,
243.5824,
267.0083,
258.7586,
246.6382,
291.5196,
228.5092,
243.6837,
327.7577,
282.9507,
261.1833,
274,
278.8993,
337,
0,
2080, 
235.8584,
217.3333,
271.3878,
300.9863,
279.3946,
273.8757,
268.1338,
340,
340,
267.7213,
228.6994,
232.0796,
237.2567,
244.3794,
267.0083,
258.8778,
249.179,
293.7303,
228.776,
245.0778,
331.596,
283.1489,
261.1833,
274,
283.7468,
340,
0,
2081, 
236.3273,
217.5485,
289.6706,
301.965,
279.3946,
276.6313,
268.9072,
343,
343,
267.9954,
228.6994,
235.8988,
238.5128,
245.1807,
267.0083,
258.9943,
258.8544,
295.7651,
230.7242,
248.1355,
333.7322,
283.6093,
261.1833,
274,
288.0384,
343,
0,
2082, 
236.7883,
217.7408,
302.0811,
303.4004,
279.3946,
277.3694,
270.1051,
346,
346,
267.9954,
228.6994,
239.8231,
241.0908,
246.6279,
283.3832,
259.1082,
270.4912,
297.8114,
230.7242,
250.6683,
334.4256,
286.4935,
261.1833,
274,
288.5669,
346,
0,
2083, 
237.241,
217.9086,
308.3638,
303.4004,
279.3946,
277.3694,
270.1051,
349,
349,
271.1574,
228.6994,
239.8667,
243.1548,
248.8551,
309.1525,
259.8765,
280.1588,
300.3048,
231.9892,
251.4888,
334.4862,
291.7046,
261.1833,
274,
289.1481,
349,
0,
2084, 
237.6849,
219.2785,
308.3638,
305.8254,
279.3946,
277.3694,
272.1121,
352,
352,
274.9867,
228.6994,
240.188,
244.4372,
252.2982,
314.9355,
260.4143,
285.7136,
301.6384,
232.6083,
252.0753,
334.4862,
292.6905,
261.365,
274,
296.4815,
352,
0,
2085, 
238.1196,
221.0715,
308.3638,
312.2712,
279.3946,
277.3694,
272.6372,
355,
355,
281.0196,
228.6994,
240.436,
245.8058,
254.6852,
314.9355,
260.5211,
291.8924,
302.6027,
233.2222,
252.6582,
334.4862,
293.7888,
261.6115,
274,
304.4584,
355,
0,
2086, 
238.5446,
252.621,
309.9779,
312.2712,
279.3946,
277.3694,
275.8134,
358,
358,
283.0129,
228.6994,
240.9543,
248.3022,
254.6852,
314.9355,
266.2985,
292.642,
304.4257,
234.5452,
254.3976,
334.4862,
297.0266,
261.7939,
274,
305.0535,
358,
0,
2087, 
238.9976,
253.9075,
311.1533,
321.7334,
279.3946,
277.3694,
275.8134,
361,
361,
283.8962,
228.6994,
240.9543,
251.137,
254.6852,
314.9355,
273.5673,
293.1685,
307.2835,
234.5452,
256.6546,
335.2095,
297.0266,
261.8944,
274,
305.6471,
361,
0,
2088, 
239.4781,
255.3525,
311.1533,
321.7334,
279.3946,
277.5098,
278.3836,
364,
364,
288.8523,
228.6994,
240.9543,
256.7121,
254.9744,
346.8389,
274.188,
294.6808,
309.5984,
235.8561,
260.6,
336.8489,
297.9176,
261.8944,
274,
307.4025,
364,
0,
2089, 
239.9855,
256.9808,
311.1533,
329.3206,
279.3946,
277.5098,
282.8427,
367,
367,
292.2473,
228.6994,
241.2504,
262.9575,
256.5946,
346.8389,
277.9422,
297.4502,
311.5533,
235.8561,
263.8828,
337.7837,
305.3784,
261.8944,
274,
309.3559,
367,
0,
2090, 
240.5196,
258.8254,
311.1533,
329.3206,
279.3946,
277.5098,
285.0343,
370,
370,
292.7356,
228.6994,
241.9148,
269.1547,
257.1366,
346.8389,
288.7318,
314.6337,
312.7953,
235.8561,
269.2299,
338.3683,
305.3784,
261.8944,
274,
318.6384,
370,
0,
2091, 
243.5683,
355,
311.1533,
329.3206,
279.3946,
277.662,
303.0106,
373,
373,
292.7356,
230.4435,
242.897,
276.4472,
258.2114,
346.8389,
288.9008,
333.3739,
314.8683,
235.8561,
269.2299,
338.3683,
305.3784,
261.8944,
274,
324.9622,
373,
0,
2092, 
243.5683,
355,
311.1533,
329.3206,
279.3946,
277.662,
313.3443,
376,
376,
292.7356,
232.5975,
243.4103,
280.2988,
258.7083,
349.3868,
288.9008,
340.0224,
318.793,
241.5478,
269.2299,
338.3683,
305.3784,
262.8048,
274,
328.3827,
376,
0,
2093, 
243.5683,
355,
326.9313,
329.3206,
279.3946,
277.662,
327.5679,
379,
379,
292.7356,
233.1035,
248.1995,
284.3547,
260.8707,
349.9789,
288.9008,
350.1185,
321.3622,
241.5561,
269.2299,
338.3683,
305.3784,
263.7237,
274,
329.5422,
379,
0,
2094, 
243.5683,
362.2229,
342.1552,
329.6081,
279.3946,
278.5653,
332.0753,
382,
382,
292.7781,
280.7885,
270.1228,
290.0599,
263.6885,
349.9789,
288.9008,
357.3227,
323.8296,
243.4854,
271.0359,
338.3683,
305.3784,
264.1371,
274,
330.8275,
382,
0,
2095, 
243.5683,
370.9897,
342.1552,
330.451,
279.3946,
283.7387,
336.6076,
385,
385,
300.6723,
297.2639,
273.5778,
295.7534,
265.0581,
349.9789,
288.9008,
363.8798,
325.1381,
244.28,
273.8674,
338.3683,
305.7944,
264.3336,
274,
333.4486,
385,
0,
2096, 
243.5683,
374.3434,
342.1552,
330.7324,
279.3946,
286.397,
343.194,
388,
388,
301.9351,
305.2795,
273.7318,
300.2661,
265.9023,
351.3163,
289.9495,
365.9254,
326.1133,
245.1554,
273.8674,
338.3683,
305.7944,
264.6331,
274,
338.6222,
388,
0,
2097, 
243.5683,
376.917,
342.1552,
331.5142,
279.3946,
288.3183,
344.3365,
391,
391,
302.0279,
309.3284,
273.7392,
306.2317,
267.0075,
352.3103,
291.6841,
366.2614,
327.8165,
247.1343,
295.9172,
338.5248,
305.7944,
266.1331,
274,
341.0002,
391,
0,
2098, 
243.5683,
378.5255,
342.1552,
337.0551,
279.3946,
291.8008,
348.13,
394,
394,
302.2106,
313.8073,
274.5112,
309.9025,
267.513,
352.3103,
292.7215,
366.3173,
329.9586,
247.1343,
306.6339,
339.6642,
308.2581,
268.0652,
274,
342.0038,
394,
0,
2099, 
243.5683,
379.6829,
342.1552,
342.474,
279.3946,
296.8814,
352.6902,
397,
397,
302.481,
319.533,
275.0615,
312.4465,
267.513,
352.3103,
292.7215,
366.3561,
330.5163,
247.2573,
320.7387,
342.9976,
308.2581,
276.5371,
274,
344.0201,
397,
0,
2100, 
243.5683,
379.6829,
342.1552,
346.4192,
279.3946,
305.2126,
354.6046,
400,
400,
302.8376,
324.3115,
275.2728,
313.3435,
267.513,
352.3158,
292.7215,
366.3845,
330.5163,
247.2664,
321.4661,
349.4704,
309.269,
292.7735,
274,
345.8889,
400,
0];
