real main.em.dem.agr.frt.Pfert[26](t) = [1971, 
337.2942,
4025.761,
158.1379,
128.3196,
634.4146,
215.542,
197.5486,
28.37758,
37.00332,
294.9835,
5403.832,
2186.116,
187.8061,
902.1965,
419.7336,
1537.466,
127.5723,
619.6353,
267.1325,
1471.814,
233.9734,
53.57782,
612.7142,
891.4492,
123.4137,
94.01155,
1972, 
394.8687,
4646.962,
176.5471,
133.4819,
901.1628,
274,
219.099,
32.8825,
45.80979,
358.113,
5690.555,
2325.559,
241.6521,
974.4355,
454.1006,
1663.404,
139.8185,
614.2957,
283.0935,
1686.355,
258.0086,
94.37411,
664.3417,
1214.992,
145.8755,
81.13765,
1973, 
494.0327,
5095.192,
203.6373,
154.9623,
759.8839,
281.0567,
219.5064,
31.39987,
46.88012,
327.1113,
6033.411,
2473.153,
281.5709,
1078.599,
504.142,
1846.378,
186.5903,
610.2851,
310.473,
1946.634,
283.2377,
95.18501,
744.1766,
1242.716,
136.3969,
91.36388,
1974, 
501.4995,
4596.821,
200.6174,
179.9771,
872.9233,
306.7788,
226.4573,
44.11939,
49.32183,
320.8785,
5250.67,
2542.037,
192.5,
1248.409,
582.2859,
2132.714,
200.3159,
470.8088,
343.2806,
1724.638,
315.8773,
134.179,
675.2229,
741.7729,
123.2099,
85.17776,
1975, 
508.7418,
5211.307,
276.8852,
157.9521,
949.6648,
239.4819,
248.7045,
60.20764,
54.25036,
349.3424,
5116.197,
2640.833,
327.1369,
1559.373,
725.863,
2660.803,
232.0994,
532.9793,
346.3063,
1839.43,
320.7856,
125.1572,
623.3548,
822.2684,
189.8483,
85.35186,
1976, 
502.6847,
5589.857,
233.8844,
173.4112,
1232.898,
295.1325,
274.2043,
79.72771,
47.73584,
364.4785,
5491.693,
2767.875,
525.9589,
1549.759,
723.5706,
2651.157,
218.3512,
671.9835,
266.2535,
1372.018,
301.6592,
113.041,
701.1204,
1048.329,
218.1547,
91.92513,
1977, 
635.4706,
5120.71,
242.7962,
161.3032,
1456.232,
289.6096,
287.918,
68.67866,
44.58458,
343.8681,
5552.982,
2885.895,
597.7221,
1636.913,
764.1759,
2799.201,
239.8116,
792.9743,
336.6452,
1877.979,
351.9533,
108.7642,
743.7243,
1309.43,
296.5528,
90.5414,
1978, 
629.6823,
5634.341,
258.6119,
165.1615,
1426.969,
305.7107,
269.4702,
67.03058,
36.95464,
394.2115,
6074.837,
2987.532,
738.5376,
1755.898,
817.5324,
3000.26,
210.1888,
1081.425,
327.6853,
1385.149,
436.6818,
136.7459,
771.8714,
1123.775,
340.3155,
88.58001,
1979, 
583.9228,
5372.877,
244.7225,
156.9434,
1576.485,
384.5295,
308.3755,
74.59473,
40.12546,
432.2736,
6158.941,
3001.084,
636.7519,
1782.265,
834.3991,
3062.751,
355.148,
1009.103,
336.0274,
2309.901,
381.6447,
152.7222,
827.647,
1196.986,
380.2349,
76.85179,
1980, 
628.0656,
5325.901,
259.8447,
166.5823,
1892.676,
362.4662,
355.502,
93.14872,
62.57642,
451.8369,
5629.374,
2796.125,
501.9984,
1659.492,
776.5726,
2847.554,
420.2798,
1108.069,
305.9984,
3059.361,
352.8272,
276.8003,
687.1909,
1067.042,
400.7425,
106.4587,
1981, 
634.8169,
4692.829,
371.6963,
172.352,
1237.557,
292.191,
362.4916,
100.4848,
87.51493,
544.4446,
5303.213,
3049.95,
507.5064,
1757.828,
821.7617,
3011.985,
406.5132,
1195.979,
300.4623,
3344.902,
351.6012,
324.3786,
701.172,
1070.357,
407.0094,
99.36871,
1982, 
651.5915,
3986.073,
408.0948,
153.8517,
1137.976,
298.2244,
380.1418,
112.7487,
65.54266,
498.9568,
5290.796,
2960.729,
564.6879,
1827.8,
854.5499,
3132.091,
566.334,
1168.892,
243.5633,
3502.486,
342.3869,
433.2423,
718.1871,
989.7767,
457.5902,
86.47178,
1983, 
713.8848,
4668.435,
330.4958,
166.0812,
943.1547,
291.2637,
419.4179,
130.1963,
80.39471,
382.6196,
5377.991,
3161.904,
647.9261,
1927.026,
901.8808,
3310.332,
675.4177,
1341.834,
260.9776,
4079.669,
391.0463,
390.5998,
762.1558,
1001.16,
486.722,
87.78266,
1984, 
733.686,
4395.532,
382.1935,
178.1631,
1479.038,
370.7701,
458.9267,
150.0317,
71.07184,
407.9537,
5228.215,
3208.5,
560.1036,
1986.002,
926.8018,
3402.306,
748.3681,
1769.936,
267.3788,
4098.079,
392.1267,
443.766,
767.2751,
1000.617,
529.9793,
77.90411,
1985, 
664.4147,
3999.501,
413.158,
175.7099,
1234.863,
432.1927,
530.2843,
134.6355,
69.77641,
357.1422,
5112.362,
2955.492,
480.8189,
2280.758,
1062.792,
3902.512,
781.0829,
2003.004,
277.1491,
3019.225,
420.6083,
485.7391,
728.4294,
912.089,
562.0568,
92.2305,
1986, 
645.2513,
3717.17,
418.1631,
192.6629,
1585.348,
518.535,
513.1122,
129.4901,
85.22703,
328.4892,
5139.455,
3008.491,
524.5604,
2493.476,
1166.38,
4280.91,
774.6025,
2156.705,
287.5448,
3039.189,
453.3497,
545.4897,
750.4756,
903.7186,
641.4728,
86.39274,
1987, 
634.3994,
3800.441,
441.4895,
207.9706,
1561.385,
591.7661,
514.2711,
125.0556,
94.59925,
270.7511,
5107.22,
2773.712,
590.8118,
2555.691,
1197.098,
4389.329,
841.2354,
1721.143,
299.2603,
4505.162,
447.0946,
552.47,
763.4067,
1036.196,
633.7762,
97.49365,
1988, 
614.3353,
3768.368,
394.8929,
209.1162,
1453.326,
598.3259,
471.6395,
150.6167,
108.3838,
306.5937,
5020.742,
2775.466,
495.0273,
2563.737,
1193.88,
4385.914,
922.4825,
2496.235,
297.5677,
5176.462,
549.7001,
610.3911,
723.5367,
974.1862,
661.7152,
97.47585,
1989, 
609.4587,
3960.393,
354.2937,
203.1574,
1257.015,
526.646,
409.5343,
146.5682,
113.9102,
280.355,
4931.416,
2694.403,
605.6135,
2445.345,
1139.508,
4190.343,
956.7047,
2897.619,
335.5645,
5283.112,
542.9544,
592.7704,
726.1223,
1009.29,
684.7848,
94.12904,
1990, 
578.1462,
3817.9,
373.7954,
196.8683,
1171.167,
483.1898,
428.9713,
153.1814,
117.6975,
269.0266,
4409.301,
1751.907,
631.1005,
2037.031,
1218.922,
4311.417,
1023.38,
3028.006,
320.612,
5861.262,
697.5624,
584.7468,
688.8571,
721.8252,
695.2906,
90.08483,
1991, 
592.2153,
3827.987,
379.8965,
182.9216,
1253.795,
484.5895,
375.5315,
156.7855,
106.6528,
256.0206,
4074.969,
822.5563,
624.2833,
1717.576,
981.0932,
3542.674,
893.0131,
3226.83,
321.893,
7292.611,
677.299,
581.8288,
695.4224,
826.1265,
693.0183,
94.99941,
1992, 
615.9883,
4012.507,
297.9974,
144.9732,
1341.777,
487.1086,
332.1386,
162.9161,
111.1967,
240.9308,
3664.369,
728.7445,
664.2526,
852.6105,
683.6274,
1548.036,
963.7852,
2767.057,
303.3616,
6927.107,
753.5975,
597.2802,
699.0912,
992.6887,
778.0807,
90.77483,
1993, 
627.8083,
4101.486,
316.9975,
159.4596,
1625.107,
553.0892,
361.963,
187.3464,
105.4219,
298.6988,
3564.395,
647.5486,
794.0219,
510.9799,
533.1478,
900.491,
820.3314,
2592.757,
321.8649,
5545.575,
885.3072,
543.5509,
728.8327,
976.1715,
692.7795,
91.07808,
1994, 
631.795,
4028.664,
375.4973,
146.522,
1873.93,
549.5524,
331.856,
110.8387,
154.6389,
246.5626,
3666.363,
617.191,
448.1947,
212.6869,
206.7111,
263.5943,
845.5098,
2860.93,
239.9708,
7329.104,
925.1899,
521.2349,
704.6373,
1052.16,
652.5692,
70.55603,
1995, 
658.3829,
4155.557,
181.9987,
188.5103,
1511.062,
577.7141,
317.2896,
122.8225,
142.271,
241.5801,
3512.152,
719.4393,
584.7106,
208.0967,
186.1371,
353.0224,
760.9609,
2827.882,
242.5993,
8911.189,
1170.173,
387.1271,
631.8353,
1124.713,
720.4835,
77.45503,
1996, 
703.5324,
4258.722,
308.9983,
187.258,
1644.622,
789.1097,
325.6656,
98.62979,
188.2056,
253.1316,
3723.756,
738.9291,
583.8394,
229.6017,
244.4808,
378.6035,
804.6263,
2907.092,
229.8568,
8116.763,
1221.486,
333.1594,
610.1995,
1178.916,
608.0325,
80.42897,
1997, 
716.9296,
4295.265,
256.9985,
213.5862,
1917.286,
808.5286,
344.7466,
111.6205,
151.5356,
224.6322,
3548.086,
685.0751,
599.153,
201.3289,
166.9995,
332.0921,
771.1412,
3820.455,
243.4553,
9276.677,
1238.092,
281.2404,
592.5049,
1203.451,
740.0126,
89.51683,
1998, 
666.5396,
3983.105,
294.9969,
199.2411,
1920.572,
821.3646,
329.7296,
124.8779,
152.5495,
214.9953,
3488.186,
646.3087,
708.4705,
174.1109,
154.8069,
285.5616,
775.9271,
4013.471,
213.5128,
9460.261,
1238.101,
362.1967,
561.2327,
1242.725,
700.537,
85.49644,
1999, 
667.827,
4049.475,
305.9985,
191.8591,
1831.598,
817.2582,
350.6768,
128.997,
170.2102,
227.142,
3414.031,
595.0228,
646.0142,
91.619,
143.7395,
218.8525,
796.5884,
4678.709,
239.0121,
8913.887,
1271.433,
323.785,
568.4398,
1315.445,
884.524,
87.78456,
2000, 
622.9858,
4018.568,
314.9981,
205.8955,
2000.237,
835.4414,
334.2731,
113.6125,
152.7016,
190.136,
3015.185,
589.0478,
687.4881,
136.9665,
120.5247,
278.1473,
852.2169,
4146.017,
213.3976,
8430.367,
1216.843,
263.9647,
583.0945,
1326.232,
992.8373,
94.84554,
2001, 
624.0541,
4380.242,
390.6207,
224.1623,
2237.212,
918.6956,
345.0267,
115.404,
152.6901,
210.0377,
2934.746,
678.793,
476.1828,
115.3026,
134.4189,
309.8794,
711.1486,
4269.625,
169.3764,
8829.787,
1221.628,
277.8889,
511.5474,
1434.618,
957.6156,
71.86763,
2002, 
650.6039,
4023.151,
336.4128,
119.2788,
2466.864,
698.3826,
366.9969,
118.6083,
173.2592,
270.8005,
2898.311,
685.7479,
480.0588,
110.3821,
159.6765,
329.2274,
711.4722,
3916.29,
227.42,
9712.868,
1120.907,
358.883,
465.6185,
1271.227,
970.4869,
134.2414,
2003, 
685.759,
4453.183,
253.6456,
146.9549,
3162.385,
960.669,
424.8455,
169.1982,
127.537,
202.6103,
2963.335,
681.3212,
555.2482,
82.06862,
112.1264,
305.1308,
713.7665,
4007.712,
133.8172,
10044.39,
1293.403,
335.2356,
554.7428,
1276.967,
940.72,
113.6816,
2004, 
610.2839,
4481.036,
307.6767,
157.1885,
3354,
1120.596,
445.6117,
170.3521,
187.7166,
228.8905,
2844.815,
729.4521,
598.9477,
114.8458,
142.2658,
348.4128,
754.0505,
4498.029,
142.428,
10585.79,
1464.137,
414.1289,
557.6881,
1274.674,
1085.88,
93.08726,
2005, 
654.7133,
4307.268,
418.165,
189.981,
2434.887,
1133.114,
471.2632,
138.284,
137.4274,
157.9608,
2484.337,
803.3582,
611.9817,
151.9795,
90.34917,
354.2448,
838.7124,
5085.993,
166.1247,
10408.92,
1237.105,
441.8127,
545.9789,
1205.011,
1272.366,
92.26392,
2006, 
495.5886,
4281.356,
371.0913,
196.2812,
2809.987,
1227.509,
434.901,
158.6606,
135.455,
198.8856,
2444.718,
766.5195,
619.2791,
249.4661,
92.24429,
399.7339,
1018.224,
5380.238,
103.7661,
10447.63,
1314.948,
500.9834,
528.2922,
1106.326,
1397.085,
105.5657,
2007, 
731.8448,
4221.627,
266.7755,
212.1906,
3648.491,
1514.158,
401.6357,
105.8413,
184.246,
180.4311,
2520.729,
891.8937,
526.2417,
327.1596,
98.54578,
408.9574,
868.3399,
5366.387,
123.9009,
9976.582,
1485.641,
520.2441,
516.7075,
1115.891,
844.912,
72.3901,
2008, 
605.3912,
3350.36,
161.4885,
146.6985,
2956.131,
1307.307,
469.4189,
75.2052,
184.3824,
167.0599,
1351.79,
754.3439,
334.6263,
358.6057,
112.4764,
428.1721,
712.5739,
6227.792,
83.40847,
9131.053,
1455.73,
426.7408,
391.9721,
907.8477,
816.9308,
73.88367,
2009, 
637.4886,
4028.402,
259.2467,
141.6355,
3805.461,
1208.452,
388.9105,
66.22643,
190.7624,
171.5909,
1718.834,
732.4939,
636.9725,
390.0766,
88.94214,
444.7076,
533.5181,
7064.244,
67.23793,
9619.888,
1498.521,
436.5637,
411.1949,
762.9509,
1249.355,
62.70082,
2010, 
749.4678,
4280.116,
281.0609,
176.8557,
4013.159,
1446.772,
524.1846,
96.61457,
222.52,
139.386,
1821.286,
793.1315,
556.8058,
439.1347,
108.1249,
424.6527,
344.9077,
7777.889,
69.04531,
11103.98,
1532.045,
500.3414,
430.7981,
913.8853,
1245.502,
82.56384,
2011, 
874.0302,
4657.75,
266.0886,
221.1798,
4675.222,
1561.838,
549.8615,
111.7415,
232.0497,
149.8469,
1824.071,
778.2378,
498.9576,
439.7141,
100.8219,
450.8228,
286.8656,
7732.176,
67.76796,
11083.18,
1268.969,
657.6998,
455.0319,
985.7878,
1338.635,
98.18778,
2012, 
941.795,
5211.141,
361.4353,
227.7813,
4349.743,
1401.262,
549.6216,
167.8845,
247.8544,
150.6729,
1904.62,
860.7949,
541.9151,
410.0069,
106.2283,
441.5859,
501.1201,
6489.361,
93.37623,
11208.16,
1570.644,
771.2077,
358.4543,
923.8478,
1436.866,
91.86071,
2013, 
999.7598,
5251.489,
337.754,
281.7376,
4780.924,
1449.33,
613.4863,
203.881,
262.6721,
143.878,
1967.501,
878.6394,
633.7513,
416.3167,
109.0313,
456.666,
468.1068,
5518.552,
72.34627,
10062.34,
1927.887,
961.4526,
355.5891,
860.3179,
1580.168,
123.1952,
2014, 
1188.615,
5223.938,
353.5795,
273.7424,
4987.618,
1440.637,
624.9181,
174.3866,
358.9634,
152.1625,
2062.875,
830.8035,
597.3395,
393.8919,
117.9668,
466.6677,
498.3354,
5608.872,
71.83412,
10150.58,
1838.61,
984.1564,
389.2344,
976.733,
1623.66,
165.1818,
2015, 
1166.11,
5058.971,
407.9948,
271.4383,
4532.939,
1307.05,
634.2568,
157.8437,
265.7263,
147.2828,
2034.975,
875.7084,
596.5167,
369.4366,
118.0674,
491.2553,
420.3542,
5825.854,
70.47669,
10130.77,
1873.86,
963.3971,
358.8642,
997.3452,
1673.767,
151.2687,
2016, 
1149.584,
5120.298,
403.2704,
270.2825,
4741.705,
1443.444,
635.5366,
185.5047,
315.1089,
150.6444,
1946.962,
890.7484,
595.9958,
380.0455,
124.1077,
520.6336,
431.888,
6043.127,
70.12408,
10238.9,
1926.879,
1060.1,
370.4798,
993.0944,
1811.154,
151.1112,
2017, 
1182.149,
5081.177,
393.6136,
266.905,
4977.904,
1506.356,
643.9274,
212.3362,
356.8989,
145.8503,
1860.898,
892.0137,
604.521,
392.1034,
128.1616,
554.1628,
464.3704,
6185.063,
70.51064,
10354.97,
1966.869,
1104.628,
381.8633,
954.5903,
1881.382,
150.4936,
2018, 
1212.276,
5084.111,
387.0375,
261.1611,
5200.348,
1548.362,
634.7122,
240.6675,
403.8138,
151.5405,
1772.234,
907.5695,
608.4133,
399.4214,
132.84,
588.416,
489.7222,
6391.213,
70.72961,
10340.09,
1984.446,
1152.632,
381.3019,
908.3196,
1943.086,
153.6379,
2019, 
1221.217,
4851.19,
374.6535,
254.5176,
5493.174,
1599.272,
644.944,
265.2963,
451.2468,
160.6422,
1716.427,
909.2944,
612.7439,
406.132,
135.1568,
609.4656,
515.8571,
6640.285,
71.79121,
10365.52,
2025.231,
1207.425,
384.6804,
858.975,
1985.692,
158.9445,
2020, 
1235.016,
4691.053,
361.5529,
248.4015,
5716.899,
1650.608,
644.8417,
286.2413,
505.8889,
158.9805,
1641.534,
912.2693,
612.5498,
415.7895,
138.4945,
622.4495,
552.9984,
6908.322,
73.22387,
10397.07,
2045.657,
1244.335,
386.1185,
739.5012,
2019.598,
163.4717,
2021, 
1196.053,
4659.686,
353.881,
253.6875,
5731.015,
1661.194,
652.2408,
319.1813,
541.5532,
157.3551,
1573.799,
907.751,
631.7307,
404.8395,
143.2496,
636.2412,
564.1659,
6992.219,
74.1381,
10410.67,
2043.766,
1285.259,
384.8978,
738.5205,
2065.257,
169.4416,
2022, 
1136.851,
4658.077,
346.3026,
258.4771,
5703.799,
1663.275,
658.6395,
350.7278,
576.737,
157.6835,
1500.442,
901.1328,
647.471,
391.6027,
147.3976,
648.8713,
569.0887,
7077.833,
75.04892,
10426.23,
2038.939,
1323.544,
383.6553,
736.7292,
2109.682,
175.7797,
2023, 
1068.047,
4685.125,
338.8303,
262.5677,
5635.032,
1659.611,
664.3048,
380.4335,
646.315,
159.6179,
1422.701,
893.0329,
659.3796,
376.8798,
151.4639,
660.5781,
574.0007,
7162.778,
75.95612,
10441.14,
2032.562,
1359.402,
382.3924,
734.9868,
2152.538,
182.4731,
2024, 
998.4481,
4735.62,
331.5182,
266.619,
5520.063,
1649.942,
669.4388,
408.992,
732.9672,
162.9815,
1343.187,
883.8538,
669.1234,
361.2914,
155.5141,
671.6121,
578.5875,
7246.282,
76.86026,
10456.38,
2023.037,
1391.701,
381.1102,
729.6536,
2193.719,
189.502,
2025, 
949.4931,
4416.839,
280.4917,
243.8998,
6598.005,
1884.041,
556.1896,
327.5467,
505.1549,
250.0572,
1618.936,
905.9076,
719.5948,
446.8062,
186.6368,
747.24,
372.7603,
6214.491,
77.11553,
7826.576,
2099.997,
1209.324,
299.7613,
819.8546,
1621.828,
193.4613,
2026, 
966.3415,
4447.737,
279.6156,
257.163,
6403.349,
1938.274,
552.8187,
351.4861,
556.8581,
249.8486,
1579.846,
904.7492,
708.3799,
456.2105,
188.6002,
761.4628,
367.265,
6116.587,
76.03191,
7855.21,
2161.662,
1243.278,
284.884,
799.1368,
1616.727,
198.674,
2027, 
985.3965,
4467.349,
278.4198,
276.5915,
6175.741,
1992.76,
549.4449,
375.7806,
592.7702,
250.1723,
1542.237,
904.3126,
698.0109,
464.6796,
190.3322,
775.4415,
361.7229,
6018.362,
74.98843,
7883.936,
2217.163,
1282.193,
270.6819,
781.1201,
1610.987,
201.2238,
2028, 
1000.91,
4479.913,
276.7912,
299.555,
5970.842,
2048.005,
545.9268,
400.5617,
631.6191,
251.5789,
1504.31,
904.2839,
688.1649,
472.8341,
191.6968,
789.0674,
356.9359,
5921.243,
73.98655,
7913.454,
2267.683,
1349.226,
257.053,
768.4376,
1606.198,
204.1393,
2029, 
1012.813,
4491.895,
274.8458,
325.9102,
5848.425,
2106.76,
542.3593,
425.1581,
668.3264,
253.9733,
1469.3,
904.6296,
670.619,
481.2101,
192.7983,
802.4405,
353.0176,
5826.753,
73.0295,
7946.222,
2316.179,
1420.869,
244.0415,
760.8419,
1599.303,
207.4412,
2030, 
1019.77,
4503.239,
272.8003,
353.9698,
5780.848,
2167.412,
538.8065,
449.2615,
703.1389,
256.4427,
1434.411,
905.1945,
656.3056,
489.9146,
192.5485,
815.535,
350.7473,
5732.125,
72.10246,
7987.373,
2359.801,
1497.715,
231.5598,
765.0881,
1590.315,
210.3879,
2031, 
1028.215,
4482.886,
270.9978,
374.5832,
6030.539,
2253.923,
527.286,
472.4894,
732.3645,
258.0517,
1428.408,
906.6819,
656.708,
503.472,
190.681,
844.019,
353.3907,
5592.572,
71.65916,
8005.086,
2395.956,
1556.895,
218.3644,
796.4776,
1552.288,
210.0453,
2032, 
1033.423,
4453.773,
269.0597,
387.7308,
6296.94,
2345.043,
515.9994,
495.63,
760.0882,
259.1871,
1423.073,
907.6556,
657.0746,
518.0895,
190.4011,
874.5161,
356.6421,
5457.723,
71.24981,
8027.562,
2439.46,
1616.66,
205.645,
836.4008,
1518.207,
175.3638,
2033, 
1042.418,
4417.686,
267.3247,
395.9174,
6565.03,
2439.417,
505.0338,
526.5455,
785.4747,
259.2671,
1416.706,
908.2885,
656.104,
533.0922,
190.0419,
908.5306,
359.1211,
5328.725,
70.8717,
8053.713,
2489.739,
1676.183,
193.4619,
877.6933,
1495.402,
171.1343,
2034, 
1055.283,
4356.111,
270.0735,
399.6846,
6842.804,
2536.899,
494.2899,
559.9803,
809.7821,
258.2975,
1407.624,
908.4541,
652.5439,
547.7378,
187.7378,
941.3455,
360.2741,
5201.439,
70.52003,
8068.713,
2533.249,
1734.282,
181.6116,
916.9399,
1471.594,
211.5491,
2035, 
1072.119,
4287.834,
276.0414,
399.3955,
7165.887,
2637.895,
483.8467,
594.048,
851.679,
256.7549,
1399.997,
908.3156,
648.8223,
562.1672,
182.6032,
970.5699,
359.7248,
5077.035,
70.20287,
8060.877,
2577.598,
1789.479,
170.1465,
961.2529,
1447.289,
213.0833,
2036, 
1090.283,
4214.766,
287.9084,
392.8207,
7527.425,
2732.086,
484.5293,
625.6008,
893.4206,
248.6214,
1391.959,
905.3073,
645.3229,
574.2172,
176.5174,
990.2124,
356.5205,
4954.443,
68.66784,
8051.73,
2613.025,
1861.046,
161.2657,
1000.636,
1428.317,
176.131,
2037, 
1109.682,
4146.723,
302.1836,
383.3307,
7881.728,
2820.464,
484.931,
665.275,
952.9074,
243.402,
1375.684,
901.691,
641.1639,
586.1012,
167.204,
1002.18,
353.6853,
4836.837,
67.18299,
8026.066,
2657.54,
1926.682,
208.0386,
1021.155,
1407.709,
253.7314,
2038, 
1128.249,
4086.708,
318.9088,
372.1604,
8215.181,
2899.967,
484.8792,
712.6437,
1033.563,
237.5216,
1362.023,
898.2773,
636.8504,
598.4999,
157.1051,
1003.21,
351.7122,
4722.609,
65.75013,
7983.646,
2693.918,
1990.224,
240.5845,
1028.668,
1377.196,
292.3288,
2039, 
1145.666,
4052.456,
335.1014,
361.3237,
8526.116,
2975.041,
484.5611,
770.6823,
1131.097,
232.0319,
1347.645,
896.0002,
633.2847,
612.1403,
147.985,
1000.631,
349.3734,
4612.534,
64.34402,
7938.091,
2727.872,
2028.764,
262.1697,
1041.402,
1345.872,
339.5117,
2040, 
1160.703,
4019.327,
349.5907,
353.2313,
8813.05,
3035.948,
483.8655,
835.0257,
1217.543,
228.6945,
1329.244,
893.9364,
628.1917,
626.0218,
139.7733,
997.2447,
347.6992,
4503.212,
56.96571,
7897.081,
2763.149,
2072.915,
275.3371,
1047.519,
1317.538,
398.7937,
2041, 
1180.031,
3984.569,
361.7929,
350.2658,
9187.526,
3100.629,
469.483,
889.3233,
1276.619,
233.3646,
1314.398,
889.435,
620.4773,
637.7355,
134.3423,
996.5277,
342.2061,
4401.475,
49.8665,
7842.606,
2785.729,
2079.745,
283.8466,
1047.153,
1289.918,
444.4659,
2042, 
1199.573,
3953.176,
372.0627,
350.0585,
9570.157,
3164.261,
455.5036,
940.5294,
1318.359,
235.5001,
1300.613,
884.7371,
610.6559,
649.0159,
130.67,
999.5441,
336.7477,
4299.698,
44.58289,
7792.974,
2788.663,
2098.066,
241.7166,
1044.323,
1265.778,
421.9223,
2043, 
1218.435,
3917.1,
383.5301,
350.6764,
9957.293,
3228.706,
442.0521,
986.722,
1349.044,
238.6586,
1288.808,
879.928,
601.0065,
659.4752,
127.9002,
1008.257,
330.4068,
4202.936,
43.25744,
7740,
2788.152,
2126.769,
207.4934,
1032.485,
1242.674,
457.133,
2044, 
1236.369,
3885.713,
398.1871,
352.2703,
10353.78,
3310.225,
431.1729,
1024.114,
1372.182,
241.6377,
1277.945,
874.1097,
591.898,
668.803,
125.0206,
1021.073,
325.5609,
4109.521,
41.954,
7683.08,
2790.318,
2193.058,
179.3299,
1000.43,
1219.246,
520.0718,
2045, 
1253.892,
3874.123,
414.1582,
353.3367,
10725.98,
3419.507,
421.3897,
1054.134,
1388.613,
242.7144,
1268.306,
867.9566,
584.1523,
677.6608,
122.8776,
1036.8,
320.943,
4015.862,
43.84184,
7618.843,
2788.565,
2263.582,
115.8679,
955.6957,
1195.019,
496.5203,
2046, 
1266.869,
3834.813,
429.4667,
352.8646,
11098.89,
3535.842,
413.4447,
1076.923,
1399.306,
242.8875,
1261.177,
860.7906,
577.0892,
686.9644,
118.9829,
1057.646,
314.8349,
3912.398,
48.31136,
7556.434,
2780.879,
2323.806,
86.27084,
908.9336,
1167.186,
507.0215,
2047, 
1278.02,
3793.496,
445.7263,
351.9576,
11457.61,
3668.063,
405.4226,
1092.225,
1412.94,
242.7698,
1251.876,
853.6129,
571.7385,
696.9198,
115.2656,
1081.374,
309.228,
3813.842,
53.60176,
7495.036,
2774.924,
2387.648,
68.949,
860.8669,
1140.676,
550.795,
2048, 
1288.521,
3750.856,
459.4886,
350.7657,
11806.53,
3817.664,
397.3788,
1102.793,
1423.517,
242.179,
1242.268,
846.619,
566.6888,
707.4453,
111.9199,
1108.595,
303.7404,
3719.844,
53.29385,
7441.523,
2767.933,
2454.503,
57.5315,
812.2682,
1115.479,
525.0676,
2049, 
1296.605,
3707.796,
467.4725,
348.4248,
12130.72,
3966.194,
389.3136,
1110.264,
1430.502,
241.8096,
1232.363,
839.7302,
562.2713,
718.4253,
109.7906,
1139.053,
298.5038,
3628.964,
53.00723,
7395.714,
2761.704,
2520.899,
48.33341,
767.3165,
1091.411,
557.4019,
2050, 
1303.109,
3654.799,
472.2412,
344.6436,
12458.82,
4108.631,
381.2355,
1116.445,
1435.21,
242.0693,
1222.479,
832.9676,
559.0281,
729.9931,
108.3123,
1171.522,
293.4282,
3541.836,
52.73679,
7358.725,
2759.922,
2588.246,
46.71193,
727.9063,
1068.502,
566.3563,
2051, 
1307.425,
3653.395,
477.8619,
345.667,
12394.61,
4195.791,
381.3451,
1136.55,
1429.608,
245.6972,
1217.878,
825.8936,
563.259,
738.1921,
109.2707,
1204.612,
295.4497,
3560.682,
52.8278,
7328.151,
2734.604,
2621.773,
49.83218,
701.732,
1078.972,
547.8035,
2052, 
1311.868,
3645.419,
480.1465,
345.9929,
12423.78,
4269.304,
381.5024,
1155.995,
1420.479,
250.0023,
1215.554,
818.9,
568.2608,
747.4614,
110.0997,
1242.444,
297.7187,
3578.088,
52.91489,
7303.018,
2712.459,
2649.131,
52.89757,
681.4802,
1090.108,
575.0591,
2053, 
1317.66,
3635.425,
481.9446,
346.902,
12440.34,
4340.991,
381.7826,
1176.115,
1409.005,
254.9631,
1213.614,
811.885,
574.433,
757.0947,
111.2787,
1281.849,
300.1428,
3592.556,
52.99732,
7283.995,
2697.299,
2671.426,
58.02991,
670.9519,
1101.461,
579.2121,
2054, 
1325.421,
3621.596,
481.2739,
348.211,
12472.97,
4399.043,
382.0682,
1173.637,
1395.178,
260.3184,
1211.937,
804.4393,
580.1652,
765.6042,
112.0457,
1314.081,
302.7581,
3606.806,
53.07291,
7267.972,
2685.812,
2690.295,
65.46536,
667.9587,
1112.529,
585.7354,
2055, 
1335.725,
3615.4,
479.282,
350.6057,
12533.07,
4451.925,
382.2879,
1170.677,
1381.625,
266.0634,
1207.602,
797.0452,
585.8055,
772.4857,
112.4088,
1337.675,
305.497,
3620.92,
53.14579,
7253.545,
2677.556,
2706.935,
73.44189,
672.8276,
1123.403,
596.7426,
2056, 
1348.357,
3597.59,
477.0158,
353.6225,
12769.54,
4497.225,
381.966,
1172.291,
1379.814,
272.1458,
1206.526,
790.1151,
590.0871,
777.271,
112.3423,
1347.72,
308.7388,
3631.12,
53.16858,
7235.983,
2673.371,
2724.419,
80.78937,
682.5004,
1133.664,
603.2441,
2057, 
1362.183,
3581.135,
475.5301,
356.8104,
12958.12,
4539.925,
381.6751,
1175.215,
1383.234,
278.4993,
1205.541,
783.2297,
593.7375,
780.9277,
112.4366,
1348.388,
311.7397,
3638.058,
53.19126,
7212.682,
2667.455,
2739.755,
88.45773,
697.9465,
1143.625,
617.3609,
2058, 
1375.604,
3560.902,
473.3956,
359.4729,
13197.49,
4575.209,
381.3526,
1179.862,
1390.143,
285.2358,
1204.73,
776.6428,
596.4951,
784.4205,
112.0461,
1344.621,
314.4499,
3646.062,
53.20924,
7181.047,
2657.904,
2752.269,
89.55164,
716.3282,
1153.379,
631.1867,
2059, 
1389.312,
3579.169,
469.7871,
362.455,
13464.24,
4616.563,
380.9176,
1183.853,
1413.133,
292.3595,
1203.974,
769.4951,
599.4736,
789.1978,
111.5934,
1345.524,
316.8944,
3649.082,
53.22686,
7143.275,
2647.914,
2762.482,
90.64123,
737.3934,
1162.515,
643.4969,
2060, 
1403.422,
3639.213,
464.855,
365.5206,
13715.85,
4662.662,
380.5178,
1183.756,
1475.457,
299.919,
1202.822,
761.5403,
605.7826,
796.1077,
111.1527,
1354.874,
317.4268,
3649.114,
53.24259,
7101.021,
2630.134,
2771.874,
91.70729,
760.0639,
1171.238,
652.6824,
2061, 
1417.536,
3719.778,
457.9611,
368.6941,
13870.59,
4721.519,
379.0487,
1167.513,
1516.601,
308.0306,
1204.188,
753.1282,
609.2158,
804.3841,
111.3299,
1371.765,
314.4027,
3618.325,
53.47831,
7043.193,
2593.032,
2773.411,
92.16492,
784.9983,
1174.84,
650.0715,
2062, 
1432.842,
3823.907,
450.4487,
371.3148,
13991.58,
4774.895,
377.7267,
1149.446,
1554.191,
316.3473,
1207.027,
746.9989,
616.379,
814.0212,
111.5208,
1394.634,
310.7918,
3589.056,
53.71088,
6988.814,
2556.395,
2774.642,
92.60874,
810.3566,
1178.712,
645.6848,
2063, 
1449.227,
3959.176,
442.0576,
373.9181,
14094.21,
4819.01,
377.3967,
1129.35,
1582.9,
324.2903,
1211.988,
743.8264,
626.9168,
824.5584,
112.494,
1421.952,
306.5218,
3561.373,
53.94601,
6941.154,
2521.261,
2778.242,
93.11132,
835.1132,
1182.516,
641.209,
2064, 
1466.784,
4087.156,
435.9082,
375.7506,
14184.81,
4854.931,
377.215,
1110.58,
1603.2,
331.794,
1217.755,
741.0969,
638.9008,
835.7864,
114.195,
1452.288,
302.2832,
3533.08,
54.18122,
6898.619,
2485.795,
2783.971,
93.52182,
860.7144,
1187.005,
638.2355,
2065, 
1484.791,
4210.25,
431.6448,
377.3967,
14289.82,
4887.269,
377.0668,
1093.773,
1613.902,
338.8378,
1225.857,
737.8377,
647.7535,
847.2836,
116.2881,
1483.582,
299.2809,
3505.064,
54.41619,
6861.69,
2455.938,
2791.474,
126.7849,
886.2975,
1192.967,
636.8216,
2066, 
1503.541,
4324.716,
429.0254,
378.4906,
14411.78,
4914.65,
378.8023,
1074,
1616.299,
345.5733,
1234.938,
731.9762,
652.7139,
858.4644,
118.9087,
1516.784,
296.2046,
3479.937,
62.12904,
6826.675,
2430.222,
2800.298,
154.4131,
910.8009,
1209.654,
638.5417,
2067, 
1522.822,
4437.653,
427.6876,
380.3329,
14562.06,
4945.193,
380.3587,
1054.306,
1626.633,
351.6061,
1246.384,
725.6246,
653.6729,
869.103,
121.9473,
1550.339,
293.6672,
3454.805,
62.0961,
6787.451,
2407.904,
2810.875,
176.7898,
933.3237,
1227.067,
631.9753,
2068, 
1544.491,
4536.995,
427.2339,
382.2124,
14746.65,
4970.056,
380.9377,
1034.088,
1625.556,
356.9836,
1257.266,
718.8062,
650.3837,
879.1769,
124.9336,
1583.122,
291.8346,
3430.976,
62.06207,
6743.572,
2384.648,
2821.652,
177.7125,
952.2823,
1245.24,
629.6543,
2069, 
1567.514,
4617.151,
428.0811,
384.7511,
14955.28,
4991.609,
381.3706,
1016.168,
1620.737,
361.5329,
1269.82,
711.8281,
639.8539,
888.4854,
127.7286,
1613.948,
289.9733,
3409.297,
62.02304,
6693.888,
2365.007,
2833.82,
178.7727,
964.6937,
1263.54,
631.486,
2070, 
1593.166,
4677.354,
433.3526,
387.6426,
15176.8,
5005.38,
381.7689,
1001.193,
1617.764,
365.1804,
1277.883,
706.1715,
627.4039,
896.8126,
130.3096,
1641.939,
287.8927,
3388.705,
61.9832,
6638.49,
2350.404,
2845.787,
145.4466,
969.9215,
1281.121,
626.1277,
2071, 
1617.624,
4727.804,
438.4229,
390.6917,
15352.32,
5020.064,
379.2963,
982.5644,
1615.385,
367.262,
1281.192,
697.899,
602.5641,
903.3461,
132.1485,
1663.651,
285.6506,
3382.879,
53.53334,
6560.5,
2319.48,
2856.194,
117.9541,
965.6979,
1293.255,
641.1729,
2072, 
1642.591,
4762.269,
445.7171,
393.599,
15535.24,
5034.154,
377.3355,
952.8954,
1611.373,
368.7555,
1280.385,
689.1422,
575.7363,
909.1159,
133.662,
1680.538,
283.926,
3378.28,
52.97252,
6484.917,
2289.825,
2866.986,
95.87768,
957.0196,
1304.776,
647.955,
2073, 
1666.137,
4782.019,
454.7326,
396.834,
15699.83,
5044.979,
375.6289,
917.3032,
1605.855,
370.1157,
1280.684,
680.1025,
547.1954,
914.3329,
134.7894,
1693.126,
282.6151,
3375.148,
52.40916,
6413.263,
2261.359,
2876.833,
96.13075,
947.2675,
1316.054,
661.5699,
2074, 
1688.742,
4791.745,
464.7259,
400.1421,
15851.01,
5062.351,
374.2802,
875.3273,
1602.179,
371.6231,
1280.701,
670.8647,
521.2348,
919.3208,
135.6318,
1702.218,
281.5184,
3371.035,
51.8448,
6347.469,
2229.472,
2884.122,
96.37789,
938.491,
1327.485,
677.4777,
2075, 
1709.063,
4794.29,
472.3891,
403.296,
15988.89,
5085.811,
373.2737,
832.2502,
1595.835,
373.4256,
1284.687,
661.2435,
495.2966,
924.3196,
136.6133,
1709.118,
281.2592,
3364.468,
51.27999,
6303.306,
2191.778,
2891.887,
96.65484,
931.5319,
1338.126,
693.0513,
2076, 
1727.664,
4792.625,
478.0356,
406.5219,
16106.26,
5117.637,
371.9232,
794.0818,
1601.319,
375.7285,
1290.277,
651.0139,
475.4579,
929.2872,
137.5811,
1714.567,
281.7003,
3362.706,
51.15337,
6276.981,
2153.725,
2899.958,
96.21708,
926.8391,
1340.596,
708.5278,
2077, 
1744.67,
4787.843,
482.3826,
409.2902,
16206.53,
5154.684,
370.4329,
755.0163,
1607.22,
378.2474,
1297.298,
641.0026,
457.0429,
934.3447,
138.9527,
1719.399,
282.2545,
3360.072,
51.02452,
6266.093,
2112.061,
2907.979,
95.77701,
922.8319,
1342.58,
722.592,
2078, 
1760.052,
4781.489,
485.7713,
412.1011,
16291.52,
5190.171,
368.6852,
713.4387,
1606.082,
380.9085,
1302.549,
631.1817,
441.8595,
939.5581,
140.6243,
1723.373,
283.0118,
3357.311,
50.89486,
6264.622,
2068.108,
2916.232,
95.31274,
918.6355,
1343.97,
736.83,
2079, 
1773.814,
4773.922,
488.2199,
414.4283,
16366.48,
5222.182,
366.897,
671.9907,
1605.103,
383.5759,
1305.835,
621.258,
427.281,
944.8379,
141.4437,
1727.393,
284.2206,
3353.436,
50.76299,
6262.112,
2023.013,
2924.708,
94.86128,
913.8786,
1345.134,
749.8749,
2080, 
1786.313,
4765.055,
489.353,
417.0932,
16436.72,
5250.639,
364.7712,
628.4296,
1586.047,
386.1879,
1307.887,
611.433,
414.0006,
950.18,
141.6121,
1731.712,
284.8262,
3350.117,
50.63002,
6241.41,
1977.304,
2930.343,
74.08648,
908.3322,
1346.921,
765.3896,
2081, 
1793.26,
4745.086,
486.4998,
418.8144,
16506.41,
5258.381,
365.8205,
574.2086,
1571.596,
387.9817,
1306.394,
604.206,
401.9538,
952.848,
141.2256,
1738.511,
282.0005,
3343.874,
50.53671,
6200.348,
1924.378,
2930.849,
63.58105,
900.7572,
1353.451,
783.8369,
2082, 
1800.047,
4743.174,
482.5859,
420.8898,
16579.4,
5260.952,
366.3684,
520.5844,
1549.102,
389.6443,
1304.435,
597.0628,
391.0416,
955.4413,
140.2357,
1745.515,
278.4595,
3340.334,
50.44471,
6161.316,
1873.365,
2928.713,
57.19952,
892.931,
1360.386,
800.9424,
2083, 
1806.835,
4742.841,
477.8784,
422.9573,
16666.36,
5267.392,
366.141,
466.2979,
1525.493,
391.3215,
1300.047,
589.6005,
379.9195,
957.916,
138.7622,
1754.063,
274.4854,
3335.818,
50.35326,
6113.344,
1822.174,
2923.486,
52.84547,
885.5286,
1368.249,
815.6223,
2084, 
1813.673,
4744.417,
472.6432,
425.4142,
16759.55,
5283.219,
366.062,
411.3395,
1505.907,
392.9698,
1295.623,
582.1935,
370.0819,
960.1968,
138.0756,
1763.682,
270.4273,
3331.313,
50.26252,
6065.281,
1772.995,
2916.615,
49.62499,
879.8235,
1376.441,
826.6252,
2085, 
1821.26,
4748.204,
467.2209,
427.5397,
16842.05,
5311.409,
366.1805,
356.2673,
1483.094,
394.5658,
1291.332,
574.785,
360.3489,
962.2218,
137.9407,
1774.043,
266.7764,
3324.973,
50.17599,
6019.481,
1726.294,
2911.096,
52.42306,
876.2737,
1384.829,
834.7315,
2086, 
1829.157,
4747.929,
462.633,
429.8061,
16914.14,
5354.356,
365.6352,
303.0599,
1459.739,
396.1911,
1285.66,
567.455,
350.4049,
964.0027,
138.3587,
1785.068,
262.8949,
3318.023,
50.03196,
5973.423,
1682.193,
2908.467,
56.38677,
876.5821,
1397.245,
833.6664,
2087, 
1835.376,
4748.413,
458.5273,
432.2155,
16970.94,
5407.62,
365.5113,
245.1568,
1440.25,
397.8997,
1276.703,
560.1325,
340.0742,
965.5796,
139.1052,
1796.577,
259.3272,
3310.049,
49.88799,
5916.06,
1638.577,
2907.843,
60.29034,
878.4579,
1409.777,
833.3919,
2088, 
1840.8,
4749.343,
455.0223,
434.6498,
17013.77,
5463.222,
366.2197,
185.7264,
1423.525,
399.4849,
1264.928,
552.7059,
329.3161,
966.9716,
140.246,
1808.317,
256.6178,
3300.249,
49.74377,
5858.709,
1597.986,
2909.87,
64.01858,
881.6448,
1421.775,
833.8793,
2089, 
1845.852,
4751.239,
452.1296,
437.295,
17058.33,
5514.107,
366.7342,
125.9001,
1404.889,
401.1816,
1250.847,
544.895,
318.2591,
968.2335,
141.7143,
1820.141,
254.6011,
3291.6,
49.59932,
5802.931,
1556.491,
2913.704,
67.5481,
885.3621,
1433.721,
835.1991,
2090, 
1850.471,
4756.877,
449.7251,
440.2793,
17115.54,
5560.148,
367.0212,
61.65186,
1386.677,
403.0139,
1234.618,
536.9553,
307.9131,
969.3782,
143.4167,
1832.32,
253.1885,
3283.231,
49.45246,
5748.093,
1515.784,
2917.436,
70.85661,
888.3463,
1445.597,
837.3135,
2091, 
1851.563,
4749.192,
444.3366,
443.5907,
17156.82,
5594.094,
366.0433,
0,
1375.644,
405.0472,
1213.909,
531.8965,
298.3811,
969.8293,
145.2156,
1849.493,
252.3715,
3279.435,
49.79758,
5687.996,
1474.757,
2915.515,
73.60139,
889.1483,
1452.899,
837.6976,
2092, 
1853.944,
4742.114,
436.5774,
447.2607,
17215.26,
5623.646,
365.0139,
0,
1368.855,
407.202,
1195.452,
526.5358,
289.2293,
970.2648,
147.1378,
1867.638,
251.9439,
3276.292,
50.14797,
5627.238,
1433.97,
2913.788,
76.04774,
889.6669,
1460.212,
838.894,
2093, 
1856.872,
4734.757,
426.5763,
450.4883,
17282.86,
5646.935,
363.9273,
0,
1366.821,
409.4887,
1178.678,
520.8411,
280.8816,
970.7001,
149.4965,
1884.285,
251.2421,
3275.29,
50.50315,
5565.96,
1392.584,
2912.35,
78.24036,
890.3413,
1467.564,
841.3292,
2094, 
1860.216,
4727.098,
414.7131,
453.4581,
17348.55,
5665.276,
362.7066,
0,
1368.078,
412.1267,
1163.304,
515.1624,
273.2691,
971.2446,
151.4075,
1901.291,
250.1841,
3275.66,
50.86481,
5503.992,
1348.906,
2910.705,
80.10879,
893.0533,
1474.944,
844.6273,
2095, 
1863.268,
4728.258,
401.3686,
456.0097,
17416.94,
5678.914,
361.4899,
0,
1369.649,
415.1963,
1149.142,
509.196,
265.613,
971.4924,
153.356,
1918.216,
248.835,
3277.863,
51.23418,
5440.148,
1303.469,
2909.113,
81.69437,
899.4353,
1482.388,
848.8864,
2096, 
1866.634,
4720.814,
389.8999,
458.5966,
17476.38,
5683.486,
361.3074,
0,
1365.749,
418.7868,
1137.35,
503.613,
258.9131,
971.8709,
154.8802,
1934.668,
247.7094,
3282.737,
51.14055,
5373.414,
1256.916,
2907.458,
82.9003,
907.8908,
1487.128,
857.2642,
2097, 
1872.321,
4713.18,
380.1482,
461.1571,
17532.93,
5685.405,
361.1489,
0,
1351.169,
423.057,
1126.193,
498.0882,
252.4224,
972.9236,
156.0164,
1950.896,
246.4,
3286.767,
51.04848,
5302.101,
1208.665,
2904.696,
83.88243,
920.0427,
1492.747,
866.3979,
2098, 
1880.276,
4709.288,
371.9499,
463.7868,
17552.36,
5686.338,
360.9595,
0,
1326.76,
427.7713,
1115.276,
492.7111,
245.3045,
974.6384,
156.5956,
1967.725,
244.8673,
3291.774,
50.95746,
5238.049,
1157.448,
2897.826,
84.65881,
935.8971,
1500.065,
876.0352,
2099, 
1891.004,
4710.265,
365.1023,
466.1922,
17544.75,
5688.937,
360.7533,
0,
1297.684,
432.5487,
1104.78,
487.2429,
237.8809,
976.4351,
157.7627,
1984.566,
244.5081,
3296.269,
50.86409,
5176.152,
1105.916,
2888.673,
85.30074,
952.2889,
1508.893,
886.5125,
2100, 
1905.141,
4716.757,
359.1324,
468.1585,
17517.93,
5693.539,
360.5359,
0,
1269.212,
437.4701,
1094.885,
482.1024,
230.5708,
979.0854,
158.561,
2002.234,
244.6509,
3301.598,
50.77127,
5121.331,
1053.841,
2872.826,
85.76527,
965.998,
1518.935,
895.52];
