real main.em.dem.agr.frt.Pprod2[27](t) = [1971, 
550114.1,
4036719,
212472.5,
12696.24,
319559.9,
52467.7,
501895.8,
19234.84,
0,
301224.6,
5599707,
1946482,
65061.39,
1088583,
606120.5,
1910239,
159314.5,
363092,
206405,
1406370,
88510.22,
0,
568590.1,
1085292,
3893.177,
85782.05,
2.118983e+07,
1972, 
648058.4,
4659998,
241188.5,
13207.01,
453923.2,
66697.68,
581177.8,
22288.35,
0,
365538,
5923586,
2070639,
83715.19,
1196178,
675843.3,
2106890,
177581.9,
359963.1,
218737.5,
1611371,
97602.53,
0,
616499.8,
1445605,
4601.752,
74035.09,
2.371493e+07,
1973, 
750560.5,
5108400,
269130.9,
15332.33,
382759.8,
68415.44,
586358.8,
21283.4,
0,
334634.2,
6269514,
2202055,
97544.21,
1303265,
728808.1,
2295711,
224851.6,
357613,
239892.8,
1860076,
107146.5,
0,
690585.4,
1476368,
4302.74,
83366.15,
2.547797e+07,
1974, 
734340.6,
4723858,
256640.7,
17245.88,
486233.3,
75982.76,
602335,
27660.53,
3.490046,
328935.1,
5462942,
2268949,
78353.55,
1459465,
793297,
2554826,
230128.2,
284958.7,
288132.2,
1611766,
114575.4,
12694.76,
621044.7,
944892.3,
7023.302,
76212.08,
2.406249e+07,
1975, 
729393.5,
5462645,
323428.6,
14642.61,
579316.3,
60334.2,
653585.9,
34684.2,
7.677585,
358372.2,
5315458,
2362909,
152980.5,
1767409,
933805.9,
3076876,
253538.5,
332861.7,
314793.8,
1680450,
111360.9,
23682.4,
568212.3,
1003068,
15654.85,
74855.3,
2.620433e+07,
1976, 
724755.5,
5967862,
278379.8,
15534.71,
814818.8,
75611.02,
728002.6,
41873.43,
10.13346,
374895,
5689489,
2482635,
277831.1,
1766693,
940361.9,
3085025,
235324.9,
432627.7,
271954,
1224648,
100024.1,
32084.64,
633333,
1210555,
23542.56,
78991.16,
2.750686e+07,
1977, 
846220.9,
5688811,
280138.7,
13946.82,
1038160,
75428.98,
797672.8,
32576.65,
12.61934,
356009.7,
5739775,
2594807,
351962.8,
1856404,
983450.1,
3238183,
247779.7,
525808.4,
363795.4,
1636859,
111220.5,
41160.99,
665701.8,
1434802,
39552.37,
76197.62,
2.903644e+07,
1978, 
820725.4,
6350938,
285246.3,
13765.15,
1092604,
80923.95,
806557.6,
28385,
13.07468,
407366.5,
6239752,
2692727,
479638.2,
1967257,
1028616,
3422977,
213172.7,
737921.8,
383113,
1178242,
131196.1,
64688.06,
684548.6,
1227755,
54052.59,
72977.2,
3.046516e+07,
1979, 
738174.8,
6337509,
258895.9,
12590.6,
1290240,
103424.9,
882251.4,
27793.44,
17.03583,
446940.6,
6286529,
2711507,
452123.2,
1974557,
1026319,
3447335,
324859.9,
708024.3,
430936.7,
1916392,
108718.4,
86694.88,
727208.1,
1246241,
70072.66,
61952.91,
3.167731e+07,
1980, 
746481.1,
6531338,
258902.6,
12844.18,
1644369,
99033.68,
967756.6,
29967.96,
30.99565,
468026.2,
5725247,
2532442,
386864.6,
1834920,
951533.3,
3198409,
364120.9,
798821.9,
442416.7,
2473984,
95015.45,
183317.7,
598146,
1082512,
84053.67,
83933.5,
3.159449e+07,
1981, 
700739.9,
6124725,
335594.6,
12751.36,
1154608,
81076.85,
983491.9,
27216.38,
49.54093,
561507.7,
5350928,
2769002,
421865.6,
1900482,
963859.9,
3297293,
334862,
885251.9,
474146,
2634707,
89210.64,
245517.3,
604549.4,
1024616,
95729.38,
76582.7,
3.115036e+07,
1982, 
673405.9,
5634106,
347902.7,
10902.65,
1127486,
84020.57,
1018644,
24802.43,
41.74059,
517040.6,
5296882,
2694477,
503619.6,
1944837,
970946.3,
3366166,
440736.4,
887735.1,
454014.3,
2685343,
81541.53,
368903.9,
613313.8,
901531.9,
119275,
65110.73,
3.083278e+07,
1983, 
687789,
6686155,
266396.6,
11251.16,
999533.7,
83299.41,
1126378,
22017.34,
56.88784,
403234.9,
5339905,
2884477,
617122.2,
2024071,
998140.9,
3504423,
500436.6,
1044945,
525773.8,
3042267,
87041.23,
369548.9,
644594.6,
857707.4,
139258.9,
64542.17,
3.293037e+07,
1984, 
687634.6,
6703804,
316012.9,
11573.9,
1496729,
100899.4,
1307214,
31287.57,
45.26182,
431743.3,
5055673,
2968465,
519773.9,
2028469,
1023534,
3641663,
573048.2,
1366293,
544056.4,
3063796,
91749.32,
422513,
624461.3,
820212.3,
148366.1,
55711.01,
3.403472e+07,
1985, 
605295.1,
6352325,
350081.8,
10925.63,
1219753,
111625.1,
1431003,
33385.68,
39.49941,
381578.6,
4811129,
2773784,
434436.4,
2242935,
1149176,
4162285,
617470.7,
1532588,
535220.3,
2262973,
103205.5,
465321,
569621.5,
713890.8,
153878.7,
64099.81,
3.308803e+07,
1986, 
570923.2,
6378930,
363034.4,
11443.69,
1510566,
126739.3,
1567618,
37215.68,
42.21505,
356319.1,
4703409,
2864817,
461126.7,
2375381,
1252073,
4590353,
631558.9,
1635527,
555912.8,
2283721,
116404.5,
525748.3,
562934,
673894.8,
171663.8,
58303.78,
3.438566e+07,
1987, 
544692.1,
6842110,
392435.6,
11774.25,
1447328,
136437.3,
1752265,
40872.27,
40.16344,
302724.7,
4541528,
2685783,
504914.3,
2363090,
1283850,
4757386,
706750.6,
1293518,
584029.4,
3393864,
119892.2,
535788.9,
548294.2,
734334.8,
165694.4,
63833.19,
3.575323e+07,
1988, 
511361.8,
7219438,
359656.9,
11257.25,
1311266,
129657.9,
1907741,
55165.45,
38.34657,
343034.8,
4334490,
2730229,
410946.6,
2299875,
1281645,
4817301,
797887.8,
1859062,
599761.9,
3909426,
153669.6,
595502.2,
496590.3,
654337.3,
168916.6,
61859.65,
3.702012e+07,
1989, 
491327.1,
7597817,
330497.1,
10371.2,
1101174,
106826.3,
1957733,
59461.96,
32.24147,
318943.6,
4129549,
2692146,
487935.3,
2122024,
1220307,
4660160,
851215.3,
2138289,
631132.1,
4000027,
157969.8,
581872.6,
475214,
640564.1,
170581.2,
57841.19,
3.699101e+07,
1990, 
450929.2,
7562129,
356241.8,
9502.354,
992335,
91315.24,
2052143,
68184.96,
24.98507,
308901.9,
3578041,
1810762,
493032,
1712583,
1292095,
4807959,
935920.2,
2213919,
605257.6,
4448922,
210899.8,
577431.4,
428862.9,
431406.5,
168909,
53542.94,
3.566125e+07,
1991, 
446379,
7861217,
370134.5,
8320.208,
1022763,
84864.13,
2157731,
75971.45,
15.09365,
299149.3,
3201115,
932570.3,
472435.3,
1394409,
1048484,
4092324,
838842.3,
2337348,
606101.3,
5549251,
212490,
578093.2,
410778.2,
463170.3,
164081.7,
54551.93,
3.468259e+07,
1992, 
448151,
7999608,
297561.3,
6190.735,
1051815,
78554.73,
2125589,
85366.05,
7.868356,
283730.8,
2783584,
856042.8,
486433.9,
670241.6,
739530.9,
2105258,
929224.3,
1985498,
563310.1,
5284309,
245013.2,
596785.3,
390656.3,
519817,
179421.5,
50299.01,
3.0762e+07,
1993, 
440294,
8045592,
322701.5,
6365.653,
1223908,
81530.3,
2167092,
105554.4,
0,
341198.7,
2615250,
790258.9,
562041.2,
380180.7,
577940.5,
1465293,
811259.9,
1842800,
558410.6,
4240969,
297921.8,
546458.8,
384038.8,
475042.1,
155477.7,
48633.93,
2.848621e+07,
1994, 
425681.5,
8034370,
354683.6,
5264.265,
1368852,
76554.35,
2237645,
58990.71,
0,
293598,
2629055,
790257.7,
318221.2,
152291.6,
254473.7,
1011146,
871549.6,
2081720,
479101.9,
5699275,
331333.8,
515996.3,
359258.9,
530467.2,
145790.8,
40881.56,
2.906646e+07,
1995, 
425454.5,
8236976,
161757.3,
6020.289,
1069558,
75794.48,
2330711,
61536.96,
0,
293330.3,
2460030,
923571.8,
416414.7,
143181,
237046,
1286575,
823381.8,
2105432,
485154.4,
7044262,
444352.5,
377877.5,
311353.2,
586764.2,
160231.9,
48398.47,
3.051516e+07,
1996, 
435245.5,
8210365,
248793.9,
5232.758,
1126839,
97132.58,
2363337,
46338.82,
0,
307952.3,
2546279,
970832.6,
417058.7,
151551.8,
296536.4,
1494333,
907320.8,
2213502,
463348.3,
6520766,
490230.6,
320149.4,
290273.3,
635710.7,
134605.9,
53911.38,
3.074765e+07,
1997, 
423779.6,
8324161,
189414,
5115.836,
1270228,
92969.03,
2508870,
48959.89,
0,
285152.1,
2367115,
955131.4,
429295.3,
127255.5,
222786.4,
1677521,
918258.6,
2973470,
480185.9,
7572034,
523647.2,
266139.4,
271739.7,
670039.4,
163072.1,
64070.53,
3.283041e+07,
1998, 
375628.1,
7795288,
195452.3,
3976.867,
1228900,
87787.12,
2475431,
50879.09,
0,
277494.9,
2269107,
939870.9,
509156,
105178.9,
210662.8,
1793796,
962269.5,
3191477,
436010.1,
7843675,
550402.7,
336189,
247815.1,
713692.7,
153661.8,
65077.87,
3.281888e+07,
1999, 
357952.4,
7681807,
180539.9,
3063.619,
1130478,
80723.64,
2499550,
48532.92,
0,
292270.7,
2164057,
915257.7,
465669.7,
52782.16,
200230.9,
1906505,
1024341,
3799485,
449414.7,
7505423,
592692.7,
295414.2,
241292.1,
778517.4,
193120.8,
70808.39,
3.292993e+07,
2000, 
316752,
7326098,
162919.1,
2465.815,
1189253,
75747.68,
2406677,
39200.32,
0,
255621.4,
1861065,
925548.6,
497054.4,
75073.89,
175588.9,
2092541,
1114987,
3436916,
403215.5,
7206836,
593537.6,
236642.9,
237557.3,
808152.5,
215761,
80813.59,
3.173602e+07,
2001, 
300100.1,
7514820,
173492.6,
1789.719,
1279469,
75849.32,
2432931,
36218.13,
0,
278716.5,
1762580,
1045776,
345311.8,
59972.64,
190484.5,
2326692,
1020178,
3611489,
347373.1,
7661961,
622267.2,
244438.9,
199674.5,
899349.9,
207134.3,
64500.75,
3.270257e+07,
2002, 
294940.8,
6817728,
125330.3,
476.1627,
1354927,
51998.84,
2356042,
33523.48,
0,
338847.6,
1692468,
1062456,
349162.1,
54324.12,
213658.7,
2433561,
1048270,
3378759,
384156.7,
8553289,
595182.4,
309557.1,
173797,
819208.3,
208932.9,
126580.6,
3.277718e+07,
2003, 
291982.5,
7250965,
76211.3,
0,
1665306,
63740.61,
2569521,
42543.62,
0,
278928.3,
1681127,
1117983,
405052.3,
38092.96,
170974.8,
2779933,
1124649,
3525317,
288386.7,
8974540,
714721.7,
283660.9,
197592.1,
845294.8,
201569.2,
112359.7,
3.470045e+07,
2004, 
253555.1,
7306143,
125943.5,
0,
1742590,
82525.81,
2693476,
38550.38,
181.1878,
308746.6,
1603624,
1155141,
437572.3,
54596.33,
192981,
2888092,
1240991,
3877279,
292605.7,
9921719,
783650.3,
339876.5,
194424.2,
845931.2,
248984.3,
82804.37,
3.671198e+07,
2005, 
265264.5,
6835847,
206688.8,
0,
1247912,
91712.98,
2564390,
27816.39,
265.2953,
232192.3,
1391457,
1169321,
447749.8,
73955.69,
130809.6,
2667546,
1345677,
4294394,
294712.8,
1.018212e+07,
640659.6,
351351.8,
186213.7,
801736,
310856.6,
72952.87,
3.58336e+07,
2006, 
195684.1,
6740809,
224867.4,
0,
1420366,
108307,
2563974,
27925.81,
392.2317,
274251.4,
1360445,
1105215,
453752,
124195.3,
124267.2,
2695907,
1592947,
4447944,
222153.2,
1.070805e+07,
658144.4,
385656.4,
176186.7,
737946.8,
362313.3,
73036.7,
3.678473e+07,
2007, 
281425.5,
6624531,
205421.9,
0,
1818511,
144643.8,
2591257,
15967.8,
711.3516,
257782.3,
1393648,
1202514,
386146.1,
166548,
120999.7,
2706534,
1525772,
4341840,
231708.8,
1.082141e+07,
717787.4,
387242.3,
168416,
746212.7,
231807.2,
42929.01,
3.713176e+07,
2008, 
226557.5,
5248630,
159998,
0,
1452601,
134419.8,
2302255,
9454.893,
889.8477,
231665.9,
742492.6,
980636.8,
245900.7,
186582.9,
116242.6,
2294242,
1322218,
4928938,
161180.5,
1.02553e+07,
678064.6,
306782,
124795.8,
608624.9,
236401.8,
36512.28,
3.299139e+07,
2009, 
231997.3,
6027872,
261598.2,
0,
1843149,
133070.1,
2435992,
6660.857,
1104.766,
243598.2,
937895.6,
949259.7,
468762.4,
207337.1,
91526.14,
2467939,
1277749,
5466343,
140794,
1.140335e+07,
671981.9,
302732.4,
127806.6,
512774.7,
380302.9,
24788.7,
3.661638e+07,
2010, 
265022.6,
6287956,
317417.3,
0,
1915484,
169866.3,
2718117,
7287.903,
1503.465,
216390.3,
987227.1,
985184.2,
410362.1,
238343.6,
96845.09,
2524796,
1213391,
5881376,
132986.6,
1.354131e+07,
660418.9,
334224.2,
130642.1,
615761.1,
397839.2,
24481.14,
4.007424e+07,
2011, 
300058.9,
6588663,
343972.4,
0,
2198562,
194768.7,
2820615,
5619.315,
1791.832,
229363.7,
982154.4,
933125.5,
368262.6,
243595.3,
81341.09,
2550129,
1263005,
5710428,
117715.5,
1.421825e+07,
524985.6,
422598.8,
134550.5,
665873.7,
447695.7,
19409.21,
4.136653e+07,
2012, 
313613.6,
6910433,
461943.8,
0,
2014869,
184965.4,
2716177,
4221.331,
2153.106,
226362.3,
1018652,
965941.6,
400548.3,
231741.6,
73158.05,
2372317,
1507503,
4678114,
125263.7,
1.477275e+07,
622524.8,
475903.7,
103282.5,
625595.9,
502132,
9079.256,
4.131924e+07,
2013, 
322608.7,
6842489,
485082.3,
0,
2180930,
201882.3,
2844939,
0,
2535.364,
221636,
1045183,
939480.1,
469106.2,
239982.5,
63140.5,
2364814,
1588158,
3880931,
87637.34,
1.437702e+07,
730650.2,
568831.1,
99768.13,
584029.6,
575947.1,
0,
4.071678e+07,
2014, 
383549.7,
6874888,
506459.3,
0,
2275218,
200671.4,
2940455,
0,
3464.786,
232850.5,
1095848,
893936.8,
442154,
227055.9,
68315.08,
2446717,
1660591,
3944448,
87701.38,
1.462784e+07,
696815.3,
582263.5,
109208.1,
663058.4,
591799.2,
0,
4.155531e+07,
2015, 
376287.7,
6650012,
555326.9,
0,
2067806,
182063.6,
2865768,
0,
2564.843,
225042.7,
1081027,
936550.7,
441544.9,
212958.8,
68373.36,
2399453,
1540434,
4097041,
85768.16,
1.444555e+07,
710174.5,
569981.6,
100687,
677051,
610062.7,
0,
4.090153e+07,
2016, 
370955.1,
6779581,
556921.6,
0,
2163039,
201062.5,
2962759,
0,
3041.494,
231739.6,
1034272,
954200.3,
441159.4,
219074.3,
71871.34,
2510675,
1600009,
4249839,
86071.41,
1.473875e+07,
730268.3,
627194.6,
103946.1,
674165.4,
660138.2,
0,
4.197074e+07,
2017, 
381463.3,
6790847,
551930.9,
0,
2270787,
209825.7,
3041822,
0,
3444.859,
229408.2,
988553.4,
957392.4,
447469.8,
226024.9,
74218.97,
2604637,
1667964,
4349655,
86942.26,
1.499147e+07,
745424.1,
653539.1,
107139.9,
648026.7,
685735.1,
0,
4.271372e+07,
2018, 
391184.6,
6839554,
549593.4,
0,
2372260,
215676.8,
3096804,
0,
3897.691,
237335.4,
941452.6,
974698.6,
450350.9,
230243.3,
76928.21,
2693787,
1725539,
4494631,
87601.14,
1.510071e+07,
752085.6,
681939.7,
106982.4,
616615.8,
708225.4,
0,
4.33481e+07,
2019, 
394070,
6661224,
542264.5,
0,
2505839,
222768.2,
3183602,
0,
4355.524,
249105.1,
911806.9,
978511,
453556.4,
234111.6,
78269.89,
2780309,
1790106,
4669791,
89187.41,
1.52742e+07,
767542.5,
714357.7,
107930.3,
583117.9,
723754.4,
0,
4.391978e+07,
2020, 
398522.7,
6544171,
533153.6,
0,
2607897,
229919,
3243929,
0,
4882.941,
249549.1,
872021.6,
983133.6,
453412.8,
239678.6,
80202.8,
2844966,
1857579,
4858288,
91034.16,
1.542259e+07,
775283.8,
736194.6,
108333.8,
502012.7,
736112.7,
0,
4.437286e+07,
2021, 
385949.7,
6527896,
526879.3,
0,
2614336,
231393.5,
3272494,
0,
5227.179,
248661.3,
836039.2,
979192.3,
467610.5,
233366.6,
82956.49,
2876858,
1879370,
4917289,
92093.43,
1.547712e+07,
774567.3,
760407.1,
107991.3,
501347,
752754.7,
0,
4.45518e+07,
2022, 
366846.1,
6533926,
520008.2,
0,
2601921,
231683.4,
3289607,
0,
5566.781,
249363,
797070.4,
972866.3,
479261.6,
225736.3,
85358.6,
2898650,
1889671,
4977497,
93077.67,
1.551339e+07,
772737.8,
783058,
107642.7,
500131,
768946.9,
0,
4.466402e+07,
2023, 
344643.9,
6567361,
513127.3,
0,
2570551,
231173,
3304229,
0,
6238.361,
251609.5,
755772.4,
965010.6,
488076.4,
217249.4,
87713.44,
2918016,
1899079,
5037235,
94046.25,
1.554562e+07,
770321.1,
804272.8,
107288.4,
498948.2,
784567.4,
0,
4.476215e+07,
2024, 
322185.5,
6621105,
506116,
0,
2518105,
229826.2,
3313921,
0,
7074.746,
255132,
713532.7,
955955.7,
495288.8,
208263.6,
90058.94,
2932947,
1905953,
5095959,
94981.62,
1.556967e+07,
766711,
823382,
106928.6,
495327.7,
799577,
0,
4.4828e+07,
2025, 
306388.3,
6287693,
453734.8,
0,
3009833,
262434.7,
3180152,
0,
4875.856,
341492.6,
860016.9,
977450.1,
532648.1,
257557.9,
108082.2,
2991028,
1689826,
4370351,
95096.28,
1.290019e+07,
795878.2,
715481.2,
84104.45,
556560.9,
591131.5,
0,
4.137201e+07,
2026, 
311825.1,
6323022,
453269,
0,
2921037,
269989.1,
3182995,
0,
5374.905,
341500.5,
839251.9,
976461.1,
524346.8,
262978.9,
109219.2,
3010565,
1687450,
4301500,
94055.23,
1.294084e+07,
819248.7,
735569.8,
79930.31,
542496.6,
589272.4,
0,
4.13222e+07,
2027, 
317973.9,
6343108,
452117,
0,
2817208,
277578.6,
3180285,
0,
5721.536,
341847.4,
819273.1,
976042.6,
516671.5,
267860.9,
110222.2,
3025111,
1682241,
4232423,
93016.3,
1.297085e+07,
840283,
758593.4,
75945.61,
530265.9,
587180.3,
0,
4.122182e+07,
2028, 
322979.8,
6360175,
450905.4,
0,
2723738,
285273.8,
3183084,
0,
6096.513,
343474.1,
799125.1,
976186.1,
509383.4,
272561.5,
111012.5,
3044139,
1680625,
4164124,
92057.71,
1.301258e+07,
859429.7,
798252.4,
72121.72,
521656.3,
585434.8,
0,
4.117442e+07,
2029, 
326820.8,
6383376,
449998.9,
0,
2667895,
293458,
3195251,
0,
6450.819,
346416.9,
780526.9,
976960.8,
496395.9,
277389.8,
111650.4,
3070967,
1684605,
4097673,
91208.49,
1.307578e+07,
877808.9,
840638.7,
68471.07,
516499.9,
582921.4,
0,
4.121916e+07,
2030, 
329065.7,
6410028,
449370.9,
0,
2637068,
301906.4,
3213168,
0,
6786.836,
349634.4,
761993.3,
978111.1,
485801,
282407.4,
111505.7,
3102420,
1693111,
4031126,
90428.57,
1.315844e+07,
894341.3,
886103.9,
64969.06,
519382.5,
579645.6,
0,
4.133681e+07,
2031, 
331791,
6427455,
451066.9,
0,
2750970,
313956.8,
3254636,
0,
7068.928,
353089.8,
758804.1,
981043.2,
486098.9,
290222.5,
110424.2,
3176216,
1722351,
3932985,
90348.38,
1.327861e+07,
908043.7,
921116.7,
61266.82,
540691.4,
565785.4,
0,
4.171404e+07,
2032, 
333471.5,
6433443,
452379.2,
0,
2872496,
326649.3,
3292580,
0,
7336.522,
355940.8,
755970.3,
983359.3,
486370.3,
298648.6,
110262.1,
3248811,
1750313,
3838152,
90276.38,
1.339628e+07,
924531.3,
956475.9,
57698.12,
567793.4,
553363.4,
0,
4.20926e+07,
2033, 
336373.8,
6439446,
454541.8,
0,
2994791,
339794.9,
3340648,
0,
7581.558,
358077.9,
752587.8,
985601.6,
485651.8,
307296.8,
110054.1,
3333306,
1782424,
3747434,
90302.8,
1.353657e+07,
943586.8,
991692.1,
54279.88,
595824.9,
545051.4,
0,
4.253292e+07,
2034, 
340525.3,
6426065,
461753.4,
0,
3121504,
353373.6,
3397499,
0,
7816.178,
359463.7,
747763.1,
987610.3,
483016.6,
315739.1,
108719.8,
3423922,
1817505,
3657920,
90414.33,
1.368227e+07,
960076.4,
1026066,
50955.04,
622467.6,
536373.5,
0,
4.297882e+07,
2035, 
345958.2,
6406899,
472269,
0,
3268886,
367441.7,
3455936,
0,
8220.575,
360321.3,
743711.6,
989349.7,
480261.8,
324056.8,
105746.3,
3512047,
1851529,
3570432,
90569.16,
1.380762e+07,
976884.3,
1058722,
47738.25,
652549.6,
527514.6,
0,
4.342466e+07,
2036, 
351819.2,
6379101,
488328,
0,
3433810,
380561.9,
3520112,
0,
8623.474,
354400.3,
739441.6,
988072.6,
477671.6,
331003,
102222,
3585983,
1880194,
3484220,
89469.22,
1.392124e+07,
990310.7,
1101064,
45246.54,
679285.1,
520599.9,
0,
4.385278e+07,
2037, 
358078.9,
6378724,
508869.2,
0,
3595433,
392872.3,
3615418,
0,
9197.652,
352487.9,
730795.8,
987043.9,
474593.1,
337853.4,
96828.59,
3679105,
1924995,
3401514,
88634.71,
1.407908e+07,
1007181,
1139897,
58369.68,
693214.7,
513088.6,
0,
4.442328e+07,
2038, 
364070.5,
6378590,
531139.4,
0,
3747546,
403946.6,
3699353,
0,
9976.152,
349534.2,
723538.8,
985920.1,
471400.2,
345000.6,
90980.26,
3751953,
1965178,
3321182,
87777.37,
1.419906e+07,
1020969,
1177490,
67501.13,
698314.4,
501967,
0,
4.489238e+07,
2039, 
369690.5,
6404643,
552916.4,
0,
3889386,
414403.9,
3783616,
0,
10917.57,
346991.8,
715901.1,
985949.1,
468760.8,
352863.4,
85698.78,
3821700,
2005294,
3243772,
86950.86,
1.431705e+07,
1033837,
1200292,
73557.33,
706959.1,
490549.7,
0,
4.53617e+07,
2040, 
374542.9,
6428846,
572714.7,
0,
4020278,
422887.9,
3863330,
0,
11751.97,
346456.4,
706125.9,
986077.7,
464990.9,
360865.3,
80943.38,
3887074,
2043981,
3166891,
80123.56,
1.443151e+07,
1047206,
1226414,
77251.72,
711111.6,
480222.5,
0,
4.57916e+07,
2041, 
380779.6,
6449131,
590014,
0,
4191104,
431897.6,
3926149,
0,
12322.18,
353816.7,
698239.4,
983681.2,
459280.7,
367617.6,
77798.23,
3952373,
2077238,
3095344,
73553.37,
1.452631e+07,
1055764,
1230454,
79639.26,
710862.9,
470155.4,
0,
4.619353e+07,
2042, 
387085.5,
6455568,
603786.9,
0,
4365650,
440761.1,
3965228,
0,
12725.07,
357801.1,
690916.6,
980429.9,
452010.9,
374120.1,
75671.59,
4000760,
2098411,
3023770,
68633.34,
1.457927e+07,
1056876,
1241294,
67818.77,
708942.2,
461356.8,
0,
4.646889e+07,
2043, 
393172.2,
6464725,
619442.9,
0,
4542251,
449737.9,
4015217,
0,
13021.24,
363170.3,
684645.6,
977350.6,
444868.3,
380149.3,
74067.59,
4063723,
2123914,
2955721,
67742.62,
1.464897e+07,
1056682,
1258276,
58216.71,
700906,
452935.8,
0,
4.68089e+07,
2044, 
398959.4,
6485133,
638896.2,
0,
4723115,
461092.9,
4076984,
0,
13244.58,
368680.8,
678874.5,
973512.9,
438126.2,
385526.3,
72400.02,
4138658,
2155532,
2890027,
66936.98,
1.473251e+07,
1057503,
1297495,
50314.84,
679144.8,
444396.8,
0,
4.722706e+07,
2045, 
404613.7,
6508643,
658117.6,
0,
4892906,
476315.2,
4116430,
0,
13403.17,
371473,
673754,
968702.1,
432392.8,
390632.2,
71158.98,
4196483,
2175624,
2824162,
69162.16,
1.476346e+07,
1056839,
1339219,
32509.22,
648777.1,
435566.3,
0,
4.752034e+07,
2046, 
408801.3,
6509205,
677118.3,
0,
5063015,
492519.9,
4164408,
0,
13506.38,
373594.8,
669967.3,
963060.8,
427164.6,
395995.2,
68903.55,
4265149,
2197586,
2751400,
74014.9,
1.480919e+07,
1053926,
1374850,
24205.13,
617032.5,
425421.5,
0,
4.782003e+07,
2047, 
412399.3,
6514147,
697661.5,
0,
5226657,
510937.4,
4221266,
0,
13637.98,
375737.9,
665026.4,
957652.1,
423204,
401733.9,
66750.81,
4344357,
2224545,
2682090,
79749.9,
1.487324e+07,
1051669,
1412622,
19345.12,
584402.3,
415758.9,
0,
4.817459e+07,
2048, 
415787.9,
6509277,
714921.4,
0,
5385822,
531775.9,
4266196,
0,
13740.07,
376993.1,
659922,
952102.4,
419466.2,
407801.3,
64813.31,
4416877,
2245647,
2615986,
79804.99,
1.492215e+07,
1049019,
1452175,
16141.7,
551410.9,
406575,
0,
4.847441e+07,
2049, 
418396.5,
6509493,
726912.7,
0,
5533710,
552465.1,
4318828,
0,
13807.49,
378738.7,
654660.4,
946868.6,
416196.3,
414130.6,
63580.25,
4499238,
2270876,
2552074,
79934.29,
1.499371e+07,
1046659,
1491458,
13560.97,
520895.3,
397802.8,
0,
4.881399e+07,
2050, 
420495.3,
6497069,
735438.4,
0,
5683380,
572305.7,
4367654,
0,
13852.93,
380981.3,
649410.1,
941657.4,
413795.7,
420798.8,
62724.15,
4580366,
2294363,
2490802,
80053.8,
1.506675e+07,
1045983,
1531303,
13106.03,
494141.5,
389452.6,
0,
4.914588e+07,
2051, 
421888.2,
6502175,
741661.9,
0,
5654090,
584446.4,
4376895,
0,
13798.86,
384927.4,
646965.8,
934832.4,
416927.4,
425525.1,
63279.17,
4621265,
2300968,
2504055,
80207.38,
1.505383e+07,
1036388,
1551138,
13981.49,
476373,
393269,
0,
4.919888e+07,
2052, 
423321.8,
6512234,
745616.6,
0,
5667398,
594686.4,
4402347,
0,
13710.75,
390114,
645731.3,
928528.6,
420629.8,
430868.2,
63759.23,
4680727,
2315933,
2516296,
80467.8,
1.50776e+07,
1027995,
1567324,
14841.55,
462625,
397327.9,
0,
4.938009e+07,
2053, 
425190.7,
6516840,
748766.7,
0,
5674949,
604671.9,
4423105,
0,
13599.99,
395788.3,
644700.4,
922071.9,
425198.5,
436421.3,
64442.02,
4737642,
2328636,
2526471,
80690.55,
1.509818e+07,
1022250,
1580515,
16281.54,
455477.8,
401465.6,
0,
4.954335e+07,
2054, 
427695.1,
6514872,
749194.4,
0,
5689836,
612758.3,
4440026,
0,
13466.53,
401723.3,
643809.5,
915079.8,
429441.5,
441326.5,
64886.15,
4784100,
2339601,
2536492,
80880.14,
1.511432e+07,
1017896,
1591679,
18367.71,
453445.9,
405499.8,
0,
4.96864e+07,
2055, 
431020.2,
6523213,
748548.6,
0,
5717249,
620124.3,
4460634,
0,
13335.71,
408178.8,
641506.6,
908241.5,
433616.5,
445293.3,
65096.44,
4825128,
2352573,
2546418,
81092.73,
1.513931e+07,
1014767,
1601523,
20605.7,
456751.2,
409463.4,
0,
4.986369e+07,
2056, 
435096.3,
6534620,
748988,
0,
5825125,
626434.3,
4501291,
0,
13318.24,
415689.1,
640935.3,
902428.7,
436785.8,
448051.8,
65057.93,
4870215,
2376384,
2553591,
81396.34,
1.520099e+07,
1013181,
1611868,
22667.19,
463317.6,
413203.2,
0,
5.020063e+07,
2057, 
439557.7,
6545336,
750018.2,
0,
5911149,
632382.2,
4539107,
0,
13351.25,
423370.5,
640411.9,
896582.3,
439487.8,
450159.6,
65112.51,
4903469,
2398513,
2558470,
81680.14,
1.525137e+07,
1010939,
1620941,
24818.71,
473803.2,
416834,
0,
5.048686e+07,
2058, 
443888.3,
6554754,
750629.5,
0,
6020341,
637297.1,
4580373,
0,
13417.94,
431556.2,
639981.1,
891129.3,
441528.9,
452173,
64886.39,
4935264,
2422097,
2564099,
81983.1,
1.530015e+07,
1007319,
1628345,
25125.63,
486281.8,
420389.1,
0,
5.079301e+07,
2059, 
448311.7,
6607219,
750187.7,
0,
6142026,
643057.3,
4627901,
0,
13639.84,
440351.3,
639579.5,
885289.3,
443733.7,
454926.8,
64624.24,
4977182,
2448617,
2566223,
82329.4,
1.535512e+07,
1003533,
1634387,
25431.34,
500581.9,
423718.8,
0,
5.117796e+07,
2060, 
452865,
6704751,
748727,
0,
6256803,
649478.6,
4680080,
0,
14241.41,
449743,
638967.4,
878768.1,
448403.6,
458910,
64369.03,
5031492,
2475540,
2566245,
82705.41,
1.541453e+07,
996794.8,
1639944,
25730.45,
515971.8,
426898.3,
0,
5.162195e+07,
2061, 
457419.2,
6806631,
743807,
0,
6327394,
657677,
4708508,
0,
14638.54,
458896.3,
639693.4,
871171.1,
450944.9,
463680.9,
64471.63,
5073949,
2487522,
2544593,
83146.01,
1.541451e+07,
982733.7,
1640853,
25858.85,
532898.6,
428211.3,
0,
5.18792e+07,
2062, 
462358.5,
6928360,
737924.4,
0,
6382587,
665111.9,
4731870,
0,
15001.36,
468073.2,
641201.5,
865714.8,
456247.2,
469236.2,
64582.17,
5117925,
2496301,
2524010,
83547.73,
1.540786e+07,
968848.7,
1641582,
25983.37,
550113.3,
429622.4,
0,
5.213406e+07,
2063, 
467645.7,
7077982,
730862.3,
0,
6429402,
671256.9,
4751671,
0,
15278.47,
476717.7,
643836.6,
863091.2,
464047.3,
475310.2,
65145.79,
5162458,
2502136,
2504541,
83920.8,
1.539912e+07,
955533.1,
1643711,
26124.38,
566919.3,
431008.9,
0,
5.240772e+07,
2064, 
473311.1,
7218013,
725828.9,
0,
6470733,
676260.4,
4768391,
0,
15474.4,
484810.3,
646900.2,
860822.5,
472917.9,
481782.5,
66130.86,
5207246,
2506381,
2484644,
84271.84,
1.538927e+07,
942091.9,
1647101,
26239.55,
584298.8,
432645.4,
0,
5.266556e+07,
2065, 
479121.6,
7357084,
723045,
0,
6518635,
680764.8,
4790652,
0,
15577.7,
492635,
651204.5,
858174.3,
479470.7,
488409.9,
67342.97,
5257703,
2514627,
2464942,
84660.37,
1.539567e+07,
930776.4,
1651540,
35572.21,
601665.9,
434818.4,
0,
5.297409e+07,
2066, 
485172,
7487912,
721940.6,
0,
6574266,
684579,
4815335,
0,
15600.84,
500170.2,
656028.3,
852938.4,
483142.4,
494855,
68860.57,
5310528,
2523068,
2447271,
92530.46,
1.540502e+07,
921030.2,
1656761,
43323.89,
618300.1,
440900.4,
0,
5.329953e+07,
2067, 
491393.7,
7619676,
722346.3,
0,
6642823,
688833.3,
4843298,
0,
15700.59,
507123.2,
662108.6,
847306.8,
483852.3,
500987.6,
70620.23,
5366663,
2533785,
2429597,
92678.47,
1.541686e+07,
912572.1,
1663018,
49602.17,
633589.9,
447247.1,
0,
5.364168e+07,
2068, 
498386,
7736458,
723507.6,
0,
6727029,
692296.6,
4868338,
0,
15690.19,
513353,
667889.6,
841155.4,
481417.6,
506794.6,
72349.6,
5420363,
2544231,
2412839,
92812.06,
1.542028e+07,
903758.3,
1669395,
49861.06,
646459.9,
453871.1,
0,
5.395853e+07,
2069, 
505815.3,
7836076,
726157,
0,
6822199,
695298.8,
4896067,
0,
15643.68,
518853.5,
674558.4,
834921.6,
473623.4,
512160.4,
73968.21,
5474530,
2556071,
2397594,
92960.08,
1.542337e+07,
896314.3,
1676594,
50158.5,
654885.4,
460541.2,
0,
5.426836e+07,
2070, 
514092.7,
7911966,
732881.1,
0,
6923251,
697217.1,
4918466,
0,
15614.98,
523267.6,
678841.8,
829864.8,
464407.9,
516960.5,
75462.9,
5521335,
2565033,
2383112,
93071,
1.541051e+07,
890779.9,
1683674,
40808.17,
658434.3,
466949.1,
0,
5.4516e+07,
2071, 
521984.8,
7974945,
739111.6,
0,
7003319,
699262.4,
4933566,
0,
15592.02,
525961.6,
680599.8,
822071.4,
446021.3,
520726.8,
76527.8,
5558073,
2571611,
2379015,
84741.55,
1.53665e+07,
879060.3,
1689831,
33094.54,
655567.1,
471371.8,
0,
5.464856e+07,
2072, 
530041.4,
8019618,
747351.1,
0,
7086761,
701225.1,
4945923,
0,
15553.3,
527954,
680171,
813704.9,
426163.2,
524052.7,
77404.27,
5587204,
2577073,
2375781,
84278.85,
1.53186e+07,
867821.3,
1696216,
26900.54,
649675.8,
475571.1,
0,
5.475504e+07,
2073, 
537639.4,
8049859,
757338.1,
0,
7161844,
702732.9,
4958930,
0,
15500.03,
529826.9,
680329.6,
805066.4,
405037.1,
527060,
78057.13,
5612374,
2583148,
2373578,
83816.32,
1.52754e+07,
857032.9,
1702041,
26971.54,
643055.6,
479681.5,
0,
5.484632e+07,
2074, 
544933.8,
8069074,
768210,
0,
7230808,
705152.6,
4970890,
0,
15464.55,
531798.1,
680338.6,
796191.5,
385820.9,
529935.3,
78545.01,
5632845,
2588731,
2370686,
83343.16,
1.523534e+07,
844948.1,
1706354,
27040.88,
637097.6,
483848,
0,
5.491739e+07,
2075, 
551491,
8079736,
776624.9,
0,
7293702,
708420.6,
4981268,
0,
15403.31,
533997.3,
682456.3,
786880.7,
366621.3,
532816.8,
79113.39,
5649481,
2594187,
2366068,
82856.37,
1.521319e+07,
830662.2,
1710948,
27118.59,
632373.4,
487726.7,
0,
5.498314e+07,
2076, 
557493.5,
8087597,
783153.6,
0,
7347246,
712853.7,
4993279,
0,
15456.25,
536765.8,
685425.8,
777015.3,
351936.6,
535680.3,
79673.86,
5666355,
2601334,
2364828,
82821.3,
1.52127e+07,
816240.8,
1715723,
26995.76,
629187.7,
488626.8,
0,
5.506839e+07,
2077, 
562981.1,
8091009,
788259.3,
0,
7392986,
718014.1,
5003280,
0,
15513.21,
539685.1,
689155.7,
767317.4,
338305.7,
538595.6,
80468.15,
5681014,
2607656,
2362976,
82771.19,
1.522403e+07,
800450.2,
1720469,
26872.29,
626467.4,
489350.1,
0,
5.514762e+07,
2078, 
567944.4,
8089846,
792128.6,
0,
7431757,
722957.3,
5008813,
0,
15502.22,
542599.9,
691944.9,
757695,
327066.8,
541600.9,
81436.18,
5691214,
2612068,
2361034,
82691.42,
1.523664e+07,
783792.8,
1725352,
26742.03,
623618.6,
489856.7,
0,
5.52043e+07,
2079, 
572385.3,
8085625,
794887.1,
0,
7465949,
727416.1,
5011718,
0,
15492.77,
545430.8,
693690.3,
747899.3,
316275.8,
544644.4,
81910.7,
5699248,
2615633,
2358309,
82591.72,
1.52432e+07,
766702.1,
1730366,
26615.37,
620389.4,
490281,
0,
5.523666e+07,
2080, 
576418.8,
8074550,
795815.8,
0,
7497992,
731379.9,
5006496,
0,
15308.85,
547934.9,
694780.6,
737989.8,
306445.6,
547723.8,
82008.21,
5700918,
2614684,
2355975,
82437.53,
1.521651e+07,
749378.8,
1733700,
20786.55,
616624.2,
490932.2,
0,
5.519679e+07,
2081, 
578660.4,
8048711,
792418.9,
0,
7529784,
732458.4,
4999312,
0,
15169.36,
549441.8,
693987.6,
730538.4,
297528.4,
549261.8,
81784.41,
5700677,
2607726,
2351585,
82287.8,
1.515953e+07,
729320.3,
1734000,
17839.03,
611481.9,
493312.1,
0,
5.508681e+07,
2082, 
580850.5,
8039919,
787867.9,
0,
7563080,
732816.5,
4990210,
0,
14952.24,
550768.2,
692946.9,
723132.1,
289451.2,
550756.6,
81211.15,
5699429,
2599341,
2349096,
82129.67,
1.510184e+07,
709986.8,
1732736,
16048.55,
606169.1,
495840.2,
0,
5.499058e+07,
2083, 
583040.9,
8033510,
782597.9,
0,
7602748,
733713.6,
4981461,
0,
14724.36,
552148.4,
690615.6,
715437.4,
281218.5,
552183.2,
80357.8,
5700691,
2591090,
2345919,
81979.82,
1.503739e+07,
690586,
1729643,
14826.93,
601144,
498706.1,
0,
5.489573e+07,
2084, 
585247.4,
8030988,
776983.1,
0,
7645259,
735918.2,
4975634,
0,
14535.32,
553596.4,
688265.8,
707873.7,
273936.7,
553497.9,
79960.2,
5705394,
2584146,
2342751,
81849.7,
1.497821e+07,
671947.8,
1725578,
13923.35,
597271,
501691.7,
0,
5.482446e+07,
2085, 
587695.4,
8031467,
771254.6,
0,
7682893,
739844.9,
4971113,
0,
14315.12,
555030.8,
685986.3,
700338.8,
266732.3,
554665.2,
79882.05,
5711788,
2578167,
2338293,
81731.38,
1.492344e+07,
654248.5,
1722313,
14708.41,
594861.2,
504749.2,
0,
5.476552e+07,
2086, 
590243.7,
8028748,
766440.4,
0,
7715779,
745827.1,
4967140,
0,
14089.69,
556536.7,
682972.9,
692915.3,
259371.6,
555691.8,
80124.16,
5719882,
2572565,
2333405,
81563.85,
1.487076e+07,
637534.8,
1720757,
15820.52,
595070.6,
509274.6,
0,
5.471251e+07,
2087, 
592250.5,
8026686,
762098.8,
0,
7741691,
753246.4,
4963445,
0,
13901.58,
558120.8,
678215,
685495.4,
251724.8,
556600.8,
80556.45,
5728337,
2567204,
2327797,
81395.41,
1.480649e+07,
621004.4,
1720388,
16915.75,
596344,
513842.3,
0,
5.464375e+07,
2088, 
594000.9,
8024638,
758318.1,
0,
7761226,
760991.4,
4959978,
0,
13740.15,
559560.5,
671959.6,
677954.9,
243761.6,
557403.2,
81217.06,
5736506,
2562399,
2320905,
81222.59,
1.474106e+07,
605620.9,
1721587,
17961.79,
598507.4,
518215.2,
0,
5.456874e+07,
2089, 
595631,
8022839,
755083.3,
0,
7781552,
768079.4,
4955310,
0,
13560.27,
561076.6,
664479.8,
670002.8,
235577.2,
558130.6,
82067.4,
5743899,
2557781,
2314823,
81042.63,
1.467527e+07,
589894.8,
1723856,
18952.07,
601030.9,
522569.5,
0,
5.44925e+07,
2090, 
597121.4,
8024625,
752322.1,
0,
7807652,
774492.6,
4950194,
0,
13384.48,
562720.6,
655858.3,
661915.7,
227919,
558790.4,
83053.28,
5751458,
2553657,
2308937,
80858.73,
1.460998e+07,
574467.4,
1726064,
19880.34,
603056.7,
526897.9,
0,
5.44253e+07,
2091, 
597473.8,
8010249,
746313.8,
0,
7826481,
779221,
4939830,
0,
13277.99,
564426.8,
644857.3,
656601.1,
220863.3,
559050.5,
84095,
5760605,
2548128,
2306268,
81139.53,
1.453173e+07,
558918.4,
1724927,
20650.45,
603601.1,
529559.4,
0,
5.430827e+07,
2092, 
598242.3,
8006853,
738895.8,
0,
7853139,
783337.5,
4943966,
0,
13212.46,
566761.6,
635052.3,
651381.1,
214089.1,
559301.5,
85208.14,
5783167,
2550294,
2304057,
81525.33,
1.448096e+07,
543460.6,
1723905,
21336.82,
603953.3,
532225.1,
0,
5.427433e+07,
2093, 
599187.1,
8004139,
729324.6,
0,
7883976,
786581.5,
4949392,
0,
13192.83,
569275.3,
626141.8,
645863.9,
207910.1,
559552.4,
86574.1,
5805382,
2552861,
2303353,
81925.13,
1.443228e+07,
527775.7,
1723055,
21952.01,
604411.1,
534904.6,
0,
5.424901e+07,
2094, 
600266.1,
8000970,
717877.1,
0,
7913943,
789136.3,
4954468,
0,
13204.96,
572132.8,
617974.8,
640356.9,
202275.3,
559866.3,
87680.78,
5827773,
2554963,
2303613,
82329.94,
1.438249e+07,
511222.3,
1722081,
22476.24,
606252.1,
537594.7,
0,
5.422094e+07,
2095, 
601251.1,
8006482,
704935.7,
0,
7945140,
791035.9,
4959356,
0,
13220.12,
575415.1,
610451.7,
634557,
196608.2,
560009.1,
88809.12,
5849918,
2556678,
2305162,
82741.14,
1.433045e+07,
494001.8,
1721139,
22921.11,
610584.6,
540307.8,
0,
5.420117e+07,
2096, 
602337.2,
8001485,
693693.5,
0,
7972256,
791672.8,
4962605,
0,
13182.48,
579125.1,
604187.3,
629067.6,
191648.9,
560227.4,
89691.8,
5869304,
2557275,
2308590,
82671.03,
1.427035e+07,
476358.8,
1720160,
23259.46,
616324.6,
542035.5,
0,
5.41575e+07,
2097, 
604172.1,
7994656,
684016.4,
0,
7998052,
791940.1,
4963576,
0,
13041.75,
583434.7,
598260.6,
623573.6,
186844.5,
560834.2,
90349.8,
5886498,
2556533,
2311424,
82586.7,
1.420122e+07,
458072.3,
1718526,
23535.01,
624573.9,
544083.6,
0,
5.40998e+07,
2098, 
606739.1,
7987438,
675510.1,
0,
8006918,
792070,
4958722,
0,
12806.16,
587986.4,
592461.2,
618069.3,
181575.8,
561822.6,
90685.23,
5899339,
2552659,
2314945,
82463.72,
1.412815e+07,
438661.6,
1714461,
23752.84,
635336.8,
546751,
0,
5.400932e+07,
2099, 
610200.9,
7982975,
668158.7,
0,
8003448,
792432.1,
4950885,
0,
12525.51,
592497.9,
586885.4,
612393,
176080.8,
562858.3,
91361.09,
5909655,
2548469,
2318106,
82318.05,
1.405149e+07,
419131.3,
1709046,
23932.95,
646464.4,
549968.5,
0,
5.390128e+07,
2100, 
614762.8,
7982604,
661553.3,
0,
7991213,
793073.1,
4941042,
0,
12250.69,
597083.9,
581629,
606990.1,
170669.8,
564386.1,
91823.4,
5919092,
2543780,
2321854,
82159.27,
1.397806e+07,
399395.3,
1699671,
24063.29,
655770.8,
553628.8,
0,
5.378656e+07];
