real main.em.ep.ncl.NuclFuelEff[27](t) = [1971, 
170,
170,
170,
170,
170,
170,
170,
170,
170,
170,
170,
170,
170,
170,
170,
170,
170,
170,
170,
170,
170,
170,
170,
170,
170,
170,
0,
1972, 
170,
170,
170.3448,
170,
170.3448,
170.3448,
170.3448,
170.3448,
170.3448,
170.3448,
170,
170.3448,
170.3448,
170.3448,
170.3448,
170,
170.3448,
170,
170.3448,
170.3448,
170.3448,
170.3448,
170,
170.3448,
170.3448,
170.3448,
0,
1973, 
170.1724,
170.1724,
170.6897,
170.1724,
170.6897,
170.6897,
170.6897,
170.6897,
170.6897,
170.6897,
170.1724,
170.6897,
170.6897,
170.6897,
170.6897,
170.1724,
170.6897,
170.1724,
170.6897,
170.6897,
170.6897,
170.6897,
170.1724,
170.6897,
170.6897,
170.6897,
0,
1974, 
170.3448,
170.3448,
171.0345,
170.3448,
171.0345,
171.0345,
171.0345,
171.0345,
171.0345,
171.0345,
170.3448,
171.0345,
171.0345,
171.0345,
171.0345,
170.3448,
171.0345,
170.3448,
171.0345,
171.0345,
171.0345,
171.0345,
170.3448,
171.0345,
171.0345,
171.0345,
0,
1975, 
170.5172,
170.5172,
171.3793,
170.5172,
171.3793,
171.3793,
171.3793,
171.3793,
171.3793,
171.3793,
170.5172,
171.3793,
171.3793,
171.3793,
171.3793,
170.5172,
171.3793,
170.5172,
171.3793,
171.3793,
171.3793,
171.3793,
170.5172,
171.3793,
171.3793,
171.3793,
0,
1976, 
171.327,
171.3623,
171.7241,
170.5172,
171.7241,
171.3793,
171.7241,
171.7241,
171.7241,
171.7241,
171.3228,
171.3793,
171.7241,
171.7241,
171.3793,
171.3486,
171.7241,
171.2341,
171.7241,
171.7241,
171.7241,
171.7241,
171.3629,
171.7241,
171.3793,
171.7241,
0,
1977, 
171.333,
171.4064,
172.069,
170.5172,
172.069,
171.3793,
172.069,
172.069,
172.069,
172.069,
171.4478,
171.3793,
172.069,
172.069,
171.3793,
171.5026,
172.069,
171.2539,
172.069,
172.069,
172.069,
172.069,
171.4782,
172.069,
171.3793,
172.069,
0,
1978, 
171.6898,
171.503,
172.4138,
170.5172,
172.4138,
171.3793,
172.4138,
172.4138,
172.4138,
172.4138,
171.6004,
171.3793,
172.4138,
172.4138,
171.3793,
171.5482,
172.4138,
171.2856,
172.4138,
172.4138,
172.4138,
172.4138,
171.4801,
172.4138,
171.3793,
172.4138,
0,
1979, 
171.8529,
171.5842,
172.7586,
170.5172,
172.7586,
171.3793,
172.7586,
172.7586,
172.7586,
172.7586,
171.7551,
171.3793,
172.7586,
172.4138,
171.3793,
171.5524,
172.7586,
171.3277,
172.4138,
172.4138,
172.7586,
172.7586,
171.7984,
172.7586,
171.3793,
172.7586,
0,
1980, 
172.0194,
171.5955,
173.1035,
170.5172,
173.1035,
171.3793,
173.1035,
173.1035,
173.1035,
173.1035,
171.9291,
171.6823,
173.1035,
172.4138,
171.3793,
171.7449,
173.1035,
171.3793,
172.4138,
172.5862,
173.1035,
173.1035,
172.048,
173.1035,
171.3793,
173.1035,
0,
1981, 
172.1633,
171.655,
173.4483,
170.5172,
173.4483,
171.3793,
173.4483,
173.4483,
173.4483,
173.4483,
172.1892,
171.6823,
173.4483,
172.4138,
171.3793,
172.0715,
173.4483,
171.4393,
172.4138,
172.5862,
173.4483,
173.4483,
172.0497,
173.4483,
171.3793,
173.4483,
0,
1982, 
172.3306,
171.7886,
173.4483,
170.5172,
173.4483,
171.6534,
173.7931,
173.7931,
173.7931,
173.4483,
172.3811,
172.4267,
173.7931,
172.6927,
171.3793,
172.2091,
173.7931,
172.2115,
172.9527,
172.5862,
173.7931,
173.7931,
172.1927,
173.7931,
171.4298,
173.7931,
0,
1983, 
172.499,
171.9276,
173.6207,
170.5172,
173.6207,
171.9037,
174.1379,
174.1379,
174.1379,
173.6207,
172.5679,
172.8319,
174.1379,
172.9264,
171.3793,
172.3531,
174.1379,
172.6506,
173.2406,
172.5862,
174.1379,
174.1379,
172.3413,
174.1379,
171.486,
174.1379,
0,
1984, 
172.6683,
172.071,
173.7931,
170.5172,
173.7931,
172.1377,
174.4828,
174.4828,
174.4828,
173.7931,
172.7513,
173.1306,
174.4828,
173.1386,
171.3793,
172.5018,
174.4828,
172.9738,
173.4695,
172.5862,
174.4828,
174.4828,
172.4938,
174.4828,
171.5477,
174.4828,
0,
1985, 
172.8381,
172.2178,
173.9655,
170.5172,
173.9655,
172.36,
174.8276,
174.8276,
174.8276,
173.9655,
172.9324,
173.3823,
174.8276,
173.339,
171.3793,
172.6541,
174.8276,
173.2432,
173.6755,
172.5862,
174.8276,
174.8276,
172.6495,
174.8276,
171.6144,
174.8276,
0,
1986, 
173.0084,
172.3676,
174.1379,
170.5172,
174.1379,
172.5737,
175.1724,
175.1724,
175.1724,
174.1379,
173.1119,
173.6091,
175.1724,
173.5321,
171.3793,
172.8094,
175.1724,
173.4832,
173.8701,
172.5862,
175.1724,
175.1724,
172.8076,
175.1724,
171.6858,
175.1724,
0,
1987, 
173.179,
172.5199,
174.3103,
170.5172,
174.3103,
172.7807,
175.5172,
175.5172,
175.5172,
174.3103,
173.2901,
173.8212,
175.5172,
173.7205,
171.3793,
172.9669,
175.5172,
173.7054,
174.0583,
172.5862,
175.5172,
175.5172,
172.9677,
175.5172,
171.7616,
175.5172,
0,
1988, 
173.3499,
172.6743,
174.4828,
170.5172,
174.4828,
172.9827,
175.8621,
175.8621,
175.8621,
174.4828,
173.4675,
174.0237,
175.8621,
173.9055,
171.3793,
173.1263,
175.8621,
173.916,
174.2425,
172.5862,
175.8621,
175.8621,
173.1293,
175.8621,
171.8415,
175.8621,
0,
1989, 
173.521,
172.8304,
174.6552,
170.5172,
174.6552,
173.1806,
176.2069,
176.2069,
176.2069,
174.6552,
173.6441,
174.2199,
176.2069,
174.0882,
171.3793,
173.2872,
176.2069,
174.1187,
174.4241,
172.5862,
176.2069,
176.2069,
173.2922,
176.2069,
171.9253,
176.2069,
0,
1990, 
173.6923,
172.988,
174.8276,
170.5172,
174.8276,
173.3753,
176.5517,
176.5517,
176.5517,
174.8276,
173.8201,
174.4115,
176.5517,
174.2692,
171.3793,
173.4494,
176.5517,
174.3157,
174.6038,
172.5862,
176.5517,
176.5517,
173.4562,
176.5517,
172.0127,
176.5517,
0,
1991, 
173.6923,
173.0888,
175,
170.5172,
175,
173.5672,
176.8965,
176.8965,
176.8965,
174.9655,
173.8201,
174.5997,
176.8965,
174.2692,
171.3793,
173.6126,
176.8965,
174.5084,
174.7822,
172.5862,
176.8965,
176.8965,
173.4562,
176.8965,
172.1035,
176.8965,
0,
1992, 
173.6923,
173.0956,
175.3062,
170.5172,
175,
173.5672,
177.2414,
177.2414,
177.2414,
174.9655,
173.8201,
174.63,
177.2414,
174.2692,
171.3793,
173.6653,
177.2414,
174.687,
174.8877,
172.5862,
177.2414,
177.2414,
173.4562,
177.2414,
172.1035,
177.2414,
0,
1993, 
173.6923,
173.1031,
175.5751,
170.5172,
175,
173.5672,
177.5862,
177.5862,
177.5862,
174.9655,
173.8201,
174.664,
177.5862,
174.2692,
171.3793,
173.7218,
177.5862,
174.8646,
174.9995,
172.5862,
177.5862,
177.5862,
173.4562,
177.5862,
172.1035,
177.5862,
0,
1994, 
173.6923,
173.1111,
175.8205,
170.5172,
175,
173.5672,
177.931,
177.931,
177.931,
174.9655,
173.8201,
174.6693,
177.931,
174.2692,
171.3793,
173.7818,
177.931,
175.0416,
175.1168,
172.7416,
177.931,
177.931,
173.4562,
177.931,
172.1035,
177.931,
0,
1995, 
173.6923,
173.1198,
176.0501,
170.5172,
175,
173.5672,
178.2759,
178.2759,
178.2759,
174.9655,
173.8201,
174.6693,
178.2759,
174.2692,
171.3793,
173.8453,
178.2759,
175.218,
175.2389,
174.039,
178.2759,
178.2759,
173.4562,
178.2759,
172.1035,
178.2759,
0,
1996, 
173.6923,
173.129,
176.2684,
170.5172,
175,
173.5672,
178.6207,
178.6207,
178.6207,
174.9655,
173.8201,
174.6693,
178.6207,
174.2692,
171.3793,
173.9121,
178.6207,
175.394,
175.3652,
174.8863,
178.6207,
178.6207,
173.4562,
178.6207,
172.1035,
178.6207,
0,
1997, 
173.6923,
173.1388,
176.2811,
170.5172,
176.091,
173.5672,
178.9655,
178.9655,
178.9655,
174.9655,
173.8201,
174.6693,
178.9655,
174.2692,
171.3793,
173.9185,
178.9655,
175.6904,
175.6203,
174.8863,
178.9655,
178.9655,
173.4562,
178.9655,
174.2171,
178.9655,
0,
1998, 
173.6923,
173.1492,
176.2954,
170.5172,
176.7567,
173.5672,
179.3103,
179.3103,
179.3103,
174.9655,
173.8201,
174.6693,
179.3103,
174.2692,
171.3793,
173.9252,
179.3103,
175.966,
175.8634,
174.8863,
179.3103,
179.3103,
173.4562,
179.3103,
175.38,
179.3103,
0,
1999, 
173.6923,
173.1601,
176.3115,
170.5172,
177.2368,
173.5672,
179.6552,
179.6552,
179.6552,
174.9655,
173.8201,
174.6693,
179.6552,
174.2692,
171.3793,
173.9324,
179.6552,
176.2255,
176.0969,
174.8863,
179.6552,
179.6552,
173.4562,
179.6552,
176.1532,
179.6552,
0,
2000, 
173.6923,
173.1717,
176.3292,
170.5172,
177.6196,
173.5672,
180,
180,
180,
174.9655,
173.8201,
174.6693,
180,
174.2692,
171.3793,
173.9401,
180,
176.4725,
176.3226,
174.8863,
180,
180,
173.4562,
180,
176.7289,
180,
0,
2001, 
173.6923,
173.1838,
176.3486,
170.5172,
177.8445,
173.5672,
181.4,
181.4,
181.4,
174.9655,
173.8201,
174.6693,
181.4,
174.2692,
171.3793,
173.9482,
181.4,
176.7095,
176.542,
174.8863,
181.4,
181.4,
173.4562,
181.4,
177.1907,
181.4,
0,
2002, 
173.6923,
173.1983,
176.3874,
170.5172,
177.8445,
173.5672,
182.8,
182.8,
182.8,
174.9655,
173.8201,
174.6693,
182.8,
174.2692,
171.3793,
174.1002,
182.8,
176.8721,
176.8119,
176.7544,
182.8,
182.8,
173.4562,
182.8,
177.1907,
182.8,
0,
2003, 
173.6923,
173.2153,
176.3874,
170.5172,
177.8445,
173.5672,
184.2,
184.2,
184.2,
174.9655,
173.8201,
174.6693,
184.2,
174.2692,
171.3793,
174.2741,
184.2,
177.0707,
177.127,
178.1017,
184.2,
184.2,
173.4562,
184.2,
177.1907,
184.2,
0,
2004, 
173.6923,
173.2346,
176.3874,
170.5172,
177.8445,
173.5672,
185.6,
185.6,
185.6,
174.9655,
173.8201,
174.6693,
185.6,
174.5482,
171.3793,
174.4687,
185.6,
177.3019,
177.4806,
179.2132,
185.6,
185.6,
173.4562,
185.6,
177.1907,
185.6,
0,
2005, 
173.6923,
173.2564,
176.3874,
170.5172,
177.8445,
173.5672,
187,
187,
187,
174.9655,
173.8201,
174.6693,
187,
174.8803,
171.3793,
174.6827,
187,
177.5625,
177.8672,
180.1977,
187,
187,
173.4562,
187,
177.1907,
187,
0,
2006, 
173.6923,
173.2805,
176.3874,
170.5172,
177.8445,
173.5672,
188.4,
188.4,
188.4,
174.9655,
173.8201,
174.6693,
188.4,
175.2339,
171.3793,
174.915,
188.4,
177.8499,
178.2823,
181.1063,
188.4,
188.4,
173.4562,
188.4,
177.1907,
188.4,
0,
2007, 
173.6923,
173.3071,
176.3874,
170.5172,
177.8445,
173.5672,
189.8,
189.8,
189.8,
174.9655,
173.8201,
174.6693,
189.8,
175.2339,
171.3793,
175.0492,
189.8,
178.7057,
178.5045,
181.8029,
189.8,
189.8,
173.4562,
189.8,
177.1907,
189.8,
0,
2008, 
173.6923,
173.3359,
176.3874,
170.5172,
177.8445,
173.5672,
191.2,
191.2,
191.2,
174.9655,
173.8201,
174.6693,
191.2,
175.2339,
171.3793,
175.1945,
191.2,
179.5383,
178.7474,
182.5002,
191.2,
191.2,
173.4562,
191.2,
177.1907,
191.2,
0,
2009, 
173.6923,
173.3672,
176.3874,
170.5172,
177.8445,
173.5672,
192.6,
192.6,
192.6,
174.9655,
173.8201,
174.6693,
192.6,
175.2339,
171.3793,
175.3507,
192.6,
180.3523,
179.0094,
183.1979,
192.6,
192.6,
173.4562,
192.6,
177.1907,
192.6,
0,
2010, 
173.6923,
173.4007,
176.3874,
170.5172,
177.8445,
173.5672,
194,
194,
194,
174.9655,
173.8201,
174.6693,
194,
175.2339,
171.3793,
175.5173,
194,
181.1514,
179.2896,
183.8959,
194,
194,
173.4562,
194,
177.1907,
194,
0,
2011, 
173.6923,
173.4366,
176.3874,
170.5172,
177.8445,
173.5672,
195.4,
195.4,
195.4,
174.9655,
173.8201,
174.6693,
195.4,
175.2339,
171.3793,
175.6942,
195.4,
181.9384,
179.5866,
184.5942,
195.4,
195.4,
173.4562,
195.4,
177.1907,
195.4,
0,
2012, 
173.6923,
173.4748,
176.7883,
170.5172,
177.8445,
176.3999,
196.8,
196.8,
196.8,
175.1008,
173.8201,
174.7774,
196.8,
175.2339,
171.3793,
176.18,
195.4,
182.6691,
180.0838,
187.2853,
196.8,
196.8,
173.4562,
196.8,
179.2097,
196.8,
0,
2013, 
173.6923,
173.5153,
177.2015,
170.5172,
177.8445,
178.7428,
198.2,
198.2,
198.2,
175.2436,
173.8201,
174.8917,
198.2,
175.2339,
171.3793,
176.6761,
196.1,
183.3966,
180.5934,
189.1823,
198.2,
198.2,
173.4562,
198.2,
180.9654,
198.2,
0,
2014, 
173.6923,
173.558,
177.6263,
170.5172,
177.8445,
180.7472,
199.6,
199.6,
199.6,
175.3936,
173.8201,
175.012,
199.6,
175.2339,
171.3793,
177.1819,
196.8,
184.1214,
181.1143,
190.6814,
199.6,
199.6,
173.4562,
199.6,
182.5295,
199.6,
0,
2015, 
173.6923,
173.6031,
178.0621,
170.5172,
177.8445,
182.5079,
201,
201,
201,
175.5508,
173.8201,
175.1383,
201,
175.2339,
171.3793,
177.6965,
197.5,
184.8439,
181.6454,
191.9527,
201,
201,
173.4562,
201,
183.9498,
201,
0,
2016, 
173.7264,
173.6504,
178.5081,
170.5172,
177.8445,
184.0875,
202.4,
202.4,
202.4,
175.6332,
173.8201,
175.2704,
202.4,
175.2339,
171.3793,
178.2194,
198.2,
185.5644,
182.186,
193.0814,
202.4,
202.4,
173.4562,
202.4,
185.2595,
202.4,
0,
2017, 
173.7778,
173.7,
178.8741,
170.5172,
177.8445,
184.1076,
203.8,
203.8,
203.8,
175.6332,
173.8201,
175.3267,
203.8,
175.6863,
171.3793,
178.8382,
199.1542,
185.866,
182.4462,
194.333,
203.8,
203.8,
173.4562,
203.8,
187.8991,
203.8,
0,
2018, 
173.8315,
173.7518,
179.2501,
170.5172,
177.8445,
184.1293,
205.2,
205.2,
205.2,
175.6332,
173.8201,
175.3856,
205.2,
176.1469,
171.3793,
179.461,
200.0143,
186.1817,
182.7175,
195.4539,
205.2,
205.2,
173.4562,
205.2,
190.021,
205.2,
0,
2019, 
173.8875,
173.8058,
179.6358,
170.5172,
177.8445,
184.1525,
206.6,
206.6,
206.6,
175.6332,
173.8201,
175.4472,
206.6,
176.6152,
171.3793,
179.6274,
200.8244,
186.5106,
182.9997,
196.4858,
206.6,
206.6,
173.4562,
206.6,
191.8081,
206.6,
0,
2020, 
173.9458,
173.862,
180.0306,
170.5172,
177.8445,
184.1771,
208,
208,
208,
175.6332,
173.8201,
175.5114,
208,
177.0909,
171.3793,
179.6534,
201.6047,
186.8522,
183.2922,
197.4541,
208,
208,
173.4562,
208,
193.3662,
208,
0,
2021, 
174.0064,
173.9205,
180.4343,
170.5172,
177.8445,
184.2033,
209.4,
209.4,
209.4,
175.6332,
173.8201,
175.5783,
209.4,
177.5735,
171.3793,
179.6807,
202.3659,
187.2057,
183.5323,
198.3755,
209.4,
209.4,
173.4562,
209.4,
194.7607,
209.4,
0,
2022, 
174.0693,
173.9811,
180.4343,
170.5172,
177.8445,
184.2033,
210.8,
210.8,
210.8,
175.6332,
173.8201,
175.7082,
210.8,
177.5735,
171.3793,
179.7093,
205.0766,
189.4648,
183.5323,
198.9279,
210.8,
210.8,
173.4562,
210.8,
200.794,
210.8,
0,
2023, 
174.1344,
174.0439,
180.4343,
170.5172,
177.8445,
184.2033,
212.2,
212.2,
212.2,
175.6332,
173.8201,
175.7082,
212.2,
177.5735,
171.3793,
179.7392,
206.5278,
189.483,
185.0889,
199.4209,
212.2,
212.2,
173.4562,
212.2,
203.9228,
212.2,
0,
2024, 
174.2018,
174.5581,
180.4343,
170.5172,
177.8445,
184.2033,
213.6,
213.6,
213.6,
175.6332,
173.8201,
176.381,
213.6,
178.8745,
171.3793,
179.7704,
207.1935,
190.591,
185.8088,
199.7892,
213.6,
213.6,
173.4562,
213.6,
203.9228,
213.6,
0,
2025, 
174.2714,
175.0772,
180.4343,
170.5172,
177.8445,
184.2033,
215,
215,
215,
175.6332,
173.8201,
177.0549,
215,
180.1319,
171.3793,
179.8028,
207.8664,
191.661,
186.5277,
200.1761,
215,
215,
173.4562,
215,
203.9228,
215,
0,
2026, 
174.3432,
175.1434,
180.4343,
170.5172,
177.8445,
184.2033,
216.4,
216.4,
216.4,
175.6332,
173.8201,
178.4707,
215,
180.1319,
171.3793,
181.3936,
207.8664,
191.661,
187.9918,
201.2947,
216.4,
216.4,
173.4562,
216.4,
206.9019,
216.4,
0,
2027, 
174.424,
175.2179,
180.4343,
170.5172,
177.8445,
184.2033,
217.8,
217.8,
217.8,
175.6332,
173.8201,
178.4707,
215.7,
180.1319,
171.3793,
182.9099,
207.8664,
200.6208,
187.9918,
202.5623,
217.8,
217.8,
173.4562,
217.8,
208.9149,
217.8,
0,
2028, 
174.5141,
175.301,
180.4343,
170.5172,
177.8445,
184.2033,
219.2,
219.2,
219.2,
175.6332,
173.8201,
178.4707,
216.4,
180.1319,
171.3793,
182.946,
207.8664,
203.3124,
189.4497,
204.3181,
219.2,
219.2,
173.4562,
219.2,
208.9149,
219.2,
0,
2029, 
174.6138,
175.3931,
180.4343,
170.5172,
177.8445,
184.811,
219.2,
220.6,
220.6,
175.6332,
173.8201,
178.4707,
217.1,
180.1319,
171.3793,
183.4749,
207.8664,
203.3208,
189.4497,
205.4634,
220.6,
220.6,
173.4562,
220.6,
208.9149,
220.6,
0,
2030, 
174.7234,
175.4945,
180.4343,
170.5172,
177.8445,
184.811,
219.2,
222,
222,
175.6332,
173.8201,
178.4707,
217.1,
180.1319,
171.3793,
184.9388,
207.8664,
203.3306,
189.4497,
206.9229,
222,
222,
173.4562,
222,
208.9149,
222,
0,
2031, 
175.2948,
176.9359,
180.4343,
170.5172,
177.8445,
184.811,
221.3,
223.4,
223.4,
175.6332,
173.8201,
178.7912,
217.1,
180.1319,
171.3793,
185.2798,
207.8664,
203.3551,
189.4497,
206.9229,
223.4,
223.4,
173.4562,
223.4,
211.2175,
223.4,
0,
2032, 
175.304,
176.947,
180.4343,
170.6897,
177.8445,
184.811,
221.3,
224.8,
224.8,
175.6332,
173.8266,
178.7912,
217.1,
180.1319,
171.3793,
185.2924,
207.8664,
203.369,
189.4497,
206.9229,
224.8,
224.8,
173.4589,
224.8,
211.2175,
224.8,
0,
2033, 
175.3126,
176.9575,
180.4343,
170.8621,
177.8445,
184.811,
221.3,
226.2,
226.2,
175.6332,
173.8325,
178.7912,
217.1,
180.1319,
171.3793,
185.3047,
207.8664,
203.3827,
189.4497,
206.9229,
226.2,
226.2,
173.4613,
226.2,
211.2175,
226.2,
0,
2034, 
175.3206,
176.9675,
180.4343,
171.0345,
177.8445,
184.811,
221.3,
227.6,
227.6,
175.6332,
173.8378,
178.7912,
217.1,
180.1319,
171.3793,
185.3167,
207.8664,
203.3963,
189.4497,
206.9229,
227.6,
227.6,
173.4635,
227.6,
211.2175,
227.6,
0,
2035, 
175.3281,
176.9771,
180.4343,
229,
177.8692,
184.811,
221.3,
229,
229,
175.6332,
173.8426,
178.7912,
217.1,
180.1319,
171.3793,
185.3285,
207.8664,
203.4097,
189.4497,
206.9229,
229,
229,
173.4653,
229,
211.2175,
229,
0,
2036, 
175.8052,
179.5999,
180.4343,
230.4,
177.6009,
188.6339,
221.3,
230.4,
230.4,
175.6332,
174.1079,
179.4445,
217.1,
180.1319,
230.4,
186.6949,
207.8664,
203.6752,
189.4497,
206.9229,
230.4,
230.4,
173.8643,
230.4,
211.8058,
230.4,
0,
2037, 
175.8131,
180.1598,
180.4343,
231.8,
176.8505,
188.2946,
221.3,
231.8,
231.8,
175.6332,
174.2391,
179.4445,
217.1,
180.1319,
231.8,
187.8317,
207.8664,
203.6886,
189.4497,
206.9229,
231.8,
231.8,
174.0796,
231.8,
211.8058,
231.8,
0,
2038, 
176.3387,
181.0534,
207.3458,
233.2,
176.1463,
188.6339,
226.9246,
233.2,
233.2,
215.0156,
174.3715,
179.4445,
225.5162,
180.1319,
231.8,
188.092,
221.8393,
227.0325,
197.0401,
209.419,
233.2,
233.2,
177.3446,
233.2,
222.5863,
233.2,
0,
2039, 
176.7334,
181.7454,
213.6137,
234.6,
175.6135,
188.6339,
228.4875,
234.6,
234.6,
215.4224,
174.4929,
179.4445,
226.4166,
190.9773,
231.8131,
188.1722,
225.891,
227.3962,
200.5316,
209.6599,
234.6,
234.6,
180.3175,
234.6,
224.9588,
234.6,
0,
2040, 
177.2654,
181.825,
213.6137,
236,
175.2723,
188.6339,
229.2415,
236,
236,
216.005,
174.6201,
187.2333,
227.3074,
196.983,
231.8817,
189.4015,
227.0472,
227.6702,
200.5316,
214.0392,
236,
236,
181.9893,
236,
225.5836,
236,
0,
2041, 
178.6003,
182.1655,
213.6137,
237.4,
217.4065,
186.9086,
229.5844,
237.4,
237.4,
216.7358,
174.8276,
207.3307,
227.5495,
196.983,
231.9906,
190.8096,
229.6163,
227.9987,
201.8521,
222.1187,
237.4,
237.4,
182.0012,
237.4,
226.1823,
237.4,
0,
2042, 
179.1839,
182.9858,
214.22,
238.8,
234.5488,
184.3713,
231.2733,
238.8,
238.8,
218.7814,
181.7428,
208.8436,
227.8203,
198.4284,
231.9906,
191.6845,
229.9711,
228.5539,
202.3429,
226.2857,
238.8,
238.8,
182.9226,
238.8,
227.3251,
238.8,
0,
2043, 
179.8725,
191.7644,
214.8397,
240.2,
236.2723,
180.8987,
231.6407,
240.2,
240.2,
220.0126,
189.8245,
210.4819,
228.1573,
200.0403,
231.9906,
192.6319,
230.0502,
228.8715,
202.9,
228.1776,
240.2,
240.2,
204.5367,
240.2,
227.9335,
240.2,
0,
2044, 
180.7123,
194.8907,
215.4734,
241.6,
236.886,
179.0184,
232.0077,
241.6,
241.6,
222.9151,
198.777,
212.2638,
228.4926,
201.8538,
232.1668,
193.9236,
230.7348,
228.9956,
203.5999,
228.1776,
241.6,
241.6,
211.9833,
241.6,
228.6107,
241.6,
0,
2045, 
182.383,
199.4303,
220.1409,
243,
237.0677,
177.8507,
232.5536,
243,
243,
225.2632,
208.5968,
217.4611,
228.9855,
205.2311,
232.5514,
198.3629,
231.3258,
229.4401,
204.451,
228.4426,
243,
243,
214.901,
243,
229.3991,
243,
0,
2046, 
184.948,
205.0275,
225.5004,
244.4,
237.6036,
177.1985,
233.2431,
244.4,
244.4,
227.3712,
217.3872,
220.2681,
229.6275,
207.613,
232.9613,
213.8941,
232.1186,
229.9618,
205.454,
228.8156,
244.4,
244.4,
218.5474,
244.4,
230.2766,
244.4,
0,
2047, 
189.4685,
207.9324,
226.0405,
245.8,
238.1997,
177.6691,
233.9324,
245.8,
245.8,
229.1204,
225.1517,
222.444,
230.095,
210.3706,
232.9613,
221.0306,
232.1424,
230.5489,
206.3717,
229.1251,
245.8,
245.8,
222.5266,
245.8,
231.0949,
245.8,
0,
2048, 
193.9362,
211.6459,
226.5886,
247.2,
239.1872,
238.9729,
234.7704,
247.2,
247.2,
230.8382,
230.0283,
224.8232,
230.2317,
213.6086,
232.9613,
223.1981,
232.1873,
231.1075,
207.2052,
229.3827,
247.2,
247.2,
226.9068,
247.2,
231.9437,
247.2,
0,
2049, 
202.4513,
217.5143,
227.1449,
248.6,
239.4861,
242.919,
235.769,
248.6,
248.6,
232.4523,
235.5687,
227.438,
234.725,
217.4744,
239.1282,
225.3063,
232.7441,
235.3239,
207.7936,
229.8646,
248.6,
248.6,
233.4512,
248.6,
235.4859,
248.6,
0,
2050, 
225.8294,
224.6003,
227.7098,
250,
239.5932,
248.069,
236.0352,
250,
250,
233.8435,
241.7449,
231.2633,
235.739,
222.1831,
239.4561,
227.1699,
232.7572,
237.5313,
208.3979,
229.8646,
250,
250,
239.2925,
250,
236.7134,
250,
0,
2051, 
226.2369,
228.4727,
228.2834,
253,
240.0943,
248.5665,
236.0352,
253,
253,
236.1913,
241.7449,
235.1477,
236.7234,
222.1831,
239.4561,
228.6249,
233.6355,
238.5388,
209.019,
230.0537,
253,
253,
239.2925,
253,
237.2841,
253,
0,
2052, 
228.835,
228.7394,
229.4171,
256,
242.1094,
248.7542,
236.0352,
256,
256,
237.1407,
241.7449,
235.6277,
236.966,
222.1831,
239.9847,
229.0136,
234.2191,
238.5684,
209.3822,
230.0537,
256,
256,
239.3388,
256,
239.0859,
256,
0,
2053, 
230.3785,
229.0071,
230.5941,
259,
242.126,
248.9917,
236.0352,
259,
259,
237.6567,
241.7449,
236.3627,
236.966,
222.1831,
239.9847,
229.4055,
234.8779,
239.9336,
209.7497,
230.0537,
259,
259,
239.3388,
259,
240.331,
259,
0,
2054, 
230.5877,
229.2758,
234.9257,
262,
243.6039,
249.3109,
236.0352,
262,
262,
238.0586,
241.7449,
236.4293,
236.966,
222.1831,
239.9847,
229.9758,
234.8779,
240.531,
210.1218,
230.0601,
262,
262,
239.3388,
262,
241.3073,
262,
0,
2055, 
232.994,
229.5455,
236.6432,
265,
245.4006,
249.699,
240.179,
265,
265,
238.8686,
241.7449,
236.4293,
238.7416,
222.1831,
239.9847,
232.0427,
235.1627,
240.7534,
210.4985,
230.128,
262,
262,
239.3388,
265,
241.8904,
265,
0,
2056, 
253.3228,
229.8162,
238.0984,
268,
248.5746,
250.0753,
244.206,
268,
268,
239.1016,
246.9936,
236.4293,
239.4512,
222.1831,
239.9847,
232.4346,
235.1627,
241.421,
210.8801,
230.1957,
262.988,
262,
239.3388,
268,
242.0671,
268,
0,
2057, 
253.9419,
230.088,
238.1664,
271,
250.9598,
250.5393,
244.9189,
271,
271,
240.0237,
247.0835,
236.4293,
240.2235,
222.1831,
239.9847,
232.4696,
235.1627,
242.3811,
211.6806,
230.1957,
262.988,
262,
247.8851,
271,
242.3162,
271,
0,
2058, 
253.9419,
230.3608,
238.2342,
271,
252.274,
251.0131,
247.5794,
274,
274,
241.254,
247.0835,
236.4293,
240.8079,
222.1831,
239.9847,
232.5045,
235.1627,
244.0259,
212.5132,
230.1957,
262.988,
262,
253.841,
274,
242.3716,
274,
0,
2059, 
253.9419,
230.6347,
238.3017,
273.4608,
253.3908,
252.6593,
252.3176,
277,
277,
243.5802,
247.0835,
236.4293,
241.3544,
224.6432,
239.9847,
232.5391,
235.1627,
245.0163,
213.3801,
230.1957,
262.988,
262,
253.841,
277,
244.7996,
277,
0,
2060, 
253.9419,
230.9097,
238.3689,
273.4608,
253.4881,
253.7386,
252.3176,
280,
280,
243.7837,
247.0835,
236.4293,
247.7603,
228.1151,
239.9847,
232.5736,
235.1627,
249.6132,
214.2844,
230.1957,
262.988,
262,
254.782,
280,
245.9399,
280,
0,
2061, 
253.9419,
231.1858,
238.436,
273.4608,
253.8592,
256.0274,
252.3176,
283,
283,
243.7837,
247.0835,
236.4293,
249.1044,
234.9846,
239.9847,
232.6079,
235.1627,
252.644,
215.2289,
231.6695,
262.988,
262,
254.782,
280,
251.7667,
283,
0,
2062, 
254.0505,
231.4572,
238.5325,
279.4922,
254.4133,
256.754,
252.3176,
286,
286,
243.7837,
247.994,
236.4293,
250.4586,
236.6736,
251.9889,
233.1341,
235.1627,
254.2519,
216.1734,
240.2503,
262.988,
262,
254.9221,
282.8517,
256.8039,
286,
0,
2063, 
254.8903,
231.724,
238.5325,
279.9437,
255.0603,
257.2081,
252.3176,
289,
289,
243.7837,
250.7529,
240.4066,
250.6987,
236.6736,
259.6418,
233.6566,
235.1627,
254.6025,
217.1318,
244.4818,
262.988,
262,
255.0453,
282.8517,
259.6842,
289,
0,
2064, 
255.0135,
231.986,
238.5325,
280.0426,
256.0981,
258.0121,
252.3176,
292,
292,
243.7837,
250.7529,
242.5494,
250.6987,
238.2267,
259.6418,
234.1755,
235.1627,
256.4263,
218.1056,
249.0745,
262.988,
262,
255.0453,
282.8517,
261.3688,
292,
0,
2065, 
255.1486,
232.2432,
238.5325,
280.0426,
257.5678,
260.6105,
252.3176,
295,
295,
243.7837,
250.7529,
243.3494,
250.6987,
240.0026,
259.6418,
246.5157,
235.1627,
257.3901,
219.096,
251.9904,
262.988,
262,
255.0453,
282.8517,
262.4304,
295,
0,
2066, 
257.6187,
232.4954,
247.4207,
280.0426,
259.0367,
260.8579,
252.4406,
298,
298,
246.879,
250.9052,
244.0577,
250.6987,
241.8537,
259.6418,
255.5408,
235.1627,
257.9365,
220.1047,
255.1394,
262.988,
262,
255.0453,
282.8517,
263.0352,
298,
0,
2067, 
257.6187,
232.7426,
247.4207,
280.0426,
259.3929,
265.8154,
253.552,
301,
301,
249.8583,
251.2385,
245.6794,
250.6987,
241.8537,
259.6418,
255.9709,
235.8463,
258.891,
220.6049,
255.8316,
262.988,
262,
255.0453,
282.8517,
264.0421,
301,
0,
2068, 
257.6187,
232.9847,
247.4207,
280.0426,
259.3929,
266.5305,
258.7849,
304,
304,
251.2236,
251.2385,
252.9912,
250.6987,
241.8537,
259.6418,
256.2178,
238.787,
260.1119,
221.0988,
255.9103,
280.6585,
262,
261.9665,
282.8517,
266.2609,
304,
0,
2069, 
257.6187,
233.2216,
247.4207,
280.0426,
259.3929,
266.5305,
261.5826,
307,
307,
268.2289,
251.2385,
252.9912,
250.6987,
241.8537,
259.6496,
256.4612,
252.6538,
261.9242,
221.5859,
255.9875,
280.6585,
262,
264.7056,
282.8517,
267.237,
307,
0,
2070, 
257.6187,
233.4532,
247.4207,
283.5581,
259.3929,
266.6706,
261.5826,
310,
310,
268.6262,
251.2385,
252.9912,
250.6987,
241.8537,
259.6496,
256.7012,
252.6538,
263.1283,
222.0659,
256.0632,
280.6585,
262,
265.0333,
282.8517,
269.4188,
310,
0,
2071, 
257.6187,
233.6794,
247.6117,
283.5581,
259.4887,
266.7227,
261.6501,
313,
313,
270.6609,
251.2385,
252.9912,
250.6987,
241.8537,
259.6496,
256.9378,
252.6538,
267.5742,
222.5386,
256.1375,
280.6585,
262,
265.6934,
282.8517,
270.8039,
313,
0,
2072, 
257.6187,
233.9002,
249.0103,
289.8019,
260.1071,
266.8504,
261.6501,
316,
316,
270.7072,
251.2385,
253.1284,
250.6987,
241.8537,
259.6496,
257.5573,
252.7901,
270.6572,
223.2937,
256.488,
280.6585,
262,
265.6934,
282.8517,
275.0582,
316,
0,
2073, 
257.6187,
234.1154,
249.2158,
289.8019,
260.6727,
267.0086,
261.6501,
319,
319,
270.7527,
251.2385,
253.263,
250.6987,
247.9106,
259.6496,
261.4412,
252.9237,
272.3707,
224.052,
256.8345,
280.6585,
262,
265.6934,
282.8517,
279.1287,
319,
0,
2074, 
258.2286,
234.325,
249.4175,
290.8727,
260.8791,
267.0129,
261.6501,
322,
322,
270.7973,
251.2385,
260.7679,
250.6987,
256.6383,
259.6496,
263.2458,
253.0545,
272.8398,
224.8137,
257.1769,
286.0657,
262,
265.6934,
282.8517,
279.9307,
322,
0,
2075, 
259.0198,
234.5288,
249.6152,
290.8727,
260.985,
267.0172,
261.6501,
325,
325,
270.8412,
251.2385,
260.8982,
250.6987,
256.6383,
259.6496,
263.9803,
253.1827,
274.7089,
225.5791,
257.515,
290.8572,
262,
266.5595,
282.8517,
283.709,
325,
0,
2076, 
259.856,
234.7267,
252.1623,
290.8727,
262.2269,
267.1068,
261.6501,
328,
328,
270.8627,
251.2385,
264.3925,
250.6987,
256.6383,
259.6496,
265.0837,
253.3081,
275.7732,
226.3487,
257.8489,
298.8195,
262,
266.7389,
282.8517,
284.9125,
328,
0,
2077, 
260.1982,
234.9187,
253.7576,
290.8727,
262.2269,
267.2332,
261.6501,
331,
331,
270.8627,
251.2385,
265.6472,
250.6987,
257.5389,
259.6496,
266.7894,
253.4886,
276.4017,
226.704,
258.2593,
298.8195,
262,
267.2013,
282.8517,
285.8068,
331,
0,
2078, 
260.5361,
235.1046,
257.0279,
290.8727,
262.4169,
267.2991,
261.6501,
334,
334,
270.8627,
251.2385,
265.6972,
250.6987,
279.7913,
259.6496,
267.7227,
253.6654,
277.3727,
228.3636,
258.6654,
299.6565,
262,
267.2013,
282.8517,
286.9967,
334,
0,
2079, 
260.8696,
235.2843,
258.8182,
290.8727,
262.4169,
267.2992,
261.6501,
337,
337,
270.8627,
251.2385,
265.7462,
250.6987,
280.691,
259.6496,
267.9063,
253.8384,
278.5786,
228.9986,
259.067,
301.0462,
262,
267.2013,
282.8517,
289.0712,
337,
0,
2080, 
261.1987,
235.4578,
258.9895,
290.8829,
262.4169,
267.2992,
261.6501,
340,
340,
270.8627,
251.2385,
265.794,
250.6987,
281.5955,
259.6496,
267.9332,
254.0077,
280.3086,
234.491,
259.4642,
301.9516,
262,
267.2013,
282.8517,
290.2395,
340,
0,
2081, 
261.5232,
235.6248,
260.8555,
291.2651,
262.5042,
267.2993,
261.6501,
343,
343,
270.8627,
251.2385,
265.8409,
250.6987,
282.5051,
259.6496,
267.9595,
254.1731,
281.4741,
241.7061,
259.8567,
301.9516,
262,
267.2013,
282.8517,
292.2444,
343,
0,
2082, 
261.8432,
235.7853,
260.8555,
291.5759,
262.5618,
267.2993,
261.6501,
346,
346,
270.8627,
251.2385,
265.9267,
250.6987,
282.5051,
259.6496,
267.9877,
255.4256,
281.5504,
249.376,
260.0901,
308.5091,
262,
267.2013,
282.8517,
293.9015,
346,
0,
2083, 
262.1584,
235.9392,
275.3013,
291.5759,
262.5618,
267.2993,
261.6501,
349,
349,
270.8627,
251.2385,
265.9267,
250.6987,
282.5051,
259.6496,
268.0768,
256.8697,
281.8203,
264.7898,
260.2881,
319.247,
262,
267.2075,
282.8517,
297.7272,
349,
0,
2084, 
262.4689,
237.1703,
302.0216,
291.5759,
262.5618,
267.2993,
261.6501,
352,
352,
270.8627,
251.2385,
266.3294,
250.6987,
284.7466,
259.6496,
268.1013,
257.2741,
282.1264,
270.6787,
260.4265,
333.1766,
263.7873,
267.2075,
282.8517,
301.2574,
352,
0,
2085, 
262.7745,
238.4596,
308.3083,
292.8932,
262.5618,
267.2993,
261.6501,
355,
355,
272.4419,
251.2385,
266.7275,
250.6987,
287.0897,
259.6496,
268.1253,
257.6731,
288.1139,
277.4149,
260.5617,
338.1569,
277.487,
267.2075,
282.8517,
302.188,
355,
0,
2086, 
263.0751,
238.621,
322.5824,
294.0703,
262.6344,
267.2993,
261.6501,
358,
358,
274.6766,
251.2385,
267.5775,
251.661,
287.0897,
259.6496,
269.3017,
257.6731,
291.4114,
280.988,
260.9482,
340.0779,
308.606,
267.2075,
282.8517,
305.8047,
358,
0,
2087, 
263.3977,
238.789,
325.7533,
294.2701,
262.6344,
267.2993,
261.6501,
361,
361,
275.3904,
251.2385,
267.5775,
252.6378,
287.0897,
259.6496,
270.502,
257.6731,
293.9442,
280.988,
261.4116,
340.9131,
313.0392,
267.2075,
282.8517,
306.1078,
361,
0,
2088, 
263.7417,
273.7517,
325.7533,
294.2701,
262.6344,
267.2993,
261.6501,
364,
364,
283.2268,
251.2385,
267.5775,
253.6304,
287.0897,
259.6496,
270.5306,
257.6731,
296.0775,
284.825,
263.7853,
341.5554,
313.0392,
267.2075,
282.8517,
306.1078,
364,
0,
2089, 
264.1066,
327.4953,
325.7533,
294.2701,
262.6344,
267.2999,
262.2796,
367,
367,
286.5322,
251.2385,
267.5775,
254.6401,
287.0897,
259.6496,
270.9323,
257.6731,
296.0782,
284.825,
264.8872,
341.5554,
317.2497,
267.2075,
282.8517,
306.1078,
367,
0,
2090, 
264.4918,
332.5171,
325.7533,
294.5088,
262.6344,
267.2999,
262.2796,
370,
370,
288.3467,
251.2385,
267.5775,
254.6401,
287.0897,
259.6496,
272.0658,
257.6731,
296.079,
284.825,
266.1388,
341.5998,
331.909,
267.2075,
282.8517,
306.7256,
370,
0,
2091, 
266.5141,
344.3992,
325.7533,
294.5088,
262.6344,
267.2999,
264.1552,
373,
373,
288.3467,
251.2385,
267.7268,
254.6401,
287.0897,
259.6496,
272.3329,
316.1736,
296.0807,
284.9078,
267.1288,
341.5998,
339.2357,
267.2075,
282.8517,
309.6784,
373,
0,
2092, 
266.5141,
346.2224,
325.7533,
294.5088,
262.6344,
267.2999,
264.8789,
376,
376,
288.3467,
251.2385,
267.7268,
254.6401,
287.0897,
259.6496,
272.3329,
316.1736,
296.6025,
284.9695,
267.726,
341.5998,
344.4062,
267.2075,
282.8517,
315.0761,
376,
0,
2093, 
266.5141,
347.4056,
325.7533,
294.5088,
262.6344,
267.2999,
269.962,
379,
379,
288.3467,
251.2385,
268.2733,
254.6401,
287.0897,
259.6496,
272.3329,
316.1736,
296.6025,
284.9695,
269.3623,
343.0006,
349.1451,
267.2075,
282.8517,
315.6408,
379,
0,
2094, 
266.5141,
347.3982,
325.7533,
294.5088,
262.6344,
267.2999,
270.5096,
382,
382,
288.3467,
251.2385,
268.3667,
254.6401,
287.0897,
259.6496,
272.3352,
316.1736,
296.6025,
284.9695,
269.3623,
343.1955,
350.8393,
267.2075,
282.8517,
317.9121,
382,
0,
2095, 
266.5141,
347.3023,
325.7533,
294.5088,
262.6344,
267.2999,
271.0304,
385,
385,
288.3467,
251.2385,
268.3972,
255.4051,
287.9653,
259.6496,
276.133,
316.1736,
297.8001,
284.9695,
269.3623,
343.3555,
351.4801,
267.2075,
282.8517,
319.7443,
385,
0,
2096, 
265.8077,
347.2539,
325.7533,
294.5088,
262.6344,
267.2999,
271.0304,
388,
388,
288.3467,
251.2385,
268.3972,
262.9007,
288.6854,
259.6496,
277.3456,
316.1736,
297.8001,
284.9695,
269.3623,
343.8291,
351.5349,
267.2075,
282.8517,
319.7443,
388,
0,
2097, 
265.4479,
347.2297,
325.7533,
295.855,
262.6344,
267.2999,
271.0304,
391,
391,
288.3467,
251.2385,
268.3972,
263.1089,
288.6854,
269.0381,
277.3456,
316.1736,
297.8001,
284.9695,
269.3623,
343.9927,
351.5349,
267.2075,
282.8517,
319.7443,
391,
0,
2098, 
264.9565,
347.2175,
332.0696,
295.855,
262.0961,
267.2999,
273.8582,
394,
394,
300.7561,
251.2385,
268.3972,
271.3919,
288.6912,
280.2238,
277.3456,
322.265,
305.1306,
304.7017,
270.0695,
344.1698,
351.5349,
268.3335,
282.866,
321.3625,
394,
0,
2099, 
264.7619,
342.4787,
336.3034,
295.855,
262.0961,
267.2999,
275.7575,
397,
397,
301.2435,
251.2385,
268.3972,
292.0335,
299.1459,
310.618,
277.3747,
328.6544,
307.8139,
321.4992,
270.0695,
344.1698,
351.5349,
269.0007,
282.866,
322.2373,
397,
0,
2100, 
264.8167,
337.1598,
336.3034,
295.855,
262.0961,
267.2999,
276.8732,
400,
400,
301.9236,
251.2385,
270.6989,
301.8302,
312.2771,
317.3201,
277.6281,
332.0368,
312.4004,
321.4992,
271.4425,
344.1698,
351.5349,
269.0007,
282.866,
322.5078,
400,
0];
