real main.em.dem.hi.CE.Cement_Production[28](t) = [1971, 
8.317,
71.054,
7.520999,
5.215999,
9.803001,
14.936,
7.026,
3.428,
1.436,
5.861,
187.588,
41.77,
7.553,
1.94,
0,
100.331,
9.703,
14.931,
11.672,
32.187,
8.483,
0.487,
59.434,
5.586,
3.228,
2.222,
0,
621.713,
1972, 
9.091,
74.93,
8.753,
7.050999,
11.382,
15.606,
6.979,
3.822,
1.397,
6.112,
213.191,
45.894,
7.595,
1.952,
0,
104.299,
11.295,
15.785,
11.786,
36.019,
9.256001,
0.596,
66.292,
5.929,
3.102,
2.513,
0,
680.627,
1973, 
10.053,
77.576,
9.918,
7.588999,
13.398,
16.182,
6.846,
3.85,
1.411,
6.864,
206.852,
48.525,
8.946,
1.987,
0,
109.521,
10.994,
15.016,
13.975,
37.897,
11.17,
0.74,
78.12,
6.301,
3.464,
2.87,
0,
710.065,
1974, 
10.641,
73.558,
10.672,
7.624999,
15.187,
16.977,
7.144,
4.037,
1.451,
7.301,
203.452,
52.201,
8.94,
2.04,
0,
115.145,
13.005,
14.319,
14.842,
37.832,
10.829,
0.831,
73.108,
6.675,
3.863,
2.891,
0,
714.566,
1975, 
9.741,
62.13,
11.2,
7.123999,
16.391,
16.52,
7.791,
4.533,
1.419,
7.176,
192.852,
55.812,
10.833,
2.169,
0,
122.057,
14.87,
16.248,
17.129,
46.9937,
11.881,
1.077,
65.517,
6.292,
3.999,
2.667,
0,
714.4217,
1976, 
9.898,
67.581,
12.691,
7.634999,
18.675,
17.501,
7.991,
4.581,
1.513,
7.048,
198.166,
59.909,
12.154,
24.668,
0,
124.246,
15.867,
18.516,
18.873,
47.6281,
12.959,
1.81,
68.712,
6.162,
3.857,
1.775,
0,
770.4161,
1977, 
9.933,
72.629,
13.328,
7.535999,
21.123,
17.995,
8.849,
4.653,
1.77,
6.573,
203.119,
63.284,
13.39,
25.11467,
0,
127.056,
16.602,
19.173,
21.198,
56.7764,
13.686,
2.549,
73.138,
6.119,
3.928,
1.778,
0,
811.3,
1978, 
10.473,
77.546,
14.15,
8.235,
23.239,
19.139,
10.202,
4.846,
1.626,
6.823,
206.804,
66.265,
15.572,
24.61233,
0,
126.956,
18.953,
19.626,
22.133,
66.6375,
14.187,
3.649,
84.882,
5.952,
4.286,
1.749,
0,
858.5428,
1979, 
11.459,
76.648,
15.352,
8.558999,
24.871,
20.969,
13.056,
5.206,
1.652,
6.199,
209.948,
65.815,
13.573,
23.802,
0,
123.019,
23.557,
18.27,
24.413,
75.3604,
17.259,
4.432,
87.804,
5.981,
4.134,
1.757,
0,
883.0954,
1980, 
10.34,
68.241,
16.398,
8.938279,
27.194,
23.439,
14.922,
5.429,
1.80305,
7.125,
210.581,
71.827,
12.975,
23.71467,
4.2,
125.049,
26.268,
17.803,
23.612,
81.52399,
15.203,
5.259,
87.957,
6.057,
4.431,
1.672,
0,
901.962,
1981, 
10.152,
65.054,
18.173,
8.829503,
26.051,
23.459,
16.26,
6.641,
1.77682,
8.095,
204.569,
66.84,
15.043,
23.78933,
4.41925,
127.169,
31.741,
20.908,
23.617,
84.52,
16.272,
5.719,
84.82801,
6.553,
4.696,
1.869,
0,
907.0439,
1982, 
8.136,
57.475,
19.343,
8.506739,
25.644,
22.422,
16.086,
6.631,
1.60826,
8.08,
198.328,
75.157,
15.778,
24.054,
4.6385,
200.392,
34.413,
22.65,
25.887,
96.815,
17.921,
5.832,
80.686,
7.054,
4.644629,
1.73,
0,
989.9121,
1983, 
7.871,
63.927,
17.363,
8.913981,
20.87,
20.749,
18.043,
6.107,
1.599,
7.897,
198.173,
78.859,
13.595,
25.132,
13.49375,
208.56,
37.043,
25.261,
29.282,
110.132,
19.459,
8.095,
80.891,
6.262,
4.893568,
1.523,
0,
1033.994,
1984, 
9.386999,
70.452,
18.702,
8.833752,
19.497,
21.128,
22.488,
5.557,
1.568577,
8.084,
186.505,
82.269,
15.738,
26.015,
14.2401,
211.5,
43.223,
29.541,
28.413,
125.008,
19.517,
8.893001,
78.86,
5.617,
5.32135,
1.54,
0,
1067.898,
1985, 
10.192,
70.284,
20.255,
8.695295,
20.635,
21.206,
24.608,
6.944,
1.562796,
6.88,
176.347,
76.718,
17.581,
25.795,
15.051,
212.779,
44.516,
31.971,
28.509,
147.936,
17.98,
9.94,
72.847,
6.667,
5.57609,
1.65,
0,
1083.125,
1986, 
10.611,
71.112,
19.825,
9.727639,
25.252,
24.022,
22.808,
7.3322,
1.713959,
6.246,
176.827,
80.356,
20.004,
27.166,
16.889,
219.266,
42.843,
34.983,
31.53,
168.721,
18.707,
11.323,
71.264,
7.133278,
6.878,
1.924,
0,
1134.464,
1987, 
12.603,
67.38,
23.482,
10.28211,
25.468,
26.243,
26.097,
6.6949,
1.888073,
5.999,
181.316,
80.014,
21.98,
27.606,
17.332,
222.991,
45.763,
37.135,
34.946,
189.016,
20.774,
11.814,
71.551,
6.917004,
7.756,
2.074,
0,
1185.122,
1988, 
12.35,
71.544,
23.606,
9.706407,
25.329,
26.25486,
27.549,
7.6606,
1.816,
6.760001,
193.818,
82.502,
22.568,
28.16,
17.628,
225.236,
48.797,
41.136,
41.411,
212.831,
23.459,
13.118,
77.554,
7.058201,
8.302,
2.23,
0,
1258.384,
1989, 
12.591,
71.308,
24.21,
10.27073,
25.921,
23.293,
27.887,
7.945941,
2.309,
7.261,
202.05,
80.533,
23.704,
27.958,
18.42,
227.651,
54.065,
44.197,
47.12099,
212.949,
27.675,
14.788,
79.717,
7.755054,
8.279,
2.263,
0,
1292.122,
1990, 
11.745,
70.944,
24.683,
10.25889,
25.85,
23.45166,
30.144,
6.679068,
2.458,
6.563,
200.368,
72.992,
24.299,
27.275,
18.225,
222.811,
55.37,
46.17,
49.914,
211.96,
35.097,
14.786,
84.445,
7.357902,
8.611,
2.506,
0,
1294.964,
1991, 
9.372,
67.193,
25.208,
9.027902,
27.491,
24.69829,
32.726,
7.016109,
2.332,
6.147,
194.9965,
52.952,
26.029,
25.956,
17.003,
79.893,
46.29,
52.013,
55.167,
246.56,
39.188,
13.48,
89.564,
6.452879,
9.018,
2.836,
0,
1168.61,
1992, 
8.592,
69.585,
27.114,
9.19588,
23.902,
29.29976,
32.958,
7.428288,
2.466,
5.85,
185.845,
41.594,
28.455,
23.089,
14.963,
63.32,
52.276,
53.936,
61.444,
309.994,
42.915,
14.048,
88.252,
6.670589,
9.614,
2.404,
0,
1215.21,
1993, 
9.394001,
73.807,
28.725,
9.73794,
24.845,
40.0546,
30.214,
7.554194,
2.517,
6.135,
171.025,
37.99,
31.134,
17.03,
11.312,
51.022,
57.5946,
57.326,
64.313,
369.672,
50.609,
19.61,
88.046,
7.491562,
9.70181,
2.342,
0,
1279.203,
1994, 
10.584,
77.94801,
31.594,
10.56813,
25.229,
30.79477,
30.53,
6.448114,
2.478112,
7.068,
180.743,
41.162,
29.356,
12.962,
8.107,
37.898,
59.5058,
63.461,
69.088,
423.193,
57.7171,
24.564,
91.62401,
8.107636,
9.899,
2.014,
0,
1352.644,
1995, 
10.44,
76.906,
25.295,
10.925,
28.256,
33.93748,
32.42,
6.674058,
3.141187,
7.437,
178.958,
41.78201,
33.153,
8.911,
6.016,
36.949,
61.9665,
67.722,
73.101,
477.628,
64.9424,
23.136,
90.474,
7.7452,
9.767,
2.469,
0,
1420.152,
1996, 
11.1,
80.8,
25.4,
9.11,
34.6,
32.554,
37.57,
10.568,
2.827,
7.67,
172.793,
42.584,
35.2,
6.51,
4.345,
28.39,
50.613,
80,
74.3,
513.636,
57.774,
36.5,
94.5,
7.692,
10.709,
2.77,
0,
1470.515,
1997, 
11.7,
82.5,
27.5,
9.303,
38.1,
34.8,
39.03,
14.16,
2.73,
7.49,
176.439,
43.813,
36,
7.102001,
4.595,
27.331,
50.333,
80,
76.8,
516.542,
71.588,
41.2,
91.90001,
7.66,
10.831,
2.79,
0,
1512.237,
1998, 
12.1,
82.2,
27.7,
11.065,
40,
37.166,
38.49,
11.481,
3.176,
9.5,
196.397,
44.22,
38.2,
7.704,
4.577,
26.715,
43.822,
85,
63.8,
535.149,
53.49,
44,
81.3,
7.63,
10.706,
3.466,
0,
1519.054,
1999, 
12.6,
87.3,
29.4,
12.832,
40.3,
37.72,
41.56,
11.198,
3.075,
8.9,
195.813,
45,
34.4,
7.98,
5.336,
29.2,
44.518,
90,
64.2,
592.794,
67.355,
41.5,
80.1,
7.545,
11.282,
3.427,
0,
1605.335,
2000, 
12.6,
89.5,
31.7,
10.924,
39.2,
38.36,
45.01,
11.471,
3.194,
8.99,
201.394,
44.804,
35.8,
7.382,
4.52,
33.167,
51.709,
95,
67.4,
601.972,
64.405,
51.7,
81.09999,
8.545,
12.05,
3.029,
0,
1654.926,
2001, 
13,
90.4,
30,
11.049,
39.5,
38.45,
48.52,
12.555,
3.183,
9.17,
198.62,
41.374,
35,
7.8,
4.988999,
36.398,
54.939,
100,
57.16,
680.418,
67.202,
55.1,
76.6,
8.545,
12.445,
3.046,
0,
1735.463,
2002, 
13.2,
91.3,
31,
11.998,
38,
30.67,
48.22,
13.39,
3.223,
9.620001,
190.81,
41.409,
32.6,
9.61,
5.083,
39.203,
56.557,
100,
60.82,
724.548,
75.43,
61.6,
71.8,
8.7,
12.85,
2.658,
0,
1784.299,
2003, 
14.1,
94.3,
32,
13.334,
38,
33.07,
52.04,
13.445,
4.147,
10.2,
205.06,
44.314,
35.1,
11.645,
6.173,
42.739,
57.4,
100,
64.74,
880.65,
82.585,
64.5,
68.8,
9.15,
17.035,
3.419,
0,
1997.946,
2004, 
14.9,
98.99999,
35,
13.316,
34.4,
37.54,
55.12,
13.633,
4.529,
12,
209.57,
47.582,
38,
13.77,
6.684,
48.056,
62.533,
125,
59.93,
990.31,
93.211,
68.2,
67.4,
9.2,
17.39,
3.485,
0,
2179.759,
2005, 
14.3,
101,
37.5,
14.631,
36.7,
42.3,
59.49,
13.926,
5.305,
14.5,
209.482,
49.7,
42.8,
15.971,
6.873,
51.095,
68.981,
130,
57.1,
1090.012,
101.459,
66.6,
69.6,
9.269,
17.66,
3.535,
0,
2329.789,
2006, 
14,
99.7,
40,
15.314,
36.7,
45.28,
61.93,
16.177,
5.547,
13,
219.626,
55.181,
48,
18.037,
7.492,
57.395,
73.202,
155,
59.7,
1259.441,
101.86,
67,
69.9,
10.39,
18.175,
5.06,
0,
2573.107,
2007, 
14.5,
96.9,
40.7,
15.882,
46.4,
48.95,
63.95,
21.996,
5.838,
15.3,
231.62,
60.693,
48.8,
19.88,
8.1,
62.762,
86.86,
170,
63.13,
1369.18,
105.895,
77,
67.7,
10.979,
28.33,
5.295,
0,
2786.64,
2008, 
13.7,
87.60001,
40.1,
16.915,
46.5,
51.39,
78.46,
28.503,
7.118,
13.5,
200.297,
62.942,
51.4,
20.92,
9.04,
56.32,
89.5,
180,
58.12,
1407.57,
110.188,
81.4,
62.8,
10.743,
29.325,
5.47,
0,
2819.821,
2009, 
11,
64.9,
35.2,
14.762,
51.7,
49.98,
86.79,
27.251,
8.475,
11.8,
168.876,
49.868,
53,
14.78,
8.724,
46.927,
105.65,
180,
56.5,
1646.135,
115.564,
88,
54.8,
10.648,
33.425,
6.329,
0,
3001.084,
2010, 
12.4,
67.2,
34.5,
15.584,
59.1,
50.23,
85.26,
30.25,
11.03,
10.9,
162.47,
49.967,
62.7,
15.09,
8.988,
53.025,
109.31,
220,
53.6,
1896.623,
129.993,
83,
51.5,
10.358,
37.531,
6.847,
0,
3327.456,
2011, 
12,
68.6,
34.5,
14.596,
62.6,
50.08,
84.55,
29.462,
12.704,
11.2,
164.972,
52.527,
63.4,
16.5,
9.519,
58.912,
126.24,
270,
54.7,
2117.326,
133.828,
95,
51.3,
10.058,
43.338,
7.679,
0,
3655.591,
2012, 
12.465,
74.934,
36.184,
18.39,
69.323,
55.27501,
99.711,
34.5,
14.52,
11.56,
135.855,
46.49001,
63.879,
15.949,
17.691,
65.65,
187.953,
270,
53.308,
2228.272,
132.478,
52.55,
54.737,
9.915001,
50.777,
10.601,
0,
3822.967,
2013, 
11.611,
77.41499,
34.612,
18.588,
69.975,
59.163,
94.874,
40.283,
16.353,
12.168,
133.019,
44.352,
71.337,
16.064,
18.772,
70.849,
192.102,
280,
53.891,
2430.161,
138.998,
56.89,
57.962,
9.899999,
53.78099,
11.552,
0,
4074.672,
2014, 
11.879,
83.124,
36.597,
19.663,
71.254,
59.394,
104.917,
40.665,
18.186,
12.068,
131.91,
45.217,
71.239,
15.553,
21.27,
74.128,
193.043,
280,
53.723,
2509.493,
143.824,
56.96,
57.913,
10.394,
54.722,
13.937,
0,
4191.073,
2015, 
12.167,
84.94,
39.613,
19.827,
65.283,
60.062,
103.157,
43.019,
20.912,
12.992,
133.206,
46.395,
71.419,
14.194,
23.293,
66.963,
188.614,
260,
58.744,
2374.785,
158.639,
60.05,
54.827,
11.016,
64.29,
14.236,
0,
4062.643,
2016, 
11.693,
85.153,
40.577,
19.466,
57.557,
55.292,
105.928,
46.84,
22.622,
13,
135.046,
46.83101,
75.403,
14.501,
23.837,
59.321,
178.263,
280,
63.827,
2424.398,
164.924,
62.2,
53.255,
10.831,
70.756,
14.521,
0,
4136.042,
2017, 
12.706,
86.799,
41.601,
19.991,
54.004,
55.777,
124.553,
44.91,
23.252,
13.17,
136.163,
50.9,
80.55199,
14.609,
26.55,
60.09,
168.605,
283,
64.24,
2344.131,
172.963,
69.479,
55.195,
10.305,
75.794,
13.546,
0,
4102.885,
2018, 
13.554,
86.99999,
48.328,
19.209,
53.553,
53.00299,
102.7,
52.421,
23.35,
13.68,
138.733,
54.454,
72.544,
14.993,
27.588,
59.65,
173.253,
310,
57.923,
2249.513,
188.088,
75.413,
55.307,
10.879,
85.162,
14.813,
0,
4055.111,
2019, 
14,
88.1,
45.163,
18.628,
56.611,
53.091,
100.087,
57.746,
21.854,
12.726,
139.456,
56.943,
56.966,
15.258,
29.807,
64.436,
178.069,
334,
56.235,
2353.969,
207.594,
72.04,
53.462,
11.105,
88.543,
17.057,
0,
4202.946,
2020, 
14,
89.8,
47.833,
16.711,
61.052,
47.215,
90.375,
63.428,
24.867,
10.8,
137.154,
57.886,
72.299,
15.539,
31.519,
62.563,
193.587,
290,
53.208,
2391.468,
214.147,
62.83,
50.905,
10.72,
87.684,
17.504,
0,
4215.094,
2021, 
14,
91.3,
51.559,
18.552,
65.884,
57.598,
101.499,
69.572,
27.44,
12.5,
143.357,
59.388,
78.495,
17.009,
35.204,
66.584,
192.297,
350,
55.824,
2377.575,
227.432,
65.15,
50.083,
10.96,
97.859,
17.643,
0,
4354.764,
2022, 
15,
91.59999,
49.8,
18.761,
63.546,
60.309,
96.689,
70.41,
26.17,
12,
141.065,
57.383,
73.708,
11.6,
35.455,
67.772,
192.559,
380,
57.612,
2144.181,
236.292,
64.16,
53.2,
11.183,
94.53801,
18.001,
0,
4142.994,
2023, 
15.00212,
91.80144,
50.36987,
19.10359,
64.21992,
60.62701,
99.09476,
72.95004,
24.34295,
12.0753,
140.9146,
57.30318,
73.81704,
11.59638,
36.20898,
68.00972,
195.3284,
394.0074,
57.51312,
2149.265,
238.7161,
65.75531,
52.83339,
11.22193,
96.04131,
18.74605,
0,
4176.865,
2024, 
14.99759,
91.87487,
50.78963,
19.44444,
64.53503,
61.36667,
101.3085,
76.03859,
26.30039,
12.19017,
140.7437,
57.30838,
73.86782,
11.60261,
36.92377,
68.05357,
198.2953,
407.4336,
57.42716,
2152.904,
241.3293,
67.25388,
52.38717,
11.25746,
99.35651,
19.83841,
0,
4214.829,
2025, 
15.00588,
91.89887,
51.10257,
19.76715,
64.86781,
62.08149,
103.5845,
79.29137,
29.22801,
12.27894,
140.6267,
57.31665,
73.98929,
11.66947,
37.62916,
68.03719,
201.2058,
420.3991,
57.34673,
2155.638,
244.0185,
68.66047,
51.92838,
11.29759,
103.1682,
21.01075,
0,
4253.048,
2026, 
15.00798,
91.92728,
51.51348,
20.09673,
65.10143,
62.71623,
105.5667,
83.44861,
32.60482,
12.36432,
140.3536,
57.14725,
74.14494,
11.90614,
38.17864,
67.95429,
203.7512,
433.0203,
57.19386,
2154.215,
246.4727,
69.93082,
51.51113,
11.31818,
108.4925,
22.83559,
0,
4288.774,
2027, 
15.00702,
91.92797,
51.87909,
20.38747,
65.28047,
63.25916,
107.1301,
87.44942,
35.84446,
12.43761,
140.0035,
56.93568,
74.303,
12.12048,
38.68903,
67.81731,
206.1456,
444.2847,
57.02007,
2151.35,
248.6949,
71.05424,
51.08888,
11.31483,
113.4227,
24.57889,
0,
4319.427,
2028, 
15.00086,
91.89655,
52.19913,
20.64709,
65.40279,
63.72019,
108.4882,
91.24046,
38.94694,
12.50148,
139.573,
56.67271,
74.42937,
12.31453,
39.15933,
67.62753,
208.3677,
454.3311,
56.80943,
2146.709,
250.6489,
72.05063,
50.65012,
11.2962,
117.9924,
26.25231,
0,
4344.928,
2029, 
14.99753,
91.87151,
52.4775,
20.88881,
65.47961,
64.12173,
109.6159,
94.84503,
41.91257,
12.56029,
139.1149,
56.36245,
74.56126,
12.26864,
39.58801,
67.38636,
210.3959,
463.2917,
56.57373,
2139.867,
252.3748,
72.94486,
50.22208,
11.26961,
122.2539,
27.85883,
0,
4365.104,
2030, 
14.99276,
91.90212,
52.71353,
21.11959,
65.50005,
64.48325,
110.598,
98.30535,
44.74157,
12.61816,
138.6146,
56.00545,
74.63354,
12.10945,
39.9732,
67.09546,
212.1972,
471.2747,
56.28554,
2130.329,
253.7944,
73.76058,
49.77991,
11.24839,
126.232,
29.40056,
0,
4379.708,
2031, 
14.90529,
91.14462,
52.62925,
21.20335,
65.19762,
64.43606,
111.1771,
103.5067,
48.42541,
12.62852,
137.1974,
55.32182,
74.45146,
11.85809,
40.13902,
66.49406,
212.8208,
476.2506,
55.72769,
2112.353,
253.9484,
73.91063,
49.08367,
11.17028,
130.243,
31.4362,
0,
4377.66,
2032, 
14.82018,
90.43536,
52.50079,
21.27082,
64.8419,
64.33666,
111.4989,
108.3229,
51.83795,
12.64161,
135.8187,
54.60068,
74.21564,
11.56851,
40.24699,
65.81671,
213.1412,
480.1486,
55.12586,
2090.664,
253.7415,
74.01316,
48.39382,
11.09373,
133.8272,
33.31857,
0,
4368.242,
2033, 
14.73818,
89.80592,
52.33252,
21.33349,
64.44913,
64.18636,
111.5695,
112.7472,
55.00665,
12.66337,
134.5113,
53.84423,
73.92458,
11.26787,
40.29679,
65.08468,
213.1311,
483.1154,
54.48403,
2064.797,
253.1728,
74.09821,
47.73597,
11.02299,
137.0551,
35.06463,
0,
4351.439,
2034, 
14.65361,
89.27727,
52.12666,
21.40188,
64.04057,
64.01092,
111.4455,
116.8414,
57.95443,
12.69865,
133.2811,
53.05256,
73.54459,
11.01301,
40.28876,
64.29395,
212.7644,
485.2725,
53.79851,
2034.382,
252.2057,
74.19057,
47.11854,
10.9481,
139.9786,
36.69164,
0,
4327.276,
2035, 
14.57344,
88.86122,
51.88607,
21.48232,
63.62616,
63.83812,
111.1338,
120.6613,
60.69353,
12.75146,
132.1401,
52.22703,
73.06013,
10.84258,
40.22297,
63.45379,
212.0214,
486.7253,
53.08712,
1999.18,
250.8257,
74.31093,
46.51342,
10.85537,
142.6444,
38.21451,
0,
4295.833,
2036, 
14.51586,
88.55136,
51.60922,
21.61756,
63.29919,
63.74086,
110.7905,
125.7195,
64.35152,
12.87245,
131.2146,
51.37157,
72.50712,
10.75796,
40.08608,
62.61298,
210.708,
487.9321,
52.37725,
1957.603,
248.8374,
74.47918,
45.95439,
10.76628,
145.9818,
40.26367,
0,
4260.521,
2037, 
14.46365,
88.36136,
51.29555,
21.76656,
62.98311,
63.65867,
110.1509,
130.4239,
67.69901,
13.00701,
130.3499,
50.48467,
71.80972,
10.72588,
39.89066,
61.73027,
209.0022,
488.3994,
51.69295,
1911.303,
246.4063,
74.68108,
45.41518,
10.70147,
148.9503,
42.16952,
0,
4217.522,
2038, 
14.42843,
88.28296,
50.94805,
21.93183,
62.68041,
63.59409,
109.2966,
134.8182,
70.77803,
13.15583,
129.5156,
49.56897,
70.98347,
10.72406,
39.63888,
60.80832,
206.9123,
488.2126,
51.04098,
1860.521,
243.5646,
74.92122,
44.84336,
10.63884,
151.6024,
43.94086,
0,
4167.352,
2039, 
14.37798,
88.21451,
50.5658,
22.11226,
62.38128,
63.53248,
108.3646,
138.8316,
73.62081,
13.31832,
128.7737,
48.62904,
70.06618,
10.73146,
39.33348,
59.84887,
204.4552,
487.4362,
50.03075,
1805.64,
240.3721,
75.19827,
44.28427,
10.56472,
153.9815,
45.58111,
0,
4110.247,
2040, 
14.32515,
88.11025,
50.14941,
22.30253,
62.09671,
63.46513,
107.2924,
142.4533,
76.24234,
13.4927,
128.1316,
47.67021,
69.09974,
10.73321,
38.9776,
58.85976,
201.6559,
486.1201,
48.96755,
1747.16,
236.8963,
75.50616,
43.75323,
10.4873,
156.1213,
47.10007,
0,
4047.169,
2041, 
14.2909,
88.00363,
49.69847,
22.51614,
61.84529,
63.38717,
106.137,
147.1243,
79.62392,
13.70483,
127.7178,
46.69598,
68.13332,
10.72449,
38.56346,
57.89939,
198.4052,
484.312,
47.87737,
1684.38,
233.0575,
75.78613,
43.29554,
10.40362,
158.6817,
49.07488,
0,
3981.34,
2042, 
14.25247,
87.90059,
49.21205,
22.72687,
61.56554,
63.26662,
104.8856,
151.283,
82.65419,
13.91495,
127.4098,
45.7039,
67.07741,
10.70843,
38.10593,
56.93429,
194.8736,
481.9223,
46.73682,
1619.309,
228.9415,
76.06194,
42.82668,
10.3044,
160.8786,
50.87687,
0,
3910.333,
2043, 
14.20228,
87.80746,
48.6888,
22.93275,
61.26395,
63.12929,
103.5542,
155.0608,
85.37741,
14.11909,
127.1242,
44.69389,
65.89777,
10.68454,
37.60934,
55.96048,
191.0772,
478.9802,
45.52166,
1552.616,
224.5346,
76.31681,
42.32005,
10.19908,
162.7257,
52.52094,
0,
3834.918,
2044, 
14.13877,
87.75587,
48.12934,
23.12733,
60.92557,
62.97139,
102.1215,
158.4597,
87.81469,
14.31339,
126.6782,
43.66819,
64.60551,
10.65217,
37.07694,
54.97382,
187.0657,
475.5079,
44.25258,
1484.956,
219.8732,
76.53412,
41.77233,
10.10442,
164.2398,
54.01643,
0,
3755.735,
2045, 
14.06048,
87.74751,
47.53443,
23.30591,
60.54414,
62.78189,
100.6064,
161.4698,
89.98968,
14.49409,
126.1204,
42.62919,
63.18585,
10.61077,
36.5127,
53.96865,
182.8789,
471.5259,
42.95252,
1416.961,
214.9931,
76.69825,
41.18047,
10.02872,
165.4332,
55.36792,
0,
3673.582,
2046, 
13.97562,
87.71629,
46.86924,
23.45452,
60.0994,
62.51143,
98.96713,
165.1481,
92.54213,
14.66805,
125.5109,
41.58283,
61.54438,
10.55276,
35.87958,
52.94729,
178.3585,
466.6747,
41.65294,
1347.623,
209.7879,
76.69662,
40.58273,
9.962297,
166.569,
56.94606,
0,
3588.823,
2047, 
13.87378,
87.6737,
46.17035,
23.57258,
59.59441,
62.17966,
97.35196,
168.3133,
94.74015,
14.81796,
124.7827,
40.52813,
59.59098,
10.48521,
35.22342,
51.90566,
173.7466,
461.3289,
40.35447,
1279.198,
204.447,
76.62817,
39.93808,
9.894205,
167.3319,
58.31673,
0,
3501.988,
2048, 
13.83802,
87.40109,
45.47054,
23.63691,
58.95575,
61.71082,
95.51487,
170.7434,
96.51453,
14.94893,
124.3205,
39.50106,
58.45108,
10.35387,
34.54582,
50.82026,
169.1262,
455.5608,
39.25775,
1212.137,
199.8106,
76.49332,
39.61368,
9.75705,
167.9317,
59.45215,
0,
3415.868,
2049, 
13.77954,
87.08436,
44.73798,
23.66311,
58.25502,
61.1762,
93.61145,
172.7975,
97.96827,
15.05134,
123.6933,
38.46981,
57.27226,
10.21253,
33.85167,
49.7183,
164.474,
449.3391,
38.13774,
1146.815,
195.056,
76.26025,
39.22351,
9.63024,
168.1833,
60.41669,
0,
3328.879,
2050, 
13.69694,
86.7214,
43.97393,
23.64952,
57.49443,
60.57434,
91.65469,
174.497,
99.13235,
15.12379,
122.8883,
37.43328,
56.08224,
10.06126,
33.14401,
48.60186,
159.8115,
442.6877,
36.99671,
1083.54,
190.1965,
75.92264,
38.7632,
9.505418,
168.0993,
61.22032,
0,
3241.472,
2051, 
13.79332,
87.66093,
43.69321,
23.96383,
57.46225,
60.75013,
90.53146,
178.9052,
101.7792,
15.41164,
123.7542,
36.8265,
55.55193,
10.03563,
32.73518,
48.04093,
156.4262,
441.0092,
36.20588,
1026.397,
186.9462,
76.59042,
38.76138,
9.508922,
170.0672,
62.94532,
0,
3185.753,
2052, 
13.87542,
88.57465,
43.40061,
24.24819,
57.4016,
60.90704,
89.40803,
183.0206,
104.1982,
15.67382,
124.4981,
36.22635,
55.00803,
10.00305,
32.33088,
47.48249,
153.1388,
439.0917,
35.28286,
971.8993,
183.7242,
77.17461,
38.71659,
9.524705,
171.7983,
64.53088,
0,
3131.139,
2053, 
13.94763,
89.42442,
43.09799,
24.50015,
57.29672,
61.02374,
88.29067,
186.8143,
106.3929,
15.91018,
125.1368,
35.63487,
54.65969,
9.963396,
31.93172,
46.92564,
149.966,
436.9409,
34.32506,
920.1358,
180.5822,
77.67245,
38.64824,
9.544014,
173.3147,
65.98679,
0,
3078.067,
2054, 
14.00816,
90.17954,
42.78502,
24.71771,
57.1476,
61.08908,
87.1844,
190.2974,
108.3816,
16.12046,
125.6593,
35.05148,
54.5578,
9.916702,
31.53846,
46.36974,
146.9159,
434.5776,
33.39235,
871.1457,
177.5123,
78.08151,
38.55025,
9.55725,
174.6243,
67.32041,
0,
3026.682,
2055, 
14.05668,
90.83701,
42.46192,
24.90104,
56.9553,
61.10335,
86.09312,
193.4921,
110.1809,
16.3048,
126.0628,
34.47605,
53.99059,
9.863094,
31.15166,
45.81493,
143.9159,
432.0045,
32.48559,
824.9261,
174.5163,
78.40129,
38.42221,
9.564003,
175.7371,
68.54034,
0,
2976.259,
2056, 
14.0902,
91.35516,
42.08484,
25.03069,
56.67537,
61.01128,
84.92361,
196.8718,
112.0578,
16.44923,
126.2861,
33.89801,
53.3246,
9.80056,
30.72458,
45.24559,
140.8365,
428.8189,
31.56409,
780.6276,
171.4418,
78.54234,
38.24959,
9.557619,
176.6115,
69.80286,
0,
2925.882,
2057, 
14.11106,
91.77464,
41.69905,
25.12616,
56.35437,
60.86953,
83.77376,
199.902,
113.7131,
16.56725,
126.3879,
33.32785,
52.66103,
9.731573,
30.30552,
44.67742,
137.8798,
425.4403,
30.66938,
739.0715,
168.4433,
78.59602,
38.02176,
9.544751,
177.2808,
70.93014,
0,
2876.86,
2058, 
14.12007,
92.09712,
41.30528,
25.18885,
55.99462,
60.68018,
82.64548,
202.6143,
115.1677,
16.66,
126.3738,
32.7657,
52.00414,
9.656475,
29.89464,
44.11069,
135.0451,
421.8784,
29.8029,
700.1638,
165.5244,
78.56551,
37.76873,
9.525201,
177.7606,
71.93436,
0,
2829.248,
2059, 
14.11981,
92.32544,
40.90499,
25.22041,
55.59863,
60.44566,
81.54006,
205.0363,
116.4403,
16.72894,
126.2584,
32.2124,
51.37175,
9.575642,
29.49197,
43.54569,
132.3312,
418.1515,
29.00896,
663.7935,
162.7035,
78.455,
37.52761,
9.502234,
178.0693,
72.82626,
0,
2783.186,
2060, 
14.10942,
92.4631,
40.49836,
25.22257,
55.16901,
60.16856,
80.45822,
207.1925,
117.5472,
16.77527,
126.0405,
31.66732,
50.75311,
9.489481,
29.09744,
42.98275,
129.734,
414.276,
28.32382,
629.8389,
159.9665,
78.26846,
37.31201,
9.47411,
178.2172,
73.6153,
0,
2738.661,
2061, 
14.08556,
92.48396,
40.05354,
25.18227,
54.66541,
59.80553,
79.31082,
209.4067,
118.6571,
16.78572,
125.6624,
31.11883,
50.12676,
9.395831,
28.68223,
42.40361,
127.0797,
409.8738,
27.7326,
597.7908,
157.1937,
77.92467,
37.13334,
9.43382,
178.142,
74.39763,
0,
2694.529,
2062, 
14.05174,
92.42289,
39.60405,
25.11544,
54.13317,
59.40522,
78.18808,
211.3216,
119.5833,
16.7755,
125.1891,
30.57832,
49.50767,
9.297719,
28.27531,
41.82717,
124.5402,
405.3589,
27.27167,
567.9288,
154.4956,
77.5145,
36.84226,
9.389261,
177.9101,
75.06605,
0,
2651.594,
2063, 
14.00862,
92.28473,
39.1506,
25.02411,
53.57509,
58.97068,
77.08987,
212.9667,
120.3447,
16.74664,
124.6273,
30.04573,
48.89625,
9.195571,
27.87648,
41.25372,
122.11,
400.7473,
26.96951,
540.1157,
151.8696,
77.04292,
36.52574,
9.340904,
177.5355,
75.63189,
0,
2609.946,
2064, 
13.95684,
92.07451,
38.69384,
24.91024,
52.99387,
58.50482,
76.01588,
214.3675,
120.9579,
16.70129,
123.9836,
29.52097,
48.29237,
9.089806,
27.48551,
40.68353,
119.7838,
396.0539,
26.86683,
514.2155,
149.3126,
76.51495,
36.19073,
9.289081,
177.0313,
76.10497,
0,
2569.596,
2065, 
13.8976,
91.79726,
38.23464,
24.77574,
52.39207,
58.01054,
74.96557,
215.5467,
121.4375,
16.64068,
123.254,
29.0024,
47.70037,
8.980829,
27.10214,
40.11688,
117.556,
391.2874,
26.88959,
490.096,
146.8266,
75.93559,
35.84132,
9.233871,
176.4104,
76.49405,
0,
2530.426,
2066, 
13.82904,
91.44165,
37.74769,
24.60661,
51.72995,
57.44757,
73.86029,
216.6577,
121.8459,
16.54916,
122.4235,
28.47554,
47.10038,
8.866731,
26.70688,
39.53907,
115.2753,
386.0753,
26.35097,
467.4906,
144.3099,
75.24093,
35.46362,
9.169246,
175.5683,
76.83137,
0,
2490.603,
2067, 
13.75368,
91.02909,
37.25997,
24.4203,
51.0527,
56.86208,
72.77901,
217.5342,
122.117,
16.44468,
121.5602,
27.95417,
46.50816,
8.750252,
26.31906,
38.96551,
113.0873,
380.8154,
25.82696,
446.4267,
141.8563,
74.50526,
35.07284,
9.101921,
174.6222,
77.08186,
0,
2451.707,
2068, 
13.67198,
90.5644,
36.77198,
24.21854,
50.36258,
56.25666,
71.72093,
218.2003,
122.2656,
16.32775,
120.6346,
27.44012,
45.92245,
8.631742,
25.93841,
38.39641,
110.9863,
375.5183,
25.31643,
426.7867,
139.4616,
73.733,
34.67006,
9.032273,
173.5828,
77.2546,
0,
2413.667,
2069, 
13.58454,
90.05213,
36.28424,
24.00298,
49.66165,
55.63378,
70.6852,
218.6768,
122.3046,
16.19675,
119.6469,
26.93394,
45.34341,
8.51153,
25.56469,
37.83198,
108.965,
370.1935,
24.81877,
408.4602,
137.1233,
72.92835,
34.25693,
8.960431,
172.46,
77.35751,
0,
2376.439,
2070, 
13.49213,
89.49667,
35.79734,
23.77514,
48.95186,
54.9957,
69.67097,
218.9823,
122.2452,
16.05594,
118.6146,
26.43607,
44.74039,
8.389922,
25.19761,
37.2724,
107.01,
364.8503,
24.33401,
391.3432,
134.8405,
72.09533,
33.83583,
8.886511,
171.2635,
77.39762,
0,
2339.971,
2071, 
13.3916,
88.88158,
35.29009,
23.52242,
48.20236,
54.30597,
68.6215,
219.153,
122.0807,
15.89083,
117.5232,
25.94204,
43.99613,
8.265444,
24.82056,
36.70554,
105.0023,
359.1619,
23.86522,
375.3516,
132.5318,
71.18684,
33.39136,
8.804688,
169.8746,
77.37401,
0,
2303.137,
2072, 
13.28806,
88.2317,
34.78555,
23.26024,
47.4482,
53.60598,
67.59309,
219.1504,
121.8191,
15.71822,
116.4017,
25.45991,
43.16428,
8.140198,
24.45007,
36.14417,
103.0623,
353.4804,
23.41079,
360.3825,
130.2845,
70.25948,
32.94556,
8.721274,
168.4267,
77.2879,
0,
2266.922,
2073, 
13.18023,
87.5507,
34.28343,
22.98986,
46.69091,
52.8976,
66.5849,
218.9929,
121.4711,
15.53895,
115.2464,
24.99046,
42.25818,
8.014425,
24.08591,
35.5884,
101.1886,
347.8117,
22.96496,
346.3524,
128.0805,
69.31602,
32.49254,
8.636429,
166.9307,
77.14616,
0,
2231.284,
2074, 
13.06785,
86.842,
33.78381,
22.71244,
45.93188,
52.18253,
65.59613,
218.6965,
121.0466,
15.35384,
114.0581,
24.53524,
41.32794,
7.888346,
23.72786,
35.03835,
99.37708,
342.1615,
22.52514,
333.184,
125.9128,
68.35912,
32.03053,
8.55035,
165.3912,
76.95475,
0,
2196.236,
2075, 
12.9509,
86.1088,
33.28683,
22.42903,
45.17236,
51.46232,
64.62601,
218.2754,
120.5538,
15.1637,
112.8387,
24.09608,
40.452,
7.76216,
23.37571,
34.49412,
97.62858,
336.5352,
22.05208,
320.8063,
123.7926,
67.39134,
31.55879,
8.463283,
163.811,
76.71901,
0,
2161.806,
2076, 
12.82088,
85.31647,
32.77337,
22.1272,
44.38927,
50.70296,
63.63028,
217.6681,
119.9396,
14.95367,
111.5419,
23.67346,
39.6623,
7.634839,
23.01422,
33.94595,
95.85327,
330.6263,
21.49786,
309.1742,
121.6468,
66.37718,
31.06121,
8.368749,
162.0538,
76.40321,
0,
2126.857,
2077, 
12.6875,
84.5061,
32.26385,
21.82149,
43.60866,
49.94217,
62.65281,
216.9393,
119.262,
14.74032,
110.2234,
23.22892,
39.0139,
7.50782,
22.6586,
33.40402,
94.14317,
324.761,
20.92459,
298.2071,
119.5631,
65.35787,
30.5573,
8.273809,
160.2682,
76.04538,
0,
2092.562,
2078, 
12.55649,
83.68023,
31.76048,
21.51273,
42.83147,
49.18113,
61.69292,
216.1026,
118.5284,
14.52476,
108.9119,
22.79136,
38.56397,
7.381252,
22.30867,
32.86838,
92.49938,
318.9463,
20.37189,
287.8503,
117.5942,
64.33681,
30.07012,
8.178652,
158.4705,
75.65047,
0,
2059.166,
2079, 
12.42452,
82.84115,
31.26209,
21.20166,
42.0585,
48.42088,
60.74997,
215.1697,
117.7457,
14.30724,
107.5932,
22.36098,
38.31301,
7.255269,
21.96426,
32.33908,
90.91919,
313.1835,
19.82652,
278.0536,
115.7075,
63.31393,
29.58547,
8.083469,
156.6575,
75.22276,
0,
2026.561,
2080, 
12.2913,
81.99107,
30.76864,
20.88896,
41.29053,
47.66243,
59.82338,
214.1511,
116.9198,
14.08826,
106.2669,
21.93748,
38.29441,
7.129994,
21.62521,
31.81616,
89.40292,
307.4752,
19.28867,
268.7713,
113.8903,
62.28531,
29.06783,
7.988432,
154.8333,
74.76611,
0,
1994.715,
2081, 
12.14378,
81.07568,
30.26204,
20.56249,
40.51247,
46.87534,
58.8765,
212.9172,
115.9714,
13.85626,
104.8365,
21.52114,
38.52527,
7.005027,
21.27928,
31.29275,
87.8087,
301.5647,
18.76068,
259.911,
112.0562,
61.22999,
28.48675,
7.883296,
152.8676,
74.22351,
0,
1962.305,
2082, 
11.99567,
80.15428,
29.76119,
20.23586,
39.74121,
46.09259,
57.94579,
211.6033,
114.9852,
13.62394,
103.4048,
21.11146,
38.95585,
6.880996,
20.9387,
30.77591,
86.24685,
295.7223,
18.24606,
251.4883,
110.2752,
60.17855,
27.86665,
7.778761,
150.8962,
73.65484,
0,
1930.56,
2083, 
11.84721,
79.22848,
29.26618,
19.90957,
38.97727,
45.31487,
57.03073,
210.2188,
113.9664,
13.3917,
101.9738,
20.70836,
38.37611,
6.757985,
20.60334,
30.26567,
84.72389,
289.9496,
17.74448,
243.4683,
108.4345,
59.13219,
27.24999,
7.674888,
148.902,
73.06354,
0,
1898.18,
2084, 
11.69886,
78.29976,
28.77718,
19.58404,
38.22106,
44.54277,
56.13084,
208.7724,
112.9196,
13.1599,
100.5465,
20.31186,
37.80376,
6.636068,
20.27306,
29.76201,
83.23789,
284.2484,
17.25628,
235.8196,
106.4801,
58.09205,
26.66651,
7.57173,
146.8837,
72.45262,
0,
1866.148,
2085, 
11.55099,
77.36948,
28.29432,
19.2597,
37.47298,
43.77684,
55.24567,
207.2716,
111.8486,
12.92888,
99.12547,
19.92195,
37.24039,
6.515314,
19.94775,
29.26493,
81.78701,
278.6199,
16.78767,
228.5134,
104.5623,
57.05913,
26.13655,
7.469338,
144.8684,
71.82481,
0,
1834.663,
2086, 
11.38409,
76.37276,
27.79856,
18.92475,
36.72425,
42.98913,
54.34811,
205.5459,
110.6681,
12.6904,
97.59133,
19.53934,
36.66131,
6.396347,
19.61918,
28.77279,
80.31384,
272.8715,
16.36859,
221.5266,
102.6132,
56.00713,
25.67186,
7.354949,
142.7475,
71.11646,
0,
1802.618,
2087, 
11.21808,
75.37838,
27.3095,
18.59197,
35.98466,
42.20934,
53.46513,
203.7722,
109.4685,
12.4534,
96.06731,
19.16298,
36.08864,
6.27864,
19.29555,
28.2872,
78.87383,
267.2043,
16.03863,
214.8327,
100.6973,
54.9647,
25.28916,
7.241747,
140.6352,
70.39399,
0,
1771.203,
2088, 
11.05309,
74.38734,
26.82713,
18.26164,
35.25443,
41.43782,
52.59635,
201.9572,
108.253,
12.21812,
94.5443,
18.79281,
35.52248,
6.162237,
18.97675,
27.80815,
77.46539,
261.6183,
15.80389,
208.4103,
98.81382,
53.9325,
25.00392,
7.12976,
138.5332,
69.65978,
0,
1740.424,
2089, 
10.88925,
73.40053,
26.35146,
17.934,
34.53373,
40.67487,
51.74143,
200.107,
107.0247,
11.98449,
92.99335,
18.42873,
34.96294,
6.047177,
18.6627,
27.33562,
76.08711,
256.1143,
15.67643,
202.2399,
96.96213,
52.91108,
24.78319,
7.019012,
136.4433,
68.91592,
0,
1710.224,
2090, 
10.72665,
72.41869,
25.88247,
17.60928,
33.82274,
39.92074,
50.90003,
198.2272,
105.7865,
11.7527,
91.43839,
18.07067,
34.41008,
5.933492,
18.35331,
26.86957,
74.73767,
250.6922,
15.67373,
196.3038,
95.14153,
51.90093,
24.32292,
6.909524,
134.3665,
68.16425,
0,
1680.335,
2091, 
10.54758,
71.37715,
25.40022,
17.27691,
33.10976,
39.14917,
50.04523,
196.124,
104.45,
11.51774,
89.78397,
17.71455,
33.84417,
5.822481,
18.04392,
26.41232,
73.37198,
245.2082,
15.81455,
190.7064,
93.29691,
50.87573,
23.8608,
6.790384,
132.2031,
67.34404,
0,
1650.091,
2092, 
10.37062,
70.34359,
24.92531,
16.9481,
32.40714,
38.38764,
49.20402,
193.9977,
103.1076,
11.28561,
88.17237,
17.35906,
33.28737,
5.712865,
17.73913,
25.9614,
72.03421,
239.8113,
15.76947,
185.3087,
91.48581,
49.86345,
23.40894,
6.67283,
130.0559,
66.51865,
0,
1620.139,
2093, 
10.19565,
69.31857,
24.45765,
16.62301,
31.71496,
37.63628,
48.37613,
191.853,
101.7616,
11.05672,
86.62126,
17.00635,
32.73833,
5.604664,
17.43886,
25.51678,
70.7232,
234.5009,
15.44343,
180.0973,
89.70611,
48.86371,
22.96603,
6.55687,
127.9231,
65.68963,
0,
1590.39,
2094, 
10.02266,
68.30255,
23.99715,
16.30175,
31.03324,
36.89522,
47.56128,
189.6944,
100.414,
10.83142,
85.14708,
16.65823,
32.19627,
5.497892,
17.14304,
25.0784,
69.4379,
229.2768,
15.12297,
175.0607,
87.95634,
47.87669,
22.52868,
6.442506,
125.8053,
64.85844,
0,
1561.141,
2095, 
9.852077,
67.29594,
23.54391,
15.98442,
30.362,
36.16452,
46.7592,
187.5255,
99.06654,
10.60775,
83.76649,
16.31608,
31.66466,
5.392563,
16.85161,
24.64622,
68.17052,
224.1385,
14.8092,
170.1877,
86.23981,
46.90345,
22.13383,
6.329739,
123.7044,
64.02626,
0,
1532.443,
2096, 
9.668894,
66.21465,
23.06991,
15.66204,
29.68073,
35.41558,
45.94095,
185.1588,
97.63721,
10.38258,
82.28254,
15.97977,
31.00944,
5.289176,
16.55924,
24.21878,
66.86559,
218.9936,
14.49043,
165.6041,
84.49461,
45.91919,
21.763,
6.212632,
121.5402,
63.13417,
0,
1503.188,
2097, 
9.488396,
65.14566,
22.60379,
15.34402,
29.01058,
34.67797,
45.13579,
182.7882,
96.21156,
10.1605,
80.73556,
15.65165,
30.26625,
5.187236,
16.27125,
23.79749,
65.58225,
213.9367,
14.17788,
161.1612,
82.78138,
44.95116,
21.43562,
6.097281,
119.3963,
62.24347,
0,
1474.239,
2098, 
9.310248,
64.0892,
22.14534,
15.03041,
28.35151,
33.95167,
44.34344,
180.4168,
94.79099,
9.941533,
79.20947,
15.33393,
29.47082,
5.086746,
15.98758,
23.38229,
64.32162,
208.9667,
13.87038,
156.8512,
81.09619,
43.99942,
21.09231,
5.983677,
117.2843,
61.35521,
0,
1445.663,
2099, 
9.133878,
63.04549,
21.69426,
14.72124,
27.70345,
33.23669,
43.56372,
178.0478,
93.37689,
9.725652,
77.70163,
15.02731,
28.65526,
4.987707,
15.70818,
22.97314,
63.0842,
204.0825,
13.56605,
152.6668,
79.43287,
43.05954,
20.64502,
5.871812,
115.2328,
60.4703,
0,
1417.414,
2100, 
8.959373,
62.01463,
21.25048,
14.41655,
27.06634,
32.53297,
42.79637,
175.6837,
91.97032,
9.512889,
76.21246,
14.73272,
27.84729,
4.890117,
15.43297,
22.56998,
61.86997,
199.2832,
13.26506,
148.6012,
77.79173,
42.1342,
20.20172,
5.761673,
113.2051,
59.5895,
0,
1389.592];
