real main.em.dem.hi.Clinker_Production[28](t) = [1971, 
7.4853,
63.9486,
6.16722,
4.277119,
8.038461,
12.24752,
6.25314,
3.05092,
1.27804,
5.21629,
148.1945,
32.9983,
6.87323,
1.5908,
0,
82.27142,
8.05349,
12.39273,
10.62152,
26.71521,
7.71953,
0.44317,
51.11324,
4.80396,
2.93748,
1.97758,
0,
516.6688,
1972, 
8.181899,
67.437,
7.17746,
5.781819,
9.33324,
12.79692,
6.21131,
3.40158,
1.24333,
5.43968,
168.4209,
36.25626,
6.91145,
1.60064,
0,
85.52518,
9.37485,
13.10155,
10.72526,
29.89577,
8.42296,
0.54236,
57.01112,
5.09894,
2.82282,
2.23657,
0,
564.9509,
1973, 
9.0477,
69.8184,
8.13276,
6.222979,
10.98636,
13.26924,
6.09294,
3.4265,
1.25579,
6.10896,
163.4131,
38.33475,
8.140861,
1.62934,
0,
89.80722,
9.12502,
12.46328,
12.71725,
31.45451,
10.1647,
0.6734,
67.1832,
5.41886,
3.15224,
2.5543,
0,
590.5936,
1974, 
9.5769,
66.20219,
8.75104,
6.252499,
12.45334,
13.92114,
6.35816,
3.59293,
1.29139,
6.49789,
160.7271,
41.23879,
8.1354,
1.6728,
0,
94.4189,
10.79415,
11.88477,
13.50622,
31.40056,
9.854391,
0.75621,
62.87288,
5.7405,
3.51533,
2.57299,
0,
593.9885,
1975, 
8.7669,
55.917,
9.184,
5.841679,
13.44062,
13.5464,
6.93399,
4.03437,
1.26291,
6.38664,
152.3531,
44.09148,
9.85803,
1.77858,
0,
100.0867,
12.3421,
13.48584,
15.58739,
39.00477,
10.81171,
0.9800701,
56.34462,
5.41112,
3.63909,
2.37363,
0,
593.4628,
1976, 
8.908199,
60.8229,
10.40662,
6.260699,
15.3135,
14.35082,
7.11199,
4.07709,
1.34657,
6.27272,
156.5511,
47.32811,
11.06014,
20.22776,
0,
101.8817,
13.16961,
15.36828,
17.17443,
39.53132,
11.79269,
1.6471,
59.09232,
5.29932,
3.50987,
1.57975,
0,
640.0847,
1977, 
8.939699,
65.3661,
10.92896,
6.179519,
17.32086,
14.7559,
7.87561,
4.14117,
1.5753,
5.84997,
160.464,
49.99436,
12.1849,
20.59403,
0,
104.1859,
13.77966,
15.91359,
19.29018,
47.12441,
12.45426,
2.31959,
62.89868,
5.26234,
3.57448,
1.58242,
0,
674.5559,
1978, 
9.425699,
69.7914,
11.603,
6.7527,
19.05598,
15.69398,
9.07978,
4.31294,
1.44714,
6.07247,
163.3752,
52.34935,
14.17052,
20.18211,
0,
104.1039,
15.73099,
16.28958,
20.14103,
55.30912,
12.91017,
3.32059,
72.99853,
5.11872,
3.90026,
1.55661,
0,
714.6918,
1979, 
10.3131,
68.9832,
12.58864,
7.018379,
20.39422,
17.19458,
11.61984,
4.63334,
1.47028,
5.51711,
165.8589,
51.99385,
12.35143,
19.51764,
0,
100.8756,
19.55231,
15.1641,
22.21583,
62.54913,
15.70569,
4.03312,
75.51144,
5.14366,
3.76194,
1.56373,
0,
735.5311,
1980, 
9.306,
61.4169,
13.44636,
7.329389,
22.29908,
19.21998,
13.28058,
4.83181,
1.604715,
6.34125,
166.359,
56.74334,
11.80725,
19.44603,
3.444,
102.5402,
21.80244,
14.77649,
21.48692,
67.66492,
13.83473,
4.78569,
75.64302,
5.20902,
4.03221,
1.48808,
0,
750.1393,
1981, 
9.1368,
58.5486,
14.90186,
7.240192,
21.36182,
19.23638,
14.4714,
5.91049,
1.58137,
7.20455,
161.6095,
52.8036,
13.68913,
19.50725,
3.623785,
104.2786,
26.34503,
17.35364,
21.49147,
70.1516,
14.80752,
5.20429,
72.95209,
5.63558,
4.27336,
1.66341,
0,
754.9833,
1982, 
7.3224,
51.7275,
15.86126,
6.975526,
21.02808,
18.38604,
14.31654,
5.90159,
1.431351,
7.1912,
156.6791,
59.37403,
14.35798,
19.72428,
3.80357,
164.3214,
28.56279,
18.7995,
23.55717,
80.35645,
16.30811,
5.30712,
69.38996,
6.06644,
4.226613,
1.5397,
0,
822.5157,
1983, 
7.083899,
57.5343,
14.23766,
7.309465,
17.1134,
17.01418,
16.05827,
5.43523,
1.42311,
7.02833,
156.5567,
62.29861,
12.37145,
20.60824,
11.06487,
171.0192,
30.74569,
20.96663,
26.64662,
91.40956,
17.70769,
7.36645,
69.56626,
5.38532,
4.453147,
1.35547,
0,
859.7597,
1984, 
8.448299,
63.4068,
15.33564,
7.243676,
15.98754,
17.32496,
20.01432,
4.94573,
1.396034,
7.194759,
147.339,
64.99251,
14.32158,
21.3323,
11.67688,
173.43,
35.87509,
24.51903,
25.85583,
103.7566,
17.76047,
8.09263,
67.8196,
4.83062,
4.842429,
1.3706,
0,
889.1129,
1985, 
9.1728,
63.2556,
16.6091,
7.130142,
16.9207,
17.38892,
21.90112,
6.18016,
1.390888,
6.1232,
139.3141,
60.60722,
15.99871,
21.1519,
12.34182,
174.4788,
36.94828,
26.53593,
25.94319,
122.7869,
16.3618,
9.0454,
62.64842,
5.73362,
5.074242,
1.4685,
0,
902.5115,
1986, 
9.5499,
64.0008,
16.2565,
7.976664,
20.70664,
19.69804,
20.29912,
6.525658,
1.525423,
5.55894,
139.6933,
63.48124,
18.20364,
22.27612,
13.84898,
179.7981,
35.55969,
29.03589,
28.6923,
140.0384,
17.02337,
10.30393,
61.28704,
6.134619,
6.25898,
1.71236,
0,
945.4457,
1987, 
11.3427,
60.64199,
19.25524,
8.431331,
20.88376,
21.51926,
23.22633,
5.958461,
1.680385,
5.33911,
143.2396,
63.21106,
20.0018,
22.63692,
14.21224,
182.8526,
37.98329,
30.82205,
31.80086,
156.8833,
18.90434,
10.75074,
61.53386,
5.948624,
7.05796,
1.84586,
0,
987.9637,
1988, 
11.115,
64.3896,
19.35692,
7.959253,
20.76978,
21.52898,
24.51861,
6.817934,
1.61624,
6.0164,
153.1162,
65.17658,
20.53688,
23.0912,
14.45496,
184.6935,
40.50151,
34.14288,
37.68401,
176.6497,
21.34769,
11.93738,
66.69644,
6.070053,
7.55482,
1.9847,
0,
1049.727,
1989, 
11.3319,
64.1772,
19.8522,
8.422002,
21.25522,
19.10026,
24.81943,
7.071888,
2.05501,
6.46229,
159.6195,
63.62107,
21.57064,
22.92556,
15.1044,
186.6738,
44.87395,
36.68351,
42.88011,
176.7477,
25.18425,
13.45708,
68.55663,
6.669346,
7.53389,
2.01407,
0,
1078.663,
1990, 
10.5705,
63.8496,
20.24006,
8.412292,
21.197,
19.23036,
26.82816,
5.94437,
2.18762,
5.84107,
158.2907,
57.66368,
22.11209,
22.3655,
14.9445,
182.705,
45.9571,
38.3211,
45.42174,
175.9268,
31.93827,
13.45526,
72.6227,
6.327796,
7.83601,
2.23034,
0,
1082.42,
1991, 
8.406684,
60.27212,
20.59494,
7.375795,
22.46015,
20.1785,
29.02796,
6.223289,
2.068484,
5.452389,
153.8522,
41.77913,
23.6083,
21.28392,
13.94246,
65.51226,
38.37441,
43.27482,
50.03647,
205.1379,
35.54351,
12.22636,
76.84591,
5.53657,
8.179326,
2.515532,
0,
979.7095,
1992, 
7.681248,
62.20899,
22.0708,
7.485446,
19.45623,
23.85,
29.13487,
6.566607,
2.179944,
5.1714,
146.4459,
32.77607,
25.72332,
18.93298,
12.26966,
51.9224,
43.28453,
44.98262,
55.54538,
258.535,
38.79516,
12.69939,
75.54371,
5.710024,
8.691056,
2.125136,
0,
1019.788,
1993, 
8.370054,
65.76203,
23.29597,
7.897469,
20.14929,
32.48428,
26.61853,
6.655245,
2.217477,
5.404935,
134.5967,
29.89813,
28.05173,
13.9646,
9.27584,
41.83804,
47.63074,
47.92454,
57.94602,
309.0458,
45.59871,
17.66861,
75.19128,
6.397794,
8.741331,
2.063302,
0,
1074.688,
1994, 
9.398592,
69.21783,
25.52795,
8.539049,
20.38503,
24.88217,
26.80534,
5.661444,
2.175782,
6.205704,
142.064,
32.35333,
26.36169,
10.62884,
6.64774,
31.07636,
49.15179,
53.18032,
62.04102,
354.6357,
51.82996,
22.05847,
78.06365,
6.907706,
8.889302,
1.768292,
0,
1136.457,
1995, 
9.2394,
68.06181,
20.36247,
8.794625,
22.74608,
27.31967,
28.3675,
5.839801,
2.748538,
6.507375,
140.482,
32.79887,
29.67193,
7.30702,
4.93312,
30.29818,
51.12236,
56.88648,
65.42539,
401.2075,
58.12344,
20.70672,
76.9029,
6.58342,
8.741465,
2.160375,
0,
1193.339,
1996, 
9.7902,
71.2656,
20.3708,
7.30622,
27.7492,
26.10831,
32.76104,
9.215296,
2.465144,
6.68824,
135.4697,
33.38586,
31.3984,
5.3382,
3.5629,
23.2798,
41.70511,
67.36,
66.2756,
432.4815,
51.53441,
32.558,
80.136,
6.522816,
9.552428,
2.41544,
0,
1236.696,
1997, 
10.2843,
72.5175,
21.9725,
7.433097,
30.4419,
27.8052,
33.91707,
12.30504,
2.37237,
6.50881,
138.1517,
34.30558,
32.004,
5.82364,
3.7679,
22.41142,
41.42406,
67.52,
68.2752,
435.9614,
63.64173,
36.6268,
77.74741,
6.48036,
9.628759,
2.42451,
0,
1271.752,
1998, 
10.5996,
72.00719,
22.0492,
8.807739,
31.84,
29.58414,
33.33234,
9.942546,
2.750416,
8.227,
153.5825,
34.58004,
33.8452,
6.31728,
3.75314,
21.9063,
36.02168,
71.91,
56.5268,
452.7361,
47.39214,
38.984,
68.6172,
6.43972,
9.485516,
3.001556,
0,
1274.239,
1999, 
10.9998,
76.21291,
23.3142,
10.17578,
31.9579,
29.91196,
35.86628,
9.663874,
2.653725,
7.680699,
152.93,
35.145,
30.3752,
6.5436,
4.37552,
23.944,
36.54928,
76.32,
56.6886,
502.6893,
59.47447,
36.6445,
67.4442,
6.35289,
9.962006,
2.957501,
0,
1346.833,
2000, 
10.962,
77.865,
25.043,
8.62996,
30.968,
30.3044,
38.7086,
9.86506,
2.74684,
7.7314,
157.0873,
34.94712,
31.504,
6.05324,
3.7064,
27.19694,
42.40138,
80.75,
59.312,
511.6762,
56.6764,
45.496,
68.12399,
7.1778,
10.604,
2.60494,
0,
1388.142,
2001, 
11.232,
78.10561,
23.4,
8.618219,
30.81,
29.991,
41.242,
10.67175,
2.70555,
7.7945,
154.5264,
32.18897,
30.59,
6.3804,
4.081002,
29.77356,
44.72034,
83.4,
49.95784,
567.4686,
58.73455,
48.1574,
64.1908,
7.16071,
10.87693,
2.5891,
0,
1439.367,
2002, 
11.3256,
78.3354,
23.87,
9.23846,
29.26,
23.6159,
40.5048,
11.2476,
2.70732,
8.0808,
148.0686,
32.13338,
28.2968,
7.84176,
4.147728,
31.98965,
45.69806,
81.8,
52.79176,
592.6802,
65.47324,
53.4688,
60.0248,
7.2732,
11.1538,
2.23272,
0,
1463.26,
2003, 
12.0132,
80.34361,
24.32,
10.13384,
28.88,
25.1332,
43.1932,
11.15935,
3.44201,
8.466,
158.7164,
34.29903,
30.2562,
9.479031,
5.024822,
34.78955,
46.0348,
80.2,
55.80588,
706.2813,
71.18827,
55.599,
57.3792,
7.6311,
14.68417,
2.83777,
0,
1617.291,
2004, 
12.6054,
83.754,
26.25,
9.987,
25.8,
28.155,
45.1984,
11.17906,
3.71378,
9.84,
161.7881,
36.73331,
32.528,
11.18124,
5.427408,
39.02147,
49.77627,
98.25,
51.30008,
778.3837,
79.78861,
58.3792,
56.0768,
7.6544,
14.88584,
2.8577,
0,
1740.515,
2005, 
12.012,
84.84,
27.75,
10.82694,
27.158,
31.302,
48.1869,
11.28006,
4.29705,
11.745,
161.3011,
38.269,
36.38,
12.93651,
5.56713,
41.38695,
54.495,
100.1,
48.535,
839.3092,
86.24015,
56.61,
57.768,
7.69327,
15.011,
2.86335,
0,
1833.864,
2006, 
11.76,
83.74799,
29.6,
11.33236,
27.158,
33.5072,
50.1633,
13.10337,
4.49307,
10.53,
169.112,
42.48937,
40.8,
14.60997,
6.06852,
46.48995,
57.82959,
119.35,
50.745,
969.7696,
86.581,
56.95,
58.017,
8.6237,
15.44875,
4.0986,
0,
2022.378,
2007, 
12.18,
81.396,
30.118,
11.75268,
34.336,
36.223,
51.7995,
17.81676,
4.72878,
12.393,
178.3474,
46.73361,
41.48,
16.1028,
6.561,
50.83722,
68.6194,
130.9,
53.6605,
1054.269,
90.01075,
65.45,
56.191,
9.11257,
24.0805,
4.28895,
0,
2189.388,
2008, 
11.508,
73.584,
29.674,
12.5171,
34.41,
38.0286,
63.5526,
23.08743,
5.76558,
10.935,
154.2287,
48.46534,
43.69,
16.9452,
7.3224,
45.6192,
70.705,
138.6,
49.402,
1083.829,
93.65981,
69.19,
52.124,
8.91669,
24.92625,
4.4307,
0,
2215.116,
2009, 
9.24,
54.516,
26.048,
10.92388,
38.258,
36.9852,
70.2999,
22.07331,
6.86475,
9.558001,
130.0345,
38.39836,
45.05,
11.9718,
7.06644,
38.01087,
83.4635,
138.6,
48.025,
1267.524,
98.22941,
74.8,
45.484,
8.83784,
28.41125,
5.12649,
0,
2353.801,
2010, 
10.416,
56.44799,
25.53,
11.53216,
43.734,
37.1702,
69.0606,
24.5025,
8.934299,
8.829,
125.1019,
38.47459,
53.295,
12.2229,
7.28028,
42.95025,
86.3549,
169.4,
45.56,
1460.4,
110.494,
70.55,
42.745,
8.597139,
31.90135,
5.54607,
0,
2607.03,
2011, 
10.08,
57.624,
25.53,
10.80104,
46.324,
37.0592,
68.4855,
23.86422,
10.29024,
9.072,
127.0284,
40.44579,
53.89,
13.365,
7.71039,
47.71872,
99.7296,
207.9,
46.495,
1630.341,
113.7538,
80.75,
42.579,
8.34814,
36.8373,
6.21999,
0,
2862.242,
2012, 
10.4706,
62.94456,
26.77616,
13.6086,
51.29902,
40.9035,
80.76591,
27.945,
11.7612,
9.363601,
104.6083,
35.7973,
54.29715,
12.91869,
14.32971,
53.1765,
148.4829,
207.9,
45.3118,
1715.769,
112.6063,
44.6675,
45.43171,
8.22945,
43.16045,
8.58681,
0,
2991.112,
2013, 
9.75324,
65.02859,
25.61288,
13.75512,
51.7815,
43.78062,
76.84794,
32.62923,
13.24593,
9.85608,
102.4246,
34.15104,
60.63645,
13.01184,
15.20532,
57.38769,
151.7606,
215.6,
45.80735,
1871.224,
118.1483,
48.3565,
48.10846,
8.216999,
45.71385,
9.357121,
0,
3187.401,
2014, 
9.978359,
69.82416,
27.08178,
14.55062,
52.72796,
43.95156,
84.98277,
32.93865,
14.73066,
9.77508,
101.5707,
34.81709,
60.55315,
12.59793,
17.2287,
60.04368,
152.504,
215.6,
45.66455,
1932.309,
122.2504,
48.416,
48.06779,
8.62702,
46.5137,
11.28897,
0,
3278.595,
2015, 
10.22028,
71.3496,
29.31362,
14.67198,
48.30942,
44.44588,
83.55717,
34.84539,
16.93872,
10.52352,
102.5686,
35.72415,
60.70615,
11.49714,
18.86733,
54.24003,
149.0051,
200.2,
49.9324,
1828.584,
134.8432,
51.0425,
45.50641,
9.14328,
54.6465,
11.53116,
0,
3182.214,
2016, 
9.82212,
71.52852,
30.02698,
14.40484,
42.59218,
40.91608,
85.80168,
37.9404,
18.32382,
10.53,
103.9854,
36.05987,
64.09255,
11.74581,
19.30797,
48.05001,
140.8278,
215.6,
54.25295,
1866.786,
140.1854,
52.87,
44.20165,
8.98973,
60.1426,
11.76201,
0,
3240.747,
2017, 
10.67304,
72.91116,
30.78474,
14.79334,
39.96296,
41.27498,
100.8879,
36.3771,
18.83412,
10.6677,
104.8455,
39.193,
68.4692,
11.83329,
21.5055,
48.6729,
133.198,
217.91,
54.604,
1804.981,
147.0186,
59.05715,
45.81185,
8.55315,
64.4249,
10.97226,
0,
3218.217,
2018, 
11.38536,
73.07999,
35.76272,
14.21466,
39.62922,
39.22222,
83.187,
42.46101,
18.9135,
11.0808,
106.8244,
41.92958,
61.6624,
12.14433,
22.34628,
48.3165,
136.8699,
238.7,
49.23455,
1732.125,
159.8748,
64.10105,
45.90481,
9.02957,
72.3877,
11.99853,
0,
3182.386,
2019, 
11.76,
74.004,
33.42062,
13.78472,
41.89214,
39.28734,
81.07047,
46.77426,
17.70174,
10.30806,
107.3811,
43.84611,
48.4211,
12.35898,
24.14367,
52.19316,
140.6745,
257.18,
47.79975,
1812.556,
176.4549,
61.234,
44.37346,
9.21715,
75.26155,
13.81617,
0,
3296.915,
2020, 
11.76,
75.432,
35.39642,
12.36614,
45.17848,
34.9391,
73.20375,
51.37668,
20.14227,
8.748,
105.6086,
44.57222,
61.45415,
12.58659,
25.53039,
50.67603,
152.9337,
223.3,
45.2268,
1841.43,
182.025,
53.4055,
42.25115,
8.8976,
74.5314,
14.17824,
0,
3307.15,
2021, 
11.76,
76.692,
38.15366,
13.72848,
48.75416,
42.62252,
82.21419,
56.35332,
22.2264,
10.125,
110.3849,
45.72876,
66.72076,
13.77729,
28.51524,
53.93304,
151.9146,
269.5,
47.4504,
1830.733,
193.3172,
55.3775,
41.56889,
9.0968,
83.18015,
14.29083,
0,
3418.119,
2022, 
12.6,
76.94399,
36.852,
13.88314,
47.02404,
44.62866,
78.31809,
57.0321,
21.1977,
9.72,
108.62,
44.18491,
62.6518,
9.396,
28.71855,
54.89532,
152.1216,
292.6,
48.9702,
1651.019,
200.8482,
54.536,
44.156,
9.28189,
80.35731,
14.58081,
0,
3255.138,
2023, 
12.56925,
77.03848,
36.60211,
14.13666,
47.50744,
44.84434,
80.26676,
59.08953,
19.71779,
9.772657,
102.8676,
41.83132,
62.74449,
9.375374,
29.32928,
54.96532,
154.2962,
302.6542,
45.05195,
1654.934,
202.8061,
52.23894,
43.85171,
9.308837,
81.63511,
15.1843,
0,
3264.62,
2024, 
12.49047,
76.86906,
36.00421,
14.3796,
47.69883,
45.32759,
82.05645,
61.59126,
21.30332,
9.867716,
95.23654,
38.77867,
62.78765,
9.35009,
29.90825,
54.94152,
156.6488,
312.2554,
39.87997,
1657.736,
204.8472,
48.4477,
43.48135,
9.324534,
84.45303,
16.06911,
0,
3271.735,
2025, 
11.97469,
76.37067,
35.7718,
14.59569,
48.00218,
45.71117,
83.90342,
64.22601,
23.67469,
9.943034,
91.40733,
37.25582,
62.8909,
9.370001,
30.47962,
54.83756,
158.9526,
323.4478,
37.27538,
1659.841,
207.2536,
46.8951,
43.10055,
9.344253,
87.69293,
17.01871,
0,
3291.237,
2026, 
11.76626,
75.74037,
36.05943,
14.81222,
48.07089,
46.0014,
85.04453,
67.2262,
26.26644,
9.9607,
91.22984,
37.14571,
62.57833,
9.559503,
30.75671,
54.53082,
160.2299,
332.2131,
37.17601,
1652.714,
208.0229,
47.76275,
42.48638,
9.335231,
91.5677,
18.39635,
0,
3306.654,
2027, 
11.55541,
74.72832,
36.31536,
15.00866,
48.09865,
46.21664,
85.83263,
70.06448,
28.71858,
9.965012,
91.00229,
37.00819,
62.26591,
9.710928,
30.99765,
54.11451,
161.3708,
319.6784,
37.06304,
1644.492,
208.4063,
48.53004,
41.87245,
9.273631,
95.04822,
19.69261,
0,
3297.031,
2028, 
11.34065,
73.5091,
36.53939,
15.17974,
48.08413,
46.35419,
86.44342,
72.7004,
31.03292,
9.961181,
90.72241,
36.83726,
61.92524,
9.517271,
31.20216,
53.66375,
162.3601,
307.8102,
36.92612,
1634.934,
208.5399,
49.21058,
41.24946,
9.199622,
98.16972,
20.91784,
0,
3284.331,
2029, 
11.11485,
72.0928,
36.7226,
15.32403,
48.03584,
46.4582,
86.85967,
75.1552,
33.21152,
9.952776,
90.42467,
36.63559,
61.5876,
9.166979,
31.36954,
53.26289,
163.183,
301.1396,
36.77292,
1623.731,
208.4616,
49.82134,
40.63971,
9.119368,
100.9817,
22.07534,
0,
3273.301,
2030, 
10.86379,
70.31941,
36.8133,
15.45954,
47.94604,
46.55217,
87.15119,
77.46461,
35.25636,
9.943112,
90.09947,
36.40354,
61.19951,
8.777106,
31.49888,
52.87122,
163.8162,
306.3285,
36.5856,
1610.528,
208.1114,
50.37848,
40.02305,
9.043705,
103.5102,
23.16764,
0,
3270.113,
2031, 
10.53235,
67.50597,
36.64325,
15.48692,
47.62035,
46.36442,
87.11839,
81.10788,
37.94615,
9.895708,
89.17828,
35.95918,
60.60349,
8.370348,
31.45294,
52.10474,
163.5315,
309.5629,
36.223,
1591.024,
206.714,
50.48096,
39.20803,
8.92282,
106.0178,
24.6334,
0,
3254.209,
2032, 
10.18824,
64.46329,
36.41177,
15.50217,
47.25678,
46.1688,
86.87991,
84.40524,
40.39213,
9.850341,
88.28214,
35.49044,
59.96624,
7.99766,
31.36046,
51.28438,
163.0104,
312.0966,
35.83181,
1568.834,
205.0231,
50.55099,
38.40533,
8.803988,
108.1324,
25.96183,
0,
3232.551,
2033, 
9.834261,
61.19326,
36.10935,
15.51371,
46.8674,
45.95626,
86.44407,
87.35653,
42.61916,
9.811579,
87.43237,
34.99875,
59.28751,
7.675226,
31.22195,
49.2056,
162.1676,
314.025,
35.41462,
1543.642,
203.0446,
50.60907,
37.63504,
8.690522,
109.9182,
27.16808,
0,
3203.842,
2034, 
9.524849,
58.03022,
35.73328,
15.5292,
46.46784,
45.69999,
85.82252,
90.01464,
44.64809,
9.783036,
86.63274,
34.48416,
58.5415,
7.437595,
31.03846,
47.26065,
160.8527,
315.4271,
34.96903,
1515.208,
200.7557,
50.67215,
36.90324,
8.57455,
111.4229,
28.26724,
0,
3169.701,
2035, 
9.472736,
57.75979,
35.27951,
15.5532,
46.06534,
45.42535,
84.97919,
92.42653,
46.49124,
9.767617,
85.89104,
33.94757,
57.71751,
7.306075,
30.81079,
45.41895,
159.194,
316.3715,
34.50663,
1483.392,
198.1523,
50.75436,
36.18744,
8.445477,
112.6891,
29.27231,
0,
3133.277,
2036, 
9.435311,
57.55838,
34.74116,
15.61653,
45.72734,
45.18475,
83.98145,
95.74796,
49.01012,
9.80366,
85.28949,
33.39152,
56.84558,
7.276503,
30.52956,
43.68855,
157.0628,
317.1559,
34.04521,
1447.06,
195.0885,
50.86928,
35.51355,
8.320179,
114.4497,
30.66481,
0,
3094.058,
2037, 
9.401371,
57.43488,
34.10958,
15.68934,
45.39822,
44.96407,
82.67729,
98.75697,
51.26169,
9.848905,
84.72741,
32.81503,
55.86796,
7.068937,
30.2052,
42.02884,
154.611,
317.4596,
33.60042,
1407.483,
191.7041,
51.00718,
34.86069,
8.214447,
115.8833,
31.93076,
0,
3049.01,
2038, 
9.378476,
57.38392,
33.40037,
15.77337,
45.07975,
44.77158,
81.157,
101.4911,
53.2817,
9.903709,
84.18516,
32.21983,
54.79924,
6.970636,
29.84015,
40.41909,
151.8568,
317.3382,
33.17664,
1364.878,
188.0319,
51.17119,
34.18858,
8.111052,
117.037,
33.07868,
0,
2998.924,
2039, 
9.345685,
57.33943,
32.86777,
15.86776,
44.7648,
44.63098,
79.53666,
103.9016,
55.09781,
9.967428,
83.70288,
31.60888,
53.6707,
6.975447,
29.43718,
38.90176,
148.8297,
316.8335,
32.51999,
1319.562,
184.125,
51.36041,
33.53205,
7.999603,
117.9499,
34.1129,
0,
2944.441,
2040, 
9.311344,
57.27166,
32.59711,
15.96861,
44.46124,
44.53698,
77.80225,
105.9852,
56.7243,
10.03857,
83.28551,
30.98564,
52.5158,
6.976584,
28.99933,
38.25884,
145.5664,
315.9781,
31.82891,
1271.932,
180.0412,
51.5707,
32.90243,
7.886446,
118.6522,
35.04245,
0,
2887.12,
2041, 
9.289082,
57.20236,
32.304,
16.08553,
44.18227,
44.48991,
76.00356,
108.8131,
58.88985,
10.13609,
83.0166,
30.35238,
51.37252,
6.970919,
28.52154,
37.63461,
142.0021,
314.8028,
31.12029,
1221.512,
175.7254,
51.84294,
32.33311,
7.769427,
119.646,
36.29578,
0,
2828.314,
2042, 
9.264106,
57.13538,
31.98783,
16.19971,
43.88392,
44.46424,
74.13617,
111.2233,
60.76736,
10.23027,
82.81635,
29.70753,
50.1739,
6.960481,
28.01548,
37.00729,
138.2511,
313.2495,
30.3853,
1169.789,
171.2483,
52.2762,
31.76026,
7.641741,
120.3372,
37.40467,
0,
2766.316,
2043, 
9.231479,
57.07485,
31.64772,
16.30977,
43.57092,
44.47448,
72.22539,
113.3184,
62.39381,
10.31823,
82.63072,
29.05103,
48.89614,
6.9972,
27.48491,
36.37431,
134.2953,
311.3371,
29.68334,
1116.307,
166.6047,
52.85063,
31.16448,
7.510603,
120.7425,
38.3823,
0,
2700.878,
2044, 
9.1902,
57.04131,
31.28407,
16.41115,
43.23278,
44.51752,
70.26706,
115.1051,
63.78859,
10.39725,
82.34082,
28.38432,
47.54966,
7.002889,
26.93269,
35.73298,
130.1616,
309.0801,
28.95549,
1060.728,
161.8267,
53.57971,
30.54392,
7.388349,
120.8805,
39.23754,
0,
2631.56,
2045, 
9.139315,
57.03588,
30.89738,
16.50058,
42.86525,
44.44958,
68.28529,
116.5812,
64.97255,
10.46473,
81.97829,
27.70897,
46.12567,
6.996371,
26.36217,
35.07962,
125.8892,
306.4918,
28.14873,
1003.909,
156.9449,
54.46,
29.89702,
7.280853,
120.7663,
39.97564,
0,
2559.206,
2046, 
9.084152,
57.01559,
30.46501,
16.56828,
42.45422,
44.15807,
66.25884,
118.5103,
66.40823,
10.52579,
81.58209,
27.02884,
44.55813,
6.982045,
25.74719,
34.41574,
121.3823,
303.3385,
27.23569,
945.3422,
151.8864,
55.42158,
29.25203,
7.180824,
120.596,
40.86449,
0,
2484.263,
2047, 
9.017958,
56.9879,
30.01073,
16.61395,
42.00214,
43.82423,
64.29157,
120.041,
67.56867,
10.56817,
81.10874,
26.34328,
42.78633,
6.961361,
25.12134,
33.73868,
116.8163,
299.8638,
26.23041,
886.6607,
146.7929,
55.01903,
28.57969,
7.080293,
120.1443,
41.59149,
0,
2405.765,
2048, 
8.994713,
56.81071,
29.55585,
16.62147,
41.45768,
43.39505,
62.22214,
121.0229,
68.4095,
10.5958,
80.80831,
25.67569,
41.61717,
6.897276,
24.48608,
33.03317,
112.2596,
296.1145,
25.51754,
828.3167,
142.2651,
54.46324,
28.14156,
6.931408,
119.5674,
42.13968,
0,
2327.32,
2049, 
8.956699,
56.60483,
29.07968,
16.60204,
40.87173,
42.92123,
60.84744,
121.7185,
69.00885,
10.60216,
80.40065,
25.00538,
40.43422,
6.82874,
23.84512,
32.60674,
107.7061,
292.0704,
24.78953,
770.5855,
137.7095,
53.83974,
27.66042,
6.791245,
118.7374,
42.55752,
0,
2248.781,
2050, 
8.903013,
56.36891,
28.58306,
16.55466,
40.2461,
42.40204,
59.57555,
122.1479,
69.39264,
10.58665,
79.8774,
24.33163,
39.25756,
6.752799,
23.20081,
31.59121,
103.8775,
287.747,
24.04786,
714.0593,
133.1376,
53.14584,
27.13424,
6.653792,
117.6695,
42.85422,
0,
2170.099,
2051, 
8.965657,
56.9796,
28.40059,
16.76509,
40.20059,
42.50079,
58.84545,
125.1621,
71.2047,
10.78198,
80.44025,
23.93723,
38.86413,
6.758697,
22.90154,
31.2266,
101.677,
286.6559,
23.53382,
667.1578,
130.7876,
53.58265,
27.11746,
6.652442,
118.979,
44.03654,
0,
2124.115,
2052, 
9.019023,
57.57352,
28.2104,
16.95433,
40.1352,
42.5862,
58.11522,
127.968,
72.85539,
10.95913,
80.92379,
23.54712,
38.46161,
6.754839,
22.60575,
30.86362,
99.54021,
285.4096,
22.93386,
631.7345,
128.46,
53.96048,
27.07064,
6.659673,
120.1213,
45.11999,
0,
2088.543,
2053, 
9.065961,
58.12587,
28.01369,
17.12071,
40.03895,
42.64339,
57.38894,
130.5458,
74.34732,
11.11803,
81.33893,
23.16267,
38.19619,
6.739864,
22.31389,
30.50167,
97.47792,
285.0909,
22.31129,
598.0883,
126.1908,
54.2775,
27.00739,
6.669357,
121.1123,
46.11156,
0,
2054.999,
2054, 
9.105303,
58.6167,
27.81026,
17.26285,
39.91188,
42.66462,
56.66986,
132.9037,
75.69371,
11.25853,
81.67853,
22.78346,
38.10316,
6.712382,
22.02646,
30.14033,
95.49531,
282.9973,
21.70502,
566.2447,
123.9746,
54.53213,
26.92349,
6.674783,
121.9576,
47.01657,
0,
2020.863,
2055, 
9.136839,
59.04406,
27.60024,
17.38093,
39.7548,
42.65014,
55.96052,
135.0574,
76.90626,
11.38075,
81.94084,
22.40943,
37.68543,
6.680157,
21.74386,
29.77971,
93.54534,
280.8029,
21.11563,
536.202,
121.8124,
54.7241,
26.8187,
6.648664,
122.6645,
47.84116,
0,
1987.287,
2056, 
9.158628,
59.38086,
27.35514,
17.46141,
39.53674,
42.56147,
55.20035,
137.3378,
78.17155,
11.47498,
82.08595,
22.0337,
37.19924,
6.639614,
21.43346,
29.40963,
91.54371,
278.7323,
20.51666,
507.4079,
119.5978,
54.79114,
26.68292,
6.55487,
123.2042,
48.69448,
0,
1954.167,
2057, 
9.172191,
59.65351,
27.10438,
17.51796,
39.29027,
42.43824,
54.45294,
139.3717,
79.28075,
11.55068,
82.15212,
21.6631,
36.71527,
6.591139,
21.12901,
29.04032,
89.62186,
276.8973,
19.9351,
480.3965,
117.4387,
54.79715,
26.50877,
6.418616,
123.6002,
49.45249,
0,
1922.19,
2058, 
9.178043,
59.86312,
26.84843,
17.55159,
39.01705,
42.28195,
53.71956,
141.1817,
80.24885,
11.60869,
82.14294,
21.2977,
36.23648,
6.533557,
20.83059,
28.67195,
87.77928,
276.2138,
19.37188,
455.1064,
115.3374,
54.74444,
26.31725,
6.230343,
123.8636,
50.12386,
0,
1892.3,
2059, 
9.177876,
60.01153,
26.58825,
17.56349,
38.71888,
42.09436,
53.00104,
142.7873,
81.08902,
11.65003,
82.06797,
20.93806,
35.77528,
6.466261,
20.53821,
28.3047,
86.01525,
276.096,
18.85582,
431.4657,
113.3067,
54.63606,
26.13422,
6.176452,
124.0075,
50.71621,
0,
1864.182,
2060, 
9.17112,
60.10101,
26.32393,
17.55491,
38.39763,
41.87732,
52.29784,
144.2059,
81.81287,
11.67559,
81.9263,
20.58376,
35.32417,
6.388727,
20.25182,
27.93879,
84.32713,
276.0193,
18.41048,
409.3953,
111.3367,
54.47484,
25.96916,
6.158171,
124.0391,
51.23625,
0,
1837.198,
2061, 
9.155615,
60.11457,
26.0348,
17.51679,
38.02525,
41.60072,
51.55203,
145.6633,
82.5379,
11.67614,
81.68053,
20.22724,
34.86817,
6.299639,
19.95136,
27.56235,
82.60182,
274.6718,
18.02619,
388.564,
109.344,
54.2044,
25.82995,
6.131983,
123.9156,
51.75099,
0,
1809.507,
2062, 
9.133628,
60.07487,
25.74263,
17.46026,
37.62722,
41.29851,
50.82225,
146.9108,
83.13431,
11.66233,
81.37289,
19.87591,
34.41773,
6.202107,
19.657,
27.18766,
80.9511,
271.9946,
17.72658,
369.1537,
107.4053,
53.88808,
25.61274,
6.10302,
123.6831,
52.18591,
0,
1781.284,
2063, 
9.105603,
59.98507,
25.44789,
17.38675,
37.18274,
40.97283,
50.10841,
147.9693,
83.61551,
11.60846,
81.00774,
19.52972,
33.97312,
6.097464,
19.36858,
26.81492,
79.37152,
267.6348,
17.53018,
351.0752,
105.519,
53.52943,
25.37808,
6.071588,
123.3517,
52.54904,
0,
1752.184,
2064, 
9.071948,
59.84843,
25.15099,
17.29767,
36.68401,
40.62575,
49.41032,
148.8568,
83.99319,
11.47982,
80.58932,
19.18863,
33.53423,
5.980283,
19.08594,
26.44429,
77.85944,
261.4408,
17.46344,
334.2401,
103.6827,
53.13198,
25.13084,
6.037902,
122.9305,
52.84729,
0,
1722.007,
2065, 
9.033441,
59.66822,
24.85252,
17.19436,
36.12597,
40.25932,
48.72762,
149.5894,
84.27761,
11.29727,
80.11512,
18.85156,
33.10406,
5.837601,
18.80889,
26.07597,
76.41141,
254.3368,
17.47823,
318.5624,
101.8977,
52.6993,
24.87387,
6.002016,
122.4288,
53.08687,
0,
1691.596,
2066, 
8.988876,
59.43707,
24.536,
17.06715,
35.47797,
39.84563,
48.00919,
150.2738,
84.51233,
11.06511,
79.57526,
18.5091,
32.66882,
5.763375,
18.52389,
25.7004,
74.92896,
250.9489,
17.12813,
303.8689,
100.0933,
52.18711,
24.59756,
5.96001,
121.7742,
53.29024,
0,
1664.731,
2067, 
8.939892,
59.16891,
24.21898,
16.92815,
34.77115,
39.41679,
47.30635,
150.7947,
84.65154,
10.79514,
79.01415,
18.17021,
32.23945,
5.687664,
18.24437,
25.32758,
73.50676,
247.53,
16.78753,
290.1773,
98.33477,
51.64704,
24.31249,
5.916248,
121.0481,
53.43314,
0,
1638.369,
2068, 
8.886786,
58.86686,
23.90178,
16.77861,
33.99997,
38.97461,
46.6186,
151.1692,
84.70563,
10.61304,
78.41247,
17.83608,
31.81508,
5.610632,
17.9678,
24.95766,
72.14107,
244.0869,
16.45568,
277.4113,
96.61902,
51.08222,
24.01941,
5.870977,
120.2581,
53.52198,
0,
1612.582,
2069, 
8.829952,
58.53388,
23.58476,
16.61966,
33.16372,
38.52083,
45.94538,
151.4118,
84.68369,
10.52788,
77.77052,
17.50706,
31.39577,
5.532495,
17.62624,
24.59079,
70.82722,
240.6258,
16.1322,
265.4991,
94.94416,
50.49559,
23.7195,
5.82428,
119.4113,
53.56234,
0,
1587.286,
2070, 
8.769885,
58.17284,
23.26827,
16.45239,
32.26012,
38.05702,
45.28613,
151.5357,
84.59369,
10.43636,
77.09946,
17.18344,
30.87335,
5.453449,
17.24166,
24.22706,
69.55651,
237.1527,
15.81711,
254.373,
93.30962,
49.88997,
23.41439,
5.776232,
118.5143,
53.55915,
0,
1562.274,
2071, 
8.704542,
57.77303,
22.93856,
16.2681,
31.33153,
37.55801,
44.60397,
151.5662,
84.43104,
10.32904,
76.3901,
16.86233,
30.16037,
5.372538,
16.81725,
23.8586,
68.25146,
233.4552,
15.51239,
243.9785,
91.659,
49.20311,
23.09347,
5.723047,
117.4853,
53.51186,
0,
1536.839,
2072, 
8.637237,
57.3506,
22.61061,
16.07748,
30.84133,
37.05246,
43.9355,
151.4767,
84.20133,
10.21684,
75.66113,
16.54894,
29.31249,
5.291129,
16.37376,
23.49371,
66.99048,
229.7623,
15.21701,
234.2486,
90.05262,
48.4185,
22.77197,
5.668828,
116.4165,
53.42139,
0,
1512.05,
2073, 
8.567147,
56.90795,
22.28423,
15.8814,
30.34909,
36.54166,
43.28018,
151.2803,
83.91225,
10.10032,
74.91018,
16.2438,
28.3404,
5.209376,
15.92168,
23.13246,
65.77258,
226.0776,
14.92723,
225.1291,
88.47802,
47.54822,
22.44585,
5.613678,
115.1591,
53.29256,
0,
1487.306,
2074, 
8.494102,
56.4473,
21.95948,
15.68067,
29.85572,
36.02682,
42.63749,
150.9881,
83.57055,
9.979999,
74.13779,
15.9479,
27.30465,
5.127425,
15.47018,
22.77493,
64.5951,
222.405,
14.64134,
216.5696,
86.92475,
46.60744,
22.11387,
5.557727,
113.7392,
53.12956,
0,
1462.687,
2075, 
8.418084,
55.97072,
21.63644,
15.47603,
29.36204,
35.509,
42.0069,
150.61,
83.1821,
9.856402,
73.34516,
15.66245,
26.2938,
5.083976,
15.19421,
22.42118,
63.45857,
218.7478,
14.33385,
208.5241,
85.3316,
45.6046,
21.77556,
5.501133,
112.2216,
52.93612,
0,
1438.464,
2076, 
8.333574,
55.4557,
21.30269,
15.25892,
28.85302,
34.96476,
41.35968,
150.1039,
82.71034,
9.719887,
72.50221,
15.38775,
25.78049,
5.02258,
14.95924,
22.06487,
62.30462,
214.9071,
13.97361,
200.9632,
83.63473,
44.52514,
21.41981,
5.439686,
110.4912,
52.68765,
0,
1414.126,
2077, 
8.246878,
54.92896,
20.9715,
15.03937,
28.34563,
34.42014,
40.72433,
149.5146,
82.19534,
9.581211,
71.64519,
15.0988,
25.35904,
4.933028,
14.72809,
21.71261,
61.19306,
211.0946,
13.60098,
193.8346,
81.86263,
43.40887,
21.06009,
5.377976,
108.6724,
52.41047,
0,
1389.96,
2078, 
8.16172,
54.39215,
20.64431,
14.81797,
27.84045,
33.87596,
40.1004,
148.8515,
81.64237,
9.441092,
70.79276,
14.81438,
25.06658,
4.797813,
14.50064,
21.36445,
60.1246,
207.3151,
13.24173,
187.1027,
80.03885,
42.25869,
20.7123,
5.316123,
106.7936,
52.10804,
0,
1366.116,
2079, 
8.075937,
53.84674,
20.32036,
14.59522,
27.33802,
33.33294,
39.48748,
148.1228,
81.05616,
9.299707,
69.93555,
14.53464,
24.90346,
4.715924,
14.27677,
21.0204,
59.09747,
203.5692,
12.88724,
180.7348,
78.14128,
41.15405,
20.36663,
5.254255,
104.8514,
51.78335,
0,
1342.702,
2080, 
7.989345,
53.2942,
19.99962,
14.3716,
26.83884,
32.79176,
38.88519,
147.336,
80.44082,
9.157367,
69.07346,
14.25936,
24.89136,
4.634496,
14.05639,
20.68051,
58.1119,
199.8589,
12.53763,
174.7014,
76.19253,
40.48545,
19.99866,
5.192481,
102.8327,
51.43909,
0,
1320.051,
2081, 
7.893455,
52.69919,
19.67033,
14.13877,
26.3331,
32.23149,
38.26973,
146.4019,
79.74192,
9.006569,
68.14369,
13.98874,
25.04142,
4.553267,
13.83153,
20.34028,
57.07565,
196.017,
12.19444,
168.9421,
74.16202,
39.79949,
19.58749,
5.124143,
100.6948,
51.03609,
0,
1296.919,
2082, 
7.797185,
52.10028,
19.34477,
13.90609,
25.83179,
31.67483,
37.66476,
145.4138,
79.01785,
8.855562,
67.21309,
13.72245,
25.3213,
4.472647,
13.61016,
20.00434,
56.06045,
192.2195,
11.85994,
163.4674,
72.10966,
39.11606,
19.14996,
5.056194,
98.55171,
50.6156,
0,
1274.157,
2083, 
7.700684,
51.49851,
19.02301,
13.67389,
25.33523,
31.12225,
37.06997,
144.3783,
78.27215,
8.704604,
66.28294,
13.46043,
24.94447,
4.39269,
13.39217,
19.67269,
55.07053,
188.4672,
11.53391,
158.2544,
70.4824,
38.43592,
18.71529,
4.988677,
96.78628,
50.18004,
0,
1251.839,
2084, 
7.604259,
50.89484,
18.70516,
13.44249,
24.84369,
30.57416,
36.48505,
143.3013,
77.50799,
8.553935,
65.35522,
13.20271,
24.57244,
4.313444,
13.17749,
19.34531,
54.10463,
184.7614,
11.21658,
153.2827,
69.21204,
37.75983,
18.30389,
4.921624,
95.47442,
49.73148,
0,
1230.648,
2085, 
7.508146,
50.29016,
18.3913,
13.21215,
24.35744,
30.03091,
35.90969,
142.1883,
76.72816,
8.403773,
64.43155,
12.94927,
24.20625,
4.234954,
12.96604,
19.02221,
53.16155,
181.103,
10.91199,
148.5337,
67.96549,
37.08843,
17.92968,
4.85507,
94.16444,
49.27182,
0,
1209.815,
2086, 
7.399661,
49.64229,
18.06907,
12.97481,
23.87076,
29.47335,
35.32627,
140.9223,
75.87408,
8.248756,
63.43436,
12.70057,
23.82985,
4.157625,
12.75247,
18.70231,
52.20399,
177.3665,
10.63958,
143.9922,
66.69859,
36.40463,
17.60062,
4.780716,
92.7859,
48.75744,
0,
1188.609,
2087, 
7.291753,
48.99594,
17.75117,
12.73922,
23.39003,
28.92184,
34.75233,
139.6247,
75.00779,
8.09471,
62.44375,
12.45594,
23.45761,
4.081116,
12.54211,
18.38668,
51.26799,
173.6828,
10.42511,
139.6412,
65.45324,
35.72705,
17.32813,
4.707135,
91.41287,
48.23396,
0,
1167.816,
2088, 
7.184511,
48.35177,
17.43763,
12.50557,
22.91537,
28.37662,
34.18763,
138.3003,
74.13164,
7.94178,
61.45379,
12.21532,
23.08961,
4.005454,
12.33489,
18.07529,
50.3525,
170.0519,
10.27253,
135.4667,
64.22898,
35.05613,
17.12269,
4.634344,
90.04657,
47.70302,
0,
1147.443,
2089, 
7.078011,
47.71034,
17.12845,
12.27403,
22.44693,
27.83788,
33.63193,
136.9532,
73.24773,
7.789917,
60.44567,
11.97867,
22.72591,
3.930665,
12.13075,
17.76815,
49.45662,
166.4743,
10.18968,
131.4559,
63.02538,
34.3922,
16.96162,
4.562358,
88.68813,
47.16606,
0,
1127.451,
2090, 
6.972321,
47.07215,
16.8236,
12.04475,
21.98478,
27.30579,
33.08502,
135.5874,
72.35793,
7.639258,
59.43495,
11.74593,
22.36655,
3.856769,
11.92965,
17.46522,
48.57948,
162.9499,
10.18792,
127.5975,
61.842,
33.7356,
16.63688,
4.49119,
87.34574,
46.62434,
0,
1107.663,
2091, 
6.855928,
46.39515,
16.51014,
11.81049,
21.52135,
26.76237,
32.5294,
134.0704,
71.40202,
7.486529,
58.35958,
11.51445,
21.99871,
3.784613,
11.72855,
17.16801,
47.69178,
159.3853,
10.27946,
123.9592,
60.64299,
33.06923,
16.31124,
4.41375,
86.08587,
46.03639,
0,
1087.773,
2092, 
6.740901,
45.72333,
16.20145,
11.57894,
21.06464,
26.21889,
31.98261,
132.5392,
70.44312,
7.335647,
57.31204,
11.28339,
21.63679,
3.713362,
11.53044,
16.87491,
46.82224,
155.8773,
10.25015,
120.4506,
59.46577,
32.41124,
15.98565,
4.337339,
84.883,
45.44555,
0,
1068.109,
2093, 
6.627174,
45.05707,
15.89747,
11.35019,
20.61472,
25.64251,
31.44448,
130.9973,
69.48283,
7.186867,
56.30382,
11.05412,
21.27991,
3.643032,
11.33526,
16.5859,
45.97008,
152.4256,
10.03823,
117.0633,
58.30897,
31.76141,
15.66091,
4.261965,
83.78227,
44.85288,
0,
1048.628,
2094, 
6.514728,
44.39666,
15.59815,
11.12431,
20.1716,
25.03674,
30.91483,
129.4474,
68.52249,
7.04042,
55.3456,
10.82785,
20.92758,
3.57363,
11.14298,
16.30096,
45.13464,
149.0299,
9.829927,
113.7894,
57.17162,
31.11984,
15.34082,
4.187629,
82.78754,
44.2594,
0,
1029.537,
2095, 
6.40385,
43.74236,
15.30354,
10.90137,
19.7353,
24.4052,
30.39348,
127.8924,
67.56338,
6.895037,
54.44822,
10.60545,
20.58203,
3.505166,
10.95355,
16.02004,
44.31084,
145.69,
9.625982,
110.622,
56.05588,
30.48724,
14.98411,
4.11433,
81.8998,
43.66191,
0,
1010.802,
2096, 
6.284781,
43.03952,
14.99544,
10.66317,
19.29247,
23.73215,
29.86162,
126.0323,
66.46697,
6.748676,
53.48365,
10.38685,
20.15614,
3.437964,
10.7635,
15.74221,
43.46264,
142.3459,
9.418779,
107.6426,
54.92149,
29.84748,
14.56826,
4.03821,
81.07223,
42.96935,
0,
991.3743,
2097, 
6.167457,
42.34468,
14.69246,
10.42515,
18.85688,
23.04203,
29.33826,
124.1693,
65.3633,
6.604328,
52.47811,
10.17357,
19.67307,
3.371704,
10.57631,
15.46836,
42.62846,
139.0588,
9.215623,
104.7548,
53.8079,
29.21825,
14.12163,
3.963232,
80.35059,
42.27922,
0,
972.1436,
2098, 
6.051661,
41.65798,
14.39447,
10.19076,
18.42848,
22.33887,
28.82324,
122.3096,
64.26556,
6.461996,
51.48616,
9.967056,
19.15603,
3.306385,
10.39193,
15.19849,
41.80905,
135.8284,
9.015749,
101.9533,
52.71252,
28.59962,
13.71,
3.88939,
79.50482,
41.59227,
0,
953.0438,
2099, 
5.93702,
40.97957,
14.10127,
9.960036,
18.00724,
21.62732,
28.31642,
120.4554,
63.17471,
6.321673,
50.50606,
9.767752,
18.62592,
3.242009,
10.21031,
14.93254,
41.00473,
132.6536,
8.817932,
99.23339,
51.63136,
27.9887,
13.41926,
3.816678,
77.95619,
40.90915,
0,
933.5963,
2100, 
5.823592,
40.30951,
13.81281,
9.732981,
17.59312,
21.14643,
27.81764,
118.6085,
62.0915,
6.183378,
49.5381,
9.576268,
18.10074,
3.178576,
10.03143,
14.67049,
40.21548,
129.5341,
8.622287,
96.59077,
50.56462,
27.38723,
13.13111,
3.745088,
76.42763,
40.23038,
0,
914.6638];
