real main.em.dem.hi.Steel_Production[28](t) = [1971, 
11.04,
109.264,
3.821,
0.169,
5.997,
4.012,
0.568,
0,
0,
4.881,
154.475,
39.071,
1.235,
44.55631,
6.460629,
69.62006,
0.107,
6.101,
2.832,
21.765,
0.596,
0.01,
88.557,
6.897,
0,
0.519,
0,
582.554,
1972, 
11.863,
120.874,
4.431,
0.191,
6.518,
4.477,
0.681,
0,
0,
5.337,
168.084,
41.535,
1.557,
46.38529,
6.72583,
72.47788,
0.137,
6.856,
3.086,
23.84,
0.841,
0.03,
96.9,
6.908,
0,
0.552,
0,
630.287,
1973, 
13.388,
136.802,
4.76,
0.23,
7.15,
4.547,
0.86,
0,
0,
5.722,
181.397,
43.63,
1.354,
48.56145,
7.041371,
75.87817,
0.385,
6.889,
4.057,
26.95,
0.931,
0.05,
119.322,
7.889,
0,
0.6,
0,
698.394,
1974, 
13.623,
132.195,
5.138,
0.25,
7.515,
4.834,
0.805,
0,
0,
5.839,
188.438,
45.528,
1.59,
50.30438,
7.294094,
78.60153,
0.727,
7.068,
5.147,
27.321,
0.939,
0.08,
117.131,
8.007,
0,
0.62,
0,
708.995,
1975, 
13.025,
105.816,
5.272,
0.31,
8.387,
4.616,
0.851,
0,
0,
6.831,
156.54,
47.734,
1.703,
52.19725,
7.56856,
81.55919,
0.681,
7.991,
4.894,
27.43,
0.938,
0.1,
102.313,
8.054,
0,
0.62,
0,
645.431,
1976, 
13.29,
116.12,
5.298,
0.309,
9.253,
4.584,
0.958,
0,
0,
7.106,
165.691,
50.166,
1.972,
53.48256,
7.754929,
83.5675,
0.684,
9.364,
6.515,
23.048,
1.022,
0.139,
107.399,
8.016,
0,
0.62,
0,
676.359,
1977, 
13.631,
113.7,
5.601,
0.364,
11.253,
4.774,
1.167,
0,
0,
7.295,
157.065,
53.846,
1.902,
54.16585,
7.854004,
84.63515,
1.948,
10.009,
8.347,
25.94,
1.073,
0.25,
102.405,
7.556,
0,
0.65,
0,
675.431,
1978, 
14.899,
124.313,
6.711,
0.364,
12.205,
5.034,
1.33,
0,
0,
7.902,
165.1,
56.022,
2.172,
55.93167,
8.110047,
87.39428,
1.576,
10.099,
10.049,
35.682,
1.144,
0.31,
102.105,
7.821,
0,
0.85,
0,
717.124,
1979, 
16.078,
123.276,
7.005,
0.398,
13.893,
6.158,
1.55,
0,
0,
8.876,
175.079,
56.868,
2.396,
55.06409,
7.984248,
86.03867,
2.103,
10.126,
12.91,
39.15,
1.327,
0.518,
111.748,
8.348,
0,
0.89,
0,
747.784,
1980, 
15.901,
101.456,
7.156,
0.443,
15.337,
6.268,
1.541,
0.02,
0,
9.067,
162.483,
57.553,
2.536,
54.63713,
7.922339,
85.37154,
1.226,
9.514,
14.358,
40.698,
1.33,
0.543,
111.395,
7.819,
0.131,
0.875,
0,
715.581,
1981, 
14.811,
109.614,
7.663,
0.443,
13.226,
6.009,
1.752,
0.022,
0,
9.005,
159.964,
54.119,
2.425,
54.85356,
7.953722,
85.70972,
1.248,
10.765,
16.253,
38.921,
1.123,
0.621,
101.676,
7.856,
0.144,
0.761,
0,
706.938,
1982, 
11.871,
67.656,
7.056,
0.732,
12.995,
6.382,
2.054,
0.09,
0,
8.28,
144.433,
52.979,
3.183,
54.34978,
7.880674,
84.92255,
1.232,
10.997,
17.558,
41.482,
1.231,
0.693,
99.548,
6.623,
0.098,
0.608,
0,
644.934,
1983, 
12.832,
76.762,
6.978,
0.844,
14.671,
6.778,
2.041,
0.182,
0,
7.18,
143.196,
54.429,
3.834,
56.32871,
8.167618,
88.01467,
1.661,
10.237,
18.015,
45.222,
1.099,
0.983,
97.179,
5.91,
0.178,
0.722,
0,
663.444,
1984, 
14.699,
83.941,
7.56,
0.627,
18.386,
7.019,
1.856,
0.229,
0,
7.732,
156.085,
56.685,
4.33,
56.96361,
8.259678,
89.00671,
2.366,
10.549,
19.534,
48.886,
1.343,
1.171,
105.586,
6.582,
0.388,
0.498,
0,
710.282,
1985, 
14.637,
80.068,
7.399,
0.681,
20.455,
7.683,
2.609,
0.321,
0,
8.507,
157.437,
56.029,
4.864,
57.11984,
8.282331,
89.25082,
2.675,
11.936,
20.039,
52.28,
1.462,
1.374,
105.279,
6.836,
0.872,
0.806,
0,
718.902,
1986, 
14.081,
74.032,
7.225,
0.87,
21.233,
8.529,
2.652,
0.2,
0,
8.895,
147.327,
57.733,
5.928,
59.29305,
8.597445,
92.6465,
2.655,
12.197,
21.155,
57.933,
1.5,
1.729,
98.275,
6.961,
1.016,
0.749,
0,
713.412,
1987, 
14.737,
80.877,
7.642,
0.892,
22.228,
9.326,
3.162,
0.184,
0,
8.991,
145.011,
58.556,
7.044,
59.78686,
8.669047,
93.41809,
2.912,
13.121,
23.512,
62.115,
1.825,
2.059,
98.513,
6.509,
1.12,
0.672,
0,
732.882,
1988, 
14.866,
90.65,
7.779,
0.791,
24.657,
9.487,
3.587,
0.234,
0,
8.837,
159.984,
57.516,
7.982,
60.21641,
8.731331,
94.08926,
3.318,
14.309,
25.948,
67.614,
1.817,
1.85,
105.681,
6.847,
1.32,
0.677,
0,
778.788,
1989, 
15.458,
88.853,
7.85,
0.784,
25.017,
9.32,
3.35,
0.213,
0,
9.567,
161.825,
55.688,
7.852,
59.13017,
8.573828,
92.392,
3.676,
14.429,
28.803,
70.587,
1.995,
1.85,
107.909,
7.34,
1.32,
0.667,
0,
784.449,
1990, 
12.281,
89.726,
8.734,
0.708,
20.567,
8.718,
3.759,
0.275,
0.05,
8.619,
155.46,
47.165,
9.443,
57.0397,
8.27071,
89.1256,
4.065,
14.963,
30.125,
76.247,
3.001,
2.892,
110.339,
7.395,
0.9,
0.595,
0,
770.463,
1991, 
12.987,
79.738,
7.964,
0.701,
22.617,
8.291,
4.315,
0.307,
0.05,
9.358,
150.292,
35.334,
9.398,
49.06302,
7.114098,
76.66188,
4.778,
17.1,
31.001,
82.123,
3.164,
3.089,
109.649,
6.947,
0.958,
0.591,
0,
733.591,
1992, 
13.933,
84.322,
8.459,
0.773,
23.934,
8.363,
4.344,
0.257,
0.05,
9.061,
145.453,
31.291,
10.343,
43.483,
6.305,
67.943,
5.589,
18.117,
32.055,
91.79,
3.701,
2.949,
98.132,
7.561,
0.919,
0.557,
0,
719.684,
1993, 
14.387,
88.793,
9.199,
0.665,
25.207,
8.591,
4.747,
0.247,
0.05,
8.726,
145.942,
30.838,
11.519,
34.159,
4.852,
58.797,
6.875,
18.155,
36.526,
101.659,
4.199,
3.802,
99.623,
8.706,
1.054,
0.23,
0,
727.548,
1994, 
13.897,
91.244,
10.26,
0.786,
25.747,
9.21,
4.494,
0.115,
0.05,
8.525,
153.25,
33.423,
12.624,
25.594,
3.333,
48.993,
7.806,
19.282,
35.345,
104.357,
4.836,
3.22,
98.295,
9.192,
1.064,
0.163,
0,
725.105,
1995, 
14.415,
95.191,
12.147,
0.973,
25.076,
9.559,
4.584,
0.096,
0.05,
8.741,
157.045,
33.12,
13.183,
23.716,
3.395,
51.693,
8.133,
22.003,
37.372,
107.115,
6.324,
4.13,
101.64,
9.302,
1.016,
0.22,
0,
750.239,
1996, 
14.735,
95.535,
13.172,
1.009,
25.237,
10.632,
4.324,
0.073,
0.05,
7.999,
147.777,
32.376,
13.624,
23.864,
3.66,
49.355,
9.169,
23.753,
39.503,
113.687,
7.146,
4.109,
98.801,
9.223,
0.967,
0.212,
0,
749.992,
1997, 
15.553,
98.485,
14.218,
1.205,
26.153,
10.813,
4.213,
0.075,
0.05,
8.311,
161.241,
35.191,
14.475,
27.659,
4.268,
48.631,
9.929,
24.415,
43.154,
124.905,
6.765,
3.816,
104.545,
9.589,
0.97,
0.214,
0,
798.843,
1998, 
15.93,
98.658,
14.213,
1.139,
25.76,
10.361,
4.52,
0.06,
0.05,
7.956,
161.324,
32.371,
14.144,
26.592,
3.472,
43.883,
9.065,
23.48,
40.196,
131.502,
5.427,
2.699,
93.548,
9.697,
0.97,
0.212,
0,
777.229,
1999, 
16.235,
97.428,
15.299,
1.095,
24.996,
9.574,
4.429,
0.06,
0.05,
7.341,
156.667,
27.387,
14.313,
29.697,
4.443,
51.517,
9.779,
24.296,
41.342,
139.147,
5.245,
2.891,
91.192,
8.947,
0.93,
0.255,
0,
784.555,
2000, 
16.594,
101.803,
15.586,
1.324,
27.865,
11.25,
4.969,
0.06,
0.05,
8.481,
165.037,
31.04,
14.325,
34.177,
5.176,
59.136,
10.78,
26.924,
43.407,
144.132,
7.11,
2.848,
106.444,
7.831,
0.98,
0.267,
0,
847.596,
2001, 
15.276,
90.104,
13.3,
1.179,
26.717,
10.658,
5.789,
0.06,
0.05,
8.821,
160.137,
29.957,
14.981,
35.561,
5.088,
58.97,
11.69,
27.291,
44.152,
168.127,
7.527,
2.781,
102.866,
7.859,
1.13,
0.149,
0,
850.22,
2002, 
16.002,
91.587,
14.01,
1.35,
29.604,
11.255,
6.498,
0.06,
0.05,
9.095,
160.384,
30.662,
16.467,
36.048,
5.264,
59.902,
12.492,
28.814,
45.69,
200.479,
8.704,
2.462,
107.745,
8.292,
1,
0.105,
0,
904.021,
2003, 
15.927,
93.677,
15.178,
1.396,
31.147,
11.888,
6.547,
0.06,
0.05,
9.481,
162.677,
32.819,
18.298,
39.363,
5.397,
61.7,
13.443,
31.779,
46.61,
241.245,
9.141,
2.042,
110.511,
8.397,
1.03,
0.152,
0,
969.955,
2004, 
16.305,
99.681,
16.737,
1.298,
32.909,
12.966,
6.921,
0.1,
0.05,
9.5,
170.797,
33.712,
20.478,
41.542,
5.987,
65.833,
14.253,
32.626,
47.821,
300.085,
11.955,
3.682,
112.718,
8.299,
1.175,
0.135,
0,
1067.565,
2005, 
15.327,
94.897,
16.195,
1.212,
31.61,
13.708,
8.185,
0.16,
0.05,
9.494,
166.975,
31.01,
20.965,
41.684,
5.046,
66.476,
15.257,
45.78,
48.12,
374.732,
12.414,
3.675,
112.471,
8.646,
0.855,
0.107,
0,
1145.051,
2006, 
15.493,
98.557,
16.447,
1.294,
30.901,
14.397,
8.828,
0.16,
0.05,
9.718,
175.168,
34.51,
23.315,
43.89,
4.886,
71.13,
15.376,
49.45,
48.755,
443.081,
13.807,
3.759,
116.226,
8.691,
1.07,
0.024,
0,
1248.983,
2007, 
15.572,
98.102,
17.573,
1.372,
33.782,
14.45,
9.424,
0.16,
0.05,
9.098,
177.195,
35.382,
25.754,
46.205,
5.427,
72.537,
16.452,
53.08,
51.817,
515.802,
15.867,
4.016,
120.203,
8.784,
1.12,
0.023,
0,
1349.247,
2008, 
14.845,
91.35,
17.209,
1.089,
33.716,
13.665,
8.514,
0.16,
0.05,
8.246,
170.146,
31.543,
26.806,
40.753,
4.932,
68.66,
16.647,
57.791,
54.925,
532.221,
15.384,
3.915,
118.739,
8.424,
1.03,
0.023,
0,
1340.783,
2009, 
9.286,
58.196,
14.132,
0.964,
26.506,
11.27,
7.706,
0.16,
0.05,
7.484,
119.44,
22.534,
25.304,
32.652,
4.862,
60.131,
17.766,
63.527,
49.872,
592.884,
13.213,
3.501,
87.534,
6.014,
0.83,
0.023,
0,
1235.841,
2010, 
13.009,
80.495,
16.87,
1.188,
32.948,
10.945,
8.798,
0.16,
0.05,
7.617,
149.503,
26.522,
29.143,
36.202,
4.936,
67.062,
20,
68.976,
60.214,
658.498,
15.956,
3.664,
109.599,
8.149,
0.83,
0.023,
0,
1431.357,
2011, 
12.891,
86.398,
18.11,
1.276,
35.22,
12.944,
7.94,
0.16,
0.05,
7.546,
153.471,
27.84,
34.107,
38.259,
5.432,
68.972,
23.03,
73.471,
69.819,
722.146,
17.056,
3.621,
107.601,
7.248,
0.88,
0.023,
0,
1535.511,
2012, 
13.507,
88.695,
18.095,
1.311,
34.524,
11.855,
8.188,
0.16,
0.05,
6.938,
145.981,
26.161,
35.885,
35.997,
4.412,
70.546,
24.679,
77.561,
70.353,
737.206,
16.211,
2.254,
107.232,
5.805,
0.88,
0.023,
0,
1544.509,
2013, 
12.4,
87,
18.2,
1.311,
34.2,
5.2,
6.8,
0.16,
0.05,
7.2,
141.8,
20.7,
34.7,
35,
3.3,
69.4,
25.9,
81.2,
66,
801.3,
13.9,
2.6,
110.6,
4.7,
1.9,
0.023,
0,
1585.544,
2014, 
12.7,
88.2,
19,
1.311,
33.9,
5.5,
6.5,
0.16,
0.05,
6.6,
143.9,
21.9,
34,
29.7,
3.7,
71.5,
28,
87.3,
71.5,
845.8,
14.3,
4.4,
110.7,
4.6,
2.4,
0.023,
0,
1647.644,
2015, 
12.5,
78.9,
18.3,
1.311,
33.3,
5,
5.5,
0.16,
0.05,
7.6,
139.8,
22.4,
31.5,
25.5,
3.6,
71.1,
27.4,
89.6,
69.7,
825.2,
13.2,
4.9,
105.2,
4.9,
2.9,
0.023,
0,
1599.544,
2016, 
12.7,
78.5,
19,
1.311,
30.2,
4.1,
5,
0.16,
0.05,
6.1,
136.22,
22.3,
33.2,
26.4,
4.2,
70.5,
29.1,
95.5,
68.6,
808.7,
14.4,
4.8,
104.8,
5.3,
3.6,
0.023,
0,
1584.764,
2017, 
13.7,
81.6,
20,
1.311,
34.4,
4.6,
6.8,
0.16,
0.05,
6.3,
138.6,
23.5,
37.5,
25.1,
4.4,
71.3,
32.5,
101.4,
71.1,
854.9,
17.6,
4.8,
104.7,
5.3,
5,
0.023,
0,
1666.644,
2018, 
13.2985,
84.68059,
19.1935,
0.9743815,
33.48447,
6.843469,
8.961737,
0.605,
0.225,
6.22585,
137.0776,
25.14665,
35.62154,
24.4806,
4.600194,
71.61459,
39.54729,
106.3754,
71.59592,
936.1366,
24.53908,
6.682421,
101.9921,
5.729932,
6.717018,
0.2265,
0,
1772.576,
2019, 
12.897,
87.76118,
18.387,
0.637763,
32.56894,
9.086937,
11.12347,
1.05,
0.4,
6.1517,
135.5552,
26.7933,
33.74308,
23.8612,
4.800388,
71.92918,
46.59459,
111.3507,
72.09185,
1017.373,
31.47816,
8.564842,
99.28411,
6.159864,
8.434036,
0.43,
0,
1878.508,
2020, 
10.986,
72.73212,
16.80256,
0.509364,
31.41486,
7.271715,
12.80117,
1.05,
0.385,
3.8765,
119.8792,
23.59611,
35.81025,
23.56337,
4.8312,
71.82096,
48.40515,
100.2565,
67.80876,
1085.726,
32.64753,
12.87137,
83.18649,
6.076141,
9.333,
0.37,
0,
1884.011,
2021, 
12.97629,
85.79141,
18.45359,
0.640518,
36.07107,
9.495258,
15.57167,
1.05,
0.485,
5.0195,
137.8964,
26.76474,
40.36005,
24.41692,
5.548995,
77.30557,
50.09743,
118.2014,
71.08003,
1058.476,
37.7538,
14.83481,
96.33601,
6.42527,
10.96767,
0.42,
0,
1962.439,
2022, 
12.09757,
80.5354,
18.38633,
0.560328,
34.0895,
9.971719,
16.43181,
1.05,
0.45,
4.4025,
123.9235,
22.88337,
35.13378,
8.893232,
5.099587,
72.10544,
54.53187,
125.3772,
66.54617,
1039.881,
35.07412,
15.56786,
89.2268,
6.191218,
11.243,
0.41,
0,
1890.064,
2023, 
12.11104,
81.39223,
16.17971,
0.494195,
31.86875,
9.765679,
17.14286,
1.05,
0.45,
4.870989,
116.3068,
19.89046,
33.71368,
9.0277,
4.923303,
76.37865,
54.85159,
140.706,
67.38328,
1038.229,
34.21028,
16.8,
86.9988,
6.013748,
10.867,
0.41,
0,
1892.036,
2024, 
12.11864,
81.48006,
16.52323,
0.9845943,
31.71319,
10.5366,
18.14717,
1.193697,
0.5722058,
4.917113,
115.7337,
20.58455,
33.99969,
9.313085,
5.350392,
75.92033,
56.18599,
154.9593,
66.5053,
1032.185,
37.83116,
19.06527,
85.70433,
5.976518,
12.57276,
0.4317442,
0,
1910.506,
2025, 
12.16729,
81.65412,
16.65649,
1.11543,
31.853,
10.86901,
19.41703,
1.252418,
0.6143263,
4.934737,
115.4385,
21.39317,
34.31781,
9.781244,
5.809711,
75.6297,
57.63163,
169.8524,
65.78487,
1026.631,
41.50904,
21.31569,
84.66753,
5.962776,
14.72381,
0.4434721,
0,
1931.426,
2026, 
12.11313,
81.40949,
17.02229,
1.127722,
31.7583,
10.8048,
20.80075,
1.347337,
0.6550636,
4.897168,
114.3605,
21.86831,
34.62777,
9.919384,
6.135851,
75.37761,
58.73577,
185.1718,
64.80939,
1016.161,
45.27911,
23.2667,
83.58356,
5.926958,
18.1828,
0.4743246,
0,
1945.817,
2027, 
12.04917,
81.10457,
17.34645,
1.144027,
31.73031,
10.62168,
22.06682,
1.455395,
0.7080446,
4.853487,
113.2217,
22.28596,
34.88449,
10.05773,
6.425949,
75.25088,
59.71402,
199.5169,
63.94908,
1005.714,
48.34565,
24.95383,
82.75632,
5.885358,
20.74432,
0.5169131,
0,
1957.303,
2028, 
11.97674,
80.74997,
17.63514,
1.172494,
31.80617,
10.38276,
23.22709,
1.590282,
0.7812737,
4.806211,
112.0299,
22.6526,
35.09341,
10.20749,
6.679255,
75.29834,
60.58258,
212.9014,
63.2345,
995.4533,
49.9021,
26.40317,
82.25541,
5.838414,
22.83401,
0.5714811,
0,
1966.066,
2029, 
11.89911,
80.35372,
17.89563,
1.211391,
31.86939,
10.12438,
24.29523,
1.759549,
0.8742224,
4.758467,
110.6941,
22.97499,
35.24868,
10.35262,
6.909619,
75.28495,
61.36042,
225.2737,
62.5163,
984.7509,
51.18644,
27.70262,
81.74962,
5.787968,
24.83637,
0.6380323,
0,
1972.308,
2030, 
11.81829,
79.9267,
18.1344,
1.262269,
31.90605,
9.873372,
25.25752,
1.969764,
0.9902669,
4.713901,
109.2509,
23.26014,
35.35268,
10.49979,
7.124287,
75.17141,
62.06839,
236.6528,
61.7693,
973.2987,
52.41152,
28.89645,
81.17206,
5.737602,
26.81839,
0.7163661,
0,
1976.053,
2031, 
11.75707,
79.49754,
18.53581,
1.391897,
32.74349,
9.811959,
26.67737,
2.506771,
1.208807,
4.879958,
107.9048,
23.438,
35.42977,
10.81212,
7.487508,
75.51485,
62.92074,
249.7097,
61.19591,
961.4211,
53.8595,
30.29698,
81.14947,
5.702145,
29.66711,
0.8860756,
0,
1986.406,
2032, 
11.69775,
79.06229,
18.91928,
1.535478,
33.52873,
9.81367,
27.96796,
3.064077,
1.454756,
5.043876,
106.5947,
23.56862,
35.45424,
11.13492,
7.833898,
75.71764,
63.72148,
261.5397,
60.57284,
948.7863,
55.31052,
31.6067,
81.00925,
5.668469,
32.42777,
1.077054,
0,
1994.112,
2033, 
11.64372,
78.59714,
19.29264,
1.70377,
34.276,
9.920064,
29.17422,
3.690732,
1.740153,
5.210301,
105.2796,
23.64764,
35.42898,
11.47932,
8.171364,
75.77499,
64.49187,
272.2037,
59.9217,
935.3126,
56.77699,
32.85996,
80.76614,
5.638295,
35.12953,
1.295534,
0,
1999.427,
2034, 
11.59785,
78.08714,
19.66124,
1.900446,
35.01217,
10.12071,
30.31836,
4.394001,
2.066512,
5.38324,
103.9863,
23.53562,
35.35735,
11.87844,
8.506428,
75.70223,
65.25215,
281.7777,
59.24878,
921.1021,
58.1786,
34.07871,
80.42983,
5.613881,
37.77027,
1.541721,
0,
2002.502,
2035, 
11.56145,
77.63663,
20.03088,
2.121876,
35.73422,
10.38582,
31.41578,
5.172568,
2.432757,
5.565822,
102.769,
23.34998,
35.24082,
12.35791,
8.845156,
75.48814,
66.01947,
290.3199,
58.53604,
906.0754,
59.49652,
35.28443,
80.0611,
5.596953,
40.34361,
1.814363,
0,
2003.656,
2036, 
11.54946,
77.1814,
20.53929,
2.430159,
37.01309,
10.87337,
33.02267,
6.407145,
3.020358,
5.907164,
101.6582,
23.17558,
35.05699,
13.02936,
9.260784,
75.45388,
66.93777,
300.1012,
57.94094,
890.4517,
60.80053,
36.73915,
80.02454,
5.597656,
43.80502,
2.249972,
0,
2010.227,
2037, 
11.54715,
76.77792,
20.90532,
2.759853,
38.24416,
11.43431,
34.52455,
7.698463,
3.649826,
6.246869,
100.5718,
23.02597,
34.8354,
13.35046,
9.680354,
75.30423,
67.86652,
308.662,
57.34254,
874.1173,
62.065,
38.16368,
79.83046,
5.604924,
47.06316,
2.70641,
0,
2013.979,
2038, 
11.54914,
76.39996,
21.21462,
3.11561,
39.43861,
12.069,
35.94913,
9.073626,
4.332261,
6.585912,
99.51763,
22.8954,
34.57706,
13.63671,
10.10581,
74.98542,
68.81326,
316.0758,
56.68694,
857.0132,
63.30087,
39.56335,
79.63751,
5.619067,
50.15806,
3.192868,
0,
2015.507,
2039, 
11.53833,
75.98089,
21.50867,
3.498396,
40.5702,
12.77262,
37.30913,
10.5283,
5.064728,
6.924187,
98.47326,
22.77155,
34.28473,
13.88805,
10.53751,
74.52151,
69.77911,
322.425,
56.01093,
839.3028,
64.52406,
40.94642,
79.24925,
5.639807,
53.09286,
3.707412,
0,
2014.85,
2040, 
11.53582,
75.57125,
21.79259,
3.906974,
41.66727,
13.5569,
38.60457,
12.0515,
5.841091,
7.260767,
97.43619,
22.67109,
33.96125,
14.07768,
10.9745,
73.92442,
70.7566,
327.7747,
55.30771,
820.9919,
65.71361,
42.31279,
78.79607,
5.666636,
55.85857,
4.245893,
0,
2012.258,
2041, 
11.53988,
75.20474,
22.14976,
4.394197,
43.06512,
14.53857,
40.21233,
14.30124,
7.00357,
7.692345,
96.47224,
22.61,
33.57467,
14.32718,
11.43816,
73.42551,
71.75243,
333.3717,
54.65538,
802.254,
66.78797,
43.70718,
78.5322,
5.705062,
59.36399,
5.052262,
0,
2013.132,
2042, 
11.55349,
74.83599,
22.50642,
4.890331,
44.39184,
15.57126,
41.68503,
16.56915,
8.194654,
8.105751,
95.49944,
22.56157,
33.16524,
14.5536,
11.89758,
72.8504,
72.54607,
337.9105,
53.99737,
783.1434,
67.72706,
45.04205,
78.22248,
5.746317,
62.56759,
5.864962,
0,
2011.599,
2043, 
11.56189,
74.46889,
22.83727,
5.394988,
45.62432,
16.64368,
43.03733,
18.87436,
9.421597,
8.499589,
94.52125,
22.53004,
32.73362,
14.73149,
12.34703,
72.16937,
72.99641,
341.4789,
53.3199,
763.8487,
68.53068,
46.30412,
77.82345,
5.788891,
65.51215,
6.690067,
0,
2007.69,
2044, 
11.57794,
74.09573,
23.16252,
5.906387,
46.72944,
17.72158,
44.26932,
21.20443,
10.67475,
8.872222,
93.52358,
22.61932,
32.28131,
14.87307,
12.78403,
71.39512,
73.35982,
344.1215,
52.58601,
744.1099,
69.28578,
47.48043,
77.05269,
5.831419,
68.20656,
7.522672,
0,
2001.247,
2045, 
11.58821,
73.7115,
23.47289,
6.416449,
47.69547,
18.78631,
45.38396,
23.5414,
11.94315,
9.221864,
92.50629,
22.69642,
31.80784,
15.00868,
13.20469,
70.47198,
73.68752,
345.9089,
51.79332,
724.3306,
69.95078,
48.57922,
75.98705,
5.872535,
70.66813,
8.356083,
0,
1992.591,
2046, 
11.58995,
73.27415,
23.75335,
6.949992,
48.72489,
19.86097,
46.56368,
26.72756,
13.65146,
9.599203,
91.46794,
22.70834,
31.27457,
15.09812,
13.60146,
69.57712,
73.89157,
347.0913,
51.05811,
703.9439,
70.43615,
49.52303,
74.90167,
5.910703,
73.4819,
9.484863,
0,
1984.146,
2047, 
11.5876,
72.82149,
24.00612,
7.464736,
49.57574,
20.89549,
47.60451,
29.85517,
15.34214,
9.942489,
90.40253,
22.7153,
30.7268,
15.14179,
13.97441,
68.52127,
74.08555,
347.4628,
50.19521,
683.5035,
70.87672,
50.37896,
73.59922,
5.945063,
75.99534,
10.59049,
0,
1973.21,
2048, 
11.57885,
72.35339,
24.24559,
7.97107,
50.25011,
21.90939,
48.51511,
32.94152,
17.02153,
10.25143,
89.30753,
22.74586,
30.16697,
15.11506,
14.32185,
67.36979,
74.26212,
347.083,
49.27501,
662.9875,
71.2865,
51.13699,
72.1154,
5.974736,
78.2317,
11.67799,
0,
1960.096,
2049, 
11.56807,
71.86767,
24.46655,
8.478621,
50.76583,
22.9077,
49.30046,
35.97882,
18.68361,
10.52585,
88.18143,
22.79426,
29.59791,
15.0115,
14.63964,
66.09364,
74.4043,
346.007,
48.33845,
642.5051,
71.64094,
51.79132,
70.49649,
5.998735,
80.20261,
12.74547,
0,
1944.992,
2050, 
11.55635,
71.36327,
24.64943,
8.984607,
51.10309,
23.89157,
49.96515,
38.95342,
20.31783,
10.76594,
87.02343,
22.82844,
29.01964,
14.8354,
14.92452,
64.7271,
74.48915,
344.2933,
47.3033,
621.9282,
71.93869,
52.3381,
68.63795,
6.016275,
81.95018,
13.7891,
0,
1927.593,
2051, 
11.60004,
71.16202,
24.96967,
9.622612,
51.82655,
25.15216,
50.97179,
43.14947,
22.56713,
11.0987,
86.43065,
22.98163,
28.5906,
14.77665,
15.31607,
63.74557,
74.97867,
344.3975,
46.53811,
604.8901,
72.6762,
53.19408,
67.37825,
6.078198,
84.46481,
15.24515,
0,
1923.802,
2052, 
11.63694,
70.90646,
25.25872,
10.24195,
52.41752,
26.3788,
51.85575,
47.15839,
24.7263,
11.39822,
85.82787,
23.12432,
28.16334,
14.67983,
15.67625,
62.73493,
75.40341,
344.0573,
45.76963,
588.2188,
73.41875,
53.95741,
66.08199,
6.132126,
86.75787,
16.63475,
0,
1918.618,
2053, 
11.67103,
70.6297,
25.51355,
10.84427,
52.86852,
27.57672,
52.63148,
51.00465,
26.80576,
11.66548,
85.21962,
23.26883,
27.73717,
14.54157,
16.00503,
61.65723,
75.76585,
343.3005,
44.95877,
571.7608,
74.1741,
54.62395,
64.80807,
6.179307,
88.86819,
17.96685,
0,
1912.047,
2054, 
11.63428,
69.78287,
25.63606,
11.32257,
53.40228,
28.5077,
53.23098,
54.62188,
28.75908,
11.90131,
84.37237,
22.94552,
27.32449,
14.56707,
16.29672,
60.9844,
75.74493,
342.3025,
44.4013,
556.8609,
74.23194,
55.13491,
64.97272,
6.215822,
90.69043,
19.2247,
0,
1905.07,
2055, 
11.59948,
68.94745,
25.73622,
11.79239,
53.7993,
29.42509,
53.75029,
58.13741,
30.65063,
12.10722,
83.51769,
22.62092,
26.91549,
14.54298,
16.55829,
60.18245,
75.75639,
340.9415,
43.78692,
542.0089,
74.39864,
55.56347,
65.19007,
6.245602,
92.39547,
20.44355,
0,
1897.014,
2056, 
11.54379,
68.13727,
25.77641,
12.25726,
54.05833,
30.30944,
54.23504,
62.50716,
32.97115,
12.29543,
82.60715,
22.28745,
26.47383,
14.48194,
16.78756,
59.33817,
75.7538,
339.1583,
43.03732,
526.737,
74.58984,
55.86718,
65.57612,
6.265722,
94.25411,
21.94105,
0,
1889.248,
2057, 
11.47967,
67.35627,
25.78633,
12.70488,
54.17744,
31.16214,
54.64146,
66.66524,
35.17794,
12.45283,
81.68797,
21.96042,
26.03477,
14.37901,
16.98459,
58.41771,
75.72182,
337.0546,
42.24778,
511.2101,
74.78912,
56.10939,
66.13503,
6.27939,
95.94349,
23.3609,
0,
1879.92,
2058, 
11.41469,
66.55476,
25.77316,
13.1354,
54.15433,
31.99009,
54.97852,
70.63379,
37.28298,
12.58137,
80.76347,
21.65439,
25.59783,
14.24117,
17.15154,
57.39289,
75.61299,
334.6595,
41.40505,
496.0512,
74.99805,
56.29039,
65.10959,
6.287292,
97.48481,
24.71124,
0,
1867.911,
2059, 
11.34669,
65.78038,
25.7309,
13.55235,
54.03949,
32.80356,
55.24783,
74.44308,
39.2994,
12.68294,
79.82713,
21.36403,
25.16713,
14.07134,
17.28947,
56.37204,
75.48296,
331.9993,
40.53612,
481.401,
75.20284,
56.3915,
63.9505,
6.289432,
98.89441,
26.00378,
0,
1855.17,
2060, 
11.27265,
64.99014,
25.66538,
13.9578,
53.79832,
33.59725,
55.43805,
78.11086,
41.23544,
12.75944,
78.88257,
21.0915,
24.73845,
13.91854,
17.39835,
55.24837,
75.30271,
329.1028,
39.67991,
467.3784,
75.3625,
56.41898,
62.64462,
6.285275,
100.1759,
27.2455,
0,
1841.7,
2061, 
11.18793,
64.19753,
25.56255,
14.35548,
53.46872,
34.35569,
55.55042,
82.44479,
43.52353,
12.81497,
77.88415,
20.82402,
24.28788,
13.80719,
17.47834,
54.13204,
74.98789,
325.8306,
38.72625,
453.8426,
75.44994,
56.32639,
61.2949,
6.271649,
101.5294,
28.69998,
0,
1828.835,
2062, 
11.09817,
63.40039,
25.44858,
14.72567,
53.0434,
35.06792,
55.59703,
86.51411,
45.67006,
12.84687,
76.87795,
20.57197,
23.84245,
13.73148,
17.53204,
52.96241,
74.60825,
322.3595,
37.73866,
440.9278,
75.5543,
56.17955,
59.83722,
6.252524,
102.7534,
30.06119,
0,
1815.203,
2063, 
11.00441,
62.60141,
25.32507,
15.05551,
52.53399,
35.70113,
55.5846,
90.33087,
47.68051,
12.85712,
75.8652,
20.33486,
23.40252,
13.61926,
17.5618,
51.75726,
74.16871,
318.7143,
36.73095,
428.6463,
75.67569,
55.97461,
58.31788,
6.22827,
103.8646,
31.33288,
0,
1800.87,
2064, 
10.90746,
61.79922,
25.19336,
15.34508,
51.95517,
36.25242,
55.51743,
93.92045,
49.56815,
12.84757,
74.8474,
20.1094,
22.96842,
13.35845,
17.56833,
50.53243,
73.67452,
314.919,
35.70665,
415.5442,
75.76352,
55.71012,
56.75783,
6.199248,
104.8366,
32.52344,
0,
1784.326,
2065, 
10.80758,
60.99322,
25.05508,
15.59805,
51.32281,
36.72549,
55.39727,
97.30025,
51.34127,
12.81999,
73.82609,
19.89344,
22.54076,
13.09149,
17.55305,
49.31166,
73.13919,
310.998,
34.68414,
402.7901,
75.74085,
55.38615,
55.19013,
6.165711,
105.6255,
33.63903,
0,
1766.936,
2066, 
10.70253,
60.17339,
24.89004,
15.81249,
50.63062,
37.10128,
55.19393,
101.0858,
53.29848,
12.77043,
72.76917,
19.67697,
22.09744,
12.82444,
17.51221,
48.11744,
72.49854,
306.6992,
33.68656,
390.3848,
75.52721,
54.95682,
53.64544,
6.123988,
106.3052,
34.86935,
0,
1749.354,
2067, 
10.59549,
59.35231,
24.72106,
15.99347,
49.89647,
37.40318,
54.94489,
104.5891,
55.10361,
12.70514,
71.70193,
19.46523,
21.66183,
12.55047,
17.45248,
46.93111,
71.85631,
302.3162,
32.69301,
378.2757,
75.21383,
54.48582,
52.09682,
6.078265,
106.8179,
35.99998,
0,
1730.902,
2068, 
10.48685,
58.53062,
24.54819,
16.13742,
49.13021,
37.6247,
54.64787,
107.8079,
56.76104,
12.62574,
70.62487,
19.25468,
21.23399,
12.27585,
17.3756,
45.76666,
71.21692,
297.865,
31.71279,
366.5468,
74.80519,
53.97796,
50.56791,
6.028988,
107.1675,
37.03221,
0,
1711.753,
2069, 
10.37724,
57.70965,
24.36225,
16.24462,
48.33922,
37.76809,
54.30713,
110.7526,
58.27784,
12.53364,
69.54205,
19.04551,
20.81366,
12.00132,
17.2832,
44.62124,
70.58401,
293.3589,
30.74628,
355.1631,
74.3101,
53.43759,
49.06305,
5.976543,
107.3675,
37.97118,
0,
1691.958,
2070, 
10.26705,
56.88876,
24.16101,
16.31715,
47.52813,
37.83915,
53.92924,
113.435,
59.65911,
12.43017,
68.45583,
18.83668,
20.40095,
11.72724,
17.17664,
43.49641,
69.95912,
288.8102,
29.79985,
344.1172,
73.74025,
52.86774,
47.58836,
5.921263,
107.4262,
38.82129,
0,
1671.6,
2071, 
10.15226,
56.0523,
23.93159,
16.3515,
46.68388,
37.81976,
53.49055,
116.2946,
61.11287,
12.30753,
67.3476,
18.61029,
19.97848,
11.45732,
17.04903,
42.40316,
69.26204,
283.9525,
28.88507,
333.4932,
73.04774,
52.22874,
46.15388,
5.859534,
107.3658,
39.71835,
0,
1651.01,
2072, 
10.03757,
55.21616,
23.69598,
16.35564,
45.82987,
37.74028,
53.02362,
118.8469,
62.40631,
12.17575,
66.24357,
18.36556,
19.56433,
11.19071,
16.90986,
41.33901,
68.57414,
279.085,
27.99594,
323.2116,
72.28455,
51.56817,
44.7566,
5.795735,
107.1771,
40.51159,
0,
1629.901,
2073, 
9.922816,
54.38146,
23.45606,
16.32826,
44.97293,
37.59737,
52.5303,
121.1004,
63.54313,
12.03594,
65.14507,
18.10248,
19.15872,
10.92801,
16.76028,
40.31153,
67.89597,
274.218,
27.14137,
313.2828,
71.45519,
50.88787,
43.39963,
5.73015,
106.8608,
41.20348,
0,
1608.35,
2074, 
9.809411,
53.55827,
23.20633,
16.27144,
44.11412,
37.39569,
52.01579,
123.0742,
64.53222,
11.88911,
64.05314,
17.82649,
18.76118,
10.66256,
16.60147,
39.31416,
67.23487,
269.3574,
26.30925,
303.6625,
70.57733,
50.19139,
42.0421,
5.663006,
106.4316,
41.80045,
0,
1586.355,
2075, 
9.698165,
52.75486,
22.93992,
16.18763,
43.2547,
37.1403,
51.47951,
124.7866,
65.38228,
11.73618,
62.97005,
17.54093,
18.37153,
10.41093,
16.43432,
38.34521,
66.59666,
264.5093,
25.50078,
294.3643,
69.66775,
49.47964,
40.62213,
5.594649,
105.8962,
42.30882,
0,
1563.973,
2076, 
9.580419,
51.94879,
22.64553,
16.07198,
42.37508,
36.80887,
50.89862,
126.5341,
66.21462,
11.56751,
61.86398,
17.24215,
17.97647,
10.16404,
16.25193,
37.40643,
65.91744,
259.387,
24.72981,
285.4179,
68.68156,
48.72101,
39.14746,
5.520885,
105.2291,
42.8126,
0,
1541.115,
2077, 
9.462354,
51.15762,
22.34425,
15.93558,
41.50707,
36.4332,
50.30106,
128.014,
66.90756,
11.39447,
60.76994,
16.93261,
17.58989,
9.926598,
16.06312,
36.51074,
65.13898,
254.3078,
23.99111,
276.7947,
67.68096,
47.95354,
37.6881,
5.446553,
104.4779,
43.22738,
0,
1517.957,
2078, 
9.342744,
50.38069,
22.03834,
15.78022,
40.64697,
36.01639,
49.68844,
129.2416,
67.46766,
11.21778,
59.68834,
16.61483,
17.2115,
9.697112,
15.86871,
35.64626,
64.32779,
249.2737,
23.27687,
268.4535,
66.66651,
47.17885,
36.26122,
5.371858,
103.6469,
43.55773,
0,
1494.563,
2079, 
9.22215,
49.61675,
21.72855,
15.60844,
39.79564,
35.56571,
49.06435,
130.24,
67.90627,
11.03808,
58.61957,
16.2916,
16.84108,
9.453959,
15.66948,
34.80899,
63.50611,
244.2863,
22.58721,
260.3741,
65.63528,
46.39875,
34.87726,
5.296963,
102.7488,
43.81159,
0,
1470.993,
2080, 
9.100763,
48.8632,
21.41449,
15.42087,
38.95506,
35.08986,
48.43,
131.0274,
68.23247,
10.856,
57.56395,
15.96327,
16.47845,
9.202087,
15.46606,
34.00257,
62.6632,
239.3502,
21.92372,
252.5748,
64.58299,
45.61528,
33.55878,
5.222006,
101.7896,
43.99519,
0,
1447.342,
2081, 
8.967728,
48.08807,
21.08181,
15.21038,
38.10807,
34.56713,
47.76503,
131.786,
68.50758,
10.66336,
56.46292,
15.63505,
16.11397,
8.950189,
15.25315,
33.22139,
61.75387,
234.2167,
21.28451,
245.0059,
63.46846,
44.8041,
32.34404,
5.140276,
100.7083,
44.1545,
0,
1423.262,
2082, 
8.834181,
47.3244,
20.74301,
14.99105,
37.27029,
34.03307,
47.09452,
132.3418,
68.67963,
10.46959,
55.37784,
15.31117,
15.7571,
8.70322,
15.03736,
32.45839,
60.83775,
229.1503,
20.61826,
237.4952,
62.34664,
43.9948,
31.24029,
5.058872,
99.57961,
44.24829,
0,
1398.997,
2083, 
8.699894,
46.57235,
20.39741,
14.76548,
36.44256,
33.49149,
46.41992,
132.7131,
68.75722,
10.27515,
54.30886,
14.98958,
15.4078,
8.461624,
14.819,
31.69573,
59.92206,
224.1519,
19.93292,
230.0575,
61.22591,
43.18827,
30.24326,
4.977896,
98.41213,
44.28241,
0,
1374.611,
2084, 
8.564989,
45.83141,
20.04605,
14.5364,
35.62151,
32.94764,
45.74268,
132.9245,
68.75286,
10.08043,
53.25605,
14.6696,
15.06552,
8.223975,
14.59867,
30.93434,
59.00926,
219.2207,
19.23779,
222.7148,
60.11466,
42.38572,
29.34365,
4.897435,
97.21904,
44.26518,
0,
1350.205,
2085, 
8.42958,
45.1011,
19.69106,
14.30645,
34.80771,
32.40554,
45.06097,
132.9906,
68.67415,
9.885811,
52.21951,
14.35253,
14.73021,
7.99107,
14.37706,
30.18844,
58.10096,
214.3577,
18.55386,
215.5076,
59.01713,
41.58925,
28.53952,
4.817545,
96.01556,
44.20154,
0,
1325.912,
2086, 
8.278103,
44.34408,
19.31636,
14.06747,
33.98783,
31.84203,
44.35812,
133.0087,
68.54817,
9.685013,
51.13149,
14.04027,
14.39511,
7.765027,
14.15096,
29.46939,
57.16613,
209.3718,
17.89351,
208.4638,
57.89542,
40.77167,
27.82711,
4.72998,
94.75322,
44.11247,
0,
1301.373,
2087, 
8.127574,
43.59919,
18.94257,
13.83078,
33.17413,
31.28725,
43.65644,
132.8914,
68.35779,
9.485182,
50.06233,
13.73347,
14.06669,
7.549081,
13.92455,
28.78361,
56.22375,
204.465,
17.26168,
201.6359,
56.79113,
39.9585,
27.20304,
4.643357,
93.49904,
43.98195,
0,
1277.135,
2088, 
7.976818,
42.85829,
18.56823,
13.59532,
32.37121,
30.73844,
42.95436,
132.652,
68.10889,
9.28657,
49.01195,
13.42895,
13.74509,
7.34657,
13.69795,
28.14217,
55.2616,
199.6396,
16.66299,
195.0835,
55.69664,
39.14832,
26.68265,
4.557711,
92.24897,
43.81402,
0,
1253.279,
2089, 
7.825255,
42.11536,
18.1931,
13.36028,
31.58113,
30.19302,
42.2513,
132.3071,
67.8094,
9.089402,
47.98021,
13.12511,
13.43026,
7.157422,
13.47134,
27.48645,
54.27783,
194.8964,
16.10013,
188.8166,
54.60561,
38.34048,
26.27485,
4.472958,
91.00053,
43.61406,
0,
1229.776,
2090, 
7.67311,
41.36861,
17.81769,
13.12601,
30.80562,
29.6508,
41.54945,
131.8604,
67.46098,
8.893888,
46.96698,
12.82216,
13.12216,
6.982259,
13.24508,
26.82647,
53.27369,
190.2363,
15.57685,
182.8361,
53.51515,
37.53578,
25.99916,
4.389057,
89.75754,
43.38321,
0,
1206.674,
2091, 
7.507612,
40.58639,
17.42585,
12.88485,
30.03001,
29.08953,
40.83104,
131.3387,
67.06428,
8.695673,
45.91307,
12.52394,
12.81612,
6.821837,
13.01752,
26.18378,
52.22483,
185.5132,
15.08452,
177.232,
52.39896,
36.70977,
25.30713,
4.298993,
88.44528,
43.12362,
0,
1183.069,
2092, 
7.344708,
39.81001,
17.03941,
12.64677,
29.26933,
28.53547,
40.11792,
130.7167,
66.62234,
8.499668,
44.87966,
12.2315,
12.51669,
6.674469,
12.7909,
25.55776,
51.17242,
180.88,
14.62929,
171.8794,
51.29372,
35.89007,
24.5284,
4.210073,
87.11546,
42.83496,
0,
1159.687,
2093, 
7.184213,
39.04244,
16.65972,
12.41146,
28.52121,
27.98772,
39.41156,
130.004,
66.13916,
8.306003,
43.86648,
11.94481,
12.22355,
6.539972,
12.56551,
24.94329,
50.1249,
176.3348,
14.212,
166.7831,
50.20364,
35.07845,
23.7671,
4.122318,
85.78289,
42.51999,
0,
1136.68,
2094, 
7.025913,
38.28635,
16.28759,
12.17861,
27.78432,
27.44527,
38.71322,
129.2136,
65.6209,
8.114781,
42.87329,
11.66378,
11.93653,
6.418659,
12.34156,
24.33664,
49.08784,
171.8756,
13.83231,
161.937,
49.1292,
34.27679,
23.01777,
4.035752,
84.45249,
42.18282,
0,
1114.068,
2095, 
6.870052,
37.54113,
15.92386,
11.94796,
27.06051,
26.90733,
38.02392,
128.348,
65.06856,
7.926101,
41.89981,
11.38837,
11.65563,
6.31306,
12.11924,
23.74112,
48.06193,
167.5024,
13.49323,
157.3484,
48.0677,
33.48709,
22.27074,
3.950427,
83.12492,
41.82402,
0,
1091.866,
2096, 
6.706684,
36.7609,
15.5464,
11.71139,
26.32764,
26.34822,
37.32176,
127.395,
64.46888,
7.736264,
40.9038,
11.11819,
11.37731,
6.209696,
11.89581,
23.15141,
47.01064,
163.1145,
13.19301,
153.1405,
46.99495,
32.68702,
21.53464,
3.862525,
81.76328,
41.4337,
0,
1069.714,
2097, 
6.546571,
35.99397,
15.17911,
11.47648,
25.60782,
25.79346,
36.62932,
126.372,
63.83963,
7.54932,
39.92865,
10.85352,
11.10489,
6.04464,
11.67433,
22.57037,
45.97609,
158.8167,
12.87412,
149.1964,
45.93232,
31.9009,
20.8133,
3.776077,
80.40906,
41.02465,
0,
1047.884,
2098, 
6.389682,
35.24091,
14.82232,
11.24274,
24.90241,
25.24197,
35.94583,
125.2857,
63.1834,
7.36531,
38.97403,
10.5943,
10.8384,
5.882416,
11.45484,
22.00089,
44.95882,
154.6081,
12.4388,
144.5861,
44.87796,
31.12962,
20.1109,
3.691092,
79.06319,
40.59868,
0,
1025.428,
2099, 
6.235981,
34.502,
14.47592,
11.00982,
24.21018,
24.69346,
35.27117,
124.147,
62.5053,
7.184268,
38.03957,
10.34044,
10.57761,
5.72292,
11.23743,
21.44059,
43.95879,
150.4866,
12.0137,
140.0894,
43.83295,
30.37405,
19.42322,
3.607592,
77.72768,
40.15911,
0,
1003.267,
2100, 
6.08543,
33.77707,
14.13946,
10.77778,
23.53163,
24.14768,
34.60543,
122.958,
61.80606,
7.006222,
37.12497,
10.09186,
10.32245,
5.565808,
11.02225,
20.89073,
42.98203,
146.4514,
11.59856,
135.7063,
42.79983,
29.6345,
18.75164,
3.525601,
76.40266,
39.70649,
0,
981.4118];
