real main.em.ep.isp.StorResTot[28](t) = [1971, 
651.5343,
6662.301,
42.08245,
21.60213,
64.96689,
80.57098,
58.75524,
41.05855,
12.20759,
218.7674,
4050.518,
794.3257,
45.14894,
639.8839,
126.0057,
1848.95,
149.6624,
189.8941,
60.786,
215.9777,
32.17176,
2.735793,
947.4415,
247.1319,
13.94703,
25.39259,
0,
17243.82,
1972, 
743.1379,
6664.728,
47.7262,
24.07365,
71.01305,
85.62901,
59.5344,
44.36075,
13.14336,
237.3148,
4228.148,
866.3724,
52.09121,
676.2775,
129.2396,
1948.799,
169.1202,
198.1338,
65.41999,
236.9972,
36.51493,
3.161403,
1012.384,
243.989,
13.98373,
36.3438,
0,
17907.64,
1973, 
823.4536,
7276.438,
51.89817,
26.7822,
82.26498,
95.7737,
61.004,
49.39493,
13.3358,
252.2585,
4534.185,
902.643,
52.66745,
714.8611,
138.3771,
2062.626,
202.3026,
204.9313,
74.03787,
259.1164,
43.11644,
3.88229,
1095.986,
278.0313,
16.24768,
46.19956,
0,
19361.81,
1974, 
851.8475,
7332.585,
65.72918,
27.9819,
91.64121,
104.7265,
65.23281,
49.52388,
12.89815,
269.9228,
4643.078,
958.119,
59.58812,
756.1116,
148.4388,
2188.701,
226.6788,
214.7355,
81.40347,
268.0446,
45.88003,
5.151445,
1082.19,
298.4529,
18.27978,
58.22723,
0,
19925.17,
1975, 
829.4708,
7548.269,
69.66646,
27.81349,
98.71245,
109.7047,
74.15015,
55.54008,
13.42982,
290.122,
4627.427,
1001.688,
71.43203,
685.0228,
132.0404,
2029.392,
263.1306,
237.9871,
91.05245,
317.319,
47.80796,
5.849806,
1106.663,
309.6375,
20.51815,
61.28817,
0,
20125.13,
1976, 
887.3736,
8061.648,
73.96089,
31.44196,
113.7738,
118.3513,
85.01038,
57.75348,
15.56682,
303.738,
4975.722,
1064.596,
81.15306,
715.8107,
139.8739,
2160.233,
310.0076,
266.9823,
99.52127,
351.9517,
53.87077,
5.430489,
1184.029,
322.8207,
21.59112,
65.74049,
0,
21567.95,
1977, 
951.7455,
8331.671,
79.97083,
34.06802,
125.4774,
129.5805,
97.22928,
63.17781,
16.35658,
303.796,
5086.99,
1110.645,
90.79747,
736.6292,
144.6624,
2236.307,
392.5284,
283.8665,
108.9099,
384.2584,
59.81034,
6.788415,
1233.85,
339.6395,
23.24754,
71.49924,
0,
22443.5,
1978, 
1020.996,
8559.443,
88.3676,
35.96863,
138.9407,
135.9336,
109.4434,
61.04873,
17.19222,
316.9648,
5276.29,
1168.905,
96.68808,
760.6332,
149.6674,
2341.145,
443.0547,
311.8177,
120.7874,
437.9878,
61.91246,
9.509306,
1291.158,
349.9268,
26.12036,
69.42392,
0,
23399.33,
1979, 
1070.171,
8729.813,
94.73719,
37.54453,
155.6575,
151.5532,
122.3724,
70.43597,
17.6326,
332.7302,
5500.41,
1177.954,
98.70918,
779.6888,
205.7969,
2397.325,
512.4427,
316.3133,
130.9079,
478.6803,
67.35005,
11.46119,
1360.344,
366.1624,
29.25215,
74.78744,
0,
24290.23,
1980, 
1100.516,
8839.18,
99.38868,
37.87766,
178.6554,
162.1609,
136.8136,
78.82357,
17.83863,
360.1647,
5537.828,
1232.66,
101.6957,
816.4669,
225.3084,
2582.525,
567.5072,
330.1799,
136.6896,
468.131,
72.07088,
14.42511,
1343.363,
383.7989,
30.68501,
68.90266,
0,
24923.66,
1981, 
1157.09,
8909.859,
108.5302,
39.18369,
171.8719,
168.5743,
155.3696,
77.11351,
18.86036,
411.1879,
5594.711,
1241.718,
106.6037,
836.2609,
230.855,
2726.784,
672.9659,
362.1985,
147.5992,
472.7571,
76.6324,
14.23497,
1357.065,
408.6898,
32.8315,
65.34301,
0,
25564.89,
1982, 
1136.058,
8688.75,
113.4095,
40.57534,
180.2194,
171.0359,
170.1496,
85.83471,
20.4164,
432.2899,
5586.426,
1259.721,
116.2423,
853.111,
239.0651,
2830.601,
797.8285,
386.6031,
155.6199,
504.137,
82.1542,
17.32995,
1343.73,
415.6123,
35.22574,
65.2659,
0,
25727.41,
1983, 
1187.16,
8878.192,
112.5313,
43.13845,
186.5169,
179.2569,
187.7583,
79.84968,
21.7321,
440.0708,
5719.142,
1317.657,
121.5037,
877.2928,
246.6496,
2978.39,
816.7967,
413.5939,
169.5538,
544.8013,
89.82158,
20.33164,
1418.878,
426.0636,
39.1615,
63.88533,
0,
26579.73,
1984, 
1279.878,
9274.39,
121.9217,
44.38152,
208.6821,
184.5302,
207.2545,
74.1756,
21.76359,
486.7347,
5928.742,
1378.836,
137.3197,
911.7481,
257.2548,
3168.132,
880.3057,
457.3213,
182.6243,
571.9357,
96.85426,
23.91775,
1493.584,
455.2826,
44.1786,
62.97643,
0,
27954.72,
1985, 
1357.436,
9440.135,
106.3653,
43.75373,
225.9766,
187.9616,
222.6229,
89.90286,
23.32075,
503.4824,
6149.178,
1383.467,
150.0041,
934.8961,
265.9077,
3287.403,
944.2718,
501.3247,
196.6258,
611.5358,
102.2769,
24.83817,
1551.948,
488.7081,
47.70227,
65.33821,
0,
28906.38,
1986, 
1388.987,
9431.795,
119.1544,
46.76657,
238.9479,
212.846,
219.9135,
94.12849,
24.75148,
517.3594,
6248.405,
1447.913,
171.9918,
956.4094,
270.1849,
3435.084,
1029.16,
547.5707,
212.1964,
670.936,
105.8192,
34.99953,
1574.154,
504.9262,
52.75277,
66.81181,
0,
29623.96,
1987, 
1480.768,
9599.564,
128.0912,
49.48165,
242.1289,
228.9782,
235.2785,
98.10892,
26.71566,
529.7612,
6454.689,
1477.736,
192.5159,
992.7374,
272.0798,
3572.937,
1052.563,
594.9044,
235.6988,
741.3655,
114.1199,
40.56454,
1678.871,
532.5202,
58.37646,
65.13058,
0,
30695.69,
1988, 
1515.47,
9991.863,
130.5549,
49.77978,
251.3054,
258.8858,
256.5076,
103.0374,
28.43357,
549.8065,
6738.333,
1470.669,
202.0823,
1024.183,
276.9368,
3660.732,
1210.957,
655.4727,
266.509,
811.0547,
125.3007,
42.84606,
1774.558,
556.6133,
66.99831,
72.00517,
0,
32090.89,
1989, 
1483.442,
10898.31,
138.3461,
53.15834,
267.3742,
247.344,
268.4909,
107.554,
30.07609,
562.0959,
6954.356,
1489.864,
218.0068,
1042.152,
278.4245,
3929.543,
1235.245,
716.1543,
290.5589,
872.066,
137.423,
47.39959,
1887.378,
597.5944,
69.8728,
69.05097,
0,
33891.28,
1990, 
1436.097,
11103.51,
142.8049,
53.64337,
256.157,
266.8235,
277.9583,
109.5198,
34.60491,
571.2708,
7109.383,
1408.163,
240.8647,
1121.767,
345.3876,
3831.769,
1322.039,
770.1458,
311.961,
926.8807,
151.1902,
56.31755,
2059.753,
613.0417,
76.03208,
76.81652,
0,
34673.91,
1991, 
1520.486,
11197.95,
147.5194,
52.20329,
272.3797,
251.125,
293.1727,
111.9393,
36.85384,
572.0761,
7268.85,
1343.249,
245.3357,
1034.106,
295.8364,
3572.459,
1463.87,
838.6843,
328.7474,
1107.987,
163.0661,
63.7285,
2127.467,
630.2851,
81.54287,
84.63546,
0,
35105.55,
1992, 
1555.996,
11400.44,
151.2603,
55.09789,
279.6952,
259.7022,
309.9341,
116.1849,
38.26927,
586.3565,
7319.005,
1248.583,
276.4901,
881.0822,
274.5659,
3089.787,
1556.87,
876.326,
349.4074,
1223.301,
176.5753,
69.63503,
2152.391,
642.6923,
89.56591,
73.20712,
0,
35052.42,
1993, 
1610.014,
11674.79,
152.9257,
56.25336,
290.9452,
274.2719,
335.337,
116.6131,
39.69597,
610.4304,
7331.786,
1247.323,
303.8206,
799.4496,
231.2749,
3119.418,
1603.986,
924.9092,
386.9567,
1262.903,
194.6026,
77.84192,
2176.418,
663.0656,
93.45965,
74.84407,
0,
35653.34,
1994, 
1698.638,
11971.24,
164.4977,
60.35305,
299.2097,
291.1114,
358.1979,
116.6067,
40.5304,
630.9039,
7487.983,
1322.125,
319.6058,
728.6999,
227.3057,
2752.347,
1705.7,
992.4897,
434.0207,
1370.632,
219.5738,
86.56419,
2276.654,
683.5645,
98.24709,
72.57017,
0,
36409.37,
1995, 
1716.221,
12314.74,
167.8317,
63.69207,
314.2012,
304.9057,
378.8947,
123.3033,
44.27421,
638.8261,
7682.944,
1319.704,
357.3271,
764.7353,
225.4767,
2745.575,
1790.839,
1076.425,
483.9916,
1491.81,
243.3461,
100.4082,
2314.044,
702.7761,
104.4558,
74.16449,
0,
37544.92,
1996, 
1767.091,
12612.32,
159.7369,
67.02302,
329.8972,
319.1935,
428.2096,
128.4475,
46.33263,
666.8746,
7804.327,
1455.588,
388.3974,
767.2689,
217.7438,
2711,
1865.74,
1135.946,
536.2814,
1567.412,
264.9481,
116.5101,
2381.012,
717.4484,
109.4885,
66.9756,
0,
38631.21,
1997, 
1793.254,
12918.12,
171.9807,
72.52254,
347.0988,
344.6682,
461.1024,
128.9829,
49.93093,
691.2816,
7956.557,
1482.571,
423.169,
760.2098,
213.58,
2668.773,
2017.888,
1198.808,
586.2389,
1662.502,
283.6158,
123.0141,
2434.721,
740.8954,
113.6667,
70.27987,
0,
39715.43,
1998, 
1771.589,
13228.41,
185.5526,
77.78594,
357.8865,
363.0717,
492.3503,
125.9726,
51.33597,
682.0064,
8129.692,
1501.801,
450.8383,
730.6346,
205.3922,
2701.893,
2276.147,
1283.698,
574.8156,
1742.925,
279.5461,
126.8134,
2439.215,
784.2238,
117.8154,
91.86442,
0,
40773.28,
1999, 
1808.022,
13432.55,
196.6114,
83.88288,
371.7747,
363.609,
521.7943,
132.2535,
52.82085,
680.2275,
8220.543,
1468.318,
466.1482,
755.1091,
201.7715,
2773.94,
2181.883,
1379.012,
639.666,
1815.648,
298.8713,
148.1258,
2475.087,
825.4231,
117.6831,
99.42213,
0,
41510.2,
2000, 
1862.348,
14055,
209.571,
85.83012,
385.4215,
382.4801,
555.7893,
136.4134,
54.75759,
712.5422,
8253.021,
1559.255,
503.6083,
746.6587,
205.5313,
2908.319,
2198.635,
1457.249,
757.0422,
2050.63,
324.407,
159.5318,
2582.829,
848.4988,
128.3606,
108.2201,
0,
43231.95,
2001, 
1816.703,
13378.23,
216.042,
88.13031,
377.4438,
380.2495,
588.356,
145.0848,
57.3063,
689.076,
8233.446,
1697.558,
502.6698,
794.3773,
197.5686,
3039.252,
2298.491,
1512.992,
808.4637,
2257.996,
344.5858,
168.7352,
2560.828,
899.1692,
144.0589,
121.9242,
0,
43318.74,
2002, 
1841.69,
13731.12,
219.4068,
91.89227,
400.2731,
375.5947,
616.1567,
154.157,
57.46857,
745.9126,
8042.529,
1619.96,
534.6723,
790.0808,
201.2873,
2935.146,
2386.734,
1559.412,
863.97,
2443.81,
365.3075,
178.6555,
2613.717,
897.5086,
151.986,
129.9114,
0,
43948.36,
2003, 
1793.388,
13846.62,
269.127,
93.96069,
416.398,
394.6729,
647.5139,
152.2271,
60.90741,
780.8208,
7973.575,
1625.787,
580.3297,
818.8633,
213.9438,
2991.425,
2509.429,
1665.366,
901.4199,
2799.827,
394.9189,
186.6019,
2613.201,
853.4349,
161.4112,
124.3611,
0,
44869.53,
2004, 
1819.805,
14240.62,
268.6954,
94.53964,
445.3099,
420.8025,
685.7575,
168.1796,
66.07278,
806.9061,
7900.218,
1721.329,
621.0631,
856.0839,
221.7109,
3085.423,
2672.821,
1772.698,
950.4913,
3210.059,
421.7807,
199.2478,
2692.233,
873.1596,
174.4674,
133.4705,
0,
46522.95,
2005, 
1771.526,
14206.42,
282.4268,
99.49472,
458.237,
437.4566,
701.2105,
178.5792,
71.34225,
817.1768,
7802.542,
1687.264,
660.4045,
832.4237,
227.3159,
3483.111,
2682.938,
1884.665,
1013.019,
3632.229,
454.9926,
212.8036,
2762.729,
866.4258,
187.8811,
143.6056,
0,
47558.21,
2006, 
1709.41,
14009.62,
290.3228,
105.305,
478.9375,
462.8384,
743.4828,
189.2573,
76.10659,
856.1068,
7645.967,
1714.048,
710.2521,
870.8588,
232.4879,
3508.001,
2837.534,
2040.579,
1044.871,
4174.483,
481.2018,
216.4338,
2809.333,
862.0928,
198.8869,
147.1754,
0,
48415.6,
2007, 
1811.521,
13963.29,
301.7925,
108.2725,
507.684,
474.0297,
822.9776,
200.0891,
83.13345,
877.1299,
7397.994,
1702.85,
767.9475,
884.0272,
241.9455,
3536.814,
3059.928,
2192.875,
1104.145,
4813.509,
510.1429,
220.6743,
2895.632,
902.8156,
205.7303,
150.9451,
0,
49737.9,
2008, 
1799.222,
13370.56,
306.446,
106.4963,
528.8416,
505.1321,
860.4685,
204.1229,
83.39806,
873.7645,
7355.368,
1701.169,
776.0569,
839.9697,
222.132,
3606.92,
3192.406,
2110.167,
1182.932,
5355.723,
523.0217,
225.6622,
2800.889,
899.7032,
214.3346,
153.4443,
0,
49798.35,
2009, 
1719.509,
12334.92,
304.1854,
106.321,
534.5541,
511.1579,
981.1141,
212.5661,
92.03215,
852.3444,
6871.622,
1642.689,
754.8705,
726.1322,
212.9563,
3408.006,
3522.736,
2265.636,
1239.852,
6257.074,
549.7394,
230.7045,
2807.441,
814.3376,
223.551,
166.6309,
0,
49342.68,
2010, 
1709.429,
12362.88,
322.7688,
111.1119,
593.5747,
505.7808,
1067.878,
229.9068,
107.0264,
888.4998,
7307.226,
1708.807,
813.5494,
747.9816,
235.1122,
3428.672,
3691.417,
2443.975,
1339.395,
7647.857,
601.0918,
248.8838,
2962.943,
833.6693,
231.4323,
175.9045,
0,
52316.77,
2011, 
1786.858,
11538.67,
357.9908,
116.3,
615.1259,
523.1037,
1105.346,
237.2029,
126.956,
897.8704,
7649.443,
1740.245,
883.0585,
764.4761,
227.6775,
3510.061,
3852.424,
2722.776,
1397.584,
9506.831,
633.8957,
264.648,
3038.494,
808.0284,
247.5583,
179.6611,
0,
54732.28,
2012, 
1746.17,
11168.36,
379.5102,
120.6114,
648.6299,
558.8654,
1176.608,
244.3765,
142.7649,
893.5804,
8138.917,
1677.46,
955.4653,
770.0712,
242.5612,
3513.993,
4118.81,
2876.469,
1461.777,
11115.98,
708.6563,
277.3099,
3242.021,
821.1202,
268.0741,
184.595,
0,
57452.75,
2013, 
1650.458,
10881.02,
363.3022,
126.7496,
676.2372,
600.7853,
1247.389,
275.4204,
156.8719,
934.9783,
7880.975,
1675.433,
971.6067,
753.2581,
290.7654,
3527.436,
4381.133,
3095.586,
1539.667,
13492.18,
790.7017,
305.572,
3975.731,
855.6895,
305.6815,
194.6111,
0,
60949.23,
2014, 
1606.614,
10816.8,
383.4328,
131.7153,
718.9531,
605.6639,
1327.18,
292.3049,
180.1927,
1085.564,
7987.755,
1656.149,
1027.43,
716.6524,
265.6424,
3560.837,
4765.558,
3507.339,
1645.145,
16180.29,
922.7665,
328.4542,
5109.435,
831.9706,
336.0135,
221.3582,
0,
66211.22,
2015, 
1524.928,
11058.15,
399.1131,
143.8965,
722.8868,
650.2382,
1504.076,
321.6363,
206.6086,
1169.428,
7362.713,
1608.427,
1101.21,
659.3539,
276.444,
3579.068,
5335.758,
3879.401,
1805.017,
19931.21,
1043.333,
350.2894,
6633.439,
874.8389,
362.2028,
233.0275,
0,
72736.7,
2016, 
1507.834,
10939.86,
422.823,
147.7332,
759.9662,
659.3724,
1655.151,
335.7383,
220.5515,
1351.217,
7727.301,
1630.023,
1284.094,
659.573,
329.0663,
3577.742,
5913.572,
4440.799,
1964.205,
23589.29,
1277.522,
378.9613,
7923.029,
937.3977,
429.1906,
227.8817,
0,
80289.9,
2017, 
1557.487,
11279.59,
429.8705,
147.2742,
813.7439,
660.5446,
1718.924,
360.9227,
237.3394,
1542.859,
7931.197,
1630.415,
1735.668,
680.0665,
416.761,
3643.963,
6083.034,
5121.346,
2193.007,
29349.69,
1410.473,
404.0311,
9238.98,
1025.144,
494.2236,
249.2628,
0,
90355.82,
2018, 
1515.996,
11774.19,
460.4052,
155.7493,
849.4174,
671.7466,
2018.688,
408.5034,
292.2487,
1821.184,
8518.672,
1862.209,
2839.966,
753.7078,
433.778,
3630.754,
6174.818,
6045.3,
2485.209,
36036.39,
1545.215,
472.5042,
10563.79,
1185.073,
542.9982,
279.9355,
0,
103338.4,
2019, 
1571.52,
11910.45,
458.2002,
161.921,
908.7754,
636.9842,
2248.98,
448.9818,
337.1151,
1910.643,
9786.902,
1790.19,
3180.943,
940.3904,
475.2014,
3677.757,
7276.063,
6728.713,
2931.073,
42054.94,
2113.411,
518.1381,
11910.23,
1377.214,
579.3928,
327.6026,
0,
116261.7,
2020, 
1543.112,
11507.93,
474.324,
152.3795,
881.4397,
630.1417,
2316.635,
484.5549,
360.1027,
2088.502,
10987.31,
1949.059,
3539.538,
1033.39,
451.6723,
3555.608,
7976.572,
7082.395,
3478.799,
51207.04,
2839.018,
522.1271,
13453.85,
1609.492,
613.5821,
333.7646,
0,
131072.3,
2021, 
1591.592,
12604.1,
504.4355,
166.8977,
975.2841,
707.6043,
2453.138,
537.4574,
407.8611,
2222.285,
11689.06,
2276.498,
4007.601,
1087.015,
563.1862,
3714.816,
8687.221,
8038.956,
4214.009,
62349.31,
4250.212,
563.1086,
15023.53,
1954.831,
706.9152,
369.8977,
0,
151666.8,
2022, 
1558.949,
13584.68,
543.0978,
178.0349,
1030.939,
707.4715,
2516.313,
640.8118,
471.8265,
2252.631,
13230.12,
2571.435,
4521.861,
955.9269,
625.3194,
3686.395,
10335.25,
9574.136,
4643.243,
72657.41,
4432.535,
616.5185,
16383.8,
2337.873,
818.4592,
495.2408,
0,
171370.3,
2023, 
1480.395,
15393.84,
566.3423,
185.6912,
1107.421,
726.1765,
2732.501,
766.1982,
506.3473,
2255.312,
15502.22,
3031.5,
5091.891,
983.4894,
719.1104,
3735.403,
12141.47,
10556.02,
5159.472,
98372.74,
4790.614,
683.0459,
17095.86,
2884.001,
862.8806,
534.0082,
0,
207864,
2024, 
1403.584,
18157.66,
582.0701,
194.0252,
1152.679,
756.9691,
3016.387,
855.6686,
539.1122,
2392.059,
17822.42,
3622.059,
8155.567,
806.2375,
807.7955,
3711.643,
13319.13,
12667.93,
5711.361,
128571.4,
5087.636,
738.088,
17522.54,
3728.919,
950.7056,
587.4821,
0,
252861.2,
2025, 
1500.375,
22175.28,
620.9424,
279.0085,
1318.584,
807.4244,
3245.916,
974.7128,
800.5532,
3160.001,
19647.48,
4038.238,
9119.067,
847.5192,
869.0656,
3720.078,
29457.86,
17528.96,
6230.872,
145507.6,
5725.314,
1399.478,
20372.97,
4886.815,
1216.208,
665.0359,
0,
306115.3,
2026, 
1611.489,
25786.1,
655.47,
295.3093,
1323.819,
837.0759,
2964.104,
1092.389,
1014.711,
2915.898,
21192.84,
4268.9,
8723.486,
916.3773,
1079.547,
3677.073,
46327.46,
22841.68,
7066.002,
167992.8,
6268.551,
1775.788,
24618.52,
5932.003,
1552.4,
658.9547,
0,
363388.8,
2027, 
1714.675,
28951.63,
704.4754,
370.9802,
1333.692,
880.6803,
2756.618,
1460.658,
1258.332,
2637.461,
22893.98,
4603.737,
8866.411,
1042.988,
1854.035,
3636.147,
54651.92,
27723.69,
7062.206,
207533.8,
7283.015,
3000.531,
27750.72,
7372.632,
2030.025,
636.0593,
0,
430011.1,
2028, 
1861.907,
31489.65,
1073.25,
477.1102,
1343.905,
1079.022,
2519.182,
2189.083,
1523.304,
2410.522,
25126.8,
4657.974,
9188.846,
1170.865,
2516.555,
3581.245,
58482.37,
35109.32,
7031.137,
242488,
9486.782,
5220.169,
29712,
9021.594,
3005.462,
655.7682,
0,
492421.8,
2029, 
2058.837,
33695.19,
1500.333,
580.1315,
1367.29,
1367.178,
2273.035,
3284.925,
1713.484,
2292.34,
27188.51,
5957.514,
9926.013,
1236.397,
3592.677,
3532.045,
62945.15,
44877.11,
7037.232,
282321.8,
12272.97,
8252.602,
49598.38,
11351.55,
4168.212,
684.0211,
0,
585074.9,
2030, 
2276.146,
35452.8,
1863.085,
771.7808,
1505.207,
2045.382,
1958.451,
4425.156,
1727.079,
3932.451,
30275.1,
6787.023,
10320.71,
1354.075,
4877.841,
3494.407,
63082.54,
57499.04,
7084.853,
320287.5,
16864.79,
12018.14,
43798.86,
13601.18,
5547.93,
703.4728,
0,
653555.1,
2031, 
2465.71,
39561.37,
2285.994,
1081.706,
2030.986,
2766.9,
1684.604,
4741.252,
1578.743,
3558.566,
38544,
9518.035,
10645.11,
1500.466,
6346.287,
3433.968,
57909.38,
77029.46,
7182.125,
365223,
22157.06,
16362.75,
46831.66,
15534.43,
6916.13,
743.3829,
0,
747633.1,
2032, 
2856.572,
44156.83,
3133.534,
1976.575,
2559.754,
4128.268,
1578.196,
4812.676,
1387.291,
3165.365,
107665.7,
38008.76,
11161.53,
1718.11,
8058.556,
3402.017,
52967.44,
110713.5,
7372.887,
417259.4,
28376.15,
19115.8,
51896.07,
17683.46,
8279.269,
790.2861,
0,
954224,
2033, 
3591.171,
49463.97,
4797.891,
4001.339,
3089.321,
6527.639,
3284.11,
4680.746,
1149.929,
2759.975,
176437.4,
117873.5,
11711.8,
2004.393,
9909.019,
3357.245,
48284.95,
163440,
8470.823,
467452.1,
34862.36,
23017.71,
56447.8,
19901.74,
9412.064,
833.5466,
0,
1236763,
2034, 
4488.955,
58101.39,
8303.106,
6199.72,
3716.351,
13550.8,
5090.202,
4386.94,
1031.126,
2355.454,
296723.4,
268469.6,
12274.56,
2423.513,
11873,
3461.439,
44485.09,
235766.1,
10230.99,
526663.3,
43363.5,
27446.99,
61270.39,
22300.19,
11666.75,
943.8651,
0,
1686587,
2035, 
6654.552,
76318.69,
12821.38,
9503.001,
4840.661,
37605.49,
6192.374,
3905.054,
1075.019,
1961.996,
449933.3,
355553.8,
12999.49,
2985.841,
14010.63,
3662.828,
42558.44,
381463,
16046.5,
589108.9,
54857.69,
33531.08,
65281.64,
25390.74,
15064.33,
1147.377,
0,
2224474,
2036, 
13466.39,
97583.91,
17315.28,
19452.79,
6971.31,
64287.09,
8444.775,
4510.841,
1502.949,
2041.575,
602473.9,
408279.8,
15536,
3300.361,
16473.85,
3992.102,
58442.16,
581846.4,
17123.53,
656241.8,
65064.51,
41524.32,
69979.22,
28883.8,
20436.74,
1471.142,
0,
2826647,
2037, 
32156.6,
135255.6,
23570.59,
33613.77,
10629.96,
128120.3,
11773.24,
6986.893,
2027.685,
2207.708,
685102.2,
435092.4,
18171.95,
3582.676,
20620.28,
4416.481,
93047.91,
832024.1,
17265.71,
731520.5,
80756.85,
50428.59,
74644.13,
33706.68,
28690.25,
1840.86,
0,
3497254,
2038, 
54993.87,
187829.8,
32217.08,
56005.68,
14078.57,
194196.1,
19868.42,
10930.09,
2274.684,
2537.781,
745048.8,
448108,
20386.73,
3789.762,
24983.99,
4878.313,
151450.2,
1115561,
17537.14,
815445.8,
103674.7,
64404.67,
79840.51,
40398.69,
39186.29,
2199.234,
0,
4251826,
2039, 
73846.77,
266683.4,
50071.98,
84588.25,
20211.63,
250481.3,
66178.81,
16074.19,
2543.148,
3126.156,
808091.4,
457504.9,
23317.39,
3894.774,
33517.46,
5370.03,
225651.9,
1441056,
17754.72,
902048,
130554.2,
90520.24,
83801.47,
50626.47,
54491.07,
2661.173,
0,
5164667,
2040, 
87700.58,
348230.2,
74270.15,
110365.4,
28394.08,
316962.3,
137336.1,
21739.57,
2896.729,
4207.864,
853512.8,
458831.6,
25643.45,
4040.591,
46460,
5943.993,
323489,
1815468,
17491.96,
1047584,
179298.9,
121796.1,
86354.8,
61858.9,
73813.45,
5350.409,
0,
6259042,
2041, 
96280.56,
433482.7,
119528.1,
130155.9,
34463.23,
366092,
187665.4,
27599.93,
6936.712,
5712.014,
838647,
472236.5,
28327.11,
5545.015,
66743.36,
6566.263,
400302.3,
2153941,
16916.32,
1239729,
256946.1,
175524.2,
76931.51,
73465.11,
95748.38,
10767.04,
0,
7326252,
2042, 
107723.7,
555213.6,
179034.9,
150850,
40359.43,
399874.7,
226371.2,
32827.22,
16552.27,
7838.932,
859055.1,
474131.8,
34798.57,
7979.405,
102068.5,
7184.145,
457325.7,
2410831,
17496.07,
1445656,
346821.4,
248732.7,
76301.05,
86898.89,
127213.6,
26154.36,
0,
8445294,
2043, 
119920,
762369.7,
247831.2,
168719,
50586.26,
428795.3,
244202.6,
45818.43,
27794.07,
11350.71,
873490.9,
475372.2,
44793.79,
11525.72,
141340.9,
7980.361,
494794.6,
2621272,
18519.52,
1700143,
462196,
335641.7,
75512.1,
100325.4,
168709.8,
57794.82,
0,
9696799,
2044, 
131175.3,
1013722,
314629.9,
183099.7,
70354.39,
463966.3,
247675.4,
66879.64,
68159.57,
16342.75,
871916.8,
476494.3,
55963.03,
16743.54,
183875.1,
9228.405,
551768.6,
2853091,
20333.18,
1984057,
606561.7,
405103.9,
76070.12,
114976.5,
209144.3,
102734.7,
0,
1.111407e+07,
2045, 
138314.4,
1274779,
378072.1,
190840.9,
89335.93,
531923.3,
254336.1,
97974.37,
121695.4,
22795.54,
857011.5,
476143.2,
71138.63,
24389.96,
220498.4,
11884.64,
623350.4,
3060404,
25061.84,
2317060,
738399.7,
434690.3,
75887.31,
129942.3,
273131.5,
149517.4,
0,
1.258858e+07,
2046, 
146546.9,
1571159,
431388.3,
197022.1,
117077.4,
622867.4,
289015.3,
139939.9,
184567.4,
31851.05,
841771.9,
474950.6,
88156.48,
36079.96,
261517.3,
14092.71,
771556.1,
3213730,
30063.38,
2732434,
882676.5,
485064.7,
73565.3,
145837.9,
383378.5,
178612.5,
0,
1.434492e+07,
2047, 
158488.8,
1828371,
463423.4,
203939.3,
163245.7,
689025.9,
368208.8,
194312.5,
268291.4,
46010.57,
828342.9,
473368.5,
115005.2,
49745.68,
305990.3,
14577.38,
962964.3,
3287684,
34679.2,
3292739,
1045328,
528752.1,
69077.59,
163211.3,
513419.8,
206595.9,
0,
1.62748e+07,
2048, 
166289.2,
2151894,
489028.3,
217392.4,
227010.2,
746333.5,
493791,
254861.4,
326777.2,
59354.16,
823980.1,
471781.3,
142825.9,
64824.27,
328581.3,
15139.6,
1070222,
3312990,
36998.67,
3999583,
1177608,
565229.4,
65160.27,
177110.2,
672069.3,
233938.4,
0,
1.829077e+07,
2049, 
174498,
2447123,
515637,
234767.3,
308321.4,
794814.1,
622943.4,
327380.3,
364459.3,
76590.28,
833122.1,
469774.6,
163861.4,
82973.06,
345281.2,
15553.32,
1201401,
3345601,
37708.41,
4726793,
1266771,
591122.8,
57136.54,
186996.8,
851561.7,
257492.2,
0,
2.029968e+07,
2050, 
182179.7,
2792466,
543753.1,
246954.9,
412873.8,
831719.6,
777819.4,
413674.2,
397969.8,
93249.24,
850609.6,
468574.5,
179361.9,
106278.8,
361880.8,
16518.5,
1305123,
3392269,
35712.54,
5350201,
1322737,
620887.6,
51792.42,
197532.4,
1024941,
277205.3,
0,
2.225428e+07,
2051, 
190351.3,
3047914,
586102.4,
259209.5,
539786.3,
871174.1,
866982.6,
490737.1,
439284.7,
114225.7,
880204.9,
467653.6,
182181.6,
134930.5,
377203.8,
21642.47,
1405705,
3444977,
35143.39,
5985302,
1361861,
604564.8,
48413.12,
206804.8,
1132216,
300194.7,
0,
2.399477e+07,
2052, 
200565.3,
3349019,
635059.9,
272517.4,
664809.8,
908334.1,
955217.8,
566591.5,
487857.8,
133705.3,
912513.3,
468365.9,
190576.3,
167914.5,
391260.7,
30351.28,
1518690,
3495306,
31152.25,
6543332,
1393226,
604787.3,
45382.16,
217060.1,
1234285,
340137.8,
0,
2.575802e+07,
2053, 
212482.8,
3558229,
679776.1,
284640.3,
780503.5,
940866.5,
1042073,
635310.1,
533893.4,
161927.6,
924272.4,
469283.4,
193054.9,
200082.7,
404684.7,
41411.27,
1617261,
3543785,
26293.9,
6992392,
1398566,
611549.2,
41392.76,
234460.9,
1322258,
382730.6,
0,
2.723318e+07,
2054, 
224740.3,
3728828,
732855.6,
296111,
903193.4,
974667.6,
1136693,
694857.4,
554626.3,
185525.5,
905043.7,
470845.5,
193430.1,
221735.8,
425979.5,
56949.66,
1732173,
3588001,
21975.67,
7243604,
1394943,
626339,
39555.09,
256780.2,
1412790,
424671.6,
0,
2.844691e+07,
2055, 
239596.6,
3849577,
780827.4,
303771.3,
1007016,
1004063,
1211208,
764845.4,
582801.4,
206964.6,
868142.8,
467933,
198259.8,
235567.2,
453276.2,
82482.13,
1820297,
3631985,
19799.87,
7430646,
1385082,
633389.5,
39672.79,
272601.6,
1515446,
473426.5,
0,
2.947868e+07,
2056, 
258006.5,
3903463,
829079.1,
310609.2,
1120576,
1028215,
1257305,
894009.5,
617688.8,
222569.4,
834844.1,
464889.9,
205152.4,
247424.5,
479751.9,
125057.4,
1890158,
3683816,
18006.71,
7606306,
1384681,
648140.6,
39146.64,
294871.8,
1626825,
505195.2,
0,
3.049579e+07,
2057, 
274043.2,
3944531,
850368.5,
316380.3,
1231639,
1049174,
1297398,
1040301,
655459.9,
241932.2,
788939.8,
457470.6,
213099.4,
256845.1,
516239.7,
186436.8,
1927527,
3731969,
16434.28,
7774222,
1389481,
646131.8,
39519.27,
298755.9,
1743325,
540152.9,
0,
3.142778e+07,
2058, 
286219.7,
3972722,
892889.4,
312849,
1347070,
1069459,
1384976,
1162364,
684593.1,
260632.4,
754520,
454154.7,
222202.1,
263770.9,
546477.9,
269495.3,
1961209,
3781382,
14859.41,
7972356,
1384721,
629276.4,
41821.05,
320995.3,
1873513,
573938.3,
0,
3.243846e+07,
2059, 
300393.1,
3985609,
927374.3,
308092.2,
1447166,
1089053,
1454826,
1306943,
736142.8,
279977.7,
751463.8,
451411.7,
230858.7,
270272.2,
564933.5,
360247,
1984902,
3831614,
13848.6,
8111525,
1401063,
606422.4,
44045.42,
338709.3,
1971411,
600973.7,
0,
3.336928e+07,
2060, 
304028.5,
3999583,
966104.4,
300099.8,
1511407,
1108724,
1505982,
1523567,
769892.3,
297348.3,
767290.2,
447918.8,
240857.3,
275534.3,
580679.5,
465432.7,
2004392,
3879982,
13827.7,
8246244,
1420491,
581542.3,
49988.93,
359615.8,
2080337,
623530.3,
0,
3.43244e+07,
2061, 
323585,
4014054,
1002773,
290727.6,
1561999,
1127515,
1538165,
1655288,
793754.7,
319814.4,
758706.1,
442950.7,
253556.6,
277637.8,
588830,
592550.7,
2048570,
3922249,
13803.18,
8379714,
1441230,
538178.5,
53828.77,
394965.5,
2176162,
658649.1,
0,
3.516926e+07,
2062, 
336170,
4023538,
1049121,
284663.3,
1612353,
1145497,
1562059,
1777619,
804748.3,
339223.2,
747156.7,
459649.7,
266395.1,
277405.3,
572464.1,
720834.4,
2090911,
3962581,
13793.75,
8515939,
1456793,
502016.1,
57348.75,
436765.6,
2290937,
680316.8,
0,
3.59863e+07,
2063, 
368960.5,
4032920,
1087469,
286148.6,
1667732,
1163169,
1592316,
1863687,
839605.9,
353759.1,
828721.5,
457701.2,
280088.6,
274041.7,
548242.5,
844601.1,
2131444,
4001338,
13963.53,
8597453,
1477475,
484336.6,
60243.3,
479813.7,
2394363,
695443.4,
0,
3.682504e+07,
2064, 
376517.8,
4045465,
1135206,
287298.8,
1723841,
1179519,
1620190,
2013009,
874410.9,
369146.4,
805703.1,
480636.7,
291150.3,
270543.3,
527590.2,
917106.7,
2173537,
4031301,
14146.7,
8673091,
1489231,
488778,
62138.64,
525671.4,
2509450,
697643.9,
0,
3.758232e+07,
2065, 
390545.8,
4063722,
1168492,
290716.6,
1779860,
1195010,
1646438,
2111641,
909074.6,
384462.7,
835825.4,
480064.8,
300498.5,
269004,
527690.4,
965666.4,
2214303,
4056734,
14367.27,
8725560,
1481474,
491407.4,
62893.6,
561776.4,
2603946,
718136.1,
0,
3.824931e+07,
2066, 
412060.9,
4089347,
1186188,
295827.5,
1847488,
1209366,
1670458,
2219249,
945732.6,
398584.8,
854430.6,
488019.8,
307823.2,
266581.8,
529885.4,
1001714,
2251747,
4079294,
14553.49,
8824978,
1433353,
507297.3,
63539.56,
591002.6,
2716320,
743873.3,
0,
3.894872e+07,
2067, 
425026.2,
4118540,
1204446,
296918.3,
1919233,
1222937,
1692327,
2302055,
981920.8,
412960.7,
870512.7,
498055.6,
310840.3,
262974.3,
531540.2,
1028648,
2288129,
4106151,
14631.52,
8951957,
1381607,
519175.3,
64687.02,
622255.5,
2836769,
769195.3,
0,
3.963349e+07,
2068, 
435899.4,
4152742,
1224306,
287879.1,
2011559,
1236013,
1712192,
2374361,
1020202,
424988.3,
898558.2,
505673.3,
313777.7,
258888.7,
532827.8,
1049844,
2326076,
4128316,
14709.59,
9006129,
1346784,
520585.3,
66393.45,
648730.6,
2966297,
794764.6,
0,
4.02585e+07,
2069, 
441089.3,
4188033,
1238723,
279254.2,
2123426,
1249166,
1731156,
2428847,
1057447,
435748.5,
884133.3,
514162.4,
319674.6,
254714.3,
533866.9,
1068459,
2360333,
4154180,
14875.81,
9100167,
1323446,
502320.1,
68208.59,
671585.2,
3071129,
821296.4,
0,
4.083544e+07,
2070, 
449438.9,
4226437,
1254060,
269064.1,
2240991,
1262193,
1748767,
2481357,
1094689,
443964.3,
856861.8,
521453.3,
321781.9,
250324.4,
534961.1,
1083205,
2391598,
4186647,
15158.1,
9219062,
1321506,
492103.6,
69665.09,
690546.9,
3171508,
848910.1,
0,
4.144625e+07,
2071, 
459925.6,
4264866,
1262307,
262360.9,
2356700,
1274261,
1763758,
2566294,
1135206,
450464.9,
818040.1,
520676.2,
325299.2,
245931.9,
535842.2,
1093052,
2419179,
4219259,
15518.18,
9387591,
1343063,
476968.6,
71131.66,
708219.7,
3287123,
880089,
0,
4.214312e+07,
2072, 
470650.8,
4313383,
1271985,
255619.4,
2452765,
1286447,
1777075,
2638447,
1176627,
456046.3,
810391,
519245.6,
328589.2,
241414.5,
536588.1,
1101714,
2445782,
4246685,
15847.92,
9459526,
1354415,
465772.1,
72847.73,
724545.7,
3369674,
911404.1,
0,
4.270348e+07,
2073, 
485583.1,
4367339,
1274970,
255978.1,
2533011,
1298730,
1788312,
2713355,
1219771,
461017.4,
820065.1,
522065.9,
332100.3,
237109.8,
537467.4,
1109933,
2469712,
4252905,
16165.42,
9401344,
1358511,
452149.9,
74552.88,
732743.1,
3386922,
942875.7,
0,
4.304469e+07,
2074, 
500065.1,
4415477,
1278516,
258808.2,
2601853,
1310770,
1797793,
2782361,
1263376,
465650,
827475.3,
518433.7,
335522.2,
233603.7,
538115.6,
1111216,
2484935,
4186518,
16829.26,
9317275,
1357349,
435705.8,
76397.9,
747226.1,
3386381,
973732.1,
0,
4.322138e+07,
2075, 
508216.5,
4448063,
1298587,
264868,
2661478,
1322824,
1806106,
2862423,
1308579,
469874.2,
843651.3,
514702.7,
337212.9,
230426,
539006.6,
1113538,
2493784,
4126694,
18025.6,
9167071,
1356520,
416917.1,
78557.49,
762739.9,
3405175,
1003946,
0,
4.335899e+07,
2076, 
511572.7,
4455221,
1284946,
274541.1,
2717369,
1333598,
1812959,
2943641,
1357211,
473595.1,
864791.1,
510420.1,
340778.7,
227289.5,
540039.1,
1116618,
2494044,
4096724,
20876.14,
8919831,
1365670,
408417.1,
79630.09,
776514.1,
3443704,
1037474,
0,
4.340747e+07,
2077, 
515110.8,
4446793,
1277697,
281886.7,
2773223,
1345038,
1819308,
3033216,
1406726,
477053.2,
861076.1,
507487.5,
342968.6,
224470,
541396.1,
1120708,
2486502,
4055270,
23966.73,
8818720,
1371798,
411249.1,
79410.45,
789503,
3475120,
1071265,
0,
4.355696e+07,
2078, 
508112.9,
4427736,
1255458,
281950.2,
2818650,
1355805,
1824910,
3120443,
1456192,
479852.3,
834289.3,
507227.4,
346553.1,
221813,
542813.2,
1125766,
2476943,
4032909,
27699.61,
8708298,
1378171,
418537.2,
78208.02,
802530.1,
3498233,
1105060,
0,
4.363416e+07,
2079, 
502522.9,
4410751,
1247132,
283285.8,
2880378,
1366992,
1830332,
3204200,
1505245,
482605.7,
789014.1,
505229.1,
350759.1,
219493.2,
544435.8,
1132615,
2481385,
4038250,
30692.89,
8614676,
1388976,
436157.7,
75427.33,
816397.6,
3516992,
1139052,
0,
4.3793e+07,
2080, 
498182.8,
4410631,
1225622,
284909.4,
2922759,
1378006,
1834597,
3293337,
1555044,
485477.1,
781913.9,
501164.3,
353447.9,
217418.7,
545955,
1147842,
2491337,
4064393,
33277.47,
8473245,
1411716,
451225.7,
71986.74,
829225.7,
3527927,
1173361,
0,
4.3964e+07,
2081, 
496277.1,
4427016,
1198828,
285856.8,
2956230,
1386759,
1836340,
3396587,
1608561,
488374.8,
776818.6,
495147.8,
359163.3,
215538.8,
548143.1,
1188979,
2500386,
4110191,
36507.77,
8374375,
1428996,
468970.6,
66796.41,
839872.1,
3556415,
1209960,
0,
4.425709e+07,
2082, 
488822.7,
4444819,
1163076,
286997.3,
2991282,
1395260,
1838116,
3496565,
1662304,
491511.6,
808681.1,
491804.2,
363273.7,
214083.3,
559471.6,
1243018,
2508321,
4152951,
41569.61,
8252060,
1433014,
479423.3,
61567.03,
850372.6,
3633587,
1246492,
0,
4.459844e+07,
2083, 
484793.6,
4461827,
1137790,
292088,
3038147,
1403196,
1840020,
3596510,
1717134,
494778,
865259.7,
488685.6,
365544.9,
212978,
571342.3,
1289231,
2511832,
4158868,
48302.18,
8121212,
1427595,
482085.9,
55844.73,
860447.9,
3723687,
1282640,
0,
4.493184e+07,
2084, 
477782.5,
4476963,
1116381,
295942,
3048116,
1411259,
1842286,
3697613,
1771804,
498515.2,
941523.9,
484778.8,
366983.5,
212091.9,
592274.9,
1320466,
2510734,
4191326,
54703.51,
7965245,
1425285,
480362.1,
52490.2,
869743.5,
3818604,
1319036,
0,
4.524231e+07,
2085, 
473371.2,
4489629,
1099673,
298471.1,
3034002,
1419002,
1844774,
3794951,
1826895,
501719.5,
984820.9,
478577.8,
368796.9,
211602.8,
615120.1,
1329370,
2520609,
4178877,
61707.11,
7841336,
1432564,
473320.1,
48645.29,
878430.4,
3857003,
1355884,
0,
4.541915e+07,
2086, 
469117.3,
4504078,
1064070,
306229,
2995254,
1424855,
1846903,
3900123,
1882632,
503999.8,
990365.6,
478078.1,
370166.6,
211149.1,
644847.7,
1328018,
2517752,
4184221,
68134.3,
7677766,
1453334,
463192.4,
45064.55,
883379.4,
3920015,
1395654,
0,
4.55284e+07,
2087, 
462474.3,
4517462,
1041565,
306163.2,
2954926,
1430277,
1849191,
3999694,
1939714,
506178,
989300.9,
478010.5,
371708.2,
210593.8,
676237.5,
1285729,
2516375,
4160893,
71215.45,
7510310,
1477656,
451032,
44491.32,
892329.9,
3962371,
1435511,
0,
4.554141e+07,
2088, 
454814.3,
4527419,
1001499,
303761.5,
2903561,
1435367,
1851538,
4101657,
1998282,
507254.2,
975106.8,
477000,
373228.5,
210121.7,
704700.1,
1252567,
2518001,
4114921,
76115.33,
7354114,
1510977,
449403.6,
45087.82,
896893.6,
3994157,
1475580,
0,
4.551312e+07,
2089, 
445830.2,
4531110,
959976.2,
291895.8,
2850922,
1440204,
1853200,
4203779,
2056372,
508050,
979678.6,
476569.3,
373469.9,
209595.1,
739761,
1210557,
2521355,
4091046,
82458.81,
7216396,
1537014,
468950.6,
45728.68,
906054.6,
4020693,
1515421,
0,
4.553608e+07,
2090, 
434008.4,
4528007,
939841,
279631.1,
2798128,
1445024,
1855414,
4306883,
2112652,
509081.7,
1003148,
474880.6,
372741.5,
209221.4,
764411.4,
1151775,
2504166,
4064852,
87762.53,
7105666,
1547649,
489634.5,
48049.2,
910760.9,
4036344,
1554797,
0,
4.553453e+07,
2091, 
423842.8,
4512469,
930079.1,
277690.3,
2728830,
1447373,
1857422,
4414555,
2170540,
509013.4,
1005498,
474382,
372063.3,
209093.1,
792188.4,
1121566,
2500711,
4041322,
92786.84,
7042318,
1519872,
515429.5,
52443.25,
919717.2,
4045272,
1596282,
0,
4.557276e+07,
2092, 
413870.2,
4472338,
901055.7,
282373.2,
2683113,
1450249,
1858929,
4519297,
2229356,
509065.7,
1029005,
473632.3,
372269.5,
208890.6,
816928.4,
1112532,
2503824,
4005809,
94624.8,
6977471,
1483632,
545058.1,
57692.65,
922963.3,
4050857,
1637554,
0,
4.561239e+07,
2093, 
395336.7,
4425317,
886141.5,
287492.8,
2636299,
1453052,
1860556,
4625461,
2287619,
509611.9,
1055526,
473747.6,
373357.3,
209436.5,
835596.4,
1100105,
2526801,
3965832,
95503.66,
6917373,
1478173,
562324.9,
62669.54,
925310.8,
4077712,
1677905,
0,
4.570426e+07,
2094, 
376622.8,
4366230,
874945.8,
294923.4,
2617525,
1456188,
1861088,
4732005,
2344480,
510400.5,
1046670,
475516.4,
373759.3,
209848.2,
872477.9,
1092038,
2541256,
3904114,
96451.62,
6864414,
1487886,
555421.7,
67364.38,
928774,
4107285,
1717549,
0,
4.577523e+07,
2095, 
362013.2,
4299408,
865613.8,
304906.3,
2586798,
1460113,
1860603,
4838955,
2400897,
511118.1,
1044112,
480426.8,
374023.4,
210691.6,
869841.9,
1089712,
2558784,
3839345,
97248.01,
6820045,
1497279,
544581,
72129.02,
932820.3,
4134992,
1756059,
0,
4.581251e+07,
2096, 
348652.5,
4237414,
855113.3,
311273.8,
2568626,
1460417,
1859748,
4948051,
2457458,
511733.4,
1067759,
485724.6,
372957.9,
210816,
850458.8,
1087303,
2566495,
3796252,
97050.95,
6763062,
1524678,
534960.4,
79442.73,
940325.1,
4159655,
1794261,
0,
4.588969e+07,
2097, 
345523.3,
4169692,
851156.7,
312412.8,
2548386,
1453436,
1859512,
5141709,
2513842,
513048.3,
1076811,
490462.9,
372818.8,
210982.7,
829672.1,
1084608,
2576936,
3742385,
96013.18,
6718818,
1571573,
530962.1,
87742.45,
940719.5,
4193371,
1831682,
0,
4.606427e+07,
2098, 
354847.3,
4088946,
851463.3,
310582.6,
2549785,
1444357,
1860352,
5332843,
2605380,
514957.1,
1058828,
493773.6,
380723.9,
211627.1,
806896.3,
1081349,
2553796,
3712633,
94356.42,
6717391,
1589068,
516561.3,
95255.11,
947293.1,
4237552,
1868626,
0,
4.627924e+07,
2099, 
366614.5,
4001484,
852892.8,
309657.1,
2557973,
1434392,
1862033,
5618979,
2773813,
519027.8,
1036686,
488839.3,
381802.9,
213204.5,
784058.6,
1078331,
2511748,
3681246,
91979.38,
6697735,
1582848,
498567.3,
105591.8,
948342.6,
4280572,
1904995,
0,
4.658341e+07,
2100, 
373773.9,
3911952,
864045.7,
302048,
2582798,
1429255,
1850800,
5894058,
2955430,
515774.3,
1034775,
492169.7,
382552.4,
214713.5,
757074.3,
1075745,
2455317,
3682337,
90422.8,
6606560,
1573198,
484769.6,
117415.3,
952070.9,
4313667,
1940764,
0,
4.685348e+07];
