real main.em.ep.isp.StorCapTot[28](t) = [1971, 
566.5516,
2974.242,
36.59344,
18.78446,
56.49295,
70.06173,
51.09151,
35.70309,
10.61529,
190.2325,
3522.189,
690.718,
37.31318,
556.4208,
110.5313,
1607.783,
123.688,
165.1254,
43.73093,
189.4541,
28.22084,
2.399819,
681.6126,
110.3267,
12.23423,
22.08051,
0,
11914.2,
1972, 
646.2068,
2975.325,
41.50105,
20.93361,
61.75048,
74.46001,
51.76905,
38.57457,
11.42901,
206.3607,
3676.651,
753.3674,
43.05058,
588.0674,
113.3681,
1694.608,
139.7687,
172.2903,
47.06474,
207.8923,
32.03064,
2.773161,
728.3337,
108.9237,
12.26643,
31.6033,
0,
12480.37,
1973, 
716.0466,
3248.41,
45.12885,
23.28887,
71.53477,
83.28148,
53.04696,
42.95211,
11.59635,
219.3552,
3942.77,
784.907,
43.52681,
621.6184,
121.3834,
1793.588,
167.1922,
178.2011,
53.26466,
227.2951,
37.82144,
3.405518,
788.479,
124.1211,
14.25235,
40.17353,
0,
13456.64,
1974, 
740.7369,
3273.476,
57.15581,
24.33209,
79.68801,
91.06651,
56.72418,
43.06424,
11.21579,
234.7155,
4037.459,
833.1469,
49.24638,
657.4884,
130.2095,
1903.219,
187.3379,
186.7265,
58.56365,
235.1268,
40.24564,
4.518811,
778.5542,
133.2379,
16.03489,
50.63238,
0,
13913.92,
1975, 
721.2789,
3369.763,
60.57953,
24.18564,
85.83691,
95.39542,
64.47839,
48.29573,
11.6781,
252.28,
4023.85,
871.0329,
59.03473,
595.6721,
115.8249,
1764.688,
217.4633,
206.9453,
65.50536,
278.35,
41.93681,
5.131409,
796.1603,
138.231,
17.99837,
53.29406,
0,
13984.89,
1976, 
771.6292,
3598.95,
64.31382,
27.34083,
98.93375,
102.9142,
73.92207,
50.22042,
13.53636,
264.12,
4326.715,
925.7356,
67.06864,
622.4441,
122.6964,
1878.464,
256.2046,
232.1586,
71.59804,
308.7295,
47.25506,
4.763587,
851.8198,
144.1164,
18.93958,
57.16565,
0,
15001.75,
1977, 
827.6048,
3719.497,
69.53985,
29.62437,
109.1107,
112.6787,
84.5472,
54.93723,
14.22311,
264.1704,
4423.47,
965.7786,
75.03923,
640.5471,
126.8969,
1944.615,
324.4036,
246.8405,
78.35242,
337.0688,
52.46521,
5.95475,
887.6619,
151.6248,
20.39258,
62.17325,
0,
15629.22,
1978, 
887.8226,
3821.181,
76.84139,
31.27707,
120.818,
118.2031,
95.16819,
53.08585,
14.94976,
275.6216,
4588.078,
1016.439,
79.9075,
661.4202,
131.2872,
2035.778,
366.1609,
271.1459,
86.89742,
384.1998,
54.30918,
8.341496,
928.8909,
156.2173,
22.9126,
60.36863,
0,
16347.32,
1979, 
930.5837,
3897.239,
82.38017,
32.64742,
135.3544,
131.7854,
106.4107,
61.24866,
15.3327,
289.3306,
4782.964,
1024.308,
81.57783,
677.9902,
180.5236,
2084.63,
423.5064,
275.055,
94.17832,
419.895,
59.07899,
10.05368,
978.6647,
163.4653,
25.65978,
65.03255,
0,
17028.9,
1980, 
956.9705,
3946.067,
86.42494,
32.93709,
155.3525,
141.0095,
118.9684,
68.54224,
15.51185,
313.1867,
4815.501,
1071.879,
84.04602,
709.9712,
197.6389,
2245.674,
469.0142,
287.1129,
98.33781,
410.6412,
63.22007,
12.6536,
966.4481,
171.3388,
26.91667,
59.91535,
0,
17525.28,
1981, 
1006.165,
3977.724,
94.37409,
34.07277,
149.4538,
146.5863,
135.104,
67.05523,
16.40031,
357.5547,
4864.923,
1079.755,
88.10221,
727.1834,
202.5044,
2371.116,
556.1702,
314.9553,
106.1865,
414.6992,
67.22141,
12.48682,
976.3061,
182.4508,
28.79956,
56.82001,
0,
18034.17,
1982, 
987.8765,
3879.774,
98.617,
35.2829,
156.7125,
148.7269,
147.9557,
74.63888,
17.75339,
375.9043,
4857.617,
1095.41,
96.068,
741.8356,
209.7063,
2461.393,
659.3624,
336.1766,
111.9568,
442.2255,
72.06509,
15.20171,
966.7123,
185.5412,
30.89977,
56.75296,
0,
18262.17,
1983, 
1032.313,
3967.786,
97.85334,
37.51171,
162.1886,
155.8756,
163.2668,
69.4345,
18.89748,
382.6703,
4973.012,
1145.789,
100.4163,
762.8633,
216.3593,
2589.904,
675.0386,
359.6469,
121.9812,
477.8959,
78.79086,
17.83477,
1020.775,
190.207,
34.3522,
55.55246,
0,
18908.22,
1984, 
1112.937,
4148.68,
106.0188,
38.59263,
181.4627,
160.461,
180.22,
64.50052,
18.92486,
423.2476,
5155.272,
1198.988,
113.4875,
792.8245,
225.6621,
2754.897,
727.5254,
397.6707,
131.3844,
501.698,
84.95988,
20.98048,
1074.521,
203.2512,
38.75315,
54.76211,
0,
19911.68,
1985, 
1180.38,
4230.037,
92.49158,
38.04673,
196.5014,
163.4449,
193.5835,
78.17641,
20.27892,
437.8108,
5346.953,
1203.015,
123.9705,
812.9531,
233.2524,
2858.612,
780.3899,
435.9345,
141.4574,
536.4265,
89.71655,
21.78787,
1116.508,
218.1733,
41.8441,
56.81584,
0,
20648.56,
1986, 
1207.813,
4229.518,
103.6125,
40.66662,
207.7808,
185.0835,
191.2275,
81.85087,
21.52302,
449.8777,
5433.235,
1259.055,
142.1421,
831.6603,
237.0043,
2987.03,
850.5453,
476.1484,
152.6593,
588.5262,
92.82371,
30.70134,
1132.483,
225.4152,
46.27436,
58.09723,
0,
21262.76,
1987, 
1287.623,
4307.051,
111.3837,
43.02757,
210.5469,
199.1115,
204.5884,
85.31211,
23.23101,
460.6619,
5612.605,
1284.988,
159.1042,
863.2499,
238.6665,
3106.901,
869.8859,
517.3082,
169.5675,
650.3064,
100.105,
35.58293,
1207.819,
237.7349,
51.20742,
56.63528,
0,
22094.21,
1988, 
1317.798,
4484.585,
113.5261,
43.28681,
218.5264,
225.1181,
223.0481,
89.5977,
24.72484,
478.0926,
5859.237,
1278.843,
167.0103,
890.5942,
242.927,
3183.245,
1000.79,
569.9761,
191.7331,
711.4371,
109.9127,
37.58426,
1276.658,
248.4914,
58.77045,
62.61319,
0,
23108.13,
1989, 
1289.948,
4891.889,
120.301,
46.22469,
232.4993,
215.0817,
233.4684,
93.52523,
26.15312,
488.7791,
6047.041,
1295.534,
180.171,
906.2196,
244.232,
3416.994,
1020.844,
622.7427,
209.0352,
764.9399,
120.5464,
41.57859,
1357.823,
266.7866,
61.29193,
60.04433,
0,
24253.69,
1990, 
1248.779,
4995.013,
124.1782,
46.64646,
222.7453,
232.0205,
241.7009,
95.23463,
30.09122,
496.7573,
6181.774,
1224.489,
199.0619,
975.4499,
302.9716,
3331.973,
1092.569,
669.6919,
224.4324,
813.0227,
132.6228,
49.40136,
1481.831,
273.6827,
66.69481,
66.79697,
0,
24819.63,
1991, 
1322.161,
5037.777,
128.2777,
45.39423,
236.8519,
218.3696,
254.9297,
97.33855,
32.04682,
497.4575,
6320.371,
1168.042,
202.7569,
899.2223,
259.5056,
3106.486,
1209.781,
729.2906,
236.5089,
971.8835,
143.0403,
55.9022,
1530.546,
281.3867,
71.52883,
73.59605,
0,
25130.45,
1992, 
1353.039,
5124.862,
131.5307,
47.91128,
243.2132,
225.828,
269.5048,
101.0303,
33.27763,
509.8752,
6363.885,
1085.724,
228.5043,
766.1584,
240.8473,
2686.771,
1286.644,
762.0225,
251.3723,
1073.014,
154.8903,
61.08336,
1548.467,
286.9294,
78.56659,
63.65837,
0,
24978.61,
1993, 
1400.01,
5248.243,
132.9789,
48.91608,
252.9958,
238.4973,
291.5942,
101.4027,
34.51823,
530.809,
6374.86,
1084.628,
251.0916,
695.1736,
202.8727,
2712.538,
1325.594,
804.2687,
278.3861,
1107.727,
170.7037,
68.28239,
1565.738,
296.0274,
81.98215,
65.0818,
0,
25364.92,
1994, 
1477.075,
5383.487,
143.0417,
52.48103,
260.1825,
253.1406,
311.4728,
101.3972,
35.24383,
548.6121,
6510.536,
1149.671,
264.1371,
633.6521,
199.391,
2393.345,
1409.661,
863.0344,
312.2451,
1202.153,
192.6083,
75.9335,
1637.837,
305.2039,
86.18166,
63.10449,
0,
25864.83,
1995, 
1492.358,
5533.3,
145.9409,
55.38452,
273.2186,
265.1356,
329.47,
107.2203,
38.49931,
555.501,
6679.88,
1147.565,
295.3118,
664.9872,
197.7865,
2387.456,
1480.046,
936.0218,
348.1944,
1308.391,
213.4603,
88.07734,
1664.714,
313.7808,
91.62786,
64.49086,
0,
26677.82,
1996, 
1536.592,
5667.442,
138.9019,
58.28428,
286.8675,
277.5598,
372.3525,
111.6934,
40.28925,
579.891,
6785.18,
1265.725,
320.9897,
667.1903,
191.0033,
2357.392,
1541.957,
987.7782,
385.8129,
1374.571,
232.4085,
102.2018,
1712.868,
320.4303,
96.04259,
58.23965,
0,
27469.66,
1997, 
1559.342,
5802.419,
149.5488,
63.06667,
301.8254,
299.7118,
400.9549,
112.1591,
43.4182,
601.1144,
6917.22,
1289.187,
349.7266,
661.052,
187.3509,
2320.672,
1667.711,
1042.44,
421.7536,
1457.868,
248.7838,
107.9071,
1751.484,
330.9117,
99.70744,
61.11293,
0,
28248.45,
1998, 
1540.502,
5942.696,
161.3505,
67.64514,
311.2066,
315.7188,
428.127,
109.5414,
44.63995,
593.0491,
7067.234,
1305.909,
372.6165,
635.3345,
180.1686,
2349.472,
1881.152,
1116.258,
413.5285,
1527.62,
245.2139,
111.2398,
1754.626,
350.3318,
103.3465,
79.8821,
0,
29008.41,
1999, 
1572.173,
6056.589,
170.9669,
72.95132,
323.2833,
316.1863,
453.7305,
115.0014,
45.93114,
591.5022,
7145.397,
1276.793,
385.2694,
656.6166,
176.9925,
2412.122,
1803.323,
1199.138,
460.1582,
1591.115,
262.1657,
129.9349,
1780.156,
369.1242,
103.2132,
86.45403,
0,
29556.29,
2000, 
1619.371,
6343.597,
182.238,
74.65185,
335.1501,
332.596,
483.0026,
118.5999,
47.61525,
619.6019,
7169.125,
1355.866,
416.2551,
649.2684,
180.2906,
2528.973,
1817.156,
1267.17,
544.5009,
1796.149,
284.5642,
139.9361,
1853.202,
380.3521,
112.5751,
94.09611,
0,
30745.9,
2001, 
1579.686,
6030.684,
187.8649,
76.65723,
328.215,
330.6564,
511.2394,
126.1116,
49.83152,
599.1965,
7150.127,
1476.123,
415.5152,
690.749,
173.3058,
2642.828,
1899.68,
1315.587,
581.4238,
1977.392,
302.2624,
148.0007,
1834.227,
404.3329,
126.3338,
106.0062,
0,
31064.04,
2002, 
1601.414,
6216.287,
190.7911,
79.93092,
348.0688,
326.6088,
535.3992,
133.979,
49.97229,
648.6197,
6981.912,
1408.625,
441.9274,
687.0126,
176.5678,
2552.301,
1972.567,
1355.938,
621.3356,
2139.706,
320.4366,
156.6994,
1869.327,
404.9082,
133.2686,
112.9467,
0,
31466.55,
2003, 
1559.413,
6274.109,
234.026,
81.7334,
362.0905,
343.1985,
562.7013,
132.2837,
52.96256,
678.9746,
6911.884,
1413.669,
479.673,
712.0406,
187.67,
2601.24,
2073.95,
1448.077,
648.2059,
2451.419,
346.4096,
163.6691,
1866.891,
387.6955,
141.5318,
108.1215,
0,
32223.64,
2004, 
1582.392,
6472.959,
233.6507,
82.24097,
387.2312,
365.9219,
595.9069,
146.1196,
57.43195,
701.6575,
6834.979,
1496.719,
513.3198,
744.4063,
194.4832,
2682.973,
2209.006,
1541.414,
683.4837,
2810.098,
369.96,
174.7612,
1920.487,
398.1707,
152.954,
116.0364,
0,
33468.76,
2005, 
1540.254,
6485.256,
245.5911,
86.54621,
398.4741,
380.4039,
609.2896,
155.0974,
61.99104,
710.5886,
6734.505,
1467.041,
545.8169,
723.832,
199.3999,
3028.787,
2217.364,
1638.729,
727.5107,
3177.05,
398.874,
186.6515,
1964.978,
398.9406,
164.6812,
124.8451,
0,
34372.5,
2006, 
1485.824,
6463.255,
252.4695,
91.60593,
416.5018,
402.475,
645.9954,
164.3182,
65.97582,
744.4407,
6584.014,
1490.258,
587.1019,
757.2537,
203.9367,
3050.431,
2345.201,
1774.32,
750.1337,
3644.884,
421.5739,
189.8273,
1990.177,
401.1112,
174.2884,
127.9489,
0,
35225.32,
2007, 
1574.616,
6502.178,
262.4508,
94.18407,
441.52,
412.2103,
715.0488,
173.6386,
71.87503,
762.7217,
6348.053,
1480.343,
635.1453,
768.7043,
212.2329,
3075.485,
2529.004,
1906.602,
792.1226,
4191.765,
446.921,
193.5132,
2050.21,
418.7279,
180.2431,
131.2265,
0,
36370.74,
2008, 
1563.847,
6385.138,
266.4978,
92.63629,
459.9346,
439.2575,
747.5795,
177.139,
71.79163,
759.7952,
6246.655,
1478.023,
642.6403,
730.3932,
194.8527,
3136.446,
2638.016,
1834.645,
845.5488,
4635.339,
458.1946,
197.8486,
1980.883,
418.6227,
187.713,
133.3994,
0,
36722.84,
2009, 
1493.507,
6045.729,
264.5743,
92.50562,
464.9368,
444.5183,
852.4198,
184.4752,
78.41569,
741.169,
5755.703,
1419.378,
626.1527,
631.4039,
186.8037,
2963.475,
2909.691,
1969.727,
883.3447,
5351.196,
481.4873,
202.2219,
1975.546,
402.4916,
195.6768,
144.8649,
0,
36761.41,
2010, 
1482.595,
6199.576,
280.7761,
96.68851,
516.3411,
439.8499,
923.8004,
198.6546,
89.26057,
772.5456,
6010.912,
1453.528,
676.9594,
650.3873,
206.2388,
2981.445,
3046.44,
2124.55,
953.2413,
6455.383,
526.2256,
218.1537,
2075.062,
424.4404,
202.2079,
152.9244,
0,
39158.19,
2011, 
1544.363,
5996.276,
311.4397,
101.2213,
535.1364,
454.9203,
954.5955,
205.2337,
104.188,
780.5622,
6066.198,
1455.177,
737.3112,
662.8313,
199.7171,
3052.208,
3174.1,
2358.899,
993.0229,
7877.498,
554.1746,
231.947,
2103.023,
424.2156,
215.4379,
156.1418,
0,
41249.84,
2012, 
1502.147,
5973.394,
330.3344,
105.028,
564.4701,
486.0955,
1016.288,
211.0604,
116.2936,
776.6177,
6259.251,
1384.009,
798.7842,
665.5272,
212.773,
3055.624,
3386.409,
2485.52,
1034.503,
9031.24,
614.5802,
242.9424,
2214.595,
443.5856,
232.0877,
160.2246,
0,
43303.39,
2013, 
1408.746,
6041.519,
316.286,
110.4146,
588.6143,
522.5871,
1077.433,
236.5543,
127.3413,
803.645,
6010.586,
1363.865,
814.5602,
645.0832,
255.0501,
3067.283,
3584.289,
2664.293,
1081.616,
10685.49,
678.5159,
267.5931,
2609.89,
474.471,
262.2623,
168.5284,
0,
45866.52,
2014, 
1362.694,
6148.148,
333.9976,
114.8071,
626.2806,
526.9496,
1145.916,
250.8742,
144.9361,
892.4609,
6045.189,
1330.751,
861.5952,
605.9148,
232.986,
3092.466,
3884.437,
2988.185,
1142.211,
12523.87,
783.8353,
287.6125,
3149.943,
484.7786,
285.3234,
191.1462,
0,
49437.3,
2015, 
1279.184,
6376.934,
347.852,
125.4863,
630.1284,
565.913,
1282.787,
275.2184,
164.0756,
936.0465,
5637.362,
1289.8,
920.226,
554.8727,
242.1334,
3106.93,
4340.291,
3270.251,
1232.561,
14742.56,
875.3706,
306.3032,
3791.954,
522.9244,
305.7777,
200.8964,
0,
53323.84,
2016, 
1258.161,
6639.32,
368.6198,
128.8392,
664.0096,
573.9951,
1402.814,
284.4393,
174.5055,
1038.101,
5875.879,
1309.828,
1040.72,
551.9207,
286.9784,
3104.734,
4783.369,
3666.218,
1325.763,
16880.77,
1043.135,
331.3427,
4330.462,
566.3863,
355.7079,
195.2982,
0,
58181.32,
2017, 
1298.877,
7101.209,
374.7435,
128.4193,
711.8246,
575.1705,
1447.376,
301.2892,
185.4518,
1135.171,
6032.056,
1312.532,
1313.279,
563.9564,
363.3426,
3161.751,
4878.367,
4126.06,
1452.535,
20089.25,
1137.122,
353.2388,
4839.669,
626.2343,
402.7116,
211.3775,
0,
64123.02,
2018, 
1261.573,
7560.155,
401.4854,
135.9026,
743.4474,
585.0967,
1626.41,
331.2473,
220.882,
1269.287,
6404.278,
1487.168,
1829.494,
607.3607,
377.1033,
3134.871,
4867.294,
4725.175,
1611.542,
23557.11,
1240.901,
412.2547,
5312.709,
763.2847,
439.087,
235.1329,
0,
71140.25,
2019, 
1303.592,
7871.862,
399.7967,
141.258,
795.7152,
555.3061,
1768.198,
359.2244,
252.3357,
1303.791,
7156.414,
1408.17,
1957.776,
671.5181,
412.0508,
3158.954,
5511.798,
5124.894,
1832.968,
26591.01,
1586.471,
451.0821,
5747.208,
926.4878,
468.4485,
264.0727,
0,
78020.4,
2020, 
1277.812,
8155.452,
413.9816,
132.9053,
771.1122,
549.8657,
1825.863,
383.2552,
264.8391,
1351.941,
7769.779,
1493.228,
2113.978,
698.7831,
373.8802,
3036.7,
5928.533,
5241.497,
2069.441,
30866.27,
1932.261,
453.8032,
6223.584,
1112.845,
493.9315,
267.8441,
0,
85203.39,
2021, 
1302.305,
9257.254,
440.0984,
145.5256,
852.901,
617.6154,
1934.023,
412.4965,
294.7884,
1426.842,
8102.274,
1677.301,
2374.832,
720.0466,
466.1427,
3165.586,
6338.25,
5798.327,
2418.765,
36264.18,
2577.545,
489.3838,
6736.482,
1362.353,
560.7149,
292.6383,
0,
96028.66,
2022, 
1277.365,
10191.19,
473.7814,
155.2257,
900.6145,
617.5905,
1970.778,
492.8479,
333.1595,
1430.331,
8876.601,
1821.462,
2629.25,
601.3288,
506.1928,
3138.299,
7294.431,
6728.919,
2591.37,
40276.77,
2731.338,
535.044,
7058.723,
1586.79,
641.9932,
365.4484,
0,
105226.8,
2023, 
1212.754,
11598.28,
493.9218,
161.848,
967.0837,
634.1087,
2119.399,
577.7169,
356.1358,
1444.195,
9785.324,
2012.026,
2867.661,
622.8259,
571.7047,
3174.117,
8108.4,
7424.435,
2799.661,
48782.96,
2913.2,
588.7779,
7301.218,
1816.057,
671.0811,
389.8803,
0,
119394.8,
2024, 
1151.081,
13583.43,
507.5566,
169.0886,
1005.426,
660.7369,
2293.538,
642.5967,
384.4568,
1504.23,
10657.94,
2282.141,
3845.87,
565.9683,
632.0148,
3147.881,
8663.66,
8610.026,
3015.337,
57159.75,
3082.699,
634.2272,
7447.736,
2136.787,
728.6252,
422.4055,
0,
134935.2,
2025, 
1193.124,
15842.63,
540.8863,
217.9037,
1148.542,
703.8356,
2439.714,
723.3222,
512.6308,
1803.731,
11584.48,
2480.011,
4156.301,
592.5963,
677.7237,
3128.451,
14360.82,
10902.51,
3198.515,
62049.06,
3380.119,
1072.859,
8382.851,
2543.192,
881.936,
465.7631,
0,
154983.5,
2026, 
1248.134,
17338.35,
570.6573,
227.9319,
1153.058,
729.1992,
2396.135,
835.8707,
636.4399,
1770.187,
12277.27,
2598.293,
4121.143,
634.0215,
808.4418,
3085.87,
18970.89,
13241.99,
3503.909,
68816.97,
3653.692,
1283.889,
9711.07,
2882.895,
1069.902,
492.0383,
0,
174058.3,
2027, 
1299.981,
18783.37,
612.77,
260.5126,
1161.538,
766.1011,
2372.191,
1074.308,
777.6932,
1686.403,
13081.88,
2762.76,
4233.438,
695.7788,
1201.708,
3046.82,
20993.24,
15454.14,
3505.685,
79687.76,
4105.867,
1852.661,
10581.03,
3319.12,
1313.347,
510.836,
0,
195140.9,
2028, 
1378.442,
19895.56,
775.9026,
302.1658,
1170.3,
859.4142,
2325.194,
1460.084,
934.9819,
1619.187,
14076.07,
2880.093,
4383.005,
755.9308,
1478.454,
2997.089,
21942.43,
18521.82,
3358.451,
88842.2,
4952.305,
2682.727,
10807.53,
3779.621,
1740.092,
550.6058,
0,
214469.7,
2029, 
1485.774,
20983.53,
936.1214,
342.6749,
1190.158,
977.2188,
2262.735,
1961.507,
1072.359,
1574.024,
14963.59,
3389.756,
4623.293,
791.8261,
1857.386,
2954.184,
22981.45,
22251.23,
3307.745,
98716.06,
5932.315,
3603.591,
15202.85,
4503.739,
2199.273,
595.9889,
0,
240660.4,
2030, 
1601.626,
22465.22,
1069.863,
409.0913,
1269.248,
1216.2,
2141.514,
2470.105,
1153.283,
2106.338,
16254.83,
3778.74,
4822.154,
846.8895,
2229.968,
2921.374,
23082.86,
26644.3,
3265.195,
107830.3,
7298.843,
4524.506,
13843.93,
5185.863,
2686.916,
637.6297,
0,
261756.7,
2031, 
1700.143,
24202.06,
1230.33,
507.8966,
1486.058,
1437.26,
2037.313,
2772.486,
1173.441,
2033.361,
19553.47,
4832.672,
4999.939,
911.8245,
2664.871,
2867.669,
22111.33,
32485.39,
3283.541,
118155.4,
8669.695,
5532.193,
14396.45,
5772.883,
3169.745,
689.3517,
0,
288676.7,
2032, 
1894.014,
26143.34,
1507.552,
786.1669,
1685.487,
1862.017,
2018.58,
2981.298,
1151.193,
1937.961,
39528.07,
12189.44,
5219.13,
1000.79,
3111.581,
2835.551,
21110.47,
39531.21,
3379.093,
129495,
10235.24,
6271.674,
15386.59,
6397.742,
3642.518,
744.1587,
0,
342045.9,
2033, 
2199.617,
28330.86,
1980.76,
1268.296,
1872.457,
2576.377,
2983.127,
3134.453,
1094.138,
1823.4,
53934.8,
25164.01,
5428.789,
1103.144,
3600.482,
2783.305,
20094.03,
48642.86,
3743.083,
140380.4,
11900.11,
7312.224,
16237.48,
7035.201,
4044.315,
798.0237,
0,
399465.8,
2034, 
2560.671,
31684.81,
2888.504,
1704.892,
2081.517,
4193.437,
3778.496,
3204.551,
1083.021,
1693.099,
73982.53,
46473,
5653.902,
1247.744,
4062.246,
2811.74,
19246.85,
59625.25,
4348.852,
153604.8,
14059.14,
8464.168,
17095.94,
7711.979,
4784.723,
880.9108,
0,
478926.7,
2035, 
3397.974,
38062.26,
3872.489,
2267.422,
2433.348,
9405.43,
4330.236,
3129.449,
1160.26,
1550.728,
96850.05,
58742.77,
5999.998,
1426.002,
4577.81,
2881.803,
18846.7,
86051.48,
6144.84,
167057,
16849.76,
9846.033,
17801.72,
8509.921,
5825.027,
1006.427,
0,
578026.9,
2036, 
5407.3,
44769.39,
4762.518,
3917.923,
3126.18,
14492.02,
5413.385,
3520.973,
1451.833,
1611.266,
116816.1,
65517.82,
6831.777,
1575.967,
5182.225,
3008.175,
23511.37,
126163.9,
6432.768,
180585.5,
19438.78,
11593.5,
18626.34,
9358.702,
7335.489,
1233.917,
0,
691685.1,
2037, 
9575.112,
55254.49,
5943.827,
6447.99,
4154.816,
25230.83,
6879.261,
4655.222,
1758.879,
1700.717,
125876.2,
65645.29,
7654.181,
1741.844,
6086.216,
3169.669,
32116.65,
174965.7,
6462.782,
195110.8,
22883.37,
13438.32,
19406.79,
10239.38,
9402.682,
1488.371,
0,
817289.4,
2038, 
13270.22,
69350.14,
7458.956,
10112.06,
5002.904,
36336.97,
9501.771,
6171.436,
1935.405,
1843.408,
131922,
65431.14,
8342.491,
1877.898,
7000.026,
3341.863,
43870.91,
229925.8,
6521.614,
210592.8,
27450.66,
16022.08,
20206.93,
11323.96,
11791.27,
1749.636,
0,
958354.3,
2039, 
15801.92,
86848.86,
10225,
14791.98,
6416.469,
45168.18,
21561.82,
7874.801,
2118.974,
2060.232,
139054.5,
65101.69,
9212.397,
1960.174,
8581.365,
3524.72,
56195.07,
282995.4,
6563.343,
226006.3,
32409.71,
20129.5,
20744.45,
12710.13,
14974.42,
2021.659,
0,
1115053,
2040, 
17458.39,
101212.4,
13481.79,
18882.73,
8154.22,
54883.51,
35452.77,
9583.338,
2342.554,
2418.165,
142286.7,
64915.67,
9930.633,
2066.842,
10685.16,
3742.442,
73963.15,
340453,
6483.319,
253849.6,
41395.8,
24610.47,
21065.23,
14157.97,
18636.89,
3036.42,
0,
1295149,
2041, 
18525.49,
116629.4,
21221.83,
21827.56,
9461.086,
60287.92,
43331.27,
11270.31,
3936.723,
2877.688,
138280.1,
67227.38,
10721.52,
2636.551,
13686.39,
4000.126,
86225.2,
384134,
6354.071,
290570.2,
55545.96,
33897.32,
19905.17,
15652.29,
22509.9,
4591.262,
0,
1465307,
2042, 
19858.2,
132585.6,
31049.48,
24690.24,
10755.61,
63266.44,
49144.42,
12754.31,
6498.117,
3513.571,
138637.7,
67471.27,
12340.63,
3412.309,
19522.18,
4262.461,
95022.46,
401494.9,
6512.328,
327742.5,
70781.08,
45954.86,
19761.79,
17430.31,
27351.7,
8308.706,
0,
1620123,
2043, 
21200.17,
159553.8,
41866.45,
26655.66,
12973.15,
66885.73,
52329.45,
16427.67,
9197.464,
4440.871,
139043.2,
67593.03,
14569.01,
4361.85,
25846.85,
4578.891,
101096.9,
418488,
6745.898,
371362.6,
89260.29,
59943.32,
19583.29,
19316.16,
32999.06,
14633.79,
0,
1800953,
2044, 
22392.89,
191983.1,
51936.75,
28300.75,
16685.17,
71531.22,
53604.38,
22017.59,
17762.92,
5572.991,
138334.8,
67581.97,
16833.6,
5569.299,
32609.38,
5017.992,
111034.7,
443721.6,
7144.438,
418315.8,
114501.3,
70426.25,
19636.81,
21425.7,
38571.61,
22029.69,
0,
2014543,
2045, 
23226.16,
227018.7,
60385.55,
29410.62,
20084.94,
80312.89,
55240,
29235.48,
27218.44,
6847.604,
136551.3,
67381.88,
19590.67,
7120.597,
37923.25,
5803.708,
123695.8,
471457.6,
8166.974,
471683.7,
136449,
75036.7,
19568.88,
23593.45,
48146.7,
28913.48,
0,
2240064,
2046, 
23962.02,
269649.6,
67415.07,
30348.71,
24739.85,
91780.88,
61748.65,
37904.66,
37033.36,
8365.557,
134991.3,
67010.29,
22379.23,
9269.788,
43472.38,
6498.227,
149856,
491918.3,
9123.972,
536118.5,
158638.8,
82364.51,
19126.07,
25877.16,
67022.74,
32687.82,
0,
2509304,
2047, 
25313.95,
310216.7,
70440.98,
31443.27,
31946.25,
97263.85,
75306.65,
48012.47,
47089.59,
10350.81,
134278.5,
66653.54,
27704.91,
11475.1,
49232.23,
6896.476,
179362.4,
501476.5,
9914.301,
620984.8,
182707.6,
88644.2,
18324.54,
28354.61,
89274.74,
36203.47,
0,
2798872,
2048, 
26370.67,
363531.3,
72408.74,
33282.88,
41275.24,
101618.5,
94458.16,
59138.95,
51758.4,
12177.13,
134263.2,
66073.36,
33455.82,
13666.56,
51025.71,
7374.054,
187107.6,
505486.8,
10259.42,
728857.9,
201298.5,
94042.88,
17650.22,
30382.25,
114969.3,
40064.55,
0,
3091998,
2049, 
27395.11,
412020.5,
74423.43,
35884.27,
52485.33,
105790.8,
111719.8,
72453.45,
54959.49,
14441.16,
135378.6,
65732.6,
37673.05,
16065.11,
52070,
7805.185,
196230.1,
511881.3,
10310.89,
837006.1,
212898.1,
98124.67,
16326.26,
31843.09,
139294.2,
42076.13,
0,
3372289,
2050, 
28291.18,
466631.8,
76511.94,
37286.79,
68677.54,
109725.5,
130785.4,
86301,
58452.41,
16612.86,
137261,
65688.36,
40720.3,
19640.35,
53062.85,
8349.705,
202978.8,
521951.7,
9913.494,
920971.9,
218800.4,
101747.9,
15309.35,
33406.43,
160466.3,
44124.03,
0,
3633669,
2051, 
29269,
497553.5,
81862.83,
38732.01,
88640.72,
113440.4,
138965.9,
97830.65,
63853.21,
20213.29,
140591.3,
65596.6,
41306.93,
24090.55,
54193.08,
10285.62,
208969.4,
533874.9,
9810.033,
999210.4,
224313.4,
98828.47,
14651.45,
34844.71,
170027.5,
46442.53,
0,
3847398,
2052, 
30509.17,
532307.6,
87973.52,
40108.79,
107663,
116895.8,
144588.3,
109042.6,
70879.03,
23732.52,
145126.3,
66072.43,
42937.03,
29029.5,
55253.53,
13093.85,
217499.5,
545515.7,
9121.804,
1061225,
229497.9,
98364.73,
14019.35,
36591.43,
179861.3,
51602.82,
0,
4058513,
2053, 
31959.82,
548463.1,
93112.7,
41421.01,
125289.7,
120069.1,
152828.9,
119262.3,
78098.79,
28865.54,
146842.7,
66233.35,
43462.54,
33486.6,
56286.45,
16217.8,
229355,
557166.2,
8234.094,
1112298,
230516.1,
99323,
13136.86,
39340.54,
189952.8,
57742.03,
0,
4238965,
2054, 
33543.05,
554314,
100542.9,
42638.77,
144199.2,
123038.3,
163407,
128869,
80456.04,
33233.66,
144070.3,
66305.08,
43604.21,
35413.43,
58413.92,
20128.23,
242638.3,
568556.9,
7375.965,
1125828,
228860,
101428.8,
12723.04,
43148.86,
200082.2,
63702.49,
0,
4366521,
2055, 
35582,
558860.4,
107169.6,
43814.23,
159065.3,
125820.2,
170074.3,
139916.3,
83670.56,
36721.57,
141305.8,
66513.29,
44556.11,
35817.68,
61250.87,
25677.35,
253039.4,
580348.8,
6920.092,
1125146,
226991.8,
102266.7,
12794.71,
45426.56,
210262.9,
70526.63,
0,
4469539,
2056, 
38303.05,
560259.5,
113823.4,
45009.91,
173942.3,
128476.5,
171869,
157312.3,
87957.24,
38134.77,
138785,
66802.05,
45875.97,
36127.16,
63871.18,
33286.84,
259483.8,
591931.4,
6526.888,
1123013,
226267.3,
104335.5,
12731.22,
49108.89,
222496.9,
73593.2,
0,
4569324,
2057, 
40845,
560561.1,
116340.1,
46159.27,
188311.3,
130992.7,
172773.4,
172455.8,
92549.96,
40540.69,
134978.5,
66993.67,
47385.86,
36366.42,
68355.13,
43410.07,
262960.6,
603402,
6155.991,
1120726,
227222.4,
103549.8,
12850.63,
48859.44,
235237.9,
76902.02,
0,
4656886,
2058, 
43078.6,
560067.2,
122972.2,
46107.27,
202956,
133410.6,
181252.5,
181965,
95299.66,
42323.09,
132143.3,
67123.88,
49087.68,
36565.1,
71776.09,
55907.04,
265476,
615053.1,
5761.098,
1118627,
227384.4,
100428.6,
13398.4,
52290.85,
248011.7,
79857.71,
0,
4748324,
2059, 
45694.75,
559310.4,
127696.1,
45631.98,
215651.6,
135494.2,
187030.9,
192963.3,
102033.3,
44484.93,
131935.8,
66904.93,
50738.35,
36677.24,
73771.45,
68353.4,
267348.2,
626027.8,
5456.888,
1118832,
230186.9,
96553.84,
13944.46,
54094.85,
258176.4,
81655.69,
0,
4836650,
2060, 
45935.34,
559479.5,
133454.2,
44500.96,
221853.5,
137273.7,
190350.4,
221650.8,
105190.6,
46029.27,
134011.4,
66719.89,
52648.14,
36680.56,
75624.65,
82545.36,
270188.4,
637114.6,
5363.93,
1119062,
233497.7,
92475.38,
15307.66,
56517.91,
269653.5,
82483.52,
0,
4935613,
2061, 
50774.61,
559901.2,
138757.1,
42965.69,
225971.3,
139094.5,
192894.2,
238353.7,
106960.7,
48284.84,
133684.2,
66656.2,
54341.25,
36540.07,
76302.98,
102411.1,
276665.7,
647534.3,
5299.493,
1117856,
236649.1,
85381.08,
16176.95,
60876.56,
281403.5,
85716.27,
0,
5027453,
2062, 
52789.19,
560291.8,
145792.8,
41965.17,
229915.8,
140655.4,
194623.4,
251647.2,
106673.4,
50049.18,
132984.4,
67615.4,
56022.25,
36261.37,
72904.24,
121101,
282746.2,
657811.4,
5254.486,
1116018,
239283.9,
81068.65,
16947.26,
66196.77,
295968.5,
87393.84,
0,
5109981,
2063, 
58851.68,
560755.3,
151299.2,
42171.03,
233701.7,
142277.6,
197498.4,
258053.9,
110867.5,
51005.78,
141721.4,
67879.2,
57758.34,
35853.56,
69012.02,
137778.5,
288429.3,
667881.4,
5305.066,
1114339,
242522.8,
78897.14,
17562.94,
71672.41,
309001.7,
88635.22,
0,
5200732,
2064, 
60509.55,
561541.9,
158497.1,
42319.43,
237192.7,
143686.7,
200146.3,
272618.1,
114902.5,
51968.84,
139875.9,
69101.96,
59130.23,
35343.93,
65991.53,
142960.3,
293740.5,
677785,
5346.227,
1110951,
244941.3,
79678.99,
17950.81,
77117.23,
324422.6,
87936.2,
0,
5275657,
2065, 
63002.72,
562786.1,
163237.4,
42809.3,
242321.5,
145042.3,
202746,
284426.7,
118820.3,
52856.3,
143259.2,
69467.9,
60254.57,
34765.04,
65961.3,
144391.6,
298706.2,
687795.6,
5388.644,
1107669,
244244.4,
80339.83,
18097.96,
81203.38,
336752.1,
90222.97,
0,
5346569,
2066, 
66500.81,
564272.2,
165277.3,
43534.38,
249605,
146359.2,
205334.2,
298117.7,
123149.7,
53638.95,
145222.4,
70101.93,
61062.88,
34217.4,
66235.68,
145009.4,
302911.2,
697254.2,
5416.699,
1109468,
234720.8,
82636.29,
18209.7,
83876.8,
351406.9,
93278.43,
0,
5416819,
2067, 
68933.37,
566211.1,
167538.8,
43605.79,
257641.9,
147639.9,
208050.7,
306105.7,
127410.4,
54283.95,
146976.2,
70525.87,
61366.06,
33561.92,
66442.39,
145473,
306668.8,
706583.3,
5416.355,
1129655,
225897.1,
84343.47,
18409.92,
86282.63,
366709.9,
96234.55,
0,
5497968,
2068, 
70876.6,
568471.1,
170165.7,
42188.51,
269332.3,
149018.8,
210324.5,
312754.5,
131691,
54900.43,
149990.5,
70777.33,
61656.21,
32913.42,
66602.88,
145527.1,
310126.7,
715907.6,
5421.296,
1138439,
219875.3,
84603.78,
18709.43,
87840.75,
383625.8,
99190.42,
0,
5570931,
2069, 
71331.36,
570945.9,
171769.9,
40806.82,
285738.6,
150350.5,
212304,
316174.8,
136035,
55450.66,
149053.9,
71078.25,
62198.3,
32320.02,
66729.69,
145418.9,
313731.5,
725244.1,
5456.85,
1154722,
215791.4,
82448.95,
19026.16,
89464.98,
397174.8,
102220.4,
0,
5642988,
2070, 
71917.11,
573118.6,
173755.4,
39088.33,
303775.4,
151687.4,
213791.4,
321146.2,
140530.4,
56060.62,
146903.8,
71253.46,
62367.52,
31733.11,
66863.52,
145291,
316953.2,
734528.1,
5530.101,
1175081,
215535.1,
81224.77,
19282.99,
91080.2,
409940.7,
105397.5,
0,
5723837,
2071, 
72300.92,
574619.8,
174537.9,
37618.47,
321453.7,
152725.5,
214372,
331438.4,
145593.3,
56622.78,
143571.1,
71290.56,
62637.95,
31180.53,
66970.44,
144992.1,
319674.9,
742628.1,
5626.347,
1203566,
219230.2,
79427.99,
19525.84,
92662.8,
425149.8,
109307.3,
0,
5818725,
2072, 
73043.88,
576001.2,
175426,
36331.94,
335528.3,
153982.5,
214255.7,
339844.1,
150749.8,
57171.8,
143281.4,
71049.84,
62888.61,
30634.01,
67060.56,
144535.3,
322327.6,
750783.3,
5716.134,
1212563,
221013.9,
78079.51,
19799.22,
94189.38,
436234.5,
113231.5,
0,
5885723,
2073, 
74318.38,
577669.5,
175124.9,
36297.21,
347674.4,
155196.2,
215102.5,
344840.3,
156007.3,
57730.13,
144655.6,
70775.54,
63154.38,
30133.02,
67169.34,
144118.1,
324874.6,
758447,
5811.287,
1202442,
221537.4,
76428.19,
20066.13,
95632.73,
439120.1,
117118.2,
0,
5921445,
2074, 
75646.85,
579378.7,
175182.4,
36542.91,
357582.4,
156812.4,
216056.4,
352196.8,
161288.6,
58233.1,
145706.5,
70230.19,
63425.61,
29659.68,
67251.7,
143698.3,
326752.6,
751245.4,
5990.077,
1188395,
221069.2,
74423.28,
20364.37,
96963.81,
439829.5,
120811.7,
0,
5934738,
2075, 
76576.67,
581140.3,
178113.8,
37202.14,
366560.9,
158438.9,
216713.8,
362024,
166677,
58683.93,
147554.2,
69630.47,
63518.32,
29227.17,
67358.8,
143342.9,
327202.4,
745348.6,
6286.019,
1164264,
220626.8,
71930.07,
20715.86,
98332.4,
444261.4,
124438.9,
0,
5946170,
2076, 
77422.42,
582904.2,
175000.6,
38629.88,
375321,
159909.9,
217223.5,
371884.3,
172465.5,
59046.25,
149885.5,
69123.13,
63760.09,
28820.13,
67488.38,
142953.2,
326462.3,
743165.1,
6936.527,
1127383,
221781.7,
70889.47,
20893.85,
99612.57,
454403.3,
128553.8,
0,
5951919,
2077, 
78262.73,
584884.6,
173103,
39786.03,
384409.4,
161577.5,
217766,
382796.6,
178425.4,
59342.4,
149676.4,
68831.84,
63870.81,
28453.77,
67658.08,
142663.6,
325129,
739305,
7594.675,
1113294,
222516,
71378.09,
20875.71,
100878.9,
463964.7,
132487.1,
0,
5978932,
2078, 
78076.93,
586405.5,
168687.3,
39920.82,
391240.9,
163256.8,
218267.4,
392904.5,
184432.9,
59477.38,
147235.8,
69038.45,
64117.4,
28117.56,
67839.05,
142401.7,
323936.2,
739018.5,
8348.423,
1098040,
223479.9,
72472.56,
20695.83,
102150.3,
471946.2,
136553.3,
0,
5998062,
2079, 
77827.85,
587667.7,
166658.4,
40306.11,
401147.3,
164910.7,
218721.8,
402674.6,
190504.5,
59616.31,
142731.3,
69154.84,
64424.58,
27828.14,
68046.07,
142224.8,
323910,
742197.3,
8916.207,
1085350,
225102.1,
74993.07,
20171.38,
103453.2,
479219.2,
140678.6,
0,
6028436,
2080, 
77621.77,
589003.1,
162640.8,
40664.93,
407581.9,
166870.3,
219085.1,
413154.4,
196649,
59812.05,
142289.6,
69180.73,
64570.39,
27570.03,
68240.87,
143986.7,
324397.2,
747128,
9348.51,
1066133,
228774.2,
77152.62,
19512.98,
104752.4,
486163.1,
144798,
0,
6057082,
2081, 
77984.98,
589768.6,
157444.8,
40848.54,
412500.3,
168667.8,
219155.2,
425614.6,
203102.2,
60124.52,
141955,
69205.97,
64970.75,
27339.08,
68524.98,
151098.3,
324571.3,
753892.7,
9837.4,
1052915,
231512.3,
79642.73,
18502.77,
105906.5,
496001,
149445.2,
0,
6100533,
2082, 
76912.23,
590492.1,
150993.9,
41043.77,
417195.6,
170543,
219302.8,
437413.3,
209558.1,
60458.86,
145401.5,
69307.7,
65219.89,
27148.2,
70020.34,
160784.5,
324674.6,
759575,
10571.61,
1036371,
232091.8,
81138.21,
17451.62,
107049.9,
505889.6,
153737.7,
0,
6140347,
2083, 
76835.13,
590981.9,
147109.9,
41911.02,
423949.9,
172299,
219445.4,
449456.9,
215960.9,
60758.21,
151169.7,
69316.76,
65296.48,
26998.67,
71613.59,
169279.9,
324648.9,
759766,
11485.16,
1019080,
231164.3,
81579.84,
16257.15,
108167.4,
515624.6,
157977.8,
0,
6178135,
2084, 
75883.54,
591585.4,
143972.1,
42667.55,
423895.9,
173854.1,
219595.5,
462194.9,
222360.6,
61082.97,
158422.2,
69257.74,
65347.02,
26883.96,
74386.21,
175134.7,
323745.5,
763595.3,
12168,
998596.2,
230857.2,
81368.2,
15511.09,
109273,
527847.5,
162164.8,
0,
6211651,
2085, 
75538.26,
592227.4,
141375.1,
43226.51,
419875.4,
175293,
219780.1,
473835.8,
228697.6,
61234.57,
162215.3,
69055.54,
65469.25,
26827.3,
77437.6,
176720,
324470.3,
762219.6,
12513.74,
982438.5,
232248.9,
80562.89,
14645.02,
110355.2,
535260.9,
166412.3,
0,
6229936,
2086, 
75192.38,
592207.1,
135812.5,
44760.31,
411639.7,
176463.7,
220052.4,
487035.9,
235415.4,
61376,
162145.6,
68901.09,
65584.92,
26782.88,
81989.46,
176413.7,
323731.7,
763150.1,
12824.74,
961206.1,
235636.7,
79217.94,
13803.51,
111208.6,
544896.1,
171019.9,
0,
6238469,
2087, 
74415.37,
592172.4,
132445.5,
44928.64,
403510.6,
177751.7,
220361.2,
498941.8,
242224.5,
61605.89,
161637.2,
68588.58,
65717.49,
26738.51,
87148.02,
168388.7,
323217.2,
760544.8,
13040.81,
939614.6,
240064.9,
77728.79,
13656.12,
112061.6,
553984.1,
175954.4,
0,
6236444,
2088, 
73407.98,
592174.8,
126679.3,
44788.07,
393689.6,
178899.3,
220635.6,
511571.4,
249308.1,
61737.8,
160175,
68249.46,
65832.1,
26706.94,
91944.98,
162358.3,
322944.4,
755281.9,
13469.22,
919652.4,
246247.4,
77529.1,
13726.58,
112832.2,
562486.9,
180958,
0,
6233287,
2089, 
72132.63,
591974.9,
120817.3,
43160.57,
384141.3,
180025.5,
220814.1,
523738.4,
256382.6,
61893.77,
160386.3,
67959.34,
65765.16,
26669.29,
97877.45,
154961,
322809.9,
752366.8,
14073.62,
902176,
250853.7,
80364.74,
13798.17,
113617.1,
570289.4,
185972,
0,
6235021,
2090, 
70352.5,
591833.2,
117989.8,
41478.56,
375044.3,
180628,
221089.5,
536642.2,
262911.7,
62118.92,
162478.8,
67342.3,
65616.11,
26646.88,
102159.2,
144980.6,
320035.4,
749118.9,
14583.35,
888189.8,
252750.5,
83312.55,
14207.96,
114370.6,
577925.2,
190507.8,
0,
6234315,
2091, 
68570.91,
591338.5,
116608.6,
41284.01,
363196.2,
180921.7,
221285.3,
548968.6,
269875.5,
62099.18,
162678,
66396.16,
65451.86,
26649.14,
107092.1,
140733.3,
318984.3,
746124.9,
15041.29,
880221.6,
248142,
86852.8,
15067.12,
114981.9,
585209.9,
195366.2,
0,
6239141,
2092, 
66911.18,
590770.8,
112659.1,
42137.26,
355756.9,
181281.1,
221416.1,
561922.5,
277076.5,
61957.6,
164875.9,
65588.04,
65246.73,
26626.35,
111532.8,
140565.5,
318866.4,
741343.3,
15156.94,
871981.2,
241748.1,
90942.03,
16071.97,
115585.3,
592652.3,
200035.2,
0,
6250707,
2093, 
63402.05,
589800.8,
110452.5,
43006.98,
348191,
181631.5,
221523.7,
575614.6,
284208.1,
61733.89,
167979,
65103.38,
65007.7,
26699.11,
114989.9,
140368.2,
321425.8,
736112.1,
15176.7,
864369.4,
240414.8,
93342.59,
16977.94,
116161.7,
600067,
204441.4,
0,
6268202,
2094, 
60569.7,
588957.9,
108958.4,
44205.23,
345474.1,
182023.5,
221500.6,
589112.8,
291349,
61465.03,
168484.7,
64837.65,
64773.52,
26734.93,
120649.5,
140176.8,
322905.6,
728095,
15228.2,
857620.8,
241721.4,
92349.22,
17799.49,
116769.9,
607180.8,
208987.6,
0,
6287931,
2095, 
58112.21,
587990.8,
107732.3,
45749.26,
340708.6,
182514.1,
221410.8,
602301,
298211.2,
61364.76,
168361.9,
64762.27,
64561.6,
26803.37,
120055.4,
139922.1,
324836.7,
720143.8,
15262.28,
852070.4,
242823.7,
91111.41,
18633.94,
117340,
614113.1,
213167.6,
0,
6300065,
2096, 
55917.78,
585981,
106166,
46749.56,
338260.2,
182564.2,
221210.4,
616301.6,
305440.5,
61258.68,
170100.2,
64520.94,
64304.72,
26763.96,
116371.6,
139619.1,
325604.9,
714558.4,
15172.58,
845342.1,
247076.2,
89718.45,
19897.75,
117709.4,
620619.1,
217747.9,
0,
6314977,
2097, 
55475.17,
583617.8,
105784.5,
46862.63,
335552.9,
182655.5,
221099,
642149.9,
312796.2,
61301.96,
170810,
64170.46,
64014.12,
26757.96,
112479.6,
139347.5,
326938,
707756.8,
14962.88,
839294.2,
254944.5,
89347.91,
21275.22,
118094.3,
626817.1,
222140.6,
0,
6346447,
2098, 
57046.22,
577552.1,
105777.5,
46443.67,
336535,
182824.8,
221113.5,
667791.3,
325166.8,
61477.02,
168256.7,
63711.09,
63691.48,
26805.46,
108246,
139070,
323485.2,
702968.3,
14678.35,
839218,
257667.9,
87302.3,
22225.43,
118435.3,
632702.1,
226191.1,
0,
6376383,
2099, 
58875.46,
570957.4,
105955.5,
46169.73,
338648.2,
182968.2,
221242.2,
707489.9,
348681,
61989.49,
164858.2,
63240.52,
63296.4,
26975.73,
104005.9,
138831.6,
317114.4,
697521.4,
14319.2,
836682.4,
255452.4,
84895.23,
23450.24,
118789.3,
638326.3,
230474.3,
0,
6421211,
2100, 
59222.55,
563914.2,
107368.8,
44839.98,
343589.9,
182679.5,
219554,
745878.5,
374319.8,
61430.99,
163664.8,
62828.95,
62994.71,
27096.27,
99057.7,
138665.4,
309412.8,
695561.1,
14095.5,
824836.6,
254037.5,
83089.3,
24795.49,
119084.1,
643834.9,
234372.1,
0,
6460226];
