real main.em.dem.agr.frt.Pfert[26](t) = [1971, 
337.2942,
4025.761,
158.1379,
128.3196,
634.4146,
215.542,
197.5486,
28.37758,
37.00332,
294.9835,
5403.832,
2186.116,
187.8061,
902.1965,
419.7336,
1537.466,
127.5723,
619.6353,
267.1325,
1471.814,
233.9734,
53.57782,
612.7142,
891.4492,
123.4137,
94.01155,
1972, 
394.8687,
4646.962,
176.5471,
133.4819,
901.1628,
274,
219.099,
32.8825,
45.80979,
358.113,
5690.555,
2325.559,
241.6521,
974.4355,
454.1006,
1663.404,
139.8185,
614.2957,
283.0935,
1686.355,
258.0086,
94.37411,
664.3417,
1214.992,
145.8755,
81.13765,
1973, 
494.0327,
5095.192,
203.6373,
154.9623,
759.8839,
281.0567,
219.5064,
31.39987,
46.88012,
327.1113,
6033.411,
2473.153,
281.5709,
1078.599,
504.142,
1846.378,
186.5903,
610.2851,
310.473,
1946.634,
283.2377,
95.18501,
744.1766,
1242.716,
136.3969,
91.36388,
1974, 
501.4995,
4596.821,
200.6174,
179.9771,
872.9233,
306.7788,
226.4573,
44.11939,
49.32183,
320.8785,
5250.67,
2542.037,
192.5,
1248.409,
582.2859,
2132.714,
200.3159,
470.8088,
343.2806,
1724.638,
315.8773,
134.179,
675.2229,
741.7729,
123.2099,
85.17776,
1975, 
508.7418,
5211.307,
276.8852,
157.9521,
949.6648,
239.4819,
248.7045,
60.20764,
54.25036,
349.3424,
5116.197,
2640.833,
327.1369,
1559.373,
725.863,
2660.803,
232.0994,
532.9793,
346.3063,
1839.43,
320.7856,
125.1572,
623.3548,
822.2684,
189.8483,
85.35186,
1976, 
502.6847,
5589.857,
233.8844,
173.4112,
1232.898,
295.1325,
274.2043,
79.72771,
47.73584,
364.4785,
5491.693,
2767.875,
525.9589,
1549.759,
723.5706,
2651.157,
218.3512,
671.9835,
266.2535,
1372.018,
301.6592,
113.041,
701.1204,
1048.329,
218.1547,
91.92513,
1977, 
635.4706,
5120.71,
242.7962,
161.3032,
1456.232,
289.6096,
287.918,
68.67866,
44.58458,
343.8681,
5552.982,
2885.895,
597.7221,
1636.913,
764.1759,
2799.201,
239.8116,
792.9743,
336.6452,
1877.979,
351.9533,
108.7642,
743.7243,
1309.43,
296.5528,
90.5414,
1978, 
629.6823,
5634.341,
258.6119,
165.1615,
1426.969,
305.7107,
269.4702,
67.03058,
36.95464,
394.2115,
6074.837,
2987.532,
738.5376,
1755.898,
817.5324,
3000.26,
210.1888,
1081.425,
327.6853,
1385.149,
436.6818,
136.7459,
771.8714,
1123.775,
340.3155,
88.58001,
1979, 
583.9228,
5372.877,
244.7225,
156.9434,
1576.485,
384.5295,
308.3755,
74.59473,
40.12546,
432.2736,
6158.941,
3001.084,
636.7519,
1782.265,
834.3991,
3062.751,
355.148,
1009.103,
336.0274,
2309.901,
381.6447,
152.7222,
827.647,
1196.986,
380.2349,
76.85179,
1980, 
628.0656,
5325.901,
259.8447,
166.5823,
1892.676,
362.4662,
355.502,
93.14872,
62.57642,
451.8369,
5629.374,
2796.125,
501.9984,
1659.492,
776.5726,
2847.554,
420.2798,
1108.069,
305.9984,
3059.361,
352.8272,
276.8003,
687.1909,
1067.042,
400.7425,
106.4587,
1981, 
634.8169,
4692.829,
371.6963,
172.352,
1237.557,
292.191,
362.4916,
100.4848,
87.51493,
544.4446,
5303.213,
3049.95,
507.5064,
1757.828,
821.7617,
3011.985,
406.5132,
1195.979,
300.4623,
3344.902,
351.6012,
324.3786,
701.172,
1070.357,
407.0094,
99.36871,
1982, 
651.5915,
3986.073,
408.0948,
153.8517,
1137.976,
298.2244,
380.1418,
112.7487,
65.54266,
498.9568,
5290.796,
2960.729,
564.6879,
1827.8,
854.5499,
3132.091,
566.334,
1168.892,
243.5633,
3502.486,
342.3869,
433.2423,
718.1871,
989.7767,
457.5902,
86.47178,
1983, 
713.8848,
4668.435,
330.4958,
166.0812,
943.1547,
291.2637,
419.4179,
130.1963,
80.39471,
382.6196,
5377.991,
3161.904,
647.9261,
1927.026,
901.8808,
3310.332,
675.4177,
1341.834,
260.9776,
4079.669,
391.0463,
390.5998,
762.1558,
1001.16,
486.722,
87.78266,
1984, 
733.686,
4395.532,
382.1935,
178.1631,
1479.038,
370.7701,
458.9267,
150.0317,
71.07184,
407.9537,
5228.215,
3208.5,
560.1036,
1986.002,
926.8018,
3402.306,
748.3681,
1769.936,
267.3788,
4098.079,
392.1267,
443.766,
767.2751,
1000.617,
529.9793,
77.90411,
1985, 
664.4147,
3999.501,
413.158,
175.7099,
1234.863,
432.1927,
530.2843,
134.6355,
69.77641,
357.1422,
5112.362,
2955.492,
480.8189,
2280.758,
1062.792,
3902.512,
781.0829,
2003.004,
277.1491,
3019.225,
420.6083,
485.7391,
728.4294,
912.089,
562.0568,
92.2305,
1986, 
645.2513,
3717.17,
418.1631,
192.6629,
1585.348,
518.535,
513.1122,
129.4901,
85.22703,
328.4892,
5139.455,
3008.491,
524.5604,
2493.476,
1166.38,
4280.91,
774.6025,
2156.705,
287.5448,
3039.189,
453.3497,
545.4897,
750.4756,
903.7186,
641.4728,
86.39274,
1987, 
634.3994,
3800.441,
441.4895,
207.9706,
1561.385,
591.7661,
514.2711,
125.0556,
94.59925,
270.7511,
5107.22,
2773.712,
590.8118,
2555.691,
1197.098,
4389.329,
841.2354,
1721.143,
299.2603,
4505.162,
447.0946,
552.47,
763.4067,
1036.196,
633.7762,
97.49365,
1988, 
614.3353,
3768.368,
394.8929,
209.1162,
1453.326,
598.3259,
471.6395,
150.6167,
108.3838,
306.5937,
5020.742,
2775.466,
495.0273,
2563.737,
1193.88,
4385.914,
922.4825,
2496.235,
297.5677,
5176.462,
549.7001,
610.3911,
723.5367,
974.1862,
661.7152,
97.47585,
1989, 
609.4587,
3960.393,
354.2937,
203.1574,
1257.015,
526.646,
409.5343,
146.5682,
113.9102,
280.355,
4931.416,
2694.403,
605.6135,
2445.345,
1139.508,
4190.343,
956.7047,
2897.619,
335.5645,
5283.112,
542.9544,
592.7704,
726.1223,
1009.29,
684.7848,
94.12904,
1990, 
578.1462,
3817.9,
373.7954,
196.8683,
1171.167,
483.1898,
428.9713,
153.1814,
117.6975,
269.0266,
4409.301,
1751.907,
631.1005,
2037.031,
1218.922,
4311.417,
1023.38,
3028.006,
320.612,
5861.262,
697.5624,
584.7468,
688.8571,
721.8252,
695.2906,
90.08483,
1991, 
592.2153,
3827.987,
379.8965,
182.9216,
1253.795,
484.5895,
375.5315,
156.7855,
106.6528,
256.0206,
4074.969,
822.5563,
624.2833,
1717.576,
981.0932,
3542.674,
893.0131,
3226.83,
321.893,
7292.611,
677.299,
581.8288,
695.4224,
826.1265,
693.0183,
94.99941,
1992, 
615.9883,
4012.507,
297.9974,
144.9732,
1341.777,
487.1086,
332.1386,
162.9161,
111.1967,
240.9308,
3664.369,
728.7445,
664.2526,
852.6105,
683.6274,
1548.036,
963.7852,
2767.057,
303.3616,
6927.107,
753.5975,
597.2802,
699.0912,
992.6887,
778.0807,
90.77483,
1993, 
627.8083,
4101.486,
316.9975,
159.4596,
1625.107,
553.0892,
361.963,
187.3464,
105.4219,
298.6988,
3564.395,
647.5486,
794.0219,
510.9799,
533.1478,
900.491,
820.3314,
2592.757,
321.8649,
5545.575,
885.3072,
543.5509,
728.8327,
976.1715,
692.7795,
91.07808,
1994, 
631.795,
4028.664,
375.4973,
146.522,
1873.93,
549.5524,
331.856,
110.8387,
154.6389,
246.5626,
3666.363,
617.191,
448.1947,
212.6869,
206.7111,
263.5943,
845.5098,
2860.93,
239.9708,
7329.104,
925.1899,
521.2349,
704.6373,
1052.16,
652.5692,
70.55603,
1995, 
658.3829,
4155.557,
181.9987,
188.5103,
1511.062,
577.7141,
317.2896,
122.8225,
142.271,
241.5801,
3512.152,
719.4393,
584.7106,
208.0967,
186.1371,
353.0224,
760.9609,
2827.882,
242.5993,
8911.189,
1170.173,
387.1271,
631.8353,
1124.713,
720.4835,
77.45503,
1996, 
703.5324,
4258.722,
308.9983,
187.258,
1644.622,
789.1097,
325.6656,
98.62979,
188.2056,
253.1316,
3723.756,
738.9291,
583.8394,
229.6017,
244.4808,
378.6035,
804.6263,
2907.092,
229.8568,
8116.763,
1221.486,
333.1594,
610.1995,
1178.916,
608.0325,
80.42897,
1997, 
716.9296,
4295.265,
256.9985,
213.5862,
1917.286,
808.5286,
344.7466,
111.6205,
151.5356,
224.6322,
3548.086,
685.0751,
599.153,
201.3289,
166.9995,
332.0921,
771.1412,
3820.455,
243.4553,
9276.677,
1238.092,
281.2404,
592.5049,
1203.451,
740.0126,
89.51683,
1998, 
666.5396,
3983.105,
294.9969,
199.2411,
1920.572,
821.3646,
329.7296,
124.8779,
152.5495,
214.9953,
3488.186,
646.3087,
708.4705,
174.1109,
154.8069,
285.5616,
775.9271,
4013.471,
213.5128,
9460.261,
1238.101,
362.1967,
561.2327,
1242.725,
700.537,
85.49644,
1999, 
667.827,
4049.475,
305.9985,
191.8591,
1831.598,
817.2582,
350.6768,
128.997,
170.2102,
227.142,
3414.031,
595.0228,
646.0142,
91.619,
143.7395,
218.8525,
796.5884,
4678.709,
239.0121,
8913.887,
1271.433,
323.785,
568.4398,
1315.445,
884.524,
87.78456,
2000, 
622.9858,
4018.568,
314.9981,
205.8955,
2000.237,
835.4414,
334.2731,
113.6125,
152.7016,
190.136,
3015.185,
589.0478,
687.4881,
136.9665,
120.5247,
278.1473,
852.2169,
4146.017,
213.3976,
8430.367,
1216.843,
263.9647,
583.0945,
1326.232,
992.8373,
94.84554,
2001, 
624.0541,
4380.242,
390.6207,
224.1623,
2237.212,
918.6956,
345.0267,
115.404,
152.6901,
210.0377,
2934.746,
678.793,
476.1828,
115.3026,
134.4189,
309.8794,
711.1486,
4269.625,
169.3764,
8829.787,
1221.628,
277.8889,
511.5474,
1434.618,
957.6156,
71.86763,
2002, 
650.6039,
4023.151,
336.4128,
119.2788,
2466.864,
698.3826,
366.9969,
118.6083,
173.2592,
270.8005,
2898.311,
685.7479,
480.0588,
110.3821,
159.6765,
329.2274,
711.4722,
3916.29,
227.42,
9712.868,
1120.907,
358.883,
465.6185,
1271.227,
970.4869,
134.2414,
2003, 
685.759,
4453.183,
253.6456,
146.9549,
3162.385,
960.669,
424.8455,
169.1982,
127.537,
202.6103,
2963.335,
681.3212,
555.2482,
82.06862,
112.1264,
305.1308,
713.7665,
4007.712,
133.8172,
10044.39,
1293.403,
335.2356,
554.7428,
1276.967,
940.72,
113.6816,
2004, 
610.2839,
4481.036,
307.6767,
157.1885,
3354,
1120.596,
445.6117,
170.3521,
187.7166,
228.8905,
2844.815,
729.4521,
598.9477,
114.8458,
142.2658,
348.4128,
754.0505,
4498.029,
142.428,
10585.79,
1464.137,
414.1289,
557.6881,
1274.674,
1085.88,
93.08726,
2005, 
654.7133,
4307.268,
418.165,
189.981,
2434.887,
1133.114,
471.2632,
138.284,
137.4274,
157.9608,
2484.337,
803.3582,
611.9817,
151.9795,
90.34917,
354.2448,
838.7124,
5085.993,
166.1247,
10408.92,
1237.105,
441.8127,
545.9789,
1205.011,
1272.366,
92.26392,
2006, 
495.5886,
4281.356,
371.0913,
196.2812,
2809.987,
1227.509,
434.901,
158.6606,
135.455,
198.8856,
2444.718,
766.5195,
619.2791,
249.4661,
92.24429,
399.7339,
1018.224,
5380.238,
103.7661,
10447.63,
1314.948,
500.9834,
528.2922,
1106.326,
1397.085,
105.5657,
2007, 
731.8448,
4221.627,
266.7755,
212.1906,
3648.491,
1514.158,
401.6357,
105.8413,
184.246,
180.4311,
2520.729,
891.8937,
526.2417,
327.1596,
98.54578,
408.9574,
868.3399,
5366.387,
123.9009,
9976.582,
1485.641,
520.2441,
516.7075,
1115.891,
844.912,
72.3901,
2008, 
605.3912,
3350.36,
161.4885,
146.6985,
2956.131,
1307.307,
469.4189,
75.2052,
184.3824,
167.0599,
1351.79,
754.3439,
334.6263,
358.6057,
112.4764,
428.1721,
712.5739,
6227.792,
83.40847,
9131.053,
1455.73,
426.7408,
391.9721,
907.8477,
816.9308,
73.88367,
2009, 
637.4886,
4028.402,
259.2467,
141.6355,
3805.461,
1208.452,
388.9105,
66.22643,
190.7624,
171.5909,
1718.834,
732.4939,
636.9725,
390.0766,
88.94214,
444.7076,
533.5181,
7064.244,
67.23793,
9619.888,
1498.521,
436.5637,
411.1949,
762.9509,
1249.355,
62.70082,
2010, 
749.4678,
4280.116,
281.0609,
176.8557,
4013.159,
1446.772,
524.1846,
96.61457,
222.52,
139.386,
1821.286,
793.1315,
556.8058,
439.1347,
108.1249,
424.6527,
344.9077,
7777.889,
69.04531,
11103.98,
1532.045,
500.3414,
430.7981,
913.8853,
1245.502,
82.56384,
2011, 
874.0302,
4657.75,
266.0886,
221.1798,
4675.222,
1561.838,
549.8615,
111.7415,
232.0497,
149.8469,
1824.071,
778.2378,
498.9576,
439.7141,
100.8219,
450.8228,
286.8656,
7732.176,
67.76796,
11083.18,
1268.969,
657.6998,
455.0319,
985.7878,
1338.635,
98.18778,
2012, 
941.795,
5211.141,
361.4353,
227.7813,
4349.743,
1401.262,
549.6216,
167.8845,
247.8544,
150.6729,
1904.62,
860.7949,
541.9151,
410.0069,
106.2283,
441.5859,
501.1201,
6489.361,
93.37623,
11208.16,
1570.644,
771.2077,
358.4543,
923.8478,
1436.866,
91.86071,
2013, 
999.7598,
5251.489,
337.754,
281.7376,
4780.924,
1449.33,
613.4863,
203.881,
262.6721,
143.878,
1967.501,
878.6394,
633.7513,
416.3167,
109.0313,
456.666,
468.1068,
5518.552,
72.34627,
10062.34,
1927.887,
961.4526,
355.5891,
860.3179,
1580.168,
123.1952,
2014, 
1188.615,
5223.938,
353.5795,
273.7424,
4987.618,
1440.637,
624.9181,
174.3866,
358.9634,
152.1625,
2062.875,
830.8035,
597.3395,
393.8919,
117.9668,
466.6677,
498.3354,
5608.872,
71.83412,
10150.58,
1838.61,
984.1564,
389.2344,
976.733,
1623.66,
165.1818,
2015, 
1166.11,
5058.971,
407.9948,
271.4383,
4532.939,
1307.05,
634.2568,
157.8437,
265.7263,
147.2828,
2034.975,
875.7084,
596.5167,
369.4366,
118.0674,
491.2553,
420.3542,
5825.854,
70.47669,
10130.77,
1873.86,
963.3971,
358.8642,
997.3452,
1673.767,
151.2687,
2016, 
1149.584,
5120.298,
403.2704,
270.2825,
4741.705,
1443.444,
635.5366,
185.5047,
315.1089,
150.6444,
1946.962,
890.7484,
595.9958,
380.0455,
124.1077,
520.6336,
431.888,
6043.127,
70.12408,
10238.9,
1926.879,
1060.1,
370.4798,
993.0944,
1811.154,
151.1112,
2017, 
1182.149,
5081.177,
393.6136,
266.905,
4977.904,
1506.356,
643.9274,
212.3362,
356.8989,
145.8503,
1860.898,
892.0137,
604.521,
392.1034,
128.1616,
554.1628,
464.3704,
6185.063,
70.51064,
10354.97,
1966.869,
1104.628,
381.8633,
954.5903,
1881.382,
150.4936,
2018, 
1212.276,
5084.111,
387.0375,
261.1611,
5200.348,
1548.362,
634.7122,
240.6675,
403.8138,
151.5405,
1772.234,
907.5695,
608.4133,
399.4214,
132.84,
588.416,
489.7222,
6391.213,
70.72961,
10340.09,
1984.446,
1152.632,
381.3019,
908.3196,
1943.086,
153.6379,
2019, 
1221.217,
4851.19,
374.6535,
254.5176,
5493.174,
1599.272,
644.944,
265.2963,
451.2468,
160.6422,
1716.427,
909.2944,
612.7439,
406.132,
135.1568,
609.4656,
515.8571,
6640.285,
71.79121,
10365.52,
2025.231,
1207.425,
384.6804,
858.975,
1985.692,
158.9445,
2020, 
1235.016,
4691.053,
361.5529,
248.4015,
5716.899,
1650.608,
644.8417,
286.2413,
505.8889,
158.9805,
1641.534,
912.2693,
612.5498,
415.7895,
138.4945,
622.4495,
552.9984,
6908.322,
73.22387,
10397.07,
2045.657,
1244.335,
386.1185,
739.5012,
2019.598,
163.4717,
2021, 
1196.053,
4659.686,
353.881,
253.6875,
5731.015,
1661.194,
652.2408,
319.1813,
541.5532,
157.3551,
1573.799,
907.751,
631.7307,
404.8395,
143.2496,
636.2412,
564.1659,
6992.219,
74.1381,
10410.67,
2043.766,
1285.259,
384.8978,
738.5205,
2065.257,
169.4416,
2022, 
1136.851,
4658.077,
346.3026,
258.4771,
5703.799,
1663.275,
658.6395,
350.7278,
576.737,
157.6835,
1500.442,
901.1328,
647.471,
391.6027,
147.3976,
648.8713,
569.0887,
7077.833,
75.04892,
10426.23,
2038.939,
1323.544,
383.6553,
736.7292,
2109.682,
175.7797,
2023, 
1068.047,
4685.125,
338.8303,
262.5677,
5635.032,
1659.611,
664.3048,
380.4335,
646.315,
159.6179,
1422.701,
893.0329,
659.3796,
376.8798,
151.4639,
660.5781,
574.0007,
7162.778,
75.95612,
10441.14,
2032.562,
1359.402,
382.3924,
734.9868,
2152.538,
182.4731,
2024, 
998.4481,
4735.62,
331.5182,
266.619,
5520.063,
1649.942,
669.4388,
408.992,
732.9672,
162.9815,
1343.187,
883.8538,
669.1234,
361.2914,
155.5141,
671.6121,
578.5875,
7246.282,
76.86026,
10456.38,
2023.037,
1391.701,
381.1102,
729.6536,
2193.719,
189.502,
2025, 
1024.279,
4503.583,
324.961,
309.5858,
6651.962,
1889.221,
621.562,
338.7746,
955.2938,
272.8282,
1646.993,
927.4729,
769.8104,
438.9016,
213.849,
736.139,
475.2684,
7591.658,
94.76528,
8695.019,
2172.668,
1209.606,
373.2571,
871.0657,
2158.057,
212.2986,
2026, 
1056.582,
4569.664,
333.7716,
331.9238,
6344.722,
1933.96,
626.7993,
352.1175,
995.5047,
278.8017,
1621.046,
934.6462,
770.6074,
448.3021,
218.2507,
743.5958,
496.6988,
7727.02,
96.12379,
8869.23,
2242.256,
1239.54,
375.4999,
859.9276,
2229.575,
186.4125,
2027, 
1085.358,
4631.439,
342.6975,
362.9256,
6018.749,
1979.614,
632.2233,
365.3089,
1034.521,
285.3279,
1594.603,
941.9398,
768.6395,
457.8815,
222.9609,
751.1403,
509.5401,
7863.869,
97.49837,
9049.618,
2309.942,
1272.897,
377.7529,
848.7634,
2301.942,
208.531,
2028, 
1110.331,
4689.167,
351.722,
400.642,
5705.06,
2026.04,
637.7921,
390.1506,
1085.51,
292.8566,
1567.998,
949.3284,
767.2592,
467.6775,
228.5345,
758.8008,
494.4023,
8002.712,
98.89146,
9237.786,
2372.2,
1332.914,
380.0331,
841.5549,
2382.216,
206.2942,
2029, 
1134.402,
4738.417,
360.9174,
444.3011,
5466.856,
2075.507,
643.288,
433.2408,
1131.362,
301.3514,
1541.427,
956.886,
757.8089,
477.6733,
230.411,
766.5726,
483.2499,
8143.028,
100.3101,
9434.073,
2428.848,
1395.967,
382.333,
837.1544,
2471.717,
203.7032,
2030, 
1157.34,
4780.422,
370.3146,
491.4683,
5309.608,
2126.626,
648.8233,
480.9104,
1168.782,
310.3393,
1513.344,
964.621,
758.324,
487.8888,
236.9374,
774.4311,
476.105,
8283.035,
101.744,
9642.167,
2484.193,
1461.781,
384.6436,
837.5609,
2576.541,
201.7163,
2031, 
1190.865,
4767.997,
379.1291,
529.6653,
5544.38,
2198.442,
647.9725,
487.5881,
1166.658,
319.5111,
1511.686,
973.6793,
765.86,
501.8539,
242.256,
796.3065,
472.8192,
8368.954,
103.3475,
9837.511,
2521.382,
1502.287,
384.3136,
856.5842,
2667.683,
195.2179,
2032, 
1227.718,
4749.324,
388.1914,
558.3112,
5808.627,
2273.545,
647.3071,
493.4695,
1172.878,
328.4371,
1509.291,
982.7234,
776.2397,
515.959,
248.3657,
818.0281,
478.2641,
8455.581,
104.975,
10053.54,
2559.984,
1544.097,
383.9978,
882.1802,
2763.628,
189.4721,
2033, 
1267.769,
4727.565,
397.3655,
579.2703,
6093.431,
2351.281,
646.7645,
498.0597,
1185.561,
336.6158,
1504.683,
991.6047,
786.1243,
530.2429,
253.4398,
839.7219,
513.4212,
8542.023,
106.6245,
10291.75,
2596.387,
1587.047,
383.7108,
910.8479,
2837.242,
117.3484,
2034, 
1310.091,
4709.716,
406.5849,
590.7453,
6395.86,
2431.393,
646.2305,
501.5895,
1216.064,
344.039,
1498.923,
1000.185,
795.7203,
544.6819,
263.7958,
861.248,
554.5927,
8628.66,
108.2954,
10538.44,
2631.116,
1631.28,
383.4458,
941.7537,
2882.218,
132.4651,
2035, 
1354.156,
4697.334,
415.4633,
595.6295,
6706.43,
2513.795,
645.6642,
501.4792,
1248.185,
350.8088,
1493.331,
1008.629,
805.235,
559.3349,
267.0617,
882.6016,
606.3455,
8715.246,
109.9906,
10789.34,
2664.028,
1676.7,
383.2021,
979.0103,
2898.748,
147.3843,
2036, 
1408.017,
4693.537,
423.5135,
590.4766,
7024.729,
2598.52,
645.1964,
493.7323,
1278.637,
358.4157,
1486.209,
1015.558,
811.3917,
571.1618,
268.6516,
900.6171,
663.256,
8782.798,
111.6876,
11012.83,
2687.945,
1702.97,
384.0081,
1041.96,
2903.441,
170.1029,
2037, 
1463.832,
4689.542,
431.5137,
579.5913,
7314.277,
2684.594,
642.1672,
483.7213,
1427.982,
365.2505,
1478.469,
1022.202,
816.2514,
583.0013,
269.2779,
920.752,
719.0844,
8846.35,
113.4326,
11220.25,
2705.968,
1734.112,
384.838,
1132.72,
2925.004,
164.6658,
2038, 
1522.327,
4689.61,
439.6968,
562.5421,
7571.006,
2771.455,
639.0082,
466.4332,
1606.387,
371.4456,
1471.834,
1028.978,
821.7347,
594.8788,
270.8458,
941.4619,
762.5868,
8906.681,
115.2064,
11407.38,
2718.368,
1769.514,
385.6922,
1235.834,
2973.388,
191.6404,
2039, 
1581.464,
4691.376,
448.1567,
545.381,
7792.812,
2858.909,
637.8282,
448.2307,
1780.342,
377.1714,
1464.793,
1035.777,
825.7137,
606.8287,
270.0096,
963.272,
798.9067,
8963.541,
117.0008,
11581.44,
2725.819,
1816.922,
386.5481,
1346.533,
3036.179,
155.1323,
2040, 
1640.244,
4692.692,
460.6552,
531.5195,
7987.64,
2946.162,
638.6359,
428.0655,
1934.646,
377.6516,
1457.84,
1042.503,
826.6432,
618.7855,
268.6631,
984.5029,
824.0649,
9016.271,
118.8195,
11744.65,
2733.155,
1866.452,
387.4282,
1450.591,
3104.137,
169.2457,
2041, 
1705.182,
4700.594,
474.1266,
522.9201,
8230.351,
3034.024,
643.0598,
387.8414,
2028.184,
375.6601,
1453.477,
1047.768,
825.6198,
627.9747,
263.8934,
1003.638,
836.7034,
9065.849,
119.9741,
11898.89,
2737.981,
1948.515,
388.7044,
1510.803,
3139.908,
234.1721,
2042, 
1773.972,
4710.755,
488.8188,
520.4022,
8473.852,
3120.047,
651.3448,
336.9664,
2109.67,
371.4628,
1449.85,
1053.232,
824.5747,
637.3246,
257.1066,
1019.665,
847.8026,
9114.231,
121.151,
12052.86,
2743.906,
2014.396,
389.9988,
1534.02,
3158.712,
247.9382,
2043, 
1847.011,
4719.373,
504.6587,
522.1415,
8724.998,
3200.909,
658.5667,
286.1594,
2181.881,
365.9589,
1446.567,
1058.811,
824.6486,
646.6633,
248.5597,
1033.682,
858.4973,
9160.841,
122.357,
12206.55,
2752.142,
2080.368,
391.3039,
1527.291,
3163.935,
213.6887,
2044, 
1925.375,
4727.633,
521.2834,
527.2446,
8989.632,
3274.667,
661.5661,
236.2184,
2250.794,
359.9215,
1444.727,
1064.744,
824.3233,
655.9882,
239.2622,
1045.982,
868.0738,
9205.748,
123.5838,
12359.31,
2762.644,
2137.376,
392.6353,
1492.317,
3158.17,
228.8554,
2045, 
2010.945,
4730.624,
534.9372,
534.5673,
9258.983,
3333.617,
660.9854,
184.6779,
2330.382,
361.1584,
1443.802,
1070.872,
824.7784,
665.1234,
230.8602,
1058.653,
878.3552,
9249.521,
124.8395,
12510.17,
2773.339,
2196.767,
393.9854,
1431.09,
3149.698,
244.249,
2046, 
2100.656,
4712.531,
545.7615,
541.2772,
9574.175,
3376.838,
655.3611,
114.2963,
2399.922,
370.7557,
1444.009,
1076.846,
827.3492,
673.4799,
224.0342,
1073.985,
887.4176,
9290.063,
126.5899,
12655.05,
2773.713,
2236.645,
396.0903,
1356.345,
3132.667,
257.1061,
2047, 
2196.42,
4687.083,
555.3234,
547.491,
9894.083,
3417.949,
646.8329,
43.75757,
2497.502,
385.9097,
1444.888,
1082.979,
829.9805,
681.6785,
218.3201,
1091.474,
900.4054,
9330.044,
128.352,
12803.74,
2775.202,
2297.22,
398.1716,
1275.13,
3114.47,
311.0784,
2048, 
2297.266,
4642.752,
563.0704,
554.0823,
10211.04,
3459.239,
638.2288,
0,
2595.564,
405.5509,
1446.014,
1089.208,
830.5747,
689.6806,
212.9947,
1111.22,
909.9709,
9369.206,
130.1286,
12962.59,
2778.941,
2359.979,
400.2162,
1195.411,
3096.883,
283.5615,
2049, 
2400.716,
4594.597,
567.1486,
559.876,
10512.64,
3500.375,
624.7381,
0,
2692.398,
429.0181,
1447.361,
1095.553,
831.9955,
697.4803,
208.5011,
1131.639,
916.0553,
9408.881,
131.9248,
13142.23,
2786.02,
2424.73,
402.2358,
1117.156,
3081.031,
334.5809,
2050, 
2503.534,
4566.129,
567.6802,
563.5969,
10808.97,
3543.242,
608.401,
0,
2782.668,
446.0377,
1443.741,
1102.179,
834.3475,
705.1221,
203.7919,
1152.356,
915.9299,
9450.544,
133.739,
13335.65,
2798.06,
2491.828,
404.2363,
1052.792,
3059.787,
315.5983,
2051, 
2545.539,
4580.56,
556.8295,
558.6157,
10808.24,
3525.592,
589.5146,
0,
2843.015,
454.8742,
1440.933,
1102.847,
837.3927,
708.2432,
200.4037,
1169.854,
893.0709,
9448.415,
133.7045,
13281.73,
2784.702,
2492.079,
401.6275,
1007.365,
3020.978,
360.1111,
2052, 
2583.266,
4619.912,
544.8168,
554.5051,
10805.45,
3508.33,
570.2253,
0,
2862.178,
457.8133,
1437.229,
1103.527,
840.8575,
710.9849,
196.8616,
1186.822,
865.8394,
9448.509,
133.6664,
13233.29,
2774.771,
2492.682,
398.9998,
969.4915,
2992.054,
345.5099,
2053, 
2617.164,
4678.792,
532.2217,
551.2373,
10814.44,
3490.683,
550.7744,
0,
2867.872,
455.7029,
1433.299,
1104.23,
845.173,
713.5618,
193.2986,
1204.011,
841.2066,
9451.663,
133.6221,
13186.87,
2767.612,
2493.928,
396.3188,
935.654,
2974.183,
359.6184,
2054, 
2647.335,
4743.624,
520.9059,
549.2465,
10844.24,
3474.228,
536.1142,
0,
2866.798,
449.1868,
1428.669,
1104.906,
850.1505,
716.0082,
189.8023,
1221.753,
819.4778,
9450.525,
133.5689,
13133.39,
2760.51,
2502.6,
393.6465,
905.9727,
2973.719,
373.6282,
2055, 
2676.146,
4796.043,
510.9214,
549.1125,
10899.97,
3460.298,
524.6891,
0,
2853.678,
445.1519,
1428.938,
1105.492,
855.5502,
718.3606,
186.8885,
1240.301,
803.2592,
9447.916,
133.5172,
13086.53,
2752.02,
2509.493,
390.9473,
875.935,
2989.855,
400.4073,
2056, 
2702.845,
4825.924,
503.3809,
550.8542,
11027.54,
3455.558,
516.8533,
0,
2783.991,
442.2085,
1429.248,
1105.905,
858.994,
720.7982,
184.9632,
1259.226,
792.2698,
9445.836,
133.5308,
13043.39,
2745.671,
2511.664,
387.7806,
842.0627,
3029.051,
404.0464,
2057, 
2729.021,
4850.935,
496.8076,
551.5792,
11181.78,
3448.374,
511.6103,
0,
2724.653,
441.2598,
1430.051,
1106.268,
862.2683,
723.3561,
183.6779,
1277.314,
784.4985,
9444.153,
133.5419,
13006.87,
2738.338,
2513.361,
384.5813,
807.9466,
3078.238,
422.7634,
2058, 
2754.592,
4873.726,
491.1139,
551.0909,
11352.91,
3443.384,
508.8395,
0,
2591.566,
442.5403,
1430.687,
1106.561,
865.0066,
725.9819,
182.6236,
1293.683,
778.7876,
9445.394,
133.5517,
12979.02,
2729.593,
2515.22,
381.408,
774.6397,
3134.432,
436.7962,
2059, 
2780.225,
4893.541,
487.6158,
549.7566,
11544.46,
3443.141,
505.5921,
0,
2409.34,
446.2544,
1431.626,
1106.762,
867.2649,
728.6785,
181.7092,
1307.99,
774.7177,
9457.129,
133.5619,
12958.83,
2721.362,
2510.692,
378.2225,
741.9495,
3187.866,
453.1555,
2060, 
2802.541,
4911.279,
485.9195,
547.33,
11753.03,
3445.215,
501.8877,
0,
2195.14,
452.0169,
1432.422,
1107.037,
868.9011,
731.5236,
181.0283,
1319.687,
771.9891,
9477.043,
133.5713,
12940.31,
2715.111,
2508.711,
375.0228,
709.3757,
3237.221,
467.417,
2061, 
2820.155,
4940.532,
483.8972,
543.9506,
11981.35,
3438.43,
496.7538,
0,
1984.471,
461.905,
1434.294,
1107.902,
868.7767,
735.7438,
180.0964,
1333.504,
772.5081,
9496.645,
133.813,
12914.14,
2708.588,
2512.236,
372.4128,
680.5517,
3284.594,
475.3065,
2062, 
2836.103,
4963.715,
482.2119,
542.0085,
12231.67,
3436.005,
490.5478,
0,
1777.505,
473.5048,
1436.009,
1108.951,
868.5237,
740.1818,
179.1523,
1345.788,
775.8653,
9518.127,
134.0493,
12885.74,
2703.976,
2517.232,
369.8148,
654.3139,
3326.899,
482.9972,
2063, 
2851.038,
4988.349,
480.0501,
542.0212,
12499.74,
3435.615,
483.5784,
0,
1549.915,
486.17,
1437.609,
1110.115,
868.4772,
745.1591,
178.8253,
1357.206,
783.5775,
9544.643,
134.2892,
12852.46,
2701.409,
2522.622,
367.1917,
631.29,
3365.528,
490.7021,
2064, 
2866.108,
5014.634,
476.0831,
541.6916,
12779.74,
3438.332,
477.6566,
0,
1339.957,
499.279,
1439.175,
1111.433,
870.4689,
750.1841,
179.5612,
1368.822,
795.4191,
9573.89,
134.5268,
12812.87,
2701.759,
2528.395,
364.5918,
610.8543,
3401.424,
495.3899,
2065, 
2885.835,
5043.178,
471.2679,
541.4432,
13065.38,
3445.343,
472.4715,
0,
1119.038,
512.3899,
1440.35,
1113.002,
873.8918,
755.2536,
180.8615,
1381.248,
810.9721,
9603.635,
134.7615,
12764.76,
2704.289,
2534.406,
362.0036,
594.0085,
3435.351,
503.6044,
2066, 
2906.56,
5070.544,
466.7242,
541.0074,
13339.28,
3456.996,
469.5067,
0,
882.2385,
525.2078,
1440.448,
1114.629,
879.3123,
760.9905,
182.423,
1394.741,
831.2224,
9636.22,
134.6955,
12708.19,
2707.308,
2540.523,
360.1465,
579.7084,
3464.617,
511.3549,
2067, 
2931.714,
5106.313,
463.529,
540.9544,
13612.03,
3473.894,
467.6413,
0,
640.0386,
537.9095,
1440.007,
1116.422,
886.2655,
766.6045,
184.2202,
1409.191,
852.2391,
9671.578,
134.6282,
12643.3,
2712.216,
2546.431,
358.2691,
567.1398,
3492.619,
519.1074,
2068, 
2960.561,
5140.996,
462.5784,
541.445,
13883.38,
3494.645,
469.605,
0,
409.4138,
550.6027,
1439.09,
1118.226,
894.3865,
771.7078,
185.8372,
1424.079,
871.5826,
9704.032,
134.5608,
12570.25,
2718.08,
2552.222,
356.3933,
556.1005,
3518.099,
526.863,
2069, 
2991.745,
5174.254,
463.4559,
542.3404,
14151.91,
3516.042,
468.9287,
0,
213.3477,
563.291,
1437.781,
1120.021,
901.697,
776.7725,
186.9122,
1439.247,
888.7822,
9738.217,
134.4901,
12490.2,
2723.238,
2557.871,
354.5167,
546.465,
3541.887,
534.6711,
2070, 
3024.754,
5204.256,
465.7297,
544.0525,
14416.44,
3539.089,
471.8861,
0,
24.68512,
576.0364,
1437.596,
1121.815,
908.6538,
781.7684,
187.6707,
1454.604,
903.9394,
9772.79,
134.4208,
12405.81,
2728.508,
2564.141,
352.6031,
538.1536,
3564.574,
542.507,
2071, 
3052.551,
5230.097,
467.7935,
544.2055,
14641.15,
3562.741,
475.4344,
0,
0,
588.9966,
1440.458,
1124.635,
914.2389,
785.663,
187.9009,
1474.054,
918.1823,
9801.445,
133.9569,
12307.88,
2733.819,
2572.274,
350.1233,
529.3802,
3591.082,
550.0514,
2072, 
3078.678,
5245.991,
469.5802,
544.3971,
14867.84,
3587.368,
481.1246,
0,
0,
601.9706,
1444.399,
1127.425,
919.0239,
789.424,
188.6851,
1493.272,
930.9271,
9827.846,
133.4911,
12210.33,
2736.579,
2580.428,
347.6319,
523.5714,
3617.245,
555.9719,
2073, 
3103.567,
5255.09,
471.0612,
544.8879,
15087.92,
3612.498,
485.4839,
0,
0,
614.9337,
1449.162,
1130.167,
922.9024,
793.0722,
189.2975,
1512.376,
942.5176,
9850.68,
133.0246,
12117.64,
2736.66,
2588.63,
345.1458,
520.0507,
3644.669,
564.4177,
2074, 
3127.114,
5256.421,
472.3216,
545.6604,
15306.19,
3638.058,
495.5436,
0,
0,
628.0007,
1454.615,
1132.842,
925.8189,
796.6292,
189.6517,
1531.659,
952.8316,
9865.387,
132.558,
12032.24,
2732.668,
2596.855,
342.629,
518.5033,
3674.672,
565.7917,
2075, 
3146.908,
5253.502,
473.3289,
546.6468,
15525.62,
3662.741,
504.1382,
0,
0,
641.2167,
1459.582,
1135.748,
927.6649,
800.068,
189.7325,
1551.245,
962.0839,
9873.433,
132.0934,
11956.02,
2726.797,
2604.686,
340.1367,
518.6321,
3708,
569.9802,
2076, 
3163.67,
5249.332,
473.5349,
545.1832,
15727.39,
3685.702,
511.6747,
0,
0,
654.693,
1463.498,
1138.139,
927.3375,
803.314,
189.4452,
1570.69,
965.5603,
9869.855,
132.0519,
11891.12,
2711.832,
2611.571,
337.4974,
520.6023,
3738.587,
571.7016,
2077, 
3178.402,
5252.362,
473.6535,
543.8683,
15913.83,
3707.422,
516.0682,
0,
0,
668.2264,
1467.205,
1140.43,
926.433,
806.5455,
188.1045,
1590.815,
969.9368,
9862.808,
132.008,
11835.78,
2691.089,
2617.269,
334.8492,
522.0245,
3768.497,
576.3352,
2078, 
3191.24,
5262.717,
473.1205,
542.5007,
16100.94,
3725.503,
517.4509,
0,
0,
681.6497,
1470.765,
1142.641,
924.9639,
809.7615,
186.4663,
1610.008,
974.8801,
9853.962,
131.9665,
11787.63,
2669.947,
2622.164,
332.2131,
523.1835,
3797.08,
580.95,
2079, 
3202.896,
5277.31,
472.1393,
541.3731,
16282.53,
3741.099,
519.2418,
0,
0,
694.853,
1474.381,
1144.752,
923.7221,
812.9729,
184.1948,
1628.904,
979.7523,
9840.67,
131.925,
11745.61,
2647.196,
2626.414,
329.5866,
524.3836,
3823.327,
585.5218,
2080, 
3213.756,
5298.001,
470.6128,
540.8118,
16451.88,
3753.872,
521.008,
0,
0,
707.6569,
1478.085,
1146.782,
922.9165,
816.2303,
181.3374,
1647.696,
984.6851,
9821.696,
131.8821,
11708.24,
2622.597,
2630.1,
326.9353,
525.8362,
3847.01,
590.055,
2081, 
3219.077,
5312.028,
468.021,
542.7429,
16566.21,
3756.04,
532.4353,
0,
0,
718.5214,
1486.387,
1150.075,
921.6089,
820.935,
177.9652,
1669.704,
992.8763,
9792.29,
131.9223,
11690.38,
2601.983,
2634.01,
326.4092,
530.0301,
3905.166,
591.4642,
2082, 
3224.318,
5326.458,
464.1817,
545.1873,
16682.74,
3756.019,
546.0292,
0,
0,
729.116,
1496.585,
1153.24,
920.4395,
825.6306,
174.6106,
1692.348,
1000.958,
9760.662,
131.9636,
11677.08,
2585.367,
2638.034,
325.8732,
535.8421,
3967.546,
592.8713,
2083, 
3229.521,
5340.847,
459.9614,
548.0015,
16798.91,
3756.256,
561.8251,
0,
0,
739.5741,
1508.424,
1156.284,
919.7132,
830.3771,
171.2445,
1717.298,
1000.177,
9727.021,
132.0032,
11668.63,
2568.75,
2641.792,
325.3429,
543.7745,
4035.343,
594.1117,
2084, 
3234.364,
5366.005,
455.4677,
550.1509,
16907.46,
3758.759,
575.1908,
0,
0,
749.9703,
1521.382,
1159.266,
916.6761,
835.1801,
168.4272,
1744.058,
993.9808,
9697.925,
132.0405,
11665.58,
2555.53,
2622.743,
324.785,
551.6334,
4097.563,
594.9467,
2085, 
3240.775,
5395.583,
450.9351,
552.2738,
17019.15,
3764.725,
585.9335,
0,
0,
761.4415,
1535.303,
1162.219,
912.1901,
840.033,
166.3393,
1773.38,
987.4086,
9673.398,
132.0806,
11672.44,
2544.568,
2626.982,
324.2508,
559.3467,
4145.201,
594.2452,
2086, 
3248.883,
5424.751,
446.4569,
554.2307,
17139.39,
3774.565,
589.2379,
0,
0,
773.9394,
1546.251,
1165.38,
906.2607,
845.1547,
165.3665,
1804.945,
983.0134,
9652.825,
132.1376,
11684.97,
2537.566,
2632.835,
323.4186,
565.3666,
4197.393,
589.2177,
2087, 
3258.185,
5454.648,
442.7718,
555.9957,
17261.44,
3786.789,
589.4908,
0,
0,
787.3201,
1555.906,
1168.576,
899.1609,
850.3685,
164.9861,
1838.056,
978.5203,
9635.275,
132.1939,
11700.74,
2532.618,
2639.851,
322.573,
570.293,
4247.85,
589.4938,
2088, 
3268.542,
5484.317,
439.7028,
558.2892,
17383.03,
3800.457,
587.1915,
0,
0,
801.6537,
1560.14,
1171.815,
891.3848,
855.6096,
165.1001,
1871.656,
973.8799,
9622.519,
132.2493,
11712.03,
2530.637,
2648.385,
321.7333,
573.3253,
4293.603,
589.3277,
2089, 
3280.066,
5515.411,
437.1078,
559.9798,
17513,
3813.63,
586.3234,
0,
0,
817.0498,
1561.887,
1175.085,
885.3854,
860.8685,
165.7112,
1905.572,
969.0625,
9611.354,
132.3033,
11716.9,
2531.094,
2681.14,
320.8979,
576.4049,
4330.972,
587.6503,
2090, 
3292.013,
5529.804,
434.8681,
561.5391,
17644.92,
3824.712,
589.7076,
0,
0,
832.587,
1561.503,
1178.362,
880.1682,
866.1258,
166.7949,
1939.15,
963.6204,
9604.719,
132.358,
11709.46,
2533.696,
2692.149,
320.051,
579.53,
4358.479,
581.0206,
2091, 
3300.597,
5531.379,
434.0308,
563.5074,
17748.5,
3835.049,
591.0865,
0,
0,
845.567,
1559.347,
1182.689,
874.5887,
872.9232,
168.1028,
1976.6,
969.3192,
9612.028,
132.6033,
11721.01,
2547.96,
2703.927,
319.32,
583.6951,
4386.046,
554.2379,
2092, 
3309.221,
5527.741,
433.1389,
564.5328,
17851.44,
3843.813,
595.9025,
0,
0,
859.4985,
1555.923,
1187.038,
869.9709,
879.6735,
169.5346,
2012.53,
974.6887,
9617.652,
132.8475,
11724.89,
2564.613,
2716.396,
318.5988,
587.8538,
4408.132,
533.9087,
2093, 
3317.627,
5517.747,
432.2272,
566.3375,
17959.96,
3851.711,
603.6572,
0,
0,
874.1055,
1555.817,
1191.417,
865.9132,
886.3665,
170.9979,
2047.089,
979.9257,
9623.936,
133.0944,
11723.77,
2582.219,
2728.653,
317.8847,
593.187,
4427.089,
530.8292,
2094, 
3325.582,
5496.097,
432.1936,
568.5751,
18068.51,
3858.483,
613.8021,
0,
0,
889.056,
1556.415,
1195.829,
862.1811,
893.0009,
172.3421,
2079.515,
984.9566,
9630.082,
133.3444,
11717.42,
2601.035,
2740.411,
317.1447,
600.6929,
4445.092,
514.925,
2095, 
3333.209,
5482.402,
433.0536,
569.6862,
18180.94,
3865.313,
622.8823,
0,
0,
904.1619,
1557.656,
1200.287,
859.41,
899.5923,
173.6457,
2109.766,
990.1229,
9634.688,
133.5921,
11714.17,
2620.454,
2752.259,
316.4292,
610.4945,
4462.944,
500.0445,
2096, 
3340.947,
5466.957,
435.3248,
571.5779,
18296.38,
3873.335,
632.8488,
0,
0,
919.2595,
1559.109,
1204.473,
855.9171,
906.2873,
175.4586,
2137.526,
988.1424,
9641.131,
133.1935,
11716.82,
2639.917,
2763.129,
315.3891,
620.8458,
4472.251,
497.6625,
2097, 
3347.691,
5453.202,
438.5291,
573.2475,
18409.83,
3883.131,
641.6881,
0,
0,
933.3807,
1560.868,
1208.668,
852.447,
913.0272,
178.2974,
2162.436,
985.4199,
9651.329,
132.7988,
11720.64,
2659.706,
2773.821,
314.3388,
634.2152,
4479.375,
494.6794,
2098, 
3353.199,
5442.206,
442.4968,
575.5821,
18514.77,
3895.04,
649.0711,
0,
0,
946.5873,
1563.264,
1212.859,
848.7554,
919.812,
181.2365,
2186.318,
981.9103,
9659.322,
132.4045,
11728.25,
2680.36,
2784.638,
313.2979,
649.4598,
4482.952,
458.7157,
2099, 
3358.182,
5435.492,
446.256,
576.3698,
18616.46,
3912.277,
654.8873,
0,
0,
958.9012,
1566.05,
1217.252,
845.0015,
926.6216,
184.1363,
2209.826,
977.8561,
9664.59,
132.0094,
11740.72,
2701.951,
2795.805,
312.2562,
665.272,
4481.639,
452.0643,
2100, 
3362.257,
5434.237,
449.6934,
578.3549,
18714.23,
3934.056,
659.0383,
0,
0,
969.8218,
1568.413,
1221.609,
840.4653,
933.473,
186.885,
2233.161,
973.2888,
9670.704,
131.6156,
11749.42,
2724.48,
2806.624,
311.2217,
681.0811,
4475.457,
445.2379];
