real main.em.dem.agr.frt.Pprod2[27](t) = [1971, 
550114.1,
4036719,
212472.5,
12696.24,
319559.9,
52467.7,
501895.8,
19234.84,
0,
301224.6,
5599707,
1946482,
65061.39,
1088583,
606120.5,
1910239,
159314.5,
363092,
206405,
1406370,
88510.22,
0,
568590.1,
1085292,
3893.177,
85782.05,
2.118983e+07,
1972, 
648058.4,
4659998,
241188.5,
13207.01,
453923.2,
66697.68,
581177.8,
22288.35,
0,
365538,
5923586,
2070639,
83715.19,
1196178,
675843.3,
2106890,
177581.9,
359963.1,
218737.5,
1611371,
97602.53,
0,
616499.8,
1445605,
4601.752,
74035.09,
2.371493e+07,
1973, 
750560.5,
5108400,
269130.9,
15332.33,
382759.8,
68415.44,
586358.8,
21283.4,
0,
334634.2,
6269514,
2202055,
97544.21,
1303265,
728808.1,
2295711,
224851.6,
357613,
239892.8,
1860076,
107146.5,
0,
690585.4,
1476368,
4302.74,
83366.15,
2.547797e+07,
1974, 
734340.6,
4723858,
256640.7,
17245.88,
486233.3,
75982.76,
602335,
27660.53,
3.490046,
328935.1,
5462942,
2268949,
78353.55,
1459465,
793297,
2554826,
230128.2,
284958.7,
288132.2,
1611766,
114575.4,
12694.76,
621044.7,
944892.3,
7023.302,
76212.08,
2.406249e+07,
1975, 
729393.5,
5462645,
323428.6,
14642.61,
579316.3,
60334.2,
653585.9,
34684.2,
7.677585,
358372.2,
5315458,
2362909,
152980.5,
1767409,
933805.9,
3076876,
253538.5,
332861.7,
314793.8,
1680450,
111360.9,
23682.4,
568212.3,
1003068,
15654.85,
74855.3,
2.620433e+07,
1976, 
724755.5,
5967862,
278379.8,
15534.71,
814818.8,
75611.02,
728002.6,
41873.43,
10.13346,
374895,
5689489,
2482635,
277831.1,
1766693,
940361.9,
3085025,
235324.9,
432627.7,
271954,
1224648,
100024.1,
32084.64,
633333,
1210555,
23542.56,
78991.16,
2.750686e+07,
1977, 
846220.9,
5688811,
280138.7,
13946.82,
1038160,
75428.98,
797672.8,
32576.65,
12.61934,
356009.7,
5739775,
2594807,
351962.8,
1856404,
983450.1,
3238183,
247779.7,
525808.4,
363795.4,
1636859,
111220.5,
41160.99,
665701.8,
1434802,
39552.37,
76197.62,
2.903644e+07,
1978, 
820725.4,
6350938,
285246.3,
13765.15,
1092604,
80923.95,
806557.6,
28385,
13.07468,
407366.5,
6239752,
2692727,
479638.2,
1967257,
1028616,
3422977,
213172.7,
737921.8,
383113,
1178242,
131196.1,
64688.06,
684548.6,
1227755,
54052.59,
72977.2,
3.046516e+07,
1979, 
738174.8,
6337509,
258895.9,
12590.6,
1290240,
103424.9,
882251.4,
27793.44,
17.03583,
446940.6,
6286529,
2711507,
452123.2,
1974557,
1026319,
3447335,
324859.9,
708024.3,
430936.7,
1916392,
108718.4,
86694.88,
727208.1,
1246241,
70072.66,
61952.91,
3.167731e+07,
1980, 
746481.1,
6531338,
258902.6,
12844.18,
1644369,
99033.68,
967756.6,
29967.96,
30.99565,
468026.2,
5725247,
2532442,
386864.6,
1834920,
951533.3,
3198409,
364120.9,
798821.9,
442416.7,
2473984,
95015.45,
183317.7,
598146,
1082512,
84053.67,
83933.5,
3.159449e+07,
1981, 
700739.9,
6124725,
335594.6,
12751.36,
1154608,
81076.85,
983491.9,
27216.38,
49.54093,
561507.7,
5350928,
2769002,
421865.6,
1900482,
963859.9,
3297293,
334862,
885251.9,
474146,
2634707,
89210.64,
245517.3,
604549.4,
1024616,
95729.38,
76582.7,
3.115036e+07,
1982, 
673405.9,
5634106,
347902.7,
10902.65,
1127486,
84020.57,
1018644,
24802.43,
41.74059,
517040.6,
5296882,
2694477,
503619.6,
1944837,
970946.3,
3366166,
440736.4,
887735.1,
454014.3,
2685343,
81541.53,
368903.9,
613313.8,
901531.9,
119275,
65110.73,
3.083278e+07,
1983, 
687789,
6686155,
266396.6,
11251.16,
999533.7,
83299.41,
1126378,
22017.34,
56.88784,
403234.9,
5339905,
2884477,
617122.2,
2024071,
998140.9,
3504423,
500436.6,
1044945,
525773.8,
3042267,
87041.23,
369548.9,
644594.6,
857707.4,
139258.9,
64542.17,
3.293037e+07,
1984, 
687634.6,
6703804,
316012.9,
11573.9,
1496729,
100899.4,
1307214,
31287.57,
45.26182,
431743.3,
5055673,
2968465,
519773.9,
2028469,
1023534,
3641663,
573048.2,
1366293,
544056.4,
3063796,
91749.32,
422513,
624461.3,
820212.3,
148366.1,
55711.01,
3.403472e+07,
1985, 
605295.1,
6352325,
350081.8,
10925.63,
1219753,
111625.1,
1431003,
33385.68,
39.49941,
381578.6,
4811129,
2773784,
434436.4,
2242935,
1149176,
4162285,
617470.7,
1532588,
535220.3,
2262973,
103205.5,
465321,
569621.5,
713890.8,
153878.7,
64099.81,
3.308803e+07,
1986, 
570923.2,
6378930,
363034.4,
11443.69,
1510566,
126739.3,
1567618,
37215.68,
42.21505,
356319.1,
4703409,
2864817,
461126.7,
2375381,
1252073,
4590353,
631558.9,
1635527,
555912.8,
2283721,
116404.5,
525748.3,
562934,
673894.8,
171663.8,
58303.78,
3.438566e+07,
1987, 
544692.1,
6842110,
392435.6,
11774.25,
1447328,
136437.3,
1752265,
40872.27,
40.16344,
302724.7,
4541528,
2685783,
504914.3,
2363090,
1283850,
4757386,
706750.6,
1293518,
584029.4,
3393864,
119892.2,
535788.9,
548294.2,
734334.8,
165694.4,
63833.19,
3.575323e+07,
1988, 
511361.8,
7219438,
359656.9,
11257.25,
1311266,
129657.9,
1907741,
55165.45,
38.34657,
343034.8,
4334490,
2730229,
410946.6,
2299875,
1281645,
4817301,
797887.8,
1859062,
599761.9,
3909426,
153669.6,
595502.2,
496590.3,
654337.3,
168916.6,
61859.65,
3.702012e+07,
1989, 
491327.1,
7597817,
330497.1,
10371.2,
1101174,
106826.3,
1957733,
59461.96,
32.24147,
318943.6,
4129549,
2692146,
487935.3,
2122024,
1220307,
4660160,
851215.3,
2138289,
631132.1,
4000027,
157969.8,
581872.6,
475214,
640564.1,
170581.2,
57841.19,
3.699101e+07,
1990, 
450929.2,
7562129,
356241.8,
9502.354,
992335,
91315.24,
2052143,
68184.96,
24.98507,
308901.9,
3578041,
1810762,
493032,
1712583,
1292095,
4807959,
935920.2,
2213919,
605257.6,
4448922,
210899.8,
577431.4,
428862.9,
431406.5,
168909,
53542.94,
3.566125e+07,
1991, 
446379,
7861217,
370134.5,
8320.208,
1022763,
84864.13,
2157731,
75971.45,
15.09365,
299149.3,
3201115,
932570.3,
472435.3,
1394409,
1048484,
4092324,
838842.3,
2337348,
606101.3,
5549251,
212490,
578093.2,
410778.2,
463170.3,
164081.7,
54551.93,
3.468259e+07,
1992, 
448151,
7999608,
297561.3,
6190.735,
1051815,
78554.73,
2125589,
85366.05,
7.868356,
283730.8,
2783584,
856042.8,
486433.9,
670241.6,
739530.9,
2105258,
929224.3,
1985498,
563310.1,
5284309,
245013.2,
596785.3,
390656.3,
519817,
179421.5,
50299.01,
3.0762e+07,
1993, 
440294,
8045592,
322701.5,
6365.653,
1223908,
81530.3,
2167092,
105554.4,
0,
341198.7,
2615250,
790258.9,
562041.2,
380180.7,
577940.5,
1465293,
811259.9,
1842800,
558410.6,
4240969,
297921.8,
546458.8,
384038.8,
475042.1,
155477.7,
48633.93,
2.848621e+07,
1994, 
425681.5,
8034370,
354683.6,
5264.265,
1368852,
76554.35,
2237645,
58990.71,
0,
293598,
2629055,
790257.7,
318221.2,
152291.6,
254473.7,
1011146,
871549.6,
2081720,
479101.9,
5699275,
331333.8,
515996.3,
359258.9,
530467.2,
145790.8,
40881.56,
2.906646e+07,
1995, 
425454.5,
8236976,
161757.3,
6020.289,
1069558,
75794.48,
2330711,
61536.96,
0,
293330.3,
2460030,
923571.8,
416414.7,
143181,
237046,
1286575,
823381.8,
2105432,
485154.4,
7044262,
444352.5,
377877.5,
311353.2,
586764.2,
160231.9,
48398.47,
3.051516e+07,
1996, 
435245.5,
8210365,
248793.9,
5232.758,
1126839,
97132.58,
2363337,
46338.82,
0,
307952.3,
2546279,
970832.6,
417058.7,
151551.8,
296536.4,
1494333,
907320.8,
2213502,
463348.3,
6520766,
490230.6,
320149.4,
290273.3,
635710.7,
134605.9,
53911.38,
3.074765e+07,
1997, 
423779.6,
8324161,
189414,
5115.836,
1270228,
92969.03,
2508870,
48959.89,
0,
285152.1,
2367115,
955131.4,
429295.3,
127255.5,
222786.4,
1677521,
918258.6,
2973470,
480185.9,
7572034,
523647.2,
266139.4,
271739.7,
670039.4,
163072.1,
64070.53,
3.283041e+07,
1998, 
375628.1,
7795288,
195452.3,
3976.867,
1228900,
87787.12,
2475431,
50879.09,
0,
277494.9,
2269107,
939870.9,
509156,
105178.9,
210662.8,
1793796,
962269.5,
3191477,
436010.1,
7843675,
550402.7,
336189,
247815.1,
713692.7,
153661.8,
65077.87,
3.281888e+07,
1999, 
357952.4,
7681807,
180539.9,
3063.619,
1130478,
80723.64,
2499550,
48532.92,
0,
292270.7,
2164057,
915257.7,
465669.7,
52782.16,
200230.9,
1906505,
1024341,
3799485,
449414.7,
7505423,
592692.7,
295414.2,
241292.1,
778517.4,
193120.8,
70808.39,
3.292993e+07,
2000, 
316752,
7326098,
162919.1,
2465.815,
1189253,
75747.68,
2406677,
39200.32,
0,
255621.4,
1861065,
925548.6,
497054.4,
75073.89,
175588.9,
2092541,
1114987,
3436916,
403215.5,
7206836,
593537.6,
236642.9,
237557.3,
808152.5,
215761,
80813.59,
3.173602e+07,
2001, 
300100.1,
7514820,
173492.6,
1789.719,
1279469,
75849.32,
2432931,
36218.13,
0,
278716.5,
1762580,
1045776,
345311.8,
59972.64,
190484.5,
2326692,
1020178,
3611489,
347373.1,
7661961,
622267.2,
244438.9,
199674.5,
899349.9,
207134.3,
64500.75,
3.270257e+07,
2002, 
294940.8,
6817728,
125330.3,
476.1627,
1354927,
51998.84,
2356042,
33523.48,
0,
338847.6,
1692468,
1062456,
349162.1,
54324.12,
213658.7,
2433561,
1048270,
3378759,
384156.7,
8553289,
595182.4,
309557.1,
173797,
819208.3,
208932.9,
126580.6,
3.277718e+07,
2003, 
291982.5,
7250965,
76211.3,
0,
1665306,
63740.61,
2569521,
42543.62,
0,
278928.3,
1681127,
1117983,
405052.3,
38092.96,
170974.8,
2779933,
1124649,
3525317,
288386.7,
8974540,
714721.7,
283660.9,
197592.1,
845294.8,
201569.2,
112359.7,
3.470045e+07,
2004, 
253555.1,
7306143,
125943.5,
0,
1742590,
82525.81,
2693476,
38550.38,
181.1878,
308746.6,
1603624,
1155141,
437572.3,
54596.33,
192981,
2888092,
1240991,
3877279,
292605.7,
9921719,
783650.3,
339876.5,
194424.2,
845931.2,
248984.3,
82804.37,
3.671198e+07,
2005, 
265264.5,
6835847,
206688.8,
0,
1247912,
91712.98,
2564390,
27816.39,
265.2953,
232192.3,
1391457,
1169321,
447749.8,
73955.69,
130809.6,
2667546,
1345677,
4294394,
294712.8,
1.018212e+07,
640659.6,
351351.8,
186213.7,
801736,
310856.6,
72952.87,
3.58336e+07,
2006, 
195684.1,
6740809,
224867.4,
0,
1420366,
108307,
2563974,
27925.81,
392.2317,
274251.4,
1360445,
1105215,
453752,
124195.3,
124267.2,
2695907,
1592947,
4447944,
222153.2,
1.070805e+07,
658144.4,
385656.4,
176186.7,
737946.8,
362313.3,
73036.7,
3.678473e+07,
2007, 
281425.5,
6624531,
205421.9,
0,
1818511,
144643.8,
2591257,
15967.8,
711.3516,
257782.3,
1393648,
1202514,
386146.1,
166548,
120999.7,
2706534,
1525772,
4341840,
231708.8,
1.082141e+07,
717787.4,
387242.3,
168416,
746212.7,
231807.2,
42929.01,
3.713176e+07,
2008, 
226557.5,
5248630,
159998,
0,
1452601,
134419.8,
2302255,
9454.893,
889.8477,
231665.9,
742492.6,
980636.8,
245900.7,
186582.9,
116242.6,
2294242,
1322218,
4928938,
161180.5,
1.02553e+07,
678064.6,
306782,
124795.8,
608624.9,
236401.8,
36512.28,
3.299139e+07,
2009, 
231997.3,
6027872,
261598.2,
0,
1843149,
133070.1,
2435992,
6660.857,
1104.766,
243598.2,
937895.6,
949259.7,
468762.4,
207337.1,
91526.14,
2467939,
1277749,
5466343,
140794,
1.140335e+07,
671981.9,
302732.4,
127806.6,
512774.7,
380302.9,
24788.7,
3.661638e+07,
2010, 
265022.6,
6287956,
317417.3,
0,
1915484,
169866.3,
2718117,
7287.903,
1503.465,
216390.3,
987227.1,
985184.2,
410362.1,
238343.6,
96845.09,
2524796,
1213391,
5881376,
132986.6,
1.354131e+07,
660418.9,
334224.2,
130642.1,
615761.1,
397839.2,
24481.14,
4.007424e+07,
2011, 
300058.9,
6588663,
343972.4,
0,
2198562,
194768.7,
2820615,
5619.315,
1791.832,
229363.7,
982154.4,
933125.5,
368262.6,
243595.3,
81341.09,
2550129,
1263005,
5710428,
117715.5,
1.421825e+07,
524985.6,
422598.8,
134550.5,
665873.7,
447695.7,
19409.21,
4.136653e+07,
2012, 
313613.6,
6910433,
461943.8,
0,
2014869,
184965.4,
2716177,
4221.331,
2153.106,
226362.3,
1018652,
965941.6,
400548.3,
231741.6,
73158.05,
2372317,
1507503,
4678114,
125263.7,
1.477275e+07,
622524.8,
475903.7,
103282.5,
625595.9,
502132,
9079.256,
4.131924e+07,
2013, 
322608.7,
6842489,
485082.3,
0,
2180930,
201882.3,
2844939,
0,
2535.364,
221636,
1045183,
939480.1,
469106.2,
239982.5,
63140.5,
2364814,
1588158,
3880931,
87637.34,
1.437702e+07,
730650.2,
568831.1,
99768.13,
584029.6,
575947.1,
0,
4.071678e+07,
2014, 
383549.7,
6874888,
506459.3,
0,
2275218,
200671.4,
2940455,
0,
3464.786,
232850.5,
1095848,
893936.8,
442154,
227055.9,
68315.08,
2446717,
1660591,
3944448,
87701.38,
1.462784e+07,
696815.3,
582263.5,
109208.1,
663058.4,
591799.2,
0,
4.155531e+07,
2015, 
376287.7,
6650012,
555326.9,
0,
2067806,
182063.6,
2865768,
0,
2564.843,
225042.7,
1081027,
936550.7,
441544.9,
212958.8,
68373.36,
2399453,
1540434,
4097041,
85768.16,
1.444555e+07,
710174.5,
569981.6,
100687,
677051,
610062.7,
0,
4.090153e+07,
2016, 
370955.1,
6779581,
556921.6,
0,
2163039,
201062.5,
2962759,
0,
3041.494,
231739.6,
1034272,
954200.3,
441159.4,
219074.3,
71871.34,
2510675,
1600009,
4249839,
86071.41,
1.473875e+07,
730268.3,
627194.6,
103946.1,
674165.4,
660138.2,
0,
4.197074e+07,
2017, 
381463.3,
6790847,
551930.9,
0,
2270787,
209825.7,
3041822,
0,
3444.859,
229408.2,
988553.4,
957392.4,
447469.8,
226024.9,
74218.97,
2604637,
1667964,
4349655,
86942.26,
1.499147e+07,
745424.1,
653539.1,
107139.9,
648026.7,
685735.1,
0,
4.271372e+07,
2018, 
391184.6,
6839554,
549593.4,
0,
2372260,
215676.8,
3096804,
0,
3897.691,
237335.4,
941452.6,
974698.6,
450350.9,
230243.3,
76928.21,
2693787,
1725539,
4494631,
87601.14,
1.510071e+07,
752085.6,
681939.7,
106982.4,
616615.8,
708225.4,
0,
4.33481e+07,
2019, 
394070,
6661224,
542264.5,
0,
2505839,
222768.2,
3183602,
0,
4355.524,
249105.1,
911806.9,
978511,
453556.4,
234111.6,
78269.89,
2780309,
1790106,
4669791,
89187.41,
1.52742e+07,
767542.5,
714357.7,
107930.3,
583117.9,
723754.4,
0,
4.391978e+07,
2020, 
398522.7,
6544171,
533153.6,
0,
2607897,
229919,
3243929,
0,
4882.941,
249549.1,
872021.6,
983133.6,
453412.8,
239678.6,
80202.8,
2844966,
1857579,
4858288,
91034.16,
1.542259e+07,
775283.8,
736194.6,
108333.8,
502012.7,
736112.7,
0,
4.437286e+07,
2021, 
385949.7,
6527896,
526879.3,
0,
2614336,
231393.5,
3272494,
0,
5227.179,
248661.3,
836039.2,
979192.3,
467610.5,
233366.6,
82956.49,
2876858,
1879370,
4917289,
92093.43,
1.547712e+07,
774567.3,
760407.1,
107991.3,
501347,
752754.7,
0,
4.45518e+07,
2022, 
366846.1,
6533926,
520008.2,
0,
2601921,
231683.4,
3289607,
0,
5566.781,
249363,
797070.4,
972866.3,
479261.6,
225736.3,
85358.6,
2898650,
1889671,
4977497,
93077.67,
1.551339e+07,
772737.8,
783058,
107642.7,
500131,
768946.9,
0,
4.466402e+07,
2023, 
344643.9,
6567361,
513127.3,
0,
2570551,
231173,
3304229,
0,
6238.361,
251609.5,
755772.4,
965010.6,
488076.4,
217249.4,
87713.44,
2918016,
1899079,
5037235,
94046.25,
1.554562e+07,
770321.1,
804272.8,
107288.4,
498948.2,
784567.4,
0,
4.476215e+07,
2024, 
322185.5,
6621105,
506116,
0,
2518105,
229826.2,
3313921,
0,
7074.746,
255132,
713532.7,
955955.7,
495288.8,
208263.6,
90058.94,
2932947,
1905953,
5095959,
94981.62,
1.556967e+07,
766711,
823382,
106928.6,
495327.7,
799577,
0,
4.4828e+07,
2025, 
330520.8,
6585940,
517789.4,
0,
3034447,
263156.3,
3542166,
0,
9220.686,
374600.5,
874921.9,
1007103,
569817.9,
253001.3,
123840.9,
3233590,
1941230,
5338845,
114778.8,
1.434221e+07,
823419.8,
715648.2,
104725.3,
591325.8,
786579.1,
0,
4.547888e+07,
2026, 
340944.3,
6662551,
527575.1,
0,
2894292,
269388.2,
3562172,
0,
9608.81,
381088.7,
861138.1,
1014679,
570407.9,
258420.2,
126390,
3253676,
1970074,
5434039,
116238.5,
1.454498e+07,
849792.9,
733357.8,
105354.5,
583764.6,
812646.1,
0,
4.588258e+07,
2027, 
350230.1,
6740961,
538041.4,
0,
2745592,
275747.3,
3590927,
0,
9985.405,
388427.8,
847091.1,
1022609,
568951.3,
263942.2,
129117.6,
3281171,
1994626,
5530279,
117772.9,
1.477048e+07,
875445.2,
753092.9,
105986.7,
576185.8,
839022.6,
0,
4.631568e+07,
2028, 
358288.7,
6818873,
548935.1,
0,
2602496,
282214.2,
3624807,
0,
10477.56,
396943.1,
832957.9,
1030770,
567929.4,
269589,
132345.4,
3313040,
1993698,
5627920,
119360,
1.501339e+07,
899040.4,
788601.4,
106626.4,
571292.3,
868281.4,
0,
4.677787e+07,
2029, 
366056,
6897082,
560812,
0,
2493834,
289104.6,
3670918,
0,
10920.13,
406853.2,
818842.6,
1039435,
560934.3,
275351,
133432,
3355543,
2002932,
5726597,
121057,
1.528821e+07,
920509.6,
825905.8,
107271.7,
568305,
900903.1,
0,
4.734081e+07,
2030, 
373457.8,
6976435,
573667.7,
0,
2422101,
296225.2,
3728836,
0,
11281.32,
417666.4,
803924.1,
1048598,
561315.6,
281239.7,
137211.5,
3408195,
2022080,
5825057,
122849.8,
1.559759e+07,
941484.8,
864843.9,
107920,
568580.9,
939109.9,
0,
4.802967e+07,
2031, 
384275.9,
7017669,
587451.1,
0,
2529198,
306228.8,
3803244,
0,
11260.81,
429460.8,
803043.2,
1059708,
566893.9,
289289.7,
140291.5,
3494425,
2056570,
5885480,
124969.1,
1.593845e+07,
955579.1,
888808.6,
107827.4,
581494.9,
972329.9,
0,
4.893395e+07,
2032, 
396167.8,
7056451,
601833.9,
0,
2649741,
316690.1,
3883163,
0,
11320.85,
441194.8,
801771.1,
1070949,
574576.9,
297420.5,
143829.7,
3585055,
2102463,
5946401,
127148.8,
1.631029e+07,
970208.9,
913545.2,
107738.8,
598870.9,
1007300,
0,
4.991413e+07,
2033, 
409091.6,
7082572,
615441.7,
0,
2779660,
327518.3,
3949775,
0,
11443.27,
451713.5,
799323.6,
1081661,
581893.6,
305654.3,
146768.1,
3664174,
2171327,
6007191,
129258.5,
1.667835e+07,
984005.1,
938955.8,
107658.3,
618332,
1034132,
0,
5.08759e+07,
2034, 
422748.3,
7125266,
630267.4,
0,
2917620,
338677.3,
4034155,
0,
11737.69,
462095.7,
796263.4,
1092557,
588996.6,
313977.6,
152765.3,
3758312,
2255121,
6068119,
131511.2,
1.708923e+07,
997167.3,
965125.9,
107583.9,
639312.6,
1050524,
0,
5.194914e+07,
2035, 
436967.4,
7170546,
644485.3,
0,
3059294,
350155.3,
4114462,
0,
12047.73,
471683.7,
793292.8,
1103206,
596039.4,
322424.2,
154656.6,
3848821,
2347467,
6129011,
133760.6,
1.749651e+07,
1009640,
991998.1,
107515.6,
664604.3,
1056549,
0,
5.301514e+07,
2036, 
454347.7,
7221670,
657621.3,
0,
3204493,
361956.9,
4191024,
0,
12341.66,
481974.8,
789509.4,
1112235,
600596.6,
329241.7,
155577.3,
3932706,
2443041,
6176516,
135985.4,
1.786894e+07,
1018705,
1007541,
107741.7,
707338.2,
1058260,
0,
5.402936e+07,
2037, 
472358.4,
7284284,
671789.5,
0,
3336578,
373946.5,
4281416,
0,
13783.17,
492064.9,
785398.1,
1121426,
604193.8,
336066.5,
155940,
4032727,
2545761,
6221209,
138370.6,
1.825699e+07,
1025535,
1025965,
107974.5,
768950.3,
1066119,
0,
5.511885e+07,
2038, 
491233.9,
7358148,
686806.3,
0,
3453690,
386045.8,
4381760,
0,
15505.17,
501866.8,
781873.1,
1131024,
608252.6,
342913.3,
156848,
4141943,
2641216,
6263637,
140853.6,
1.864425e+07,
1030235,
1046910,
108214.2,
838949.6,
1083755,
0,
5.623593e+07,
2039, 
510316.5,
7423147,
701121.6,
0,
3554872,
398227.4,
4469267,
0,
17184.21,
510682.9,
778132.9,
1140242,
611197.9,
349801.6,
156363.7,
4239591,
2722051,
6303624,
143255.9,
1.89898e+07,
1033059,
1074959,
108454.4,
914098.1,
1106641,
0,
5.725609e+07,
2040, 
529284.2,
7490081,
719696.4,
0,
3643748,
410381.3,
4562107,
0,
18673.59,
514370.2,
774439,
1149477,
611885.9,
356694,
155584,
4339520,
2793404,
6340706,
145705.2,
1.933096e+07,
1035839,
1104263,
108701.3,
984738.6,
1131411,
0,
5.825166e+07,
2041, 
550238.8,
7560993,
739002.5,
0,
3754466,
422619.9,
4654905,
0,
19576.44,
515458.2,
772121.6,
1157151,
611128.4,
361991.1,
152821.9,
4434225,
2850401,
6375572,
147465.3,
1.965608e+07,
1037668,
1152814,
109059.3,
1025613,
1144449,
0,
5.920582e+07,
2042, 
572436.2,
7620901,
758301.4,
0,
3865545,
434602.3,
4732963,
0,
20362.95,
513692.2,
770194.9,
1164518,
610354.8,
367380.8,
148891.6,
4509917,
2896522,
6409597,
149120.4,
1.994495e+07,
1039913,
1191792,
109422.5,
1041374,
1151303,
0,
6.002406e+07,
2043, 
596005.1,
7669850,
777875.9,
0,
3980111,
445865.8,
4796751,
0,
21059.95,
510159.4,
768450.7,
1171639,
610409.4,
372764,
143942.1,
4572304,
2935609,
6442376,
150714,
2.020802e+07,
1043035,
1230823,
109788.7,
1036807,
1153206,
0,
6.074756e+07,
2044, 
621291.9,
7723528,
798706.4,
0,
4100830,
456139.9,
4863451,
0,
21725.12,
506341.8,
767473,
1179309,
610168.6,
378139.2,
138557.8,
4639075,
2977159,
6473957,
152377.3,
2.048395e+07,
1047015,
1264551,
110162.3,
1013064,
1151105,
0,
6.147808e+07,
2045, 
648904.4,
7771613,
816535.9,
0,
4223701,
464351.3,
4926117,
0,
22493.31,
509782.5,
766982.1,
1187161,
610505.5,
383405.1,
133692.2,
4705829,
3019186,
6504740,
154066.4,
2.07571e+07,
1051068,
1299689,
110541.1,
971500.2,
1148017,
0,
6.218698e+07,
2046, 
677852.9,
7792938,
831010.4,
0,
4367483,
470371.6,
4975779,
0,
23164.53,
521306.3,
767092.1,
1194643,
612408.5,
388222.2,
129739.2,
4768437,
3055999,
6533251,
156195.7,
2.100888e+07,
1051210,
1323282,
111131.6,
920759.3,
1141810,
0,
6.282297e+07,
2047, 
708754.5,
7818002,
845249.8,
0,
4513416,
476098.2,
5038096,
0,
24106.39,
538929.1,
767558.6,
1202707,
614356.1,
392948.2,
126430.1,
4846507,
3104547,
6561368,
158443.3,
2.129456e+07,
1051774,
1359121,
111715.6,
865625.9,
1135177,
0,
6.355549e+07,
2048, 
741296.1,
7817342,
857040.8,
0,
4658004,
481849.6,
5090742,
0,
25052.9,
560704.6,
768156.8,
1210606,
614795.9,
397560.9,
123346.2,
4918628,
3144856,
6588909,
160639.6,
2.157184e+07,
1053191,
1396251,
112289.2,
811508.6,
1128767,
0,
6.423338e+07,
2049, 
774678,
7829332,
866688.4,
0,
4795583,
487579.6,
5161608,
0,
25987.56,
587111.3,
768872.3,
1219251,
615847.6,
402057,
120743.9,
5011182,
3193282,
6616810,
163013.7,
2.191459e+07,
1055874,
1434560,
112855.9,
758385.2,
1122989,
0,
6.503888e+07,
2050, 
807856.1,
7850330,
871800.7,
0,
4930764,
493550.7,
5214649,
0,
26858.87,
606548.4,
766949.4,
1227768,
617588.6,
406462.1,
118016.8,
5091225,
3227980,
6646110,
165303.4,
2.224216e+07,
1060437,
1474258,
113417.2,
714691.3,
1115246,
0,
6.578996e+07,
2051, 
821410.4,
7873304,
861741.1,
0,
4930432,
491092.1,
5207745,
0,
27441.35,
615802.6,
765457.8,
1228764,
619842.7,
408261.2,
116054.7,
5118970,
3211136,
6644613,
165351,
2.22114e+07,
1055375,
1474407,
112685.2,
683852.8,
1101100,
0,
6.574624e+07,
2052, 
833584.4,
7908486,
849342.3,
0,
4929158,
488687.6,
5182608,
0,
27626.32,
618537.8,
763490.3,
1229284,
622407.4,
409841.7,
114003.4,
5130937,
3180969,
6644678,
165272.8,
2.215166e+07,
1051611,
1474764,
111947.9,
658142.4,
1090558,
0,
6.563759e+07,
2053, 
844522.7,
7967485,
836758.3,
0,
4933260,
486229.5,
5163324,
0,
27681.27,
616433.3,
761402.3,
1229992,
625601.7,
411327.1,
111940.1,
5148269,
3156420,
6646897,
165229.7,
2.210556e+07,
1048898,
1475500,
111195.7,
635171.7,
1084045,
0,
6.559314e+07,
2054, 
854258.6,
8034977,
825688.7,
0,
4946854,
483937.4,
5152393,
0,
27670.9,
610047.1,
758942.7,
1230769,
629286.1,
412737.3,
109915.4,
5169200,
3136563,
6646097,
165202,
2.205929e+07,
1046206,
1480631,
110446,
615022.4,
1083875,
0,
6.559001e+07,
2055, 
863555.6,
8094086,
816323.8,
0,
4972277,
481997.1,
5150352,
0,
27544.27,
606339.2,
759085.7,
1231611,
633283,
414093.3,
108228,
5195772,
3125055,
6644262,
165214.7,
2.203058e+07,
1042989,
1484710,
109688.6,
594631.3,
1089757,
0,
6.564143e+07,
2056, 
872171,
8128003,
809156.9,
0,
5030471,
481336.9,
5148176,
0,
26871.63,
603593.1,
759250.4,
1232178,
635832.1,
415498.4,
107113,
5219538,
3116906,
6642799,
165267.1,
2.199838e+07,
1040582,
1485994,
108800.2,
571636.9,
1104043,
0,
6.570359e+07,
2057, 
880617.6,
8162936,
803502.4,
0,
5100829,
480336.1,
5156850,
0,
26298.89,
603129.3,
759676.9,
1232920,
638255.8,
416973,
106368.7,
5249526,
3116120,
6641615,
165373.5,
2.198876e+07,
1037803,
1486998,
107902.5,
548477.1,
1121971,
0,
6.583324e+07,
2058, 
888868.9,
8186829,
797910.8,
0,
5178893,
479641.1,
5155624,
0,
25014.31,
604463.7,
760014.6,
1233256,
640282.6,
418486.5,
105758.2,
5267216,
3111185,
6642488,
165393.9,
2.19639e+07,
1034489,
1488098,
107012.2,
525866.6,
1142453,
0,
6.592314e+07,
2059, 
897140.4,
8203224,
794096.1,
0,
5266276,
479607.3,
5147581,
0,
23255.43,
608010.6,
760513.7,
1233326,
641954.3,
420041,
105228.6,
5277423,
3104708,
6650740,
165371.2,
2.193445e+07,
1031370,
1485419,
106118.4,
503674.8,
1161929,
0,
6.600145e+07,
2060, 
904341.4,
8214242,
791777.4,
0,
5361419,
479896.1,
5134451,
0,
21187.93,
613444.7,
760936.6,
1233344,
643165.4,
421681,
104834.3,
5281059,
3097248,
6664745,
165316,
2.18977e+07,
1029001,
1484247,
105220.7,
481562,
1179918,
0,
6.607074e+07,
2061, 
910025.1,
8236634,
789119.7,
0,
5465572,
478951.1,
5119693,
0,
19154.51,
622997.4,
761931.1,
1233947,
643073.3,
424113.7,
104294.6,
5286647,
3092937,
6678530,
165491.8,
2.185292e+07,
1026528,
1486332,
104488.4,
461994.7,
1197184,
0,
6.616256e+07,
2062, 
915171.3,
8255652,
787048.8,
0,
5579759,
478613.2,
5107646,
0,
17156.83,
634393.8,
762842.1,
1234837,
642886.1,
426672,
103747.9,
5293936,
3093362,
6693637,
165688.1,
2.181322e+07,
1024780,
1489288,
103759.5,
444183.1,
1212604,
0,
6.628089e+07,
2063, 
919990.8,
8275338,
784428.8,
0,
5702047,
478559,
5093737,
0,
14960.09,
646817.1,
763692.1,
1235811,
642851.6,
429541.1,
103558.6,
5299420,
3097591,
6712285,
165880.4,
2.176653e+07,
1023807,
1492477,
103023.5,
428553.3,
1226684,
0,
6.640758e+07,
2064, 
924853.7,
8300314,
780340.6,
0,
5829776,
478937.3,
5085980,
0,
12933.54,
659862.1,
764524,
1237079,
644325.9,
432437.7,
103984.7,
5309467,
3108511,
6732853,
166105.4,
2.172338e+07,
1023940,
1495892,
102294.1,
414680.4,
1239767,
0,
6.657224e+07,
2065, 
931219.1,
8328191,
775463.6,
0,
5960079,
479914,
5079859,
0,
10801.18,
672940.4,
765148.3,
1238623,
646859.6,
435360,
104737.7,
5321093,
3123595,
6753771,
166333.8,
2.167347e+07,
1024899,
1499449,
101567.9,
403244.6,
1252133,
0,
6.674875e+07,
2066, 
937907,
8352377,
770625.4,
0,
6085024,
481537.1,
5072433,
0,
8515.541,
685602.9,
765199.9,
1240128,
650871.8,
438667,
105642,
5330770,
3141606,
6776687,
166237.2,
2.160827e+07,
1026043,
1503068,
101046.8,
393536.9,
1262800,
0,
6.69046e+07,
2067, 
946023.8,
8385487,
767184,
0,
6209443,
483890.9,
5066839,
0,
6177.78,
698174.7,
764965.9,
1241819,
656018.6,
441903.1,
106682.8,
5342033,
3160751,
6801552,
166144.3,
2.153618e+07,
1027903,
1506563,
100520.1,
385004.7,
1273007,
0,
6.707426e+07,
2068, 
955332.3,
8419652,
766185.5,
0,
6333226,
486781.4,
5068077,
0,
3951.744,
710842.5,
764478.8,
1243604,
662029.9,
444844.8,
107619.2,
5356300,
3179730,
6824376,
166071.9,
2.146172e+07,
1030126,
1509990,
99993.79,
377510.6,
1282294,
0,
6.725474e+07,
2069, 
965394.8,
8457117,
767452.5,
0,
6455723,
489761.9,
5073300,
0,
2059.275,
723736.4,
763783.6,
1245559,
667441.1,
447764.4,
108241.7,
5376512,
3199891,
6848416,
166041.6,
2.139308e+07,
1032080,
1513332,
99467.26,
370969.5,
1290964,
0,
6.745809e+07,
2070, 
976046.6,
8492583,
770232.3,
0,
6576396,
492972.2,
5083922,
0,
238.2657,
736748.9,
763685.3,
1247563,
672590.6,
450644.3,
108681,
5398423,
3218895,
6872730,
166024.8,
2.13235e+07,
1034078,
1517041,
98930.35,
365327.3,
1299233,
0,
6.766649e+07,
2071, 
985016,
8542919,
774564.4,
0,
6678900,
496266.7,
5121826,
0,
0,
750906.3,
765205.6,
1251319,
676724.7,
452889.2,
108814.3,
5447251,
3250382,
6892882,
165796.4,
2.1292e+07,
1036090,
1521853,
98234.58,
359371.4,
1308895,
0,
6.79781e+07,
2072, 
993447.1,
8586446,
778909.8,
0,
6782313,
499697.2,
5166272,
0,
0,
765230.8,
767298.9,
1255165,
680266.6,
455057.3,
109268.4,
5499610,
3282580,
6911448,
165596.1,
2.126939e+07,
1037137,
1526677,
97535.59,
355428.1,
1318431,
0,
6.83032e+07,
2073, 
1001478,
8622856,
782919.9,
0,
6882708,
503197.5,
5208937,
0,
0,
779528.7,
769829.4,
1258952,
683137.4,
457160.2,
109623,
5551469,
3313398,
6927506,
165392.2,
2.125077e+07,
1037167,
1531530,
96838.05,
353038.1,
1328426,
0,
6.861586e+07,
2074, 
1009077,
8649963,
786567.2,
0,
6982277,
506758,
5255148,
0,
0,
793855.4,
772725.8,
1262613,
685296.3,
459210.6,
109828.2,
5601666,
3341858,
6937849,
165173.3,
2.123527e+07,
1035654,
1536396,
96131.92,
351987.6,
1339362,
0,
6.891467e+07,
2075, 
1015464,
8672688,
789949.2,
0,
7082374,
510196.2,
5299711,
0,
0,
808324.8,
775364.4,
1266499,
686662.7,
461192.9,
109875,
5652008,
3369164,
6943507,
164955.1,
2.12286e+07,
1033429,
1541029,
95432.63,
352075.1,
1351510,
0,
6.921001e+07,
2076, 
1020873,
8689988,
792143.3,
0,
7174415,
513394.5,
5337359,
0,
0,
822850.4,
777444.8,
1269712,
686420.4,
463064.1,
109708.6,
5697203,
3387754,
6940991,
165120,
2.122192e+07,
1027758,
1545102,
94692.13,
353412.5,
1362658,
0,
6.945398e+07,
2077, 
1025627,
8712526,
794068.4,
0,
7259462,
516419.8,
5369114,
0,
0,
837337.3,
779414.2,
1272749,
685750.9,
464926.8,
108932.1,
5740725,
3405865,
6936035,
165263.6,
2.121948e+07,
1019896,
1548474,
93949.11,
354378,
1373560,
0,
6.968395e+07,
2078, 
1029769,
8741489,
795258.5,
0,
7344817,
518938.5,
5396595,
0,
0,
851669.9,
781305.1,
1275671,
684663.4,
466780.6,
107983.5,
5782235,
3423907,
6929814,
165400.9,
2.12218e+07,
1011884,
1551370,
93209.49,
355164.8,
1383978,
0,
6.99137e+07,
2079, 
1033530,
8773305,
795872.3,
0,
7427655,
521110.9,
5422543,
0,
0,
865715,
783225.9,
1278441,
683744.2,
468631.8,
106668.1,
5821788,
3440905,
6920467,
165525,
2.122648e+07,
1003261,
1553884,
92472.58,
355979.5,
1393544,
0,
7.013475e+07,
2080, 
1037035,
8809305,
795763.3,
0,
7504908,
522890,
5445780,
0,
0,
879267.1,
785193.9,
1281056,
683147.9,
470509.6,
105013.3,
5858941,
3456615,
6907123,
165629.2,
2.123063e+07,
993938.5,
1556065,
91728.7,
356965.6,
1402177,
0,
7.033969e+07,
2081, 
1038752,
8836251,
794367.8,
0,
7557060,
523192,
5475326,
0,
0,
890762.9,
789604.2,
1284843,
682180.1,
473221.5,
103060.4,
5896442,
3473900,
6886443,
165793.5,
2.12478e+07,
986125.9,
1558378,
91581.11,
359812.6,
1423374,
0,
7.053827e+07,
2082, 
1040443,
8864400,
791798.9,
0,
7610220,
523189,
5508162,
0,
0,
902028.1,
795021.4,
1288533,
681314.4,
475928.2,
101117.8,
5935539,
3491641,
6864201,
165966.7,
2.127171e+07,
979828.8,
1560759,
91430.7,
363758.2,
1446110,
0,
7.07531e+07,
2083, 
1042122,
8893136,
788907.1,
0,
7663215,
523222.2,
5544080,
0,
0,
913187.4,
801310.5,
1292126,
680776.8,
478664.3,
99168.48,
5977697,
3500960,
6840542,
166144.2,
2.130217e+07,
973530.8,
1562983,
91281.93,
369143.1,
1470821,
0,
7.097518e+07,
2084, 
1043685,
8930869,
785577.9,
0,
7712732,
523570.8,
5575082,
0,
0,
924198.1,
808194,
1295589,
678528.7,
481433,
97536.93,
6019538,
3503616,
6820081,
166302.3,
2.133322e+07,
968520.7,
1551712,
91125.4,
374478.1,
1493499,
0,
7.117908e+07,
2085, 
1045753,
8974070,
782306.8,
0,
7763681,
524401.8,
5604932,
0,
0,
936335.1,
815589.5,
1299062,
675208.2,
484230.4,
96327.81,
6065200,
3506634,
6802833,
166473.4,
2.137703e+07,
964366.4,
1554220,
90975.52,
379714.3,
1510863,
0,
7.142021e+07,
2086, 
1048370,
9018234,
779217.1,
0,
7818531,
525772.4,
5629268,
0,
0,
949565.9,
821405,
1302797,
670819.1,
487182.8,
95764.47,
6114748,
3512796,
6788365,
166674.5,
2.143022e+07,
961712.6,
1557683,
90742.02,
383800.9,
1529886,
0,
7.168355e+07,
2087, 
1051372,
9064446,
777042.9,
0,
7874205,
527475.2,
5652404,
0,
0,
963744,
826534.2,
1306617,
665563.8,
490188.2,
95544.17,
6167427,
3519789,
6776023,
166887.6,
2.149024e+07,
959837.3,
1561834,
90504.76,
387145.3,
1548277,
0,
7.19631e+07,
2088, 
1054713,
9110374,
775479.5,
0,
7929674,
529379,
5672909,
0,
0,
978872.3,
828783.3,
1310478,
659807.9,
493209.4,
95610.21,
6220527,
3526594,
6767051,
167099.3,
2.154562e+07,
959086.8,
1566883,
90269.17,
389203.8,
1564953,
0,
7.223658e+07,
2089, 
1058432,
9158960,
774504.3,
0,
7988962,
531214,
5696574,
0,
0,
995123.3,
829711.5,
1314417,
655367.1,
496240.9,
95964.09,
6275422,
3534091,
6759199,
167321.4,
2.159793e+07,
959259.6,
1586262,
90034.79,
391294.3,
1578573,
0,
7.253486e+07,
2090, 
1062287,
9188264,
773645.4,
0,
8049142,
532757.6,
5720873,
0,
0,
1011389,
829507.4,
1318264,
651505.4,
499271.4,
96591.7,
6326884,
3539147,
6754533,
167519.4,
2.163092e+07,
960245.9,
1592775,
89797.16,
393415.8,
1588599,
0,
7.277734e+07,
2091, 
1065057,
9201128,
773853.4,
0,
8096391,
534197.4,
5738085,
0,
0,
1024921,
828362.2,
1323023,
647375.4,
503189.7,
97349.09,
6377873,
3552793,
6759674,
167873.2,
2.16731e+07,
965651.7,
1599744,
89592.06,
396243.3,
1598647,
0,
7.301412e+07,
2092, 
1067840,
9208961,
774023.8,
0,
8143347,
535418.3,
5758989,
0,
0,
1039413,
826543.4,
1327810,
643957.3,
507080.9,
98178.23,
6427560,
3566238,
6763629,
168227.7,
2.170808e+07,
971963.1,
1607121,
89389.71,
399066.5,
1606697,
0,
7.323954e+07,
2093, 
1070553,
9213346,
774443.7,
0,
8192856,
536518.4,
5786912,
0,
0,
1054723,
826487.1,
1332739,
640953.8,
510939,
99025.63,
6479366,
3581598,
6768048,
168612.8,
2.174596e+07,
978635.8,
1614373,
89189.37,
402686.9,
1613607,
0,
7.348157e+07,
2094, 
1073120,
9204308,
775577.9,
0,
8242372,
537461.7,
5814746,
0,
0,
1070290,
826804.4,
1337633,
638191.3,
514763.4,
99804.09,
6526917,
3595507,
6772370,
168984,
2.177381e+07,
985766.8,
1621329,
88981.73,
407782.3,
1620168,
0,
7.369668e+07,
2095, 
1075581,
9203637,
777643.9,
0,
8293656,
538412.9,
5842091,
0,
0,
1086032,
827463.6,
1342589,
636140,
518562.9,
100559,
6572788,
3609842,
6775609,
169356.8,
2.180588e+07,
993126.3,
1628339,
88780.99,
414436.2,
1626675,
0,
7.39272e+07,
2096, 
1078078,
9202724,
781260.9,
0,
8346320,
539530.5,
5872441,
0,
0,
1101840,
828235.6,
1347331,
633554.5,
522422.2,
101608.9,
6617977,
3618092,
6780140,
169097.9,
2.184794e+07,
1000503,
1634770,
88489.16,
421463.2,
1630067,
0,
7.416389e+07,
2097, 
1080254,
9203552,
785815.6,
0,
8398073,
540894.9,
5901734,
0,
0,
1116674,
829169.9,
1352084,
630986,
526307.3,
103252.8,
6660378,
3625636,
6787312,
168843.3,
2.189131e+07,
1008002,
1641096,
88194.49,
430539,
1632664,
0,
7.440278e+07,
2098, 
1082031,
9201954,
790653.4,
0,
8445944,
542553.8,
5922297,
0,
0,
1130340,
830443.1,
1356634,
628253.4,
530218.3,
104954.8,
6695531,
3628743,
6792933,
168539.3,
2.19244e+07,
1015830,
1647495,
87902.43,
440887.8,
1633968,
0,
7.460251e+07,
2099, 
1083639,
9208436,
795634.7,
0,
8492329,
544954.8,
5946622,
0,
0,
1143299,
831922.8,
1361531,
625474.8,
534143.8,
106634.2,
6734865,
3633978,
6796638,
168271.1,
2.197266e+07,
1024013,
1654102,
87610.18,
451622.1,
1633489,
0,
7.483187e+07,
2100, 
1084954,
9220287,
800285.7,
0,
8536933,
547988.5,
5969154,
0,
0,
1154860,
833178.4,
1366390,
622117.1,
538093.2,
108225.9,
6773918,
3638637,
6800938,
168003.2,
2.20169e+07,
1032551,
1660503,
87319.93,
462354.1,
1631236,
0,
7.505482e+07];
