real main.em.ep.ncl.NuclFuelEff[27](t) = [1971, 
170,
170,
170,
170,
170,
170,
170,
170,
170,
170,
170,
170,
170,
170,
170,
170,
170,
170,
170,
170,
170,
170,
170,
170,
170,
170,
0,
1972, 
170,
170,
170.3448,
170,
170.3448,
170.3448,
170.3448,
170.3448,
170.3448,
170.3448,
170,
170.3448,
170.3448,
170.3448,
170.3448,
170,
170.3448,
170,
170.3448,
170.3448,
170.3448,
170.3448,
170,
170.3448,
170.3448,
170.3448,
0,
1973, 
170.1724,
170.1724,
170.6897,
170.1724,
170.6897,
170.6897,
170.6897,
170.6897,
170.6897,
170.6897,
170.1724,
170.6897,
170.6897,
170.6897,
170.6897,
170.1724,
170.6897,
170.1724,
170.6897,
170.6897,
170.6897,
170.6897,
170.1724,
170.6897,
170.6897,
170.6897,
0,
1974, 
170.3448,
170.3448,
171.0345,
170.3448,
171.0345,
171.0345,
171.0345,
171.0345,
171.0345,
171.0345,
170.3448,
171.0345,
171.0345,
171.0345,
171.0345,
170.3448,
171.0345,
170.3448,
171.0345,
171.0345,
171.0345,
171.0345,
170.3448,
171.0345,
171.0345,
171.0345,
0,
1975, 
170.5172,
170.5172,
171.3793,
170.5172,
171.3793,
171.3793,
171.3793,
171.3793,
171.3793,
171.3793,
170.5172,
171.3793,
171.3793,
171.3793,
171.3793,
170.5172,
171.3793,
170.5172,
171.3793,
171.3793,
171.3793,
171.3793,
170.5172,
171.3793,
171.3793,
171.3793,
0,
1976, 
171.327,
171.3623,
171.7241,
170.5172,
171.7241,
171.3793,
171.7241,
171.7241,
171.7241,
171.7241,
171.3228,
171.3793,
171.7241,
171.7241,
171.3793,
171.3486,
171.7241,
171.2341,
171.7241,
171.7241,
171.7241,
171.7241,
171.3629,
171.7241,
171.3793,
171.7241,
0,
1977, 
171.333,
171.4064,
172.069,
170.5172,
172.069,
171.3793,
172.069,
172.069,
172.069,
172.069,
171.4478,
171.3793,
172.069,
172.069,
171.3793,
171.5026,
172.069,
171.2539,
172.069,
172.069,
172.069,
172.069,
171.4782,
172.069,
171.3793,
172.069,
0,
1978, 
171.6898,
171.503,
172.4138,
170.5172,
172.4138,
171.3793,
172.4138,
172.4138,
172.4138,
172.4138,
171.6004,
171.3793,
172.4138,
172.4138,
171.3793,
171.5482,
172.4138,
171.2856,
172.4138,
172.4138,
172.4138,
172.4138,
171.4801,
172.4138,
171.3793,
172.4138,
0,
1979, 
171.8529,
171.5842,
172.7586,
170.5172,
172.7586,
171.3793,
172.7586,
172.7586,
172.7586,
172.7586,
171.7551,
171.3793,
172.7586,
172.4138,
171.3793,
171.5524,
172.7586,
171.3277,
172.4138,
172.4138,
172.7586,
172.7586,
171.7984,
172.7586,
171.3793,
172.7586,
0,
1980, 
172.0194,
171.5955,
173.1035,
170.5172,
173.1035,
171.3793,
173.1035,
173.1035,
173.1035,
173.1035,
171.9291,
171.6823,
173.1035,
172.4138,
171.3793,
171.7449,
173.1035,
171.3793,
172.4138,
172.5862,
173.1035,
173.1035,
172.048,
173.1035,
171.3793,
173.1035,
0,
1981, 
172.1633,
171.655,
173.4483,
170.5172,
173.4483,
171.3793,
173.4483,
173.4483,
173.4483,
173.4483,
172.1892,
171.6823,
173.4483,
172.4138,
171.3793,
172.0715,
173.4483,
171.4393,
172.4138,
172.5862,
173.4483,
173.4483,
172.0497,
173.4483,
171.3793,
173.4483,
0,
1982, 
172.3306,
171.7886,
173.4483,
170.5172,
173.4483,
171.6534,
173.7931,
173.7931,
173.7931,
173.4483,
172.3811,
172.4267,
173.7931,
172.6927,
171.3793,
172.2091,
173.7931,
172.2115,
172.9527,
172.5862,
173.7931,
173.7931,
172.1927,
173.7931,
171.4298,
173.7931,
0,
1983, 
172.499,
171.9276,
173.6207,
170.5172,
173.6207,
171.9037,
174.1379,
174.1379,
174.1379,
173.6207,
172.5679,
172.8319,
174.1379,
172.9264,
171.3793,
172.3531,
174.1379,
172.6506,
173.2406,
172.5862,
174.1379,
174.1379,
172.3413,
174.1379,
171.486,
174.1379,
0,
1984, 
172.6683,
172.071,
173.7931,
170.5172,
173.7931,
172.1377,
174.4828,
174.4828,
174.4828,
173.7931,
172.7513,
173.1306,
174.4828,
173.1386,
171.3793,
172.5018,
174.4828,
172.9738,
173.4695,
172.5862,
174.4828,
174.4828,
172.4938,
174.4828,
171.5477,
174.4828,
0,
1985, 
172.8381,
172.2178,
173.9655,
170.5172,
173.9655,
172.36,
174.8276,
174.8276,
174.8276,
173.9655,
172.9324,
173.3823,
174.8276,
173.339,
171.3793,
172.6541,
174.8276,
173.2432,
173.6755,
172.5862,
174.8276,
174.8276,
172.6495,
174.8276,
171.6144,
174.8276,
0,
1986, 
173.0084,
172.3676,
174.1379,
170.5172,
174.1379,
172.5737,
175.1724,
175.1724,
175.1724,
174.1379,
173.1119,
173.6091,
175.1724,
173.5321,
171.3793,
172.8094,
175.1724,
173.4832,
173.8701,
172.5862,
175.1724,
175.1724,
172.8076,
175.1724,
171.6858,
175.1724,
0,
1987, 
173.179,
172.5199,
174.3103,
170.5172,
174.3103,
172.7807,
175.5172,
175.5172,
175.5172,
174.3103,
173.2901,
173.8212,
175.5172,
173.7205,
171.3793,
172.9669,
175.5172,
173.7054,
174.0583,
172.5862,
175.5172,
175.5172,
172.9677,
175.5172,
171.7616,
175.5172,
0,
1988, 
173.3499,
172.6743,
174.4828,
170.5172,
174.4828,
172.9827,
175.8621,
175.8621,
175.8621,
174.4828,
173.4675,
174.0237,
175.8621,
173.9055,
171.3793,
173.1263,
175.8621,
173.916,
174.2425,
172.5862,
175.8621,
175.8621,
173.1293,
175.8621,
171.8415,
175.8621,
0,
1989, 
173.521,
172.8304,
174.6552,
170.5172,
174.6552,
173.1806,
176.2069,
176.2069,
176.2069,
174.6552,
173.6441,
174.2199,
176.2069,
174.0882,
171.3793,
173.2872,
176.2069,
174.1187,
174.4241,
172.5862,
176.2069,
176.2069,
173.2922,
176.2069,
171.9253,
176.2069,
0,
1990, 
173.6923,
172.988,
174.8276,
170.5172,
174.8276,
173.3753,
176.5517,
176.5517,
176.5517,
174.8276,
173.8201,
174.4115,
176.5517,
174.2692,
171.3793,
173.4494,
176.5517,
174.3157,
174.6038,
172.5862,
176.5517,
176.5517,
173.4562,
176.5517,
172.0127,
176.5517,
0,
1991, 
173.6923,
173.0888,
175,
170.5172,
175,
173.5672,
176.8965,
176.8965,
176.8965,
174.9655,
173.8201,
174.5997,
176.8965,
174.2692,
171.3793,
173.6126,
176.8965,
174.5084,
174.7822,
172.5862,
176.8965,
176.8965,
173.4562,
176.8965,
172.1035,
176.8965,
0,
1992, 
173.6923,
173.0956,
175.3062,
170.5172,
175,
173.5672,
177.2414,
177.2414,
177.2414,
174.9655,
173.8201,
174.63,
177.2414,
174.2692,
171.3793,
173.6653,
177.2414,
174.687,
174.8877,
172.5862,
177.2414,
177.2414,
173.4562,
177.2414,
172.1035,
177.2414,
0,
1993, 
173.6923,
173.1031,
175.5751,
170.5172,
175,
173.5672,
177.5862,
177.5862,
177.5862,
174.9655,
173.8201,
174.664,
177.5862,
174.2692,
171.3793,
173.7218,
177.5862,
174.8646,
174.9995,
172.5862,
177.5862,
177.5862,
173.4562,
177.5862,
172.1035,
177.5862,
0,
1994, 
173.6923,
173.1111,
175.8205,
170.5172,
175,
173.5672,
177.931,
177.931,
177.931,
174.9655,
173.8201,
174.6693,
177.931,
174.2692,
171.3793,
173.7818,
177.931,
175.0416,
175.1168,
172.7416,
177.931,
177.931,
173.4562,
177.931,
172.1035,
177.931,
0,
1995, 
173.6923,
173.1198,
176.0501,
170.5172,
175,
173.5672,
178.2759,
178.2759,
178.2759,
174.9655,
173.8201,
174.6693,
178.2759,
174.2692,
171.3793,
173.8453,
178.2759,
175.218,
175.2389,
174.039,
178.2759,
178.2759,
173.4562,
178.2759,
172.1035,
178.2759,
0,
1996, 
173.6923,
173.129,
176.2684,
170.5172,
175,
173.5672,
178.6207,
178.6207,
178.6207,
174.9655,
173.8201,
174.6693,
178.6207,
174.2692,
171.3793,
173.9121,
178.6207,
175.394,
175.3652,
174.8863,
178.6207,
178.6207,
173.4562,
178.6207,
172.1035,
178.6207,
0,
1997, 
173.6923,
173.1388,
176.2811,
170.5172,
176.091,
173.5672,
178.9655,
178.9655,
178.9655,
174.9655,
173.8201,
174.6693,
178.9655,
174.2692,
171.3793,
173.9185,
178.9655,
175.6904,
175.6203,
174.8863,
178.9655,
178.9655,
173.4562,
178.9655,
174.2171,
178.9655,
0,
1998, 
173.6923,
173.1492,
176.2954,
170.5172,
176.7567,
173.5672,
179.3103,
179.3103,
179.3103,
174.9655,
173.8201,
174.6693,
179.3103,
174.2692,
171.3793,
173.9252,
179.3103,
175.966,
175.8634,
174.8863,
179.3103,
179.3103,
173.4562,
179.3103,
175.38,
179.3103,
0,
1999, 
173.6923,
173.1601,
176.3115,
170.5172,
177.2368,
173.5672,
179.6552,
179.6552,
179.6552,
174.9655,
173.8201,
174.6693,
179.6552,
174.2692,
171.3793,
173.9324,
179.6552,
176.2255,
176.0969,
174.8863,
179.6552,
179.6552,
173.4562,
179.6552,
176.1532,
179.6552,
0,
2000, 
173.6923,
173.1717,
176.3292,
170.5172,
177.6196,
173.5672,
180,
180,
180,
174.9655,
173.8201,
174.6693,
180,
174.2692,
171.3793,
173.9401,
180,
176.4725,
176.3226,
174.8863,
180,
180,
173.4562,
180,
176.7289,
180,
0,
2001, 
173.6923,
173.1838,
176.3486,
170.5172,
177.8445,
173.5672,
181.4,
181.4,
181.4,
174.9655,
173.8201,
174.6693,
181.4,
174.2692,
171.3793,
173.9482,
181.4,
176.7095,
176.542,
174.8863,
181.4,
181.4,
173.4562,
181.4,
177.1907,
181.4,
0,
2002, 
173.6923,
173.1983,
176.3874,
170.5172,
177.8445,
173.5672,
182.8,
182.8,
182.8,
174.9655,
173.8201,
174.6693,
182.8,
174.2692,
171.3793,
174.1002,
182.8,
176.8721,
176.8119,
176.7544,
182.8,
182.8,
173.4562,
182.8,
177.1907,
182.8,
0,
2003, 
173.6923,
173.2153,
176.3874,
170.5172,
177.8445,
173.5672,
184.2,
184.2,
184.2,
174.9655,
173.8201,
174.6693,
184.2,
174.2692,
171.3793,
174.2741,
184.2,
177.0707,
177.127,
178.1017,
184.2,
184.2,
173.4562,
184.2,
177.1907,
184.2,
0,
2004, 
173.6923,
173.2346,
176.3874,
170.5172,
177.8445,
173.5672,
185.6,
185.6,
185.6,
174.9655,
173.8201,
174.6693,
185.6,
174.5482,
171.3793,
174.4687,
185.6,
177.3019,
177.4806,
179.2132,
185.6,
185.6,
173.4562,
185.6,
177.1907,
185.6,
0,
2005, 
173.6923,
173.2564,
176.3874,
170.5172,
177.8445,
173.5672,
187,
187,
187,
174.9655,
173.8201,
174.6693,
187,
174.8803,
171.3793,
174.6827,
187,
177.5625,
177.8672,
180.1977,
187,
187,
173.4562,
187,
177.1907,
187,
0,
2006, 
173.6923,
173.2805,
176.3874,
170.5172,
177.8445,
173.5672,
188.4,
188.4,
188.4,
174.9655,
173.8201,
174.6693,
188.4,
175.2339,
171.3793,
174.915,
188.4,
177.8499,
178.2823,
181.1063,
188.4,
188.4,
173.4562,
188.4,
177.1907,
188.4,
0,
2007, 
173.6923,
173.3071,
176.3874,
170.5172,
177.8445,
173.5672,
189.8,
189.8,
189.8,
174.9655,
173.8201,
174.6693,
189.8,
175.2339,
171.3793,
175.0492,
189.8,
178.7057,
178.5045,
181.8029,
189.8,
189.8,
173.4562,
189.8,
177.1907,
189.8,
0,
2008, 
173.6923,
173.3359,
176.3874,
170.5172,
177.8445,
173.5672,
191.2,
191.2,
191.2,
174.9655,
173.8201,
174.6693,
191.2,
175.2339,
171.3793,
175.1945,
191.2,
179.5383,
178.7474,
182.5002,
191.2,
191.2,
173.4562,
191.2,
177.1907,
191.2,
0,
2009, 
173.6923,
173.3672,
176.3874,
170.5172,
177.8445,
173.5672,
192.6,
192.6,
192.6,
174.9655,
173.8201,
174.6693,
192.6,
175.2339,
171.3793,
175.3507,
192.6,
180.3523,
179.0094,
183.1979,
192.6,
192.6,
173.4562,
192.6,
177.1907,
192.6,
0,
2010, 
173.6923,
173.4007,
176.3874,
170.5172,
177.8445,
173.5672,
194,
194,
194,
174.9655,
173.8201,
174.6693,
194,
175.2339,
171.3793,
175.5173,
194,
181.1514,
179.2896,
183.8959,
194,
194,
173.4562,
194,
177.1907,
194,
0,
2011, 
173.6923,
173.4366,
176.3874,
170.5172,
177.8445,
173.5672,
195.4,
195.4,
195.4,
174.9655,
173.8201,
174.6693,
195.4,
175.2339,
171.3793,
175.6942,
195.4,
181.9384,
179.5866,
184.5942,
195.4,
195.4,
173.4562,
195.4,
177.1907,
195.4,
0,
2012, 
173.6923,
173.4748,
176.7883,
170.5172,
177.8445,
176.3999,
196.8,
196.8,
196.8,
175.1008,
173.8201,
174.7774,
196.8,
175.2339,
171.3793,
176.18,
195.4,
182.6691,
180.0838,
187.2853,
196.8,
196.8,
173.4562,
196.8,
179.2097,
196.8,
0,
2013, 
173.6923,
173.5153,
177.2015,
170.5172,
177.8445,
178.7428,
198.2,
198.2,
198.2,
175.2436,
173.8201,
174.8917,
198.2,
175.2339,
171.3793,
176.6761,
196.1,
183.3966,
180.5934,
189.1823,
198.2,
198.2,
173.4562,
198.2,
180.9654,
198.2,
0,
2014, 
173.6923,
173.558,
177.6263,
170.5172,
177.8445,
180.7472,
199.6,
199.6,
199.6,
175.3936,
173.8201,
175.012,
199.6,
175.2339,
171.3793,
177.1819,
196.8,
184.1214,
181.1143,
190.6814,
199.6,
199.6,
173.4562,
199.6,
182.5295,
199.6,
0,
2015, 
173.6923,
173.6031,
178.0621,
170.5172,
177.8445,
182.5079,
201,
201,
201,
175.5508,
173.8201,
175.1383,
201,
175.2339,
171.3793,
177.6965,
197.5,
184.8439,
181.6454,
191.9527,
201,
201,
173.4562,
201,
183.9498,
201,
0,
2016, 
173.7264,
173.6504,
178.5081,
170.5172,
177.8445,
184.0875,
202.4,
202.4,
202.4,
175.6332,
173.8201,
175.2704,
202.4,
175.2339,
171.3793,
178.2194,
198.2,
185.5644,
182.186,
193.0814,
202.4,
202.4,
173.4562,
202.4,
185.2595,
202.4,
0,
2017, 
173.7778,
173.7,
178.8741,
170.5172,
177.8445,
184.1076,
203.8,
203.8,
203.8,
175.6332,
173.8201,
175.3267,
203.8,
175.6863,
171.3793,
178.8382,
199.1542,
185.866,
182.4462,
194.333,
203.8,
203.8,
173.4562,
203.8,
187.8991,
203.8,
0,
2018, 
173.8315,
173.7518,
179.2501,
170.5172,
177.8445,
184.1293,
205.2,
205.2,
205.2,
175.6332,
173.8201,
175.3856,
205.2,
176.1469,
171.3793,
179.461,
200.0143,
186.1817,
182.7175,
195.4539,
205.2,
205.2,
173.4562,
205.2,
190.021,
205.2,
0,
2019, 
173.8875,
173.8058,
179.6358,
170.5172,
177.8445,
184.1525,
206.6,
206.6,
206.6,
175.6332,
173.8201,
175.4472,
206.6,
176.6152,
171.3793,
179.6274,
200.8244,
186.5106,
182.9997,
196.4858,
206.6,
206.6,
173.4562,
206.6,
191.8081,
206.6,
0,
2020, 
173.9458,
173.862,
180.0306,
170.5172,
177.8445,
184.1771,
208,
208,
208,
175.6332,
173.8201,
175.5114,
208,
177.0909,
171.3793,
179.6534,
201.6047,
186.8522,
183.2922,
197.4541,
208,
208,
173.4562,
208,
193.3662,
208,
0,
2021, 
174.0064,
173.9205,
180.4343,
170.5172,
177.8445,
184.2033,
209.4,
209.4,
209.4,
175.6332,
173.8201,
175.5783,
209.4,
177.5735,
171.3793,
179.6807,
202.3659,
187.2057,
183.5323,
198.3755,
209.4,
209.4,
173.4562,
209.4,
194.7607,
209.4,
0,
2022, 
174.0693,
173.9811,
180.4343,
170.5172,
177.8445,
184.2033,
210.8,
210.8,
210.8,
175.6332,
173.8201,
175.7082,
210.8,
177.5735,
171.3793,
179.7093,
205.0766,
189.4648,
183.5323,
198.9279,
210.8,
210.8,
173.4562,
210.8,
200.794,
210.8,
0,
2023, 
174.1344,
174.0439,
180.4343,
170.5172,
177.8445,
184.2033,
212.2,
212.2,
212.2,
175.6332,
173.8201,
175.7082,
212.2,
177.5735,
171.3793,
179.7392,
206.5278,
189.483,
185.0889,
199.4209,
212.2,
212.2,
173.4562,
212.2,
203.9228,
212.2,
0,
2024, 
174.2018,
174.5581,
180.4343,
170.5172,
177.8445,
184.2033,
213.6,
213.6,
213.6,
175.6332,
173.8201,
176.381,
213.6,
178.8745,
171.3793,
179.7704,
207.1935,
190.591,
185.8088,
199.7892,
213.6,
213.6,
173.4562,
213.6,
203.9228,
213.6,
0,
2025, 
174.2714,
175.0772,
180.4343,
170.5172,
177.8445,
184.2033,
215,
215,
215,
175.6332,
173.8201,
177.0549,
215,
180.1319,
171.3793,
179.8028,
207.8664,
191.661,
186.5277,
200.1761,
215,
215,
173.4562,
215,
203.9228,
215,
0,
2026, 
174.3432,
175.1434,
180.4343,
170.5172,
177.8445,
184.2033,
216.4,
216.4,
216.4,
175.6332,
173.8201,
178.4707,
215,
180.1319,
171.3793,
181.3936,
207.8664,
191.661,
187.9918,
201.2947,
216.4,
216.4,
173.4562,
216.4,
206.9019,
216.4,
0,
2027, 
174.424,
175.2179,
180.4343,
170.5172,
177.8445,
184.2033,
217.8,
217.8,
217.8,
175.6332,
173.8201,
178.4707,
215.7,
180.1319,
171.3793,
182.9099,
207.8664,
200.6208,
187.9918,
202.5623,
217.8,
217.8,
173.4562,
217.8,
208.9149,
217.8,
0,
2028, 
174.5141,
175.301,
180.4343,
170.5172,
177.8445,
184.2033,
219.2,
219.2,
219.2,
175.6332,
173.8201,
178.4707,
216.4,
180.1319,
171.3793,
182.946,
207.8664,
203.3124,
189.4497,
204.3181,
219.2,
219.2,
173.4562,
219.2,
208.9149,
219.2,
0,
2029, 
174.6138,
175.3931,
180.4343,
170.5172,
177.8445,
184.811,
219.2,
220.6,
220.6,
175.6332,
173.8201,
178.4707,
217.1,
180.1319,
171.3793,
183.4749,
207.8664,
203.3208,
189.4497,
205.4634,
220.6,
220.6,
173.4562,
220.6,
208.9149,
220.6,
0,
2030, 
174.6581,
175.4945,
180.4343,
170.5172,
177.8445,
184.811,
219.2,
222,
222,
175.6332,
173.8201,
178.4707,
217.1,
180.1319,
171.3793,
184.9388,
207.8664,
203.3306,
189.4497,
206.9229,
222,
222,
173.4562,
222,
208.9149,
222,
0,
2031, 
175.2948,
176.9359,
180.4343,
170.5172,
177.8445,
185.5452,
221.3,
223.4,
223.4,
175.6332,
173.8201,
178.7912,
217.1,
180.1319,
171.3793,
184.9388,
209.9149,
203.3551,
189.4497,
206.9229,
223.4,
223.4,
173.4562,
223.4,
211.2175,
223.4,
0,
2032, 
175.304,
176.947,
197.6935,
170.6897,
177.8445,
185.5452,
221.3,
224.8,
224.8,
175.6332,
173.8266,
178.7912,
218.2666,
180.1319,
218.3111,
184.9511,
216.119,
217.1655,
189.5538,
206.9229,
224.8,
224.8,
173.4589,
224.8,
214.4916,
224.8,
0,
2033, 
175.3126,
176.9575,
206.5324,
170.8621,
177.8445,
185.5452,
221.3,
226.2,
226.2,
175.6332,
173.8325,
178.7912,
220.0511,
182.3066,
219.7458,
184.9633,
217.3159,
219.5509,
194.9262,
206.9229,
226.2,
226.2,
173.8612,
226.2,
215.8877,
226.2,
0,
2034, 
175.3206,
176.9675,
206.5324,
171.0345,
177.8445,
185.5452,
221.3,
227.6,
227.6,
175.6332,
173.8378,
183.841,
220.3638,
185.778,
219.937,
184.9751,
219.2658,
219.9293,
196.7698,
206.9229,
227.6,
227.6,
177.9509,
227.6,
217.349,
227.6,
0,
2035, 
175.5836,
176.9771,
206.5324,
229,
177.8445,
185.5452,
221.3,
229,
229,
175.6332,
173.8426,
188.4053,
220.7703,
188.8222,
219.937,
184.9867,
221.4645,
220.3605,
197.5973,
208.6345,
229,
229,
181.2252,
229,
217.9324,
229,
0,
2036, 
177.564,
179.5999,
206.5324,
230.4,
178.7288,
207.0524,
221.3,
230.4,
230.4,
175.6332,
174.1079,
191.7077,
221.1652,
190.0847,
223.8139,
186.3333,
222.5791,
221.0669,
198.4691,
213.8252,
230.4,
230.4,
185.7366,
230.4,
219.032,
230.4,
0,
2037, 
179.0406,
180.1598,
208.0816,
231.8,
178.7288,
216.2756,
225.9732,
231.8,
231.8,
175.6332,
174.2391,
193.3143,
222.4101,
190.1555,
223.8139,
187.4548,
223.7526,
221.3155,
199.2867,
216.9608,
231.8,
231.8,
188.7554,
231.8,
220.4285,
231.8,
0,
2038, 
179.9938,
181.0534,
208.0816,
233.2,
178.7288,
219.1719,
227.4752,
233.2,
233.2,
175.6332,
174.3715,
193.7519,
223.4231,
190.1555,
223.8139,
187.7118,
223.9979,
222.0592,
199.7927,
220.6521,
233.2,
233.2,
190.3362,
233.2,
221.6431,
233.2,
0,
2039, 
180.9899,
181.7454,
208.0816,
234.6,
178.7288,
224.7593,
227.9788,
234.6,
234.6,
175.8334,
174.4929,
193.7519,
224.0681,
193.0966,
223.8139,
187.7271,
224.1817,
222.5771,
201.0375,
222.3076,
234.6,
234.6,
194.9576,
234.6,
222.0743,
234.6,
0,
2040, 
181.792,
181.825,
208.0816,
236,
178.7288,
227.0065,
228.7626,
236,
236,
185.4322,
174.6201,
194.1258,
224.4323,
193.0966,
223.8139,
188.3437,
224.407,
222.8843,
201.4501,
223.1899,
236,
236,
199.4254,
236,
222.5699,
236,
0,
2041, 
182.5593,
182.1655,
208.0816,
237.4,
178.7288,
227.9169,
229.0273,
237.4,
237.4,
205.9928,
174.8276,
194.1258,
224.8345,
193.0966,
224.3465,
189.6987,
224.6555,
222.8874,
201.4899,
223.1899,
237.4,
237.4,
201.1072,
237.4,
223.0594,
237.4,
0,
2042, 
183.5663,
182.9207,
208.6286,
238.8,
178.907,
228.5388,
230.6772,
238.8,
238.8,
214.6195,
175,
195.4238,
225.8846,
194.3775,
224.746,
190.3952,
225.2217,
222.9425,
201.9542,
223.1899,
238.8,
238.8,
204.0345,
238.8,
223.6493,
238.8,
0,
2043, 
184.7806,
183.7866,
209.1876,
240.2,
179.0857,
228.8483,
230.8953,
240.2,
240.2,
220.2532,
175.1724,
196.8727,
226.5846,
195.813,
224.746,
191.1385,
226.2254,
222.9973,
202.4622,
223.1899,
240.2,
240.2,
206.1258,
240.2,
225.8965,
240.2,
0,
2044, 
186.2907,
184.7978,
209.7592,
241.6,
179.2648,
229.1651,
231.1229,
241.6,
241.6,
224.537,
175.3448,
198.5048,
227.2293,
197.4379,
224.746,
191.9354,
226.2457,
223.0518,
204.2155,
223.1899,
241.6,
241.6,
208.4266,
241.6,
225.9016,
241.6,
0,
2045, 
188.243,
186.0054,
210.3441,
243,
179.5432,
229.4211,
231.3616,
243,
243,
226.8112,
175.5172,
200.3627,
227.5019,
199.2982,
224.746,
192.7937,
226.2457,
223.106,
205.1543,
223.1899,
243,
243,
212.1301,
243,
226.236,
243,
0,
2046, 
190.9006,
187.4874,
210.9428,
244.4,
186.7841,
229.6779,
231.5871,
244.4,
244.4,
228.9754,
175.6897,
202.5032,
228.11,
201.4561,
224.746,
193.7229,
226.2457,
223.1721,
206.407,
223.1899,
244.4,
244.4,
215.7146,
244.4,
227.2952,
244.4,
0,
2047, 
194.786,
189.3699,
211.5562,
245.8,
194.8653,
229.9354,
231.6106,
245.8,
245.8,
231.017,
175.8621,
205.0038,
228.2009,
203.9982,
224.746,
194.7347,
226.2457,
223.4375,
207.5468,
223.1899,
245.8,
245.8,
218.9461,
245.8,
228.2813,
245.8,
0,
2048, 
201.1077,
191.8696,
212.185,
247.2,
202.1987,
230.1938,
231.8619,
247.2,
247.2,
233.0648,
176.0345,
207.9734,
229.0373,
207.0477,
224.746,
195.8433,
226.2457,
227.8418,
210.4709,
223.1899,
247.2,
247.2,
224.5816,
247.2,
230.0761,
247.2,
0,
2049, 
213.4344,
195.3939,
212.8299,
248.6,
209.7421,
230.453,
234.2417,
248.6,
248.6,
235.1439,
176.2069,
211.5694,
229.6968,
210.7872,
224.746,
197.0666,
226.2457,
229.0701,
211.7692,
223.3098,
248.6,
248.6,
230.189,
248.6,
231.2227,
248.6,
0,
2050, 
225.4586,
200.8111,
213.492,
250,
216.0126,
230.8626,
234.8259,
250,
250,
237.2687,
250,
216.029,
229.6968,
215.4987,
224.746,
198.4269,
226.2457,
230.1308,
212.7203,
224.2003,
250,
250,
235.1442,
250,
232.1364,
250,
0,
2051, 
225.4586,
205.9911,
214.1721,
253,
221.5332,
231.122,
234.8283,
253,
253,
239.6091,
253,
221.7259,
229.6968,
216.0115,
224.746,
199.953,
226.2457,
231.1567,
213.7296,
225.03,
253,
253,
235.4559,
253,
232.5516,
253,
0,
2052, 
225.4586,
206.3931,
215.5416,
256,
227.6606,
238.1678,
235.2602,
256,
256,
240.4381,
256,
223.5372,
229.9085,
217.7962,
224.746,
200.4623,
226.6922,
231.1953,
214.2183,
225.9071,
256,
256,
236.4193,
256,
233.0964,
256,
0,
2053, 
225.4586,
206.8016,
217.0025,
259,
233.0999,
238.1678,
236.9503,
259,
259,
241.1754,
259,
225.9122,
229.9085,
222.8486,
224.746,
200.9869,
226.8202,
231.2336,
214.7192,
226.2703,
259,
259,
236.4193,
259,
233.4585,
259,
0,
2054, 
225.4586,
207.2168,
218.5656,
262,
236.5403,
238.339,
238.3425,
262,
262,
243.0023,
262,
227.8177,
230.0342,
226.4003,
224.746,
201.5277,
226.8202,
231.2718,
215.063,
226.5728,
262,
262,
236.4193,
262,
234.3215,
262,
0,
2055, 
225.4586,
207.6389,
220.2436,
262,
240.914,
239.0413,
239.8478,
265,
265,
245.0604,
265,
233.1781,
231.2614,
229.3453,
224.746,
202.0859,
226.8202,
232.0283,
215.4099,
226.7616,
262,
262,
236.4193,
265,
235.5437,
265,
0,
2056, 
225.4586,
208.0684,
222.0512,
264.956,
244.3028,
239.157,
240.6388,
268,
268,
246.8985,
268,
237.8252,
233.0958,
229.3839,
226.0961,
202.6628,
226.8202,
237.1951,
215.7601,
227.0188,
263.2986,
263.0861,
236.4193,
268,
235.9341,
268,
0,
2057, 
225.4586,
208.5055,
222.1547,
267.8676,
249.4765,
240.4561,
241.0035,
271,
271,
250.9674,
271,
246.4135,
233.1904,
229.3839,
234.701,
202.7149,
226.8202,
238.8195,
216.9463,
227.0188,
264.045,
265.8913,
236.4193,
271,
236.1674,
271,
0,
2058, 
225.4586,
208.9506,
222.2579,
268.7441,
254.3132,
241.1252,
241.1874,
274,
274,
251.5017,
274,
251.079,
233.2583,
229.3839,
240.672,
202.7664,
226.8202,
240.9742,
218.0237,
227.0188,
264.6901,
267.4446,
239.2684,
274,
236.3979,
274,
0,
2059, 
225.4586,
209.404,
222.3607,
269.407,
258.5122,
241.1252,
241.3436,
277,
277,
251.5017,
277,
251.079,
233.4645,
229.3839,
245.1341,
202.8175,
226.8202,
242.9163,
218.804,
227.0188,
265.7456,
269.2299,
242.0658,
277,
236.6552,
277,
0,
2060, 
225.4586,
209.8661,
222.4632,
269.9059,
262.1119,
241.1252,
241.3436,
280,
280,
252.6557,
280,
251.079,
233.4645,
229.3839,
247.9785,
202.868,
226.8202,
244.1654,
219.6184,
227.0188,
266.6848,
270.2632,
245.8871,
280,
238.255,
280,
0,
2061, 
225.4586,
210.3374,
222.5654,
270.2944,
264.8041,
241.1252,
241.3514,
283,
283,
253.2536,
283,
251.079,
233.4645,
229.3839,
250.5492,
202.9179,
226.8202,
245.9,
220.459,
227.0188,
268.1291,
270.3738,
248.4029,
283,
238.333,
283,
0,
2062, 
225.4586,
210.8014,
222.7116,
270.5243,
266.4914,
241.1873,
241.9347,
286,
286,
253.2536,
286,
251.079,
233.4645,
229.3839,
251.3062,
203.6768,
226.8202,
247.608,
221.2907,
227.1564,
269.384,
270.5157,
250.496,
286,
238.4836,
286,
0,
2063, 
225.4586,
211.2577,
222.7116,
270.5243,
268.1163,
243.8772,
242.1383,
289,
289,
253.6184,
289,
251.079,
233.5027,
230.4064,
251.8001,
204.4401,
226.8202,
248.6351,
222.1284,
227.2907,
270.1494,
270.7299,
251.8834,
289,
239.7742,
289,
0,
2064, 
223.3219,
211.7058,
222.7116,
270.5243,
269.3933,
245.9928,
243.4004,
292,
292,
254.4636,
292,
251.079,
233.9719,
232.3991,
251.9748,
205.2082,
226.8202,
250.8606,
222.9729,
227.6874,
270.7073,
270.9543,
251.8834,
292,
239.8444,
292,
0,
2065, 
223.3219,
212.1456,
222.7116,
270.5243,
270.2998,
247.6788,
244.0577,
295,
295,
255.7653,
295,
251.079,
236.3903,
234.0611,
252.3806,
205.9816,
226.8202,
252.4504,
223.8254,
227.9341,
271.3316,
271.264,
251.8834,
295,
239.9436,
295,
0,
2066, 
223.3219,
212.5763,
222.7116,
270.5243,
271.0517,
249.373,
244.5344,
298,
298,
256.852,
298,
251.079,
240.8129,
235.7939,
253.9424,
206.7611,
226.8202,
254.2837,
224.6837,
228.2117,
272.0037,
273.3874,
251.8834,
298,
240.8542,
298,
0,
2067, 
223.3219,
212.9977,
222.7116,
270.5243,
273.0107,
250.1947,
244.8338,
301,
301,
257.7428,
301,
251.079,
243.5151,
235.7939,
254.7485,
207.1718,
226.8202,
254.3498,
225.1189,
228.3083,
274.2405,
275.5486,
251.8834,
301,
242.2038,
301,
0,
2068, 
223.3219,
213.4093,
222.7116,
270.5243,
273.5328,
250.1947,
245.0056,
304,
304,
257.9686,
304,
251.079,
244.8819,
235.7939,
254.7485,
207.5693,
226.8202,
255.216,
225.5485,
228.401,
277.3126,
278.1895,
251.8834,
304,
242.6682,
304,
0,
2069, 
223.3219,
213.8104,
222.7116,
273.6628,
273.9417,
250.1947,
245.2504,
307,
307,
257.9686,
307,
251.079,
245.5696,
235.7939,
254.8109,
207.9526,
226.8202,
255.8866,
225.9749,
228.4907,
280.1317,
280.7969,
252.5272,
307,
244.4102,
307,
0,
2070, 
223.3219,
214.2005,
222.7116,
278.6324,
274.837,
250.1947,
245.3952,
310,
310,
257.9686,
310,
251.079,
246.6874,
235.7939,
254.9334,
208.3207,
226.8202,
260.2673,
226.3991,
228.6022,
282.5535,
283.0457,
252.8417,
310,
244.7188,
310,
0,
2071, 
223.3219,
214.579,
222.7116,
286.2556,
274.9201,
250.1947,
245.3952,
313,
313,
257.9686,
313,
251.079,
248.3711,
235.7939,
255.0517,
208.6725,
226.8202,
263.3865,
227.6105,
228.7586,
284.4706,
283.6039,
254.2232,
313,
245.1349,
313,
0,
2072, 
223.3219,
214.9452,
222.9858,
289.4307,
275.1257,
250.5165,
245.4766,
316,
316,
258.0968,
316,
251.2699,
251.3582,
235.7939,
255.1452,
209.5936,
226.9409,
266.2912,
230.6554,
229.2708,
285.7251,
284.9051,
255.2697,
316,
247.2129,
316,
0,
2073, 
223.3219,
215.2984,
223.2514,
292.5794,
276.6844,
251.62,
245.4766,
319,
319,
258.6109,
319,
251.4572,
253.6785,
235.7939,
255.1452,
210.5476,
227.0571,
271.2094,
234.7187,
229.7066,
285.7251,
288.5596,
255.5864,
319,
247.9667,
319,
0,
2074, 
223.3219,
215.6379,
223.5082,
295.6447,
277.0672,
256.0729,
245.4766,
322,
322,
258.7809,
322,
251.6411,
255.6712,
235.7939,
255.1452,
211.5426,
227.1687,
272.7132,
238.7998,
230.1004,
286.3237,
290.4265,
256.1139,
322,
249.5488,
322,
0,
2075, 
223.3219,
215.9627,
223.7557,
296.631,
281.0204,
258.6107,
245.4766,
325,
325,
262.132,
325,
251.8213,
257.4173,
235.7939,
255.1452,
212.5893,
227.2758,
273.5879,
242.0239,
230.4711,
288.9169,
290.8341,
256.7203,
325,
253.3049,
325,
0,
2076, 
223.8199,
216.272,
223.9938,
297.8429,
286.2689,
258.9207,
245.4766,
328,
328,
264.452,
328,
251.9979,
259.1732,
235.7939,
255.1452,
213.7027,
227.3783,
276.1742,
245.2486,
230.8534,
295.4164,
291.3269,
257.1421,
328,
255.4734,
328,
0,
2077, 
224.8901,
216.5649,
224.176,
300.2979,
288.9706,
258.9247,
245.4766,
331,
331,
266.4559,
331,
252.0682,
260.9535,
236.5233,
255.1452,
215.1342,
227.5223,
277.7975,
249.1429,
231.3099,
299.2066,
293.1387,
257.6335,
331,
258.1732,
331,
0,
2078, 
225.8577,
216.8402,
224.3495,
302.8069,
290.6213,
258.9285,
245.4766,
334,
334,
266.4559,
334,
252.1366,
262.9601,
237.2541,
255.1452,
216.7778,
227.6599,
278.0442,
253.7922,
231.9676,
302.2504,
295.0353,
257.9737,
334,
263.1963,
334,
0,
2079, 
226.0572,
217.0967,
224.5139,
305.9834,
290.6213,
258.9322,
245.4766,
337,
337,
266.4559,
337,
252.2032,
265.0713,
237.9862,
255.1452,
217.233,
227.7909,
278.8948,
254.3428,
232.8548,
304.7106,
297.3814,
258.1999,
337,
265.7879,
337,
0,
2080, 
226.418,
217.3333,
224.669,
309.6348,
290.6213,
272.3563,
245.4766,
340,
340,
266.4559,
340,
252.2681,
266.8261,
238.7199,
255.1452,
217.2957,
227.9152,
279.6013,
254.7129,
233.8859,
305.2506,
299.7896,
258.4081,
340,
268.5819,
340,
0,
2081, 
226.5402,
217.5485,
224.8146,
312.0639,
290.6213,
272.7494,
245.4766,
343,
343,
266.6168,
343,
252.3311,
268.3981,
239.4551,
255.1452,
217.3509,
228.0327,
281.2878,
255.0013,
234.9357,
305.8156,
301.95,
258.652,
343,
273.3275,
343,
0,
2082, 
226.3123,
217.7408,
224.8146,
314.2201,
290.6213,
272.7494,
245.4766,
346,
346,
267.2582,
346,
252.446,
269.3703,
239.4551,
255.1471,
217.3984,
228.6306,
281.7764,
255.0013,
235.5648,
308.5233,
302.6292,
258.7879,
346,
276.1085,
346,
0,
2083, 
225.6627,
217.9086,
224.8146,
316.1771,
290.6213,
272.7494,
245.4766,
349,
349,
267.5626,
349,
252.446,
270.121,
239.4551,
255.1628,
217.4381,
229.1495,
283.8983,
258.6177,
236.0713,
310.3867,
303.9331,
258.8889,
349,
279.3151,
349,
0,
2084, 
225.865,
219.2785,
224.8146,
317.6508,
290.6213,
272.7494,
245.4766,
352,
352,
270.9909,
352,
252.9797,
271.0164,
241.1898,
255.2137,
217.4697,
229.4122,
284.6603,
262.1866,
236.3304,
311.5669,
305.7759,
258.9539,
352,
283.6512,
352,
0,
2085, 
225.7586,
221.0715,
224.8146,
318.7699,
290.6213,
272.7494,
245.4766,
355,
355,
273.5823,
355,
253.5089,
271.981,
243.065,
255.7546,
217.4933,
229.6612,
288.0432,
265.4918,
236.4714,
312.7791,
308.0386,
258.9904,
355,
285.7699,
355,
0,
2086, 
226.1116,
221.3207,
224.8146,
319.3766,
290.6213,
272.7494,
245.4766,
358,
358,
275.7163,
355,
254.6497,
274.5182,
243.065,
255.9837,
218.562,
229.6612,
290.5013,
269.9586,
236.8669,
313.9588,
309.9406,
258.9904,
358,
288.5847,
358,
0,
2087, 
226.472,
221.5514,
224.8146,
320.265,
290.6698,
272.7494,
245.4766,
361,
361,
275.7163,
357.1265,
254.6497,
277.2411,
243.065,
256.2639,
220.1891,
229.6612,
292.9782,
271.8784,
237.3349,
315.5164,
310.5491,
258.9934,
361,
291.3246,
361,
0,
2088, 
226.8353,
221.7522,
224.8146,
320.696,
290.7478,
272.7494,
245.4766,
364,
364,
276.1872,
357.9182,
254.6497,
280.2785,
243.065,
256.2639,
220.2329,
229.6612,
294.1381,
275.2825,
238.0537,
317.2383,
312.3111,
259.4286,
364,
292.8626,
364,
0,
2089, 
227.196,
221.9083,
224.8146,
320.9923,
290.8587,
272.7988,
246.2251,
367,
367,
276.8521,
362.3166,
254.6497,
283.0989,
243.065,
256.2639,
220.6,
229.6612,
295.7318,
276.1182,
238.5694,
317.339,
314.1552,
259.7109,
367,
294.4625,
367,
0,
2090, 
227.5478,
222,
224.8146,
321.4863,
293.4732,
272.7988,
246.2251,
370,
370,
278.1901,
364.2252,
254.7411,
283.8705,
243.065,
256.2639,
370,
229.6612,
296.5069,
277.0277,
239.2777,
317.5349,
315.6384,
259.7109,
370,
297.8821,
370,
0,
2091, 
229.6373,
373,
224.8146,
322.1543,
293.9984,
272.8532,
248.489,
373,
373,
279.1456,
367.508,
254.9965,
284.6623,
243.065,
256.923,
373,
229.8609,
297.8622,
278.0204,
239.2777,
318.8757,
317.3807,
259.7282,
373,
300.2405,
373,
0,
2092, 
229.6373,
376,
225.7829,
322.6548,
294.4807,
272.8532,
248.489,
376,
376,
279.6844,
368.6667,
255.0681,
288.13,
243.3941,
270.1219,
376,
231.0304,
304.8463,
279.5219,
239.2777,
321.4716,
318.9398,
259.7282,
376,
305.294,
376,
0,
2093, 
229.6373,
379,
230.4,
322.6552,
294.4807,
272.8532,
248.489,
379,
379,
279.9192,
368.8354,
255.0681,
294.9007,
246.3944,
276.3546,
379,
231.4487,
310.2422,
290.0335,
239.2777,
323.9005,
319.9955,
260.0172,
379,
307.9339,
379,
0,
2094, 
229.6373,
382,
230.4,
323.4371,
294.4807,
272.8532,
248.489,
382,
382,
280.1262,
368.8354,
258.127,
297.8294,
251.402,
277.9516,
382,
232.2815,
315.7363,
295.735,
239.2777,
326.2613,
320.4389,
262.3729,
382,
309.9868,
382,
0,
2095, 
229.9817,
385,
230.4,
324.3044,
294.4807,
272.8532,
248.489,
385,
385,
280.9419,
368.8354,
262.3211,
300.854,
262.332,
277.9516,
385,
233.9183,
317.9087,
298.8895,
239.7251,
328.571,
322.3313,
264.7114,
385,
311.3294,
385,
0,
2096, 
230.8229,
388,
230.4,
326.624,
294.5442,
274.3978,
248.489,
388,
388,
281.9462,
368.8354,
264.8222,
303.293,
270.1785,
277.9694,
388,
235.388,
321.2195,
301.592,
241.7424,
329.1079,
324.9957,
267.0245,
388,
315.3478,
388,
0,
2097, 
233.2,
391,
391,
329.3889,
294.5442,
276.7974,
251.2288,
391,
391,
282.7483,
368.8354,
266.9188,
307.3787,
272.2702,
281.8942,
391,
238.1526,
323.8394,
304.3749,
244.1015,
330.5298,
327.0857,
268.6046,
391,
317.8976,
391,
0,
2098, 
233.2,
394,
394,
332.0487,
294.5442,
291.2985,
253.4459,
394,
394,
282.7483,
368.8354,
267.5527,
311.8436,
273.4423,
281.8942,
394,
238.9876,
326.5656,
308.5289,
251.1433,
333.6177,
328.8405,
269.9815,
394,
323.166,
394,
0,
2099, 
397,
397,
397,
334.0248,
294.5442,
300.3983,
254.349,
397,
397,
282.7752,
368.8354,
267.5527,
316.1562,
273.9022,
282.1711,
397,
239.545,
328.0016,
313.292,
259.517,
336.3485,
330.5577,
272.1074,
397,
326.8088,
397,
0,
2100, 
400,
400,
400,
335.1561,
294.5442,
306.3373,
255.7919,
400,
400,
283.838,
368.8354,
267.5527,
319.1752,
273.9022,
284.5635,
400,
240.135,
329.7779,
316.2599,
267.8953,
338.3921,
330.9798,
273.3536,
400,
328.2235,
400,
0];
