real main.em.ep.ncl.NuclFuelEff[27](t) = [1971, 
170,
170,
170,
170,
170,
170,
170,
170,
170,
170,
170,
170,
170,
170,
170,
170,
170,
170,
170,
170,
170,
170,
170,
170,
170,
170,
0,
1972, 
170,
170,
170.3448,
170,
170.3448,
170.3448,
170.3448,
170.3448,
170.3448,
170.3448,
170,
170.3448,
170.3448,
170.3448,
170.3448,
170,
170.3448,
170,
170.3448,
170.3448,
170.3448,
170.3448,
170,
170.3448,
170.3448,
170.3448,
0,
1973, 
170.1724,
170.1724,
170.6897,
170.1724,
170.6897,
170.6897,
170.6897,
170.6897,
170.6897,
170.6897,
170.1724,
170.6897,
170.6897,
170.6897,
170.6897,
170.1724,
170.6897,
170.1724,
170.6897,
170.6897,
170.6897,
170.6897,
170.1724,
170.6897,
170.6897,
170.6897,
0,
1974, 
170.3448,
170.3448,
171.0345,
170.3448,
171.0345,
171.0345,
171.0345,
171.0345,
171.0345,
171.0345,
170.3448,
171.0345,
171.0345,
171.0345,
171.0345,
170.3448,
171.0345,
170.3448,
171.0345,
171.0345,
171.0345,
171.0345,
170.3448,
171.0345,
171.0345,
171.0345,
0,
1975, 
170.5172,
170.5172,
171.3793,
170.5172,
171.3793,
171.3793,
171.3793,
171.3793,
171.3793,
171.3793,
170.5172,
171.3793,
171.3793,
171.3793,
171.3793,
170.5172,
171.3793,
170.5172,
171.3793,
171.3793,
171.3793,
171.3793,
170.5172,
171.3793,
171.3793,
171.3793,
0,
1976, 
171.327,
171.3623,
171.7241,
170.5172,
171.7241,
171.3793,
171.7241,
171.7241,
171.7241,
171.7241,
171.3228,
171.3793,
171.7241,
171.7241,
171.3793,
171.3486,
171.7241,
171.2341,
171.7241,
171.7241,
171.7241,
171.7241,
171.3629,
171.7241,
171.3793,
171.7241,
0,
1977, 
171.333,
171.4064,
172.069,
170.5172,
172.069,
171.3793,
172.069,
172.069,
172.069,
172.069,
171.4478,
171.3793,
172.069,
172.069,
171.3793,
171.5026,
172.069,
171.2539,
172.069,
172.069,
172.069,
172.069,
171.4782,
172.069,
171.3793,
172.069,
0,
1978, 
171.6898,
171.503,
172.4138,
170.5172,
172.4138,
171.3793,
172.4138,
172.4138,
172.4138,
172.4138,
171.6004,
171.3793,
172.4138,
172.4138,
171.3793,
171.5482,
172.4138,
171.2856,
172.4138,
172.4138,
172.4138,
172.4138,
171.4801,
172.4138,
171.3793,
172.4138,
0,
1979, 
171.8529,
171.5842,
172.7586,
170.5172,
172.7586,
171.3793,
172.7586,
172.7586,
172.7586,
172.7586,
171.7551,
171.3793,
172.7586,
172.4138,
171.3793,
171.5524,
172.7586,
171.3277,
172.4138,
172.4138,
172.7586,
172.7586,
171.7984,
172.7586,
171.3793,
172.7586,
0,
1980, 
172.0194,
171.5955,
173.1035,
170.5172,
173.1035,
171.3793,
173.1035,
173.1035,
173.1035,
173.1035,
171.9291,
171.6823,
173.1035,
172.4138,
171.3793,
171.7449,
173.1035,
171.3793,
172.4138,
172.5862,
173.1035,
173.1035,
172.048,
173.1035,
171.3793,
173.1035,
0,
1981, 
172.1633,
171.655,
173.4483,
170.5172,
173.4483,
171.3793,
173.4483,
173.4483,
173.4483,
173.4483,
172.1892,
171.6823,
173.4483,
172.4138,
171.3793,
172.0715,
173.4483,
171.4393,
172.4138,
172.5862,
173.4483,
173.4483,
172.0497,
173.4483,
171.3793,
173.4483,
0,
1982, 
172.3306,
171.7886,
173.4483,
170.5172,
173.4483,
171.6534,
173.7931,
173.7931,
173.7931,
173.4483,
172.3811,
172.4267,
173.7931,
172.6927,
171.3793,
172.2091,
173.7931,
172.2115,
172.9527,
172.5862,
173.7931,
173.7931,
172.1927,
173.7931,
171.4298,
173.7931,
0,
1983, 
172.499,
171.9276,
173.6207,
170.5172,
173.6207,
171.9037,
174.1379,
174.1379,
174.1379,
173.6207,
172.5679,
172.8319,
174.1379,
172.9264,
171.3793,
172.3531,
174.1379,
172.6506,
173.2406,
172.5862,
174.1379,
174.1379,
172.3413,
174.1379,
171.486,
174.1379,
0,
1984, 
172.6683,
172.071,
173.7931,
170.5172,
173.7931,
172.1377,
174.4828,
174.4828,
174.4828,
173.7931,
172.7513,
173.1306,
174.4828,
173.1386,
171.3793,
172.5018,
174.4828,
172.9738,
173.4695,
172.5862,
174.4828,
174.4828,
172.4938,
174.4828,
171.5477,
174.4828,
0,
1985, 
172.8381,
172.2178,
173.9655,
170.5172,
173.9655,
172.36,
174.8276,
174.8276,
174.8276,
173.9655,
172.9324,
173.3823,
174.8276,
173.339,
171.3793,
172.6541,
174.8276,
173.2432,
173.6755,
172.5862,
174.8276,
174.8276,
172.6495,
174.8276,
171.6144,
174.8276,
0,
1986, 
173.0084,
172.3676,
174.1379,
170.5172,
174.1379,
172.5737,
175.1724,
175.1724,
175.1724,
174.1379,
173.1119,
173.6091,
175.1724,
173.5321,
171.3793,
172.8094,
175.1724,
173.4832,
173.8701,
172.5862,
175.1724,
175.1724,
172.8076,
175.1724,
171.6858,
175.1724,
0,
1987, 
173.179,
172.5199,
174.3103,
170.5172,
174.3103,
172.7807,
175.5172,
175.5172,
175.5172,
174.3103,
173.2901,
173.8212,
175.5172,
173.7205,
171.3793,
172.9669,
175.5172,
173.7054,
174.0583,
172.5862,
175.5172,
175.5172,
172.9677,
175.5172,
171.7616,
175.5172,
0,
1988, 
173.3499,
172.6743,
174.4828,
170.5172,
174.4828,
172.9827,
175.8621,
175.8621,
175.8621,
174.4828,
173.4675,
174.0237,
175.8621,
173.9055,
171.3793,
173.1263,
175.8621,
173.916,
174.2425,
172.5862,
175.8621,
175.8621,
173.1293,
175.8621,
171.8415,
175.8621,
0,
1989, 
173.521,
172.8304,
174.6552,
170.5172,
174.6552,
173.1806,
176.2069,
176.2069,
176.2069,
174.6552,
173.6441,
174.2199,
176.2069,
174.0882,
171.3793,
173.2872,
176.2069,
174.1187,
174.4241,
172.5862,
176.2069,
176.2069,
173.2922,
176.2069,
171.9253,
176.2069,
0,
1990, 
173.6923,
172.988,
174.8276,
170.5172,
174.8276,
173.3753,
176.5517,
176.5517,
176.5517,
174.8276,
173.8201,
174.4115,
176.5517,
174.2692,
171.3793,
173.4494,
176.5517,
174.3157,
174.6038,
172.5862,
176.5517,
176.5517,
173.4562,
176.5517,
172.0127,
176.5517,
0,
1991, 
173.6923,
173.0888,
175,
170.5172,
175,
173.5672,
176.8965,
176.8965,
176.8965,
174.9655,
173.8201,
174.5997,
176.8965,
174.2692,
171.3793,
173.6126,
176.8965,
174.5084,
174.7822,
172.5862,
176.8965,
176.8965,
173.4562,
176.8965,
172.1035,
176.8965,
0,
1992, 
173.6923,
173.0956,
175.3062,
170.5172,
175,
173.5672,
177.2414,
177.2414,
177.2414,
174.9655,
173.8201,
174.63,
177.2414,
174.2692,
171.3793,
173.6653,
177.2414,
174.687,
174.8877,
172.5862,
177.2414,
177.2414,
173.4562,
177.2414,
172.1035,
177.2414,
0,
1993, 
173.6923,
173.1031,
175.5751,
170.5172,
175,
173.5672,
177.5862,
177.5862,
177.5862,
174.9655,
173.8201,
174.664,
177.5862,
174.2692,
171.3793,
173.7218,
177.5862,
174.8646,
174.9995,
172.5862,
177.5862,
177.5862,
173.4562,
177.5862,
172.1035,
177.5862,
0,
1994, 
173.6923,
173.1111,
175.8205,
170.5172,
175,
173.5672,
177.931,
177.931,
177.931,
174.9655,
173.8201,
174.6693,
177.931,
174.2692,
171.3793,
173.7818,
177.931,
175.0416,
175.1168,
172.7416,
177.931,
177.931,
173.4562,
177.931,
172.1035,
177.931,
0,
1995, 
173.6923,
173.1198,
176.0501,
170.5172,
175,
173.5672,
178.2759,
178.2759,
178.2759,
174.9655,
173.8201,
174.6693,
178.2759,
174.2692,
171.3793,
173.8453,
178.2759,
175.218,
175.2389,
174.039,
178.2759,
178.2759,
173.4562,
178.2759,
172.1035,
178.2759,
0,
1996, 
173.6923,
173.129,
176.2684,
170.5172,
175,
173.5672,
178.6207,
178.6207,
178.6207,
174.9655,
173.8201,
174.6693,
178.6207,
174.2692,
171.3793,
173.9121,
178.6207,
175.394,
175.3652,
174.8863,
178.6207,
178.6207,
173.4562,
178.6207,
172.1035,
178.6207,
0,
1997, 
173.6923,
173.1388,
176.2811,
170.5172,
176.091,
173.5672,
178.9655,
178.9655,
178.9655,
174.9655,
173.8201,
174.6693,
178.9655,
174.2692,
171.3793,
173.9185,
178.9655,
175.6904,
175.6203,
174.8863,
178.9655,
178.9655,
173.4562,
178.9655,
174.2171,
178.9655,
0,
1998, 
173.6923,
173.1492,
176.2954,
170.5172,
176.7567,
173.5672,
179.3103,
179.3103,
179.3103,
174.9655,
173.8201,
174.6693,
179.3103,
174.2692,
171.3793,
173.9252,
179.3103,
175.966,
175.8634,
174.8863,
179.3103,
179.3103,
173.4562,
179.3103,
175.38,
179.3103,
0,
1999, 
173.6923,
173.1601,
176.3115,
170.5172,
177.2368,
173.5672,
179.6552,
179.6552,
179.6552,
174.9655,
173.8201,
174.6693,
179.6552,
174.2692,
171.3793,
173.9324,
179.6552,
176.2255,
176.0969,
174.8863,
179.6552,
179.6552,
173.4562,
179.6552,
176.1532,
179.6552,
0,
2000, 
173.6923,
173.1717,
176.3292,
170.5172,
177.6196,
173.5672,
180,
180,
180,
174.9655,
173.8201,
174.6693,
180,
174.2692,
171.3793,
173.9401,
180,
176.4725,
176.3226,
174.8863,
180,
180,
173.4562,
180,
176.7289,
180,
0,
2001, 
173.6923,
173.1838,
176.3486,
170.5172,
177.8445,
173.5672,
181.4,
181.4,
181.4,
174.9655,
173.8201,
174.6693,
181.4,
174.2692,
171.3793,
173.9482,
181.4,
176.7095,
176.542,
174.8863,
181.4,
181.4,
173.4562,
181.4,
177.1907,
181.4,
0,
2002, 
173.6923,
173.1983,
176.3874,
170.5172,
177.8445,
173.5672,
182.8,
182.8,
182.8,
174.9655,
173.8201,
174.6693,
182.8,
174.2692,
171.3793,
174.1002,
182.8,
176.8721,
176.8119,
176.7544,
182.8,
182.8,
173.4562,
182.8,
177.1907,
182.8,
0,
2003, 
173.6923,
173.2153,
176.3874,
170.5172,
177.8445,
173.5672,
184.2,
184.2,
184.2,
174.9655,
173.8201,
174.6693,
184.2,
174.2692,
171.3793,
174.2741,
184.2,
177.0707,
177.127,
178.1017,
184.2,
184.2,
173.4562,
184.2,
177.1907,
184.2,
0,
2004, 
173.6923,
173.2346,
176.3874,
170.5172,
177.8445,
173.5672,
185.6,
185.6,
185.6,
174.9655,
173.8201,
174.6693,
185.6,
174.5482,
171.3793,
174.4687,
185.6,
177.3019,
177.4806,
179.2132,
185.6,
185.6,
173.4562,
185.6,
177.1907,
185.6,
0,
2005, 
173.6923,
173.2564,
176.3874,
170.5172,
177.8445,
173.5672,
187,
187,
187,
174.9655,
173.8201,
174.6693,
187,
174.8803,
171.3793,
174.6827,
187,
177.5625,
177.8672,
180.1977,
187,
187,
173.4562,
187,
177.1907,
187,
0,
2006, 
173.6923,
173.2805,
176.3874,
170.5172,
177.8445,
173.5672,
188.4,
188.4,
188.4,
174.9655,
173.8201,
174.6693,
188.4,
175.2339,
171.3793,
174.915,
188.4,
177.8499,
178.2823,
181.1063,
188.4,
188.4,
173.4562,
188.4,
177.1907,
188.4,
0,
2007, 
173.6923,
173.3071,
176.3874,
170.5172,
177.8445,
173.5672,
189.8,
189.8,
189.8,
174.9655,
173.8201,
174.6693,
189.8,
175.2339,
171.3793,
175.0492,
189.8,
178.7057,
178.5045,
181.8029,
189.8,
189.8,
173.4562,
189.8,
177.1907,
189.8,
0,
2008, 
173.6923,
173.3359,
176.3874,
170.5172,
177.8445,
173.5672,
191.2,
191.2,
191.2,
174.9655,
173.8201,
174.6693,
191.2,
175.2339,
171.3793,
175.1945,
191.2,
179.5383,
178.7474,
182.5002,
191.2,
191.2,
173.4562,
191.2,
177.1907,
191.2,
0,
2009, 
173.6923,
173.3672,
176.3874,
170.5172,
177.8445,
173.5672,
192.6,
192.6,
192.6,
174.9655,
173.8201,
174.6693,
192.6,
175.2339,
171.3793,
175.3507,
192.6,
180.3523,
179.0094,
183.1979,
192.6,
192.6,
173.4562,
192.6,
177.1907,
192.6,
0,
2010, 
173.6923,
173.4007,
176.3874,
170.5172,
177.8445,
173.5672,
194,
194,
194,
174.9655,
173.8201,
174.6693,
194,
175.2339,
171.3793,
175.5173,
194,
181.1514,
179.2896,
183.8959,
194,
194,
173.4562,
194,
177.1907,
194,
0,
2011, 
173.6923,
173.4366,
176.3874,
170.5172,
177.8445,
173.5672,
195.4,
195.4,
195.4,
174.9655,
173.8201,
174.6693,
195.4,
175.2339,
171.3793,
175.6942,
195.4,
181.9384,
179.5866,
184.5942,
195.4,
195.4,
173.4562,
195.4,
177.1907,
195.4,
0,
2012, 
173.6923,
173.4748,
176.7883,
170.5172,
177.8445,
176.3999,
196.8,
196.8,
196.8,
175.1008,
173.8201,
174.7774,
196.8,
175.2339,
171.3793,
176.18,
195.4,
182.6691,
180.0838,
187.2853,
196.8,
196.8,
173.4562,
196.8,
179.2097,
196.8,
0,
2013, 
173.6923,
173.5153,
177.2015,
170.5172,
177.8445,
178.7428,
198.2,
198.2,
198.2,
175.2436,
173.8201,
174.8917,
198.2,
175.2339,
171.3793,
176.6761,
196.1,
183.3966,
180.5934,
189.1823,
198.2,
198.2,
173.4562,
198.2,
180.9654,
198.2,
0,
2014, 
173.6923,
173.558,
177.6263,
170.5172,
177.8445,
180.7472,
199.6,
199.6,
199.6,
175.3936,
173.8201,
175.012,
199.6,
175.2339,
171.3793,
177.1819,
196.8,
184.1214,
181.1143,
190.6814,
199.6,
199.6,
173.4562,
199.6,
182.5295,
199.6,
0,
2015, 
173.6923,
173.6031,
178.0621,
170.5172,
177.8445,
182.5079,
201,
201,
201,
175.5508,
173.8201,
175.1383,
201,
175.2339,
171.3793,
177.6965,
197.5,
184.8439,
181.6454,
191.9527,
201,
201,
173.4562,
201,
183.9498,
201,
0,
2016, 
173.7264,
173.6504,
178.5081,
170.5172,
177.8445,
184.0875,
202.4,
202.4,
202.4,
175.6332,
173.8201,
175.2704,
202.4,
175.2339,
171.3793,
178.2194,
198.2,
185.5644,
182.186,
193.0814,
202.4,
202.4,
173.4562,
202.4,
185.2595,
202.4,
0,
2017, 
173.7778,
173.7,
178.8741,
170.5172,
177.8445,
184.1076,
203.8,
203.8,
203.8,
175.6332,
173.8201,
175.3267,
203.8,
175.6863,
171.3793,
178.8382,
199.1542,
185.866,
182.4462,
194.333,
203.8,
203.8,
173.4562,
203.8,
187.8991,
203.8,
0,
2018, 
173.8315,
173.7518,
179.2501,
170.5172,
177.8445,
184.1293,
205.2,
205.2,
205.2,
175.6332,
173.8201,
175.3856,
205.2,
176.1469,
171.3793,
179.461,
200.0143,
186.1817,
182.7175,
195.4539,
205.2,
205.2,
173.4562,
205.2,
190.021,
205.2,
0,
2019, 
173.8875,
173.8058,
179.6358,
170.5172,
177.8445,
184.1525,
206.6,
206.6,
206.6,
175.6332,
173.8201,
175.4472,
206.6,
176.6152,
171.3793,
179.6274,
200.8244,
186.5106,
182.9997,
196.4858,
206.6,
206.6,
173.4562,
206.6,
191.8081,
206.6,
0,
2020, 
173.9458,
173.862,
180.0306,
170.5172,
177.8445,
184.1771,
208,
208,
208,
175.6332,
173.8201,
175.5114,
208,
177.0909,
171.3793,
179.6534,
201.6047,
186.8522,
183.2922,
197.4541,
208,
208,
173.4562,
208,
193.3662,
208,
0,
2021, 
174.0064,
173.9205,
180.4343,
170.5172,
177.8445,
184.2033,
209.4,
209.4,
209.4,
175.6332,
173.8201,
175.5783,
209.4,
177.5735,
171.3793,
179.6807,
202.3659,
187.2057,
183.5323,
198.3755,
209.4,
209.4,
173.4562,
209.4,
194.7607,
209.4,
0,
2022, 
174.0693,
173.9811,
180.4343,
170.5172,
177.8445,
184.2033,
210.8,
210.8,
210.8,
175.6332,
173.8201,
175.7082,
210.8,
177.5735,
171.3793,
179.7093,
205.0766,
189.4648,
183.5323,
198.9279,
210.8,
210.8,
173.4562,
210.8,
200.794,
210.8,
0,
2023, 
174.1344,
174.0439,
180.4343,
170.5172,
177.8445,
184.2033,
212.2,
212.2,
212.2,
175.6332,
173.8201,
175.7082,
212.2,
177.5735,
171.3793,
179.7392,
206.5278,
189.483,
185.0889,
199.4209,
212.2,
212.2,
173.4562,
212.2,
203.9228,
212.2,
0,
2024, 
174.2018,
174.5581,
180.4343,
170.5172,
177.8445,
184.2033,
213.6,
213.6,
213.6,
175.6332,
173.8201,
176.381,
213.6,
178.8745,
171.3793,
179.7704,
207.1935,
190.591,
185.8088,
199.7892,
213.6,
213.6,
173.4562,
213.6,
203.9228,
213.6,
0,
2025, 
174.2714,
175.0772,
180.4343,
170.5172,
177.8445,
184.2033,
215,
215,
215,
175.6332,
173.8201,
177.0549,
215,
180.1319,
171.3793,
179.8028,
207.8664,
191.661,
186.5277,
200.1761,
215,
215,
173.4562,
215,
203.9228,
215,
0,
2026, 
174.3432,
175.1434,
180.4343,
170.5172,
177.8445,
184.2033,
216.4,
216.4,
216.4,
175.6332,
173.8201,
178.4707,
215,
180.1319,
171.3793,
181.3936,
207.8664,
191.661,
187.9918,
201.2947,
216.4,
216.4,
173.4562,
216.4,
206.9019,
216.4,
0,
2027, 
174.424,
175.2179,
180.4343,
170.5172,
177.8445,
184.2033,
217.8,
217.8,
217.8,
175.6332,
173.8201,
178.4707,
215.7,
180.1319,
171.3793,
182.9099,
207.8664,
200.6208,
187.9918,
202.5623,
217.8,
217.8,
173.4562,
217.8,
208.9149,
217.8,
0,
2028, 
174.5141,
175.301,
180.4343,
170.5172,
177.8445,
184.7867,
219.2,
219.2,
219.2,
175.6332,
173.8201,
178.4707,
216.4,
180.1319,
171.3793,
182.946,
207.8664,
203.3124,
189.4497,
204.3181,
219.2,
219.2,
173.4562,
219.2,
208.9149,
219.2,
0,
2029, 
174.6138,
175.3931,
180.4343,
170.5172,
177.8445,
184.7867,
219.2,
220.6,
220.6,
175.6332,
173.8201,
178.4707,
217.1,
180.1319,
171.3793,
183.4749,
207.8664,
203.3208,
189.4497,
205.4634,
220.6,
220.6,
173.4562,
220.6,
208.9149,
220.6,
0,
2030, 
174.7234,
175.4945,
180.4343,
170.5172,
177.8445,
184.7867,
219.2,
222,
222,
175.6332,
173.8201,
178.4707,
217.1,
180.1319,
171.3793,
184.9388,
207.8664,
203.3306,
189.4497,
206.9229,
222,
222,
173.4562,
222,
208.9149,
222,
0,
2031, 
174.7234,
176.9359,
180.4343,
170.5172,
177.8445,
185.5214,
221.3,
223.4,
223.4,
175.6332,
173.8201,
178.7912,
217.1,
180.1319,
171.3793,
184.9388,
207.8664,
203.3551,
189.4497,
206.9229,
223.4,
223.4,
173.4562,
223.4,
211.2175,
223.4,
0,
2032, 
174.7317,
176.947,
180.4343,
170.6897,
177.8445,
185.5214,
221.3,
224.8,
224.8,
175.6332,
173.8266,
178.7912,
217.7304,
180.1319,
171.3793,
184.9511,
207.8664,
205.9175,
194.8148,
206.9229,
224.8,
224.8,
173.9592,
224.8,
213.2071,
224.8,
0,
2033, 
174.7394,
176.9575,
193.0098,
170.8621,
177.8445,
185.5214,
221.3,
226.2,
226.2,
175.6332,
173.8325,
180.865,
218.1991,
180.1319,
171.3793,
184.9633,
207.8664,
206.5685,
194.8148,
206.9229,
226.2,
226.2,
174.0765,
226.2,
214.127,
226.2,
0,
2034, 
174.7465,
176.9675,
202.1173,
171.0345,
177.8445,
185.5214,
221.3,
227.6,
227.6,
175.6332,
173.8378,
201.8779,
218.7637,
180.1319,
171.3793,
181.782,
208.7668,
206.8447,
196.0112,
206.9229,
227.6,
227.6,
174.0791,
227.6,
215.4087,
227.6,
0,
2035, 
175.6695,
176.9771,
202.1173,
229,
177.8445,
185.5214,
221.3,
229,
229,
175.6332,
191.3762,
201.8779,
219.1967,
180.1319,
171.3793,
178.4084,
208.7668,
206.857,
196.4908,
206.9229,
229,
229,
174.0814,
229,
215.8422,
229,
0,
2036, 
176.6073,
179.5999,
202.1173,
230.4,
177.8445,
189.4449,
221.3,
230.4,
230.4,
175.6332,
192.7783,
203.6237,
219.5211,
180.1319,
230.4,
177.1006,
208.7668,
207.1013,
196.908,
206.9229,
230.4,
230.4,
174.5906,
230.4,
216.5774,
230.4,
0,
2037, 
177.1178,
180.1598,
202.1173,
231.8,
177.8445,
189.4449,
221.3,
231.8,
231.8,
176.1229,
193.7983,
203.6237,
219.7061,
180.1319,
231.8,
176.353,
208.7668,
207.1136,
197.889,
206.9229,
231.8,
231.8,
175.076,
231.8,
216.7529,
231.8,
0,
2038, 
178.7736,
181.0534,
202.1173,
233.2,
177.8445,
189.4449,
221.3,
233.2,
233.2,
177.1011,
194.8484,
203.9999,
219.9896,
180.1319,
233.2,
175.6802,
208.7668,
207.1258,
197.889,
206.9229,
233.2,
233.2,
175.0791,
233.2,
216.9239,
233.2,
0,
2039, 
182.8471,
181.7454,
202.1173,
234.6,
177.135,
189.4449,
221.3,
234.6,
234.6,
178.5415,
195.8869,
203.9999,
220.1718,
181.8382,
234.6,
175.2736,
208.7668,
207.1379,
198.3094,
207.1728,
234.6,
234.6,
175.5886,
234.6,
217.0932,
234.6,
0,
2040, 
186.1222,
181.825,
202.1173,
236,
176.4245,
189.4449,
221.3,
236,
236,
180.3972,
196.8734,
204.3739,
220.1827,
181.8382,
236,
175.2225,
208.7668,
207.1499,
198.3094,
207.4239,
236,
236,
176.2828,
236,
217.2916,
236,
0,
2041, 
187.4087,
182.1655,
202.1173,
237.4,
175.8552,
189.4449,
221.3,
237.4,
237.4,
182.6065,
198.6624,
204.3739,
220.1827,
181.8382,
237.4,
175.441,
208.7668,
207.1618,
198.4718,
207.4239,
237.4,
237.4,
176.38,
237.4,
217.2916,
237.4,
0,
2042, 
188.9936,
182.9207,
204.6081,
238.8,
175.673,
190.1526,
221.3,
238.8,
238.8,
186.1609,
200.3037,
205.6524,
220.2024,
182.5838,
238.8,
185.4727,
208.7668,
207.3745,
198.927,
207.4239,
238.8,
238.8,
183.728,
238.8,
217.3808,
238.8,
0,
2043, 
190.669,
183.7866,
205.2605,
240.2,
175.6758,
190.9099,
221.3,
240.2,
240.2,
190.4791,
202.945,
207.0264,
220.3392,
183.4413,
240.2,
191.5532,
208.7668,
207.5876,
199.3928,
207.4239,
240.2,
240.2,
190.9096,
240.2,
217.3907,
240.2,
0,
2044, 
192.7168,
184.7978,
207.2694,
241.6,
175.7856,
191.7239,
221.3,
241.6,
241.6,
195.5523,
205.3385,
208.6966,
220.4059,
184.4469,
241.6,
192.414,
208.7668,
207.8012,
199.8696,
207.4239,
241.6,
241.6,
198.5336,
241.6,
217.4368,
241.6,
0,
2045, 
196.0074,
186.0054,
211.0778,
243,
175.9509,
192.6033,
221.3,
243,
243,
201.3303,
208.3468,
211.2596,
220.5922,
185.6544,
243,
193.3473,
208.7668,
208.0154,
201.458,
207.4239,
243,
243,
205.663,
243,
217.4643,
243,
0,
2046, 
199.5725,
187.4874,
211.7898,
244.4,
176.1463,
193.5588,
221.3,
244.4,
244.4,
207.6508,
211.9573,
212.995,
220.5922,
187.1474,
244.4,
194.3648,
208.7668,
208.2302,
209.5304,
207.4239,
244.4,
244.4,
212.2027,
244.4,
217.5638,
244.4,
0,
2047, 
204.2888,
189.3699,
212.5235,
245.8,
176.362,
191.1653,
221.3,
245.8,
245.8,
214.2024,
215.2004,
214.8867,
220.8373,
189.0628,
245.8,
191.6822,
208.7668,
208.4454,
210.0889,
207.4239,
245.8,
245.8,
219.0824,
245.8,
217.7585,
245.8,
0,
2048, 
211.1284,
191.8696,
213.28,
247.2,
176.6022,
188.8823,
221.3,
247.2,
247.2,
220.7881,
219.0372,
216.9595,
220.8373,
191.642,
247.2,
176.5548,
208.7668,
212.2637,
210.885,
207.4239,
247.2,
247.2,
226.1298,
247.2,
218.0147,
247.2,
0,
2049, 
222.1265,
195.3939,
214.061,
248.6,
176.8963,
187.2628,
221.3,
248.6,
248.6,
227.4948,
223.6585,
219.2436,
220.8826,
195.3534,
248.6,
176.7285,
208.7668,
215.9934,
211.4528,
207.4239,
248.6,
248.6,
233.5553,
248.6,
218.1061,
248.6,
0,
2050, 
230.6093,
200.8111,
214.8679,
250,
177.3508,
191.3568,
221.3,
250,
250,
234.5822,
229.3464,
221.7761,
221.097,
201.2413,
250,
176.9542,
208.7668,
216.7216,
212.0336,
207.4239,
250,
250,
241.6278,
250,
218.1543,
250,
0,
2051, 
230.6093,
205.9911,
215.7024,
253,
178.8978,
200.063,
221.3,
253,
253,
240.6537,
229.3464,
224.6038,
221.1274,
201.2413,
253,
177.3518,
208.7668,
219.8791,
212.628,
207.4239,
253,
253,
242.0716,
253,
218.2681,
253,
0,
2052, 
230.6093,
206.3931,
217.4006,
256,
178.8978,
200.063,
221.3,
256,
256,
241.2342,
229.3464,
225.0621,
223.2159,
201.2413,
256,
177.5543,
208.7668,
221.8819,
212.9745,
207.4239,
256,
256,
242.5161,
256,
218.2953,
256,
0,
2053, 
230.6093,
206.8016,
219.2385,
259,
178.8978,
200.063,
221.3,
259,
259,
241.7637,
229.3464,
225.526,
223.3503,
201.3834,
259,
177.862,
208.7668,
223.0754,
213.3244,
207.4633,
259,
259,
242.9154,
259,
218.2953,
259,
0,
2054, 
230.6093,
207.2168,
221.2361,
262,
178.8978,
200.063,
221.3,
262,
262,
242.2067,
229.3464,
225.5903,
223.3503,
201.3834,
262,
178.1767,
208.7668,
223.2676,
213.6777,
207.684,
262,
262,
243.2267,
262,
218.4684,
262,
0,
2055, 
230.6093,
207.6389,
223.4176,
265,
178.8978,
200.063,
221.3,
265,
265,
242.5273,
229.3464,
225.5903,
223.3503,
201.3834,
265,
178.5506,
208.7668,
223.4599,
214.0347,
208.0057,
265,
265,
243.4066,
265,
219.0657,
265,
0,
2056, 
230.6093,
208.0684,
225.8123,
268,
178.8978,
200.063,
221.3,
268,
268,
242.686,
229.3464,
225.5903,
223.3503,
201.3834,
265,
180.4019,
208.7668,
223.6525,
214.3955,
208.2528,
268,
268,
243.5318,
268,
219.8806,
268,
0,
2057, 
230.6093,
208.5055,
225.9509,
271,
179.2002,
200.063,
221.3,
271,
271,
242.7076,
229.3464,
225.5903,
223.3503,
201.3834,
266.7353,
181.2092,
208.7668,
223.9922,
215.149,
208.3668,
271,
271,
243.9581,
271,
220.2108,
271,
0,
2058, 
230.6093,
208.9506,
226.0893,
274,
179.4822,
200.063,
221.3,
274,
274,
242.7159,
229.3464,
225.5903,
223.3503,
201.3834,
268.2917,
208.9215,
208.7668,
224.3346,
215.9275,
208.3924,
274,
274,
244.3477,
274,
221.2796,
274,
0,
2059, 
230.6093,
209.404,
227.1153,
277,
179.7407,
200.063,
221.3,
277,
277,
242.739,
229.3464,
225.7137,
223.3503,
201.3834,
268.5973,
182.5828,
208.7668,
224.6795,
216.7326,
208.3924,
277,
277,
245.1687,
277,
223.2723,
277,
0,
2060, 
230.6093,
209.8661,
227.2533,
280,
180,
200.063,
221.3,
280,
280,
243.0868,
229.3464,
225.8686,
223.3503,
201.5026,
269.8697,
182.9356,
208.7668,
225.0271,
217.5663,
208.3924,
280,
280,
245.6657,
280,
224.7507,
280,
0,
2061, 
230.6093,
210.3374,
227.391,
283,
283,
200.063,
221.3,
283,
283,
243.4746,
229.3464,
225.8686,
223.3503,
201.6637,
270.8414,
183.1238,
208.7668,
227.3474,
218.4303,
208.5319,
283,
283,
245.8339,
283,
225.1049,
283,
0,
2062, 
230.6093,
210.8014,
229.6541,
286,
286,
200.063,
221.3,
286,
286,
243.9239,
229.3464,
225.9023,
223.3503,
201.6637,
271.1539,
184.8476,
208.7668,
227.5324,
219.2894,
208.8076,
286,
286,
245.8339,
286,
225.1049,
286,
0,
2063, 
230.6093,
211.2577,
229.6541,
289,
289,
200.063,
221.3,
289,
289,
244.5214,
229.3464,
225.9023,
223.3503,
201.6637,
273.4838,
186.8945,
208.7668,
227.7132,
220.156,
209.0745,
289,
289,
246.154,
289,
226.5698,
289,
0,
2064, 
230.6093,
211.7058,
229.6541,
292,
292,
200.063,
221.3,
292,
292,
245.2957,
229.3464,
225.9023,
223.3503,
203.6781,
273.9675,
189.5883,
208.7668,
227.8898,
221.0308,
209.4016,
292,
292,
246.154,
292,
226.5698,
292,
0,
2065, 
230.6093,
212.1456,
230.6895,
295,
295,
213.0678,
221.3,
295,
295,
245.9525,
229.3464,
225.9023,
223.3503,
206.3135,
273.9675,
193.5696,
208.7668,
228.0622,
221.9143,
210.8503,
295,
295,
246.2642,
295,
235.8381,
295,
0,
2066, 
230.6093,
212.5763,
230.6895,
295,
298,
221.7276,
221.3,
298,
298,
245.9525,
229.3464,
225.9023,
223.3503,
209.6094,
273.9675,
200.1159,
208.7668,
228.2302,
222.8071,
211.8843,
298,
298,
249.8854,
298,
235.8381,
298,
0,
2067, 
230.6093,
212.9977,
230.6895,
295.0926,
301,
223.4983,
221.3,
301,
301,
246.4958,
229.3464,
225.9023,
223.3503,
209.6094,
295.5963,
204.3459,
208.7668,
228.7084,
223.2476,
214.3379,
301,
301,
250.6836,
301,
238.8536,
301,
0,
2068, 
230.6093,
213.4093,
230.6895,
295.0926,
304,
228.0198,
221.3,
304,
304,
246.4958,
229.3464,
225.9023,
223.3503,
209.6094,
295.5963,
207.5503,
208.7668,
237.9214,
223.6813,
215.8265,
304,
304,
250.6836,
304,
241.1046,
304,
0,
2069, 
230.6093,
213.8104,
231.086,
295.0926,
307,
228.0198,
221.3,
307,
307,
246.4958,
229.3464,
227.1703,
223.3503,
209.6094,
295.5963,
209.5794,
208.7668,
238.4255,
224.108,
216.0241,
307,
307,
250.6836,
307,
242.4458,
307,
0,
2070, 
230.6093,
214.2005,
235.2837,
298.2115,
310,
228.0198,
221.3,
310,
310,
246.4958,
229.3464,
227.1703,
223.3503,
209.6094,
295.5963,
210.7027,
208.7668,
250.6455,
224.5274,
217.1013,
310,
310,
250.6836,
310,
251.2929,
310,
0,
2071, 
230.6093,
214.579,
239.8968,
301.1433,
313,
228.0198,
221.3,
313,
313,
246.4958,
229.3464,
227.2545,
223.3503,
209.6094,
295.5963,
211.2741,
208.7668,
266.6585,
224.9393,
218.4069,
313,
313,
250.6836,
313,
252.8397,
313,
0,
2072, 
230.6093,
214.9452,
241.998,
301.1433,
316,
260.6091,
221.3,
316,
316,
246.7996,
229.3464,
227.3767,
223.3503,
209.6094,
295.5963,
211.9887,
209.1505,
271.0875,
225.5941,
219.5457,
316,
316,
250.6836,
316,
257.5619,
316,
0,
2073, 
230.6093,
215.2984,
244.1445,
301.7841,
319,
295.2274,
221.3,
319,
319,
247.0988,
229.3464,
227.4946,
223.3503,
209.6094,
295.5963,
212.7489,
209.5155,
278.0281,
226.247,
220.4861,
316,
319,
250.6836,
319,
268.8528,
319,
0,
2074, 
230.6093,
215.6379,
244.5994,
301.7841,
322,
303.2587,
221.8959,
322,
322,
248.9115,
229.3464,
227.6079,
223.3503,
209.6094,
295.5963,
213.5155,
209.8601,
280.2411,
226.8976,
221.4473,
316.4548,
322,
250.6836,
322,
268.996,
322,
0,
2075, 
230.6093,
215.9627,
245.9986,
306.9776,
325,
307.4691,
223.9054,
325,
325,
249.2534,
229.3464,
227.7166,
223.3503,
209.6094,
295.5963,
214.2442,
210.1824,
281.1144,
227.5459,
222.432,
317.6689,
325,
250.6836,
325,
269.137,
325,
0,
2076, 
230.717,
216.272,
250.9369,
315.7121,
328,
311.9768,
228.3037,
328,
328,
249.3967,
229.3464,
227.8208,
225.7811,
209.6094,
295.5963,
214.9761,
210.4802,
285.6042,
228.1916,
223.4436,
322.3173,
328,
250.6836,
328,
269.2758,
328,
0,
2077, 
230.5838,
216.5649,
255.5292,
319.5619,
331,
312.0367,
231.6261,
331,
331,
249.3967,
229.3464,
227.8611,
225.7811,
210.4021,
295.5963,
215.8975,
210.8846,
294.3076,
228.4879,
224.7559,
324.3182,
331,
250.6836,
331,
273.2983,
331,
0,
2078, 
229.1148,
216.8402,
262.0154,
324.8401,
334,
312.8182,
231.6261,
334,
334,
249.3967,
229.3464,
227.8994,
225.7811,
211.2178,
295.5963,
216.9033,
211.2579,
295.9068,
228.7748,
226.1495,
326.1397,
331,
250.6836,
334,
273.6154,
334,
0,
2079, 
229.4589,
217.0967,
264.7681,
326.3414,
337,
315.0361,
231.6261,
337,
337,
249.3967,
229.3464,
227.9356,
228.6532,
212.0662,
295.5963,
217.1402,
211.5949,
296.0296,
229.052,
227.642,
326.1397,
332.4292,
250.6836,
337,
273.929,
337,
0,
2080, 
230.2797,
217.3333,
271.0059,
326.3414,
340,
317.3669,
231.6261,
340,
340,
249.3967,
229.3464,
227.9696,
228.6532,
212.9632,
295.5963,
217.2066,
211.8891,
296.1509,
229.3192,
229.2561,
327.7161,
334.8657,
250.6836,
340,
274.239,
340,
0,
2081, 
230.8797,
217.5485,
271.3839,
326.3414,
343,
317.7349,
231.6261,
343,
343,
249.3967,
229.3464,
228.0015,
231.4344,
213.9376,
295.5963,
217.2357,
212.1325,
297.3534,
229.6201,
231.022,
328.9442,
337.463,
250.6836,
343,
274.5454,
343,
0,
2082, 
231.0557,
217.7408,
274.0506,
326.3414,
346,
317.7349,
239.2724,
346,
346,
249.3967,
229.3464,
228.0574,
234.4758,
213.9376,
295.5963,
217.2846,
217.1494,
299.4211,
229.6201,
232.1638,
328.9442,
339.1622,
250.6836,
346,
276.8403,
346,
0,
2083, 
231.2209,
217.9086,
274.0506,
326.7607,
346,
317.7349,
246.712,
349,
349,
249.3967,
229.3464,
228.0574,
243.0501,
213.9376,
295.5963,
217.3261,
230.3489,
301.8039,
230.8043,
233.1861,
333.7624,
339.1622,
250.6836,
349,
279.5125,
349,
0,
2084, 
231.3071,
219.2785,
274.0506,
329.5282,
346,
325.35,
253.188,
352,
352,
249.3967,
229.3464,
228.294,
245.9469,
218.6972,
295.5963,
217.3592,
240.3513,
302.7222,
231.381,
233.929,
336.3512,
339.1622,
250.6836,
352,
284.5152,
352,
0,
2085, 
231.0466,
221.0715,
274.0506,
332.133,
350.3785,
337.9733,
256.7189,
355,
355,
249.3967,
229.3464,
228.5164,
245.9469,
309.3856,
296.1924,
217.3836,
305.1022,
305.2592,
231.9498,
234.6752,
341.7033,
339.1622,
250.6836,
355,
287.7115,
355,
0,
2086, 
231.2545,
221.3207,
280.014,
337.495,
350.3785,
342.6014,
256.7189,
358,
358,
249.3967,
229.3464,
228.9693,
250.2744,
309.3856,
297.1133,
218.5022,
313.3719,
308.318,
233.1679,
237.0312,
341.7704,
339.1622,
250.6836,
358,
292.5583,
358,
0,
2087, 
231.5526,
221.5514,
282.1391,
340.8257,
350.3785,
347.6788,
256.7189,
361,
361,
249.3967,
229.3464,
228.9693,
259.1066,
309.3856,
300.1566,
220.3611,
313.3719,
317.0212,
233.1843,
243.362,
341.7704,
339.1622,
250.6836,
361,
306.1679,
361,
0,
2088, 
231.7798,
221.7522,
282.1391,
340.8257,
350.3785,
349.416,
256.7189,
364,
364,
249.3967,
229.3464,
229.1889,
273.517,
322.0493,
300.8987,
220.3888,
318.0332,
322.963,
234.4077,
255.9506,
342.7979,
339.1622,
250.6836,
364,
311.4282,
364,
0,
2089, 
232.0597,
221.9083,
282.1391,
342.6337,
350.3785,
349.416,
264.7427,
367,
367,
249.7349,
229.3464,
229.7386,
290.5761,
329.6044,
300.8987,
220.6,
329.117,
325.6989,
234.4326,
267.7149,
344.3221,
339.1622,
250.6836,
367,
324.6913,
367,
0,
2090, 
232.3396,
222,
282.1391,
342.6337,
350.3785,
349.416,
265.7415,
370,
370,
249.7349,
229.3464,
230.2905,
294.7762,
333.1905,
300.8987,
370,
329.117,
327.071,
234.4404,
309.1107,
348.8538,
339.7557,
250.6836,
370,
326.4102,
370,
0,
2091, 
231.8248,
373,
284.7787,
342.6337,
350.3785,
349.5867,
343.7437,
373,
373,
249.7349,
229.3464,
230.7514,
297.9096,
335.5122,
300.8987,
373,
329.117,
328.6379,
234.4404,
310.5288,
349.7662,
339.7557,
250.6836,
373,
329.0227,
373,
0,
2092, 
231.7118,
376,
286.4057,
342.6337,
350.3785,
350.5343,
344.8687,
376,
376,
249.7349,
229.3464,
231.0567,
306.0218,
335.5122,
300.8987,
376,
329.117,
331.1089,
239.1034,
310.5288,
349.7662,
340.637,
251.1175,
376,
333.1607,
376,
0,
2093, 
231.6893,
379,
296.0878,
342.6337,
350.3785,
351.1011,
345.2379,
379,
379,
249.7349,
229.3464,
232.0669,
312.407,
335.5122,
300.8987,
379,
329.117,
333.2863,
239.1034,
310.5288,
349.8513,
340.637,
251.2121,
379,
334.7722,
379,
0,
2094, 
231.6893,
382,
314.9551,
342.6337,
350.3785,
351.5904,
345.2379,
382,
382,
249.7349,
229.3464,
263.617,
321.3406,
335.5122,
300.8987,
382,
355.6909,
335.5594,
240.632,
310.5288,
349.8513,
340.637,
251.2121,
382,
337.4456,
382,
0,
2095, 
233.0675,
385,
314.9551,
342.6337,
350.3785,
352.0046,
345.2379,
385,
385,
249.7349,
238.4497,
263.617,
327.4644,
336.6905,
302.5017,
385,
361.5767,
337.8295,
241.2878,
312.2102,
349.8513,
340.637,
251.2121,
385,
341.1352,
385,
0,
2096, 
233.507,
385,
314.9551,
342.6337,
350.3785,
353.1773,
345.2379,
388,
388,
249.7349,
238.4497,
271.5514,
332.0886,
339.5253,
302.5017,
388,
365.432,
339.6399,
241.8411,
317.0267,
350.3588,
340.637,
251.2121,
388,
342.1339,
388,
0,
2097, 
233.9836,
385.4204,
314.9551,
342.6337,
350.3785,
359.1825,
345.2379,
391,
391,
249.8959,
239.4483,
271.5514,
334.953,
339.5253,
303.3366,
391,
368.724,
340.8452,
243.1958,
322.7137,
350.3588,
340.637,
251.3051,
391,
346.5595,
391,
0,
2098, 
234.3012,
386.7648,
314.9551,
342.6337,
350.3785,
365.6291,
345.2379,
394,
394,
250.2022,
240.2726,
280.7603,
338.1613,
339.5253,
305.6878,
394,
370.4615,
341.2673,
243.1958,
335.8707,
350.3588,
340.637,
251.3051,
394,
349.8198,
394,
0,
2099, 
235.5582,
388.086,
314.9551,
342.6337,
350.3785,
373.8876,
345.2379,
397,
397,
251.3926,
240.9834,
280.7603,
340.0787,
339.5253,
306.3125,
397,
379.4207,
341.6752,
243.1958,
335.8707,
350.3588,
340.637,
251.3132,
397,
353.9363,
397,
0,
2100, 
238.8117,
388.086,
314.9551,
342.6337,
350.3785,
375.1879,
345.2379,
400,
400,
257.1148,
240.9834,
284.0013,
340.1837,
339.5253,
306.3125,
400,
385.608,
343.196,
243.1958,
340.1068,
350.3588,
340.637,
251.3132,
400,
357.2326,
400,
0];
