real main.em.dem.RURPOPTOT[28](t) = [1971, 
5.3309,
53.54213,
20.87916,
25.0041,
42.58309,
35.28856,
42.97043,
111.6185,
77.8634,
12.00652,
106.651,
59.13116,
22.21433,
28.69478,
18.89988,
54.23365,
37.47054,
455.5753,
26.24048,
710.3481,
126.9501,
99.91839,
49.19978,
3.430035,
140.6397,
40.64558,
0,
2407.33,
1972, 
5.414045,
54.13614,
21.14098,
25.30899,
42.64231,
35.48507,
43.65652,
113.602,
79.74329,
12.34005,
106.3893,
58.80452,
22.47094,
28.43312,
19.22999,
53.49019,
38.00792,
464.0043,
26.23686,
726.788,
129.5238,
102.0225,
49.07536,
3.478703,
142.8659,
41.60506,
0,
2445.896,
1973, 
5.48415,
54.66267,
21.39331,
25.60349,
42.67241,
35.67015,
44.3621,
115.693,
81.66162,
12.68159,
106.0517,
58.49175,
22.7237,
28.14082,
19.56908,
52.73188,
38.54213,
472.6942,
26.19121,
742.6169,
132.0879,
104.137,
48.94271,
3.509408,
145.8974,
42.64057,
0,
2484.853,
1974, 
5.561762,
55.15897,
21.63295,
25.88819,
42.66549,
35.84608,
45.09534,
117.8995,
83.74389,
13.02776,
105.6482,
58.19403,
22.96222,
27.83028,
19.91417,
51.9754,
39.07914,
481.573,
26.08376,
757.5426,
134.5951,
106.2474,
48.77202,
3.537104,
148.9763,
43.72457,
0,
2523.175,
1975, 
5.6427,
55.66364,
21.85744,
26.16269,
42.62256,
36.00422,
45.96502,
120.2243,
85.87271,
13.37644,
105.1572,
57.90088,
23.17493,
27.50778,
20.26554,
51.23753,
39.61753,
490.514,
25.91869,
770.8582,
136.9523,
108.3541,
48.53373,
3.556973,
152.0712,
44.84987,
0,
2559.862,
1976, 
5.714859,
56.15312,
22.08029,
26.46226,
42.59513,
36.14133,
46.97479,
122.5918,
88.05566,
13.72416,
104.8114,
57.61671,
23.48053,
27.19997,
20.66603,
50.69193,
40.46425,
499.2188,
25.66588,
779.1639,
139.0399,
110.3224,
48.43464,
3.604437,
154.7878,
45.95852,
0,
2591.62,
1977, 
5.778996,
56.68716,
22.29558,
26.7528,
42.54447,
36.27172,
47.939,
125.0279,
90.16054,
14.07989,
104.458,
57.28301,
23.81182,
26.86981,
21.07894,
50.14142,
41.33032,
508.0645,
25.35181,
786.5013,
141.3341,
112.28,
48.29004,
3.649195,
157.6168,
47.08779,
0,
2622.687,
1978, 
5.836784,
57.29321,
22.50303,
27.04078,
42.47003,
36.39812,
48.86406,
127.6935,
92.46822,
14.44715,
104.092,
56.87922,
24.14783,
26.51992,
21.4968,
49.57719,
41.90651,
517.0798,
25.00279,
793.2042,
143.8305,
114.2392,
48.09616,
3.693363,
160.5877,
48.19955,
0,
2653.568,
1979, 
5.896727,
57.93459,
22.67951,
27.31756,
42.36533,
36.5098,
49.83291,
130.5253,
94.99341,
14.81862,
103.7077,
56.4455,
24.46951,
26.17438,
21.90288,
48.96127,
42.50531,
526.2998,
24.636,
800.287,
146.3232,
116.202,
47.85307,
3.737862,
163.6014,
49.33001,
0,
2685.311,
1980, 
5.965366,
58.60011,
22.79024,
27.58464,
42.22862,
36.60883,
50.85098,
133.3259,
97.21715,
15.19582,
103.3617,
55.97131,
24.78687,
25.83604,
22.30139,
48.29193,
43.29433,
535.875,
24.26734,
807.9919,
148.8697,
118.1594,
47.56017,
3.787886,
166.6993,
50.60548,
0,
2718.027,
1981, 
6.005123,
58.91914,
22.94324,
27.88272,
42.12305,
36.75208,
51.88082,
136.1799,
99.76601,
15.53518,
103.2833,
55.80235,
24.509,
25.53134,
22.76367,
47.95033,
44.44251,
546.4286,
23.96069,
813.1125,
151.4688,
119.7402,
47.63391,
3.851759,
170.0716,
51.96035,
0,
2750.498,
1982, 
6.039576,
59.18735,
23.04584,
28.19102,
41.97256,
36.87865,
52.93684,
139.1349,
102.7278,
15.8823,
103.138,
55.60796,
24.23991,
25.21213,
23.24346,
47.63463,
45.56839,
557.1001,
23.68213,
819.0618,
154.1125,
121.292,
47.68499,
3.921091,
173.6796,
53.24115,
0,
2784.417,
1983, 
6.066895,
59.45906,
23.13374,
28.53135,
41.77602,
36.99142,
54.03366,
141.9424,
105.466,
16.25341,
102.956,
55.38931,
23.99251,
24.89329,
23.74702,
47.36285,
46.47746,
567.9618,
23.37427,
824.3944,
156.8055,
122.8039,
47.72655,
3.987806,
177.8083,
54.58384,
0,
2817.919,
1984, 
6.089249,
59.72041,
23.2023,
28.88336,
41.52802,
37.08681,
55.14305,
144.7208,
108.0687,
16.65195,
102.7695,
55.14893,
23.70971,
24.57271,
24.27036,
47.09251,
47.43056,
579.0526,
23.03145,
828.8737,
159.5263,
124.2454,
47.75797,
4.050673,
181.9711,
55.92133,
0,
2850.52,
1985, 
6.111053,
59.97549,
23.24776,
29.23351,
41.22372,
37.15934,
56.24821,
147.6701,
110.7668,
17.08845,
102.5986,
54.87993,
23.38402,
24.23379,
24.80985,
46.80183,
48.33125,
590.2687,
22.6547,
833.9901,
162.2145,
125.5715,
47.77541,
4.113485,
186.175,
57.26669,
0,
2883.794,
1986, 
6.163498,
60.19626,
23.29127,
29.53341,
40.95181,
37.30483,
57.4432,
150.6624,
113.4928,
17.47205,
102.4019,
54.68299,
23.20394,
24.01875,
25.47657,
46.76882,
49.4931,
601.6981,
22.20133,
839.8228,
164.8253,
126.5886,
47.39083,
4.157255,
190.3805,
58.58787,
0,
2918.21,
1987, 
6.227156,
60.40279,
23.31445,
29.83052,
40.62283,
37.43814,
58.58862,
153.7343,
116.384,
17.90146,
102.2444,
54.45801,
22.98569,
23.80235,
26.19003,
46.76286,
50.67909,
613.1934,
21.73445,
846.5591,
167.4073,
127.5054,
46.98769,
4.205185,
194.5261,
59.84075,
0,
2953.526,
1988, 
6.304007,
60.62535,
23.32726,
30.13259,
40.23825,
37.5591,
59.69976,
156.8972,
119.0707,
18.33383,
102.1224,
54.19169,
22.73949,
23.57092,
26.91767,
46.71466,
51.79909,
624.7354,
21.24156,
852.9722,
169.9445,
128.3551,
46.56783,
4.256023,
198.8261,
61.05314,
0,
2988.196,
1989, 
6.392519,
60.89767,
23.3278,
30.436,
39.79813,
37.6638,
60.78027,
160.1684,
121.6734,
18.75276,
102.0155,
53.89222,
22.46709,
23.32592,
27.59438,
46.57693,
52.90287,
636.3922,
20.72644,
858.7083,
172.4581,
129.1362,
46.12122,
4.307213,
203.2686,
62.28585,
0,
3022.07,
1990, 
6.476763,
61.27585,
23.35651,
30.73802,
39.30122,
37.74722,
61.81726,
163.3823,
124.5857,
19.12648,
101.9197,
53.56509,
22.16262,
23.0616,
28.19031,
46.36485,
53.89346,
648.0778,
20.1831,
864.7195,
174.9997,
129.8393,
45.64891,
4.363041,
207.5632,
63.51092,
0,
3055.87,
1991, 
6.499489,
61.15347,
23.49781,
30.93403,
38.85607,
37.84869,
62.85244,
166.6549,
127.5439,
19.42174,
101.8416,
53.4632,
22.2463,
23.04826,
28.88431,
46.57454,
55.03129,
659.9841,
19.99808,
866.6833,
177.9242,
130.343,
45.40934,
4.398262,
211.9276,
64.71378,
0,
3087.734,
1992, 
6.514513,
61.03716,
23.62929,
31.11233,
38.35596,
37.92056,
63.85618,
170.0557,
130.4198,
19.62062,
101.7836,
53.21235,
22.31194,
23.03878,
29.52288,
46.69915,
56.20005,
671.9188,
19.76217,
865.6713,
180.8676,
130.7932,
45.16122,
4.420029,
216.7118,
65.88863,
0,
3116.485,
1993, 
6.525507,
60.89009,
23.75172,
31.27113,
37.81223,
37.96717,
64.83994,
173.4825,
133.4225,
19.77161,
101.6953,
52.90746,
22.37123,
22.98156,
30.05123,
46.76448,
56.9802,
683.8826,
19.52597,
863.6027,
183.8211,
131.1732,
44.89793,
4.435272,
222.0137,
67.09608,
0,
3143.934,
1994, 
6.533401,
60.68936,
23.86415,
31.40739,
37.23093,
37.9905,
65.7843,
177.3295,
135.7995,
19.90492,
101.5628,
52.65928,
22.4267,
22.81998,
30.49863,
46.76211,
57.64793,
695.866,
19.2838,
860.8818,
186.6349,
131.5006,
44.6343,
4.451767,
227.3131,
68.42091,
0,
3169.898,
1995, 
6.538864,
60.43704,
23.96069,
31.52609,
36.61108,
37.98538,
66.68374,
181.1932,
138.4928,
20.01983,
101.4008,
52.44028,
22.46314,
22.60622,
30.92809,
46.70973,
58.40231,
707.8484,
19.01874,
857.5513,
189.3101,
131.78,
44.35972,
4.472794,
232.2949,
69.72714,
0,
3194.762,
1996, 
6.500113,
60.2039,
24.14332,
31.67665,
35.98622,
38.04044,
67.61156,
184.324,
142.6764,
20.11246,
101.1489,
52.37416,
22.52178,
22.38467,
31.29035,
46.6453,
59.15895,
719.6891,
19.02615,
852.5435,
191.6991,
131.426,
44.31699,
4.485121,
236.9897,
70.90723,
0,
3217.882,
1997, 
6.455809,
59.96553,
24.31184,
31.8114,
35.32268,
38.0697,
68.52673,
187.4069,
146.8184,
20.17539,
100.8941,
52.28607,
22.56836,
22.15799,
31.59109,
46.58442,
59.92112,
731.4862,
19.03709,
846.9066,
194.0391,
131.0034,
44.27691,
4.493944,
241.6526,
72.09976,
0,
3239.863,
1998, 
6.403723,
59.70824,
24.46854,
31.92892,
34.61983,
38.07272,
69.41244,
190.8096,
150.5345,
20.20751,
100.6336,
52.09283,
22.59778,
21.93602,
31.84098,
46.52686,
60.6984,
743.2346,
19.03749,
840.767,
196.2787,
130.4814,
44.22865,
4.498425,
246.4144,
73.40013,
0,
3260.833,
1999, 
6.348265,
59.40584,
24.61239,
32.03028,
33.87216,
38.04753,
70.26755,
194.3815,
154.3304,
20.21036,
100.3682,
51.84673,
22.60946,
21.70893,
32.14162,
46.45319,
61.47316,
754.8765,
19.027,
834.1542,
198.3576,
129.8255,
44.16797,
4.501471,
251.2901,
74.72009,
0,
3281.028,
2000, 
6.296829,
59.05173,
24.74045,
32.11189,
33.07834,
37.99118,
71.11781,
198.0883,
158.2939,
20.18073,
100.1196,
51.7257,
22.60579,
21.47587,
32.56698,
46.34073,
62.25636,
766.486,
19.00925,
827.4049,
200.2222,
129.0506,
44.10746,
4.506388,
256.0998,
76.08908,
0,
3301.018,
2001, 
6.322454,
58.73265,
24.80961,
32.17517,
32.43492,
37.93416,
71.95602,
201.8459,
162.3558,
20.13431,
99.4585,
51.49128,
22.61266,
21.17602,
32.9396,
46.29019,
63.07113,
778.2056,
18.95195,
815.575,
201.7234,
130.523,
44.00896,
4.513977,
260.9258,
77.39693,
0,
3317.565,
2002, 
6.347296,
58.35399,
24.86961,
32.22057,
31.75018,
37.84607,
72.80801,
205.6898,
166.5415,
20.09038,
98.88342,
51.17982,
22.59544,
20.88309,
33.32088,
46.24047,
63.6989,
789.8474,
18.88197,
803.2161,
203.166,
131.9634,
43.90077,
4.524168,
265.981,
78.71513,
0,
3333.515,
2003, 
6.366766,
57.93202,
24.91737,
32.24714,
31.01884,
37.72853,
73.66236,
209.5612,
170.8454,
20.04679,
98.40732,
50.84232,
22.55609,
20.61293,
33.71222,
46.20376,
64.2953,
801.2358,
18.80502,
790.4767,
204.5414,
133.3723,
43.77972,
4.534388,
270.8188,
80.09457,
0,
3348.615,
2004, 
6.384504,
57.50679,
24.95656,
32.25558,
30.25156,
37.58502,
74.51827,
213.52,
175.2688,
20.00287,
97.9696,
50.49345,
22.52077,
20.35682,
34.12458,
46.18644,
65.04929,
812.3633,
18.72433,
777.5034,
205.8462,
134.7094,
43.64723,
4.542101,
275.1055,
81.53187,
0,
3362.924,
2005, 
6.403879,
57.07339,
24.98141,
32.24908,
29.45607,
37.41988,
75.36802,
217.6016,
179.7682,
19.95831,
97.52386,
50.14524,
22.47675,
20.10136,
34.5608,
46.18174,
65.96617,
823.0726,
18.63145,
764.3707,
207.0929,
136.0415,
43.50001,
4.55028,
279.123,
83.01926,
0,
3376.637,
2006, 
6.436756,
56.72594,
24.99868,
32.28113,
28.90732,
37.28821,
76.13899,
221.5843,
184.3494,
19.91212,
97.03979,
49.7403,
22.441,
19.78015,
34.97519,
46.00984,
67.01062,
832.6808,
18.53359,
757.235,
208.0918,
137.3468,
43.31254,
4.567228,
282.6795,
84.58031,
0,
3394.647,
2007, 
6.471933,
56.37573,
25.00066,
32.31158,
28.33037,
37.13387,
76.93738,
225.6176,
189.1163,
19.87315,
96.62122,
49.34624,
22.38754,
19.47612,
35.41541,
45.90955,
68.15073,
841.902,
18.43366,
750.0825,
209.0829,
138.6787,
43.12486,
4.593149,
285.7215,
86.20709,
0,
3412.302,
2008, 
6.511499,
56.00034,
24.98613,
32.3376,
27.72594,
36.95677,
77.75912,
229.7019,
194.0286,
19.85497,
96.19901,
48.9752,
22.32096,
19.18771,
35.88589,
45.86646,
69.30225,
850.8397,
18.33196,
742.9028,
210.0006,
140.0079,
42.92574,
4.625473,
288.6955,
87.85017,
0,
3429.78,
2009, 
6.554174,
55.58287,
24.95947,
32.35551,
27.09746,
36.76534,
78.60082,
233.8532,
199.0238,
19.84495,
95.6557,
48.63347,
22.26269,
18.92066,
36.39647,
45.85532,
70.38516,
859.5925,
18.23167,
735.7251,
210.8733,
141.3052,
42.71576,
4.655905,
292.039,
89.49344,
0,
3447.379,
2010, 
6.595016,
55.12244,
24.95068,
32.34875,
26.45078,
36.56564,
79.49316,
238.0767,
204.028,
19.83259,
95.03287,
48.29505,
22.21552,
18.65963,
36.92996,
45.84602,
71.26704,
868.3054,
18.13687,
728.4382,
211.7138,
142.5839,
42.48873,
4.676292,
295.5897,
91.23079,
0,
3464.873,
2011, 
6.55267,
54.72876,
24.92295,
32.31144,
26.26555,
36.39258,
79.88154,
242.4139,
208.3775,
19.79893,
94.05054,
47.53155,
22.29832,
18.34964,
37.11869,
45.25239,
71.97934,
873.0117,
17.97849,
722.5236,
212.1165,
142.8521,
41.96295,
4.682455,
298.2498,
93.03333,
0,
3474.637,
2012, 
6.509514,
54.33405,
24.88155,
32.281,
26.06721,
36.20892,
80.2933,
246.7307,
212.7072,
19.77422,
93.0105,
46.77,
22.41271,
18.06125,
37.31097,
44.69849,
72.61961,
877.4259,
17.84412,
716.7834,
212.4782,
143.0986,
41.41998,
4.691448,
300.5457,
94.92186,
0,
3483.88,
2013, 
6.464586,
53.91531,
24.81433,
32.2362,
25.85484,
36.01166,
80.91145,
251.0109,
217.1451,
19.75171,
91.89935,
46.00359,
22.57824,
17.78015,
37.51297,
44.15971,
73.23727,
881.496,
17.7079,
710.9384,
212.766,
143.2644,
40.8714,
4.702095,
302.3412,
96.9119,
0,
3492.286,
2014, 
6.411633,
53.4707,
24.72224,
32.17351,
25.63411,
35.80226,
81.52951,
255.3269,
221.4988,
19.76725,
90.76871,
45.23484,
22.80555,
17.48782,
37.72703,
43.6194,
73.84621,
885.0165,
17.56885,
704.7164,
212.9437,
143.3348,
40.3155,
4.71067,
303.994,
98.95981,
0,
3499.386,
2015, 
6.354061,
52.99744,
24.60564,
32.09396,
25.40463,
35.58543,
82.06815,
259.6039,
225.8091,
19.877,
89.63559,
44.46774,
23.02346,
17.20173,
37.94421,
43.09109,
74.43182,
888.0207,
17.4219,
698.0731,
213.0595,
143.3159,
39.75378,
4.717972,
305.3462,
101.091,
0,
3504.995,
2016, 
6.303759,
52.5145,
24.47462,
32.00044,
25.16068,
35.35837,
82.5388,
263.9302,
230.2179,
19.76365,
88.50131,
43.70358,
23.18646,
16.92487,
38.15036,
42.57199,
74.87198,
890.9459,
17.24358,
691.1188,
213.1654,
143.2027,
39.18416,
4.727077,
306.5374,
103.3038,
0,
3509.602,
2017, 
6.261135,
52.01373,
24.32458,
31.89113,
24.90633,
35.10777,
82.94792,
268.2699,
234.679,
19.53166,
87.36224,
42.95136,
23.25576,
16.64156,
38.33051,
42.01861,
75.16127,
893.5516,
17.03571,
684.1268,
213.1849,
142.994,
38.59387,
4.737175,
308.0201,
105.5036,
0,
3513.402,
2018, 
6.222364,
51.46268,
24.13729,
31.77918,
24.6467,
34.82143,
83.28516,
272.4874,
239.2389,
19.46001,
86.20599,
42.20308,
23.22045,
16.34849,
38.49543,
41.42097,
75.4904,
895.4874,
16.81646,
676.2553,
213.0544,
142.7069,
37.98351,
4.746414,
309.6957,
107.6258,
0,
3515.298,
2019, 
6.181503,
50.87283,
23.92233,
31.64853,
24.37462,
34.50117,
83.53596,
276.615,
244.0171,
19.3971,
85.05313,
41.45738,
23.16793,
16.04936,
38.65561,
40.7928,
75.7982,
896.8007,
16.58594,
667.3546,
212.8087,
142.3577,
37.35918,
4.756042,
311.4136,
109.6877,
0,
3515.165,
2020, 
6.117886,
50.18765,
23.67033,
31.4998,
24.07259,
34.14392,
83.72411,
280.7424,
248.8469,
19.31536,
83.81082,
40.68195,
23.1064,
15.73119,
38.81646,
40.10281,
75.71173,
897.4167,
16.33444,
657.5886,
212.5112,
141.8497,
36.71416,
4.752777,
313.5123,
111.75,
0,
3512.712,
2021, 
6.042263,
49.57004,
23.49206,
31.42357,
23.86205,
33.86855,
84.0593,
285.6302,
253.5291,
19.21274,
82.71667,
40.11715,
23.05529,
15.10373,
39.00479,
39.52563,
76.01735,
896.3461,
16.1103,
648.6749,
212.1189,
141.3992,
36.10148,
4.726807,
315.9707,
113.8972,
0,
3511.576,
2022, 
5.965675,
48.94611,
23.30833,
31.3406,
23.6485,
33.58533,
84.36459,
290.3491,
258.124,
19.10596,
81.6196,
39.55389,
23.00058,
14.48696,
39.18044,
38.94894,
76.29521,
895.1447,
15.88586,
639.7554,
211.6847,
140.9249,
35.49305,
4.699797,
318.3342,
115.9862,
0,
3509.732,
2023, 
5.888126,
48.3158,
23.11915,
31.25087,
23.43192,
33.29427,
84.64003,
294.8989,
262.6315,
18.99501,
80.51953,
38.99213,
22.94226,
13.88088,
39.3434,
38.37272,
76.54535,
893.8129,
15.66114,
630.83,
211.2087,
140.4266,
34.88888,
4.671745,
320.6026,
118.017,
0,
3507.182,
2024, 
5.809612,
47.67911,
22.92451,
31.1544,
23.21233,
32.99536,
84.88562,
299.2798,
267.0516,
18.87991,
79.41653,
38.43192,
22.88035,
13.28549,
39.49368,
37.79698,
76.76776,
892.3504,
15.43613,
621.8986,
210.6906,
139.9045,
34.28895,
4.642654,
322.776,
119.9897,
0,
3503.923,
2025, 
5.730137,
47.03601,
22.72443,
31.05119,
22.98973,
32.68863,
85.10133,
303.4916,
271.3845,
18.76064,
78.31061,
37.87321,
22.81485,
12.70079,
39.63127,
37.22171,
76.96243,
890.7573,
15.21082,
612.9614,
210.1307,
139.3585,
33.69329,
4.612524,
324.8545,
121.9043,
0,
3499.956,
2026, 
5.648411,
46.42181,
21.11323,
29.91879,
22.74136,
31.27286,
82.80661,
298.9878,
269.1958,
18.19887,
74.50159,
36.21843,
21.8737,
12.15149,
38.6582,
35.23073,
74.4882,
865.3491,
14.7893,
582.8924,
203.6095,
135.0639,
32.05444,
4.564425,
318.2698,
120.4097,
0,
3396.43,
2027, 
5.565773,
45.79999,
19.47853,
28.76731,
22.49063,
29.83714,
80.43219,
293.9707,
266.6885,
17.62516,
70.68555,
34.57558,
20.91896,
11.60037,
37.65352,
33.24731,
71.92537,
839.5369,
14.36838,
552.8924,
196.9854,
130.7035,
30.42895,
4.515131,
311.3912,
118.7157,
0,
3290.8,
2028, 
5.482216,
45.17053,
17.82034,
27.59676,
22.23755,
28.38148,
77.97806,
288.4404,
263.8624,
17.03952,
66.86255,
32.94466,
19.95061,
11.04742,
36.61726,
31.27142,
69.27396,
813.3207,
13.94807,
522.9613,
190.2582,
126.2773,
28.81683,
4.464642,
304.2184,
116.8223,
0,
3183.064,
2029, 
5.397747,
44.53345,
16.13866,
26.40712,
21.98212,
26.90584,
75.44424,
282.3967,
260.7177,
16.44195,
63.03262,
31.32567,
18.96869,
10.49264,
35.5494,
29.3031,
66.53394,
786.7004,
13.52836,
493.0992,
183.428,
121.7853,
27.21808,
4.412958,
296.7516,
114.7295,
0,
3073.225,
2030, 
5.312359,
43.88873,
14.43349,
25.19841,
21.72432,
25.41026,
72.8307,
275.8398,
257.2543,
15.83244,
59.19568,
29.71859,
17.97315,
9.936035,
34.44995,
27.34232,
63.70535,
759.6763,
13.10925,
463.3062,
176.4948,
117.2275,
25.63268,
4.360081,
288.9906,
112.4372,
0,
2961.28,
2031, 
5.242981,
43.34641,
14.08102,
24.85251,
21.52486,
25.0139,
72.16241,
275.8543,
257.5945,
15.58413,
58.01779,
28.98074,
17.73366,
9.748238,
34.08398,
26.79082,
63.19078,
748.9818,
12.82146,
451.8813,
173.864,
115.6521,
25.05065,
4.320469,
287.0346,
112.5701,
0,
2925.979,
2032, 
5.172882,
42.79779,
13.72433,
24.50188,
21.32434,
24.61295,
71.4664,
275.6612,
257.7995,
15.33153,
56.83749,
28.24805,
17.49108,
9.560654,
33.70615,
26.24115,
62.65103,
738.1642,
12.53466,
440.5015,
171.2026,
114.0581,
24.47305,
4.279991,
284.966,
112.6243,
0,
2889.933,
2033, 
5.102066,
42.24289,
13.36343,
24.1465,
21.12279,
24.20738,
70.74265,
275.2605,
257.8693,
15.07462,
55.65475,
27.52052,
17.24544,
9.37328,
33.31647,
25.69331,
62.08603,
727.2231,
12.24886,
429.1665,
168.5105,
112.4454,
23.89983,
4.238647,
282.7848,
112.5998,
0,
2853.139,
2034, 
5.030529,
41.68167,
12.9983,
23.7864,
20.92023,
23.7972,
69.99117,
274.6522,
257.8038,
14.81342,
54.46957,
26.79816,
16.99671,
9.186123,
32.91493,
25.14732,
61.49585,
716.1589,
11.96406,
417.8763,
165.7877,
110.8141,
23.33103,
4.196434,
280.491,
112.4967,
0,
2815.6,
2035, 
4.958275,
41.11417,
12.62897,
23.42155,
20.71663,
23.38243,
69.21191,
273.8363,
257.6031,
14.54792,
53.28195,
26.08096,
16.74492,
8.999172,
32.50153,
24.60318,
60.88046,
704.9714,
11.68024,
406.6312,
163.0342,
109.1641,
22.76664,
4.153351,
278.0846,
112.315,
0,
2777.314,
2036, 
4.883751,
40.52936,
12.23855,
23.01617,
20.48459,
22.92989,
68.33183,
272.7005,
256.9586,
14.25474,
52.09735,
25.37028,
16.47358,
8.797516,
32.04016,
24.07082,
60.16537,
692.4604,
11.38586,
395.1526,
159.992,
107.3168,
22.20126,
4.107311,
275.1261,
111.9538,
0,
2735.039,
2037, 
4.808563,
39.93866,
11.84511,
22.60756,
20.25218,
22.47424,
67.42715,
271.3619,
256.1894,
13.95845,
50.91003,
24.6647,
16.19982,
8.596684,
31.56851,
23.53989,
59.42819,
679.8756,
11.093,
383.7334,
156.9304,
105.458,
21.64052,
4.060474,
272.0723,
111.518,
0,
2692.152,
2038, 
4.732716,
39.34207,
11.44865,
22.19571,
20.01941,
22.01552,
66.49786,
269.8207,
255.2954,
13.65902,
49.72003,
23.96422,
15.92366,
8.396675,
31.08658,
23.01038,
58.66891,
667.2173,
10.80167,
372.3738,
153.8493,
103.5877,
21.0844,
4.01284,
268.9233,
111.0076,
0,
2648.655,
2039, 
4.656208,
38.73959,
11.04918,
21.78062,
19.78627,
21.5537,
65.54399,
268.0767,
254.2767,
13.35646,
48.52737,
23.26883,
15.64509,
8.197498,
30.59438,
22.4823,
57.88751,
654.4855,
10.51186,
361.0735,
150.7488,
101.7059,
20.5329,
3.964413,
265.6791,
110.4226,
0,
2604.547,
2040, 
4.579041,
38.13126,
10.64668,
21.36232,
19.55276,
21.08878,
64.56548,
266.1299,
253.1333,
13.05079,
47.332,
22.57853,
15.36411,
7.999149,
30.0919,
21.95566,
57.08401,
641.6799,
10.22356,
349.8326,
147.6289,
99.81262,
19.98602,
3.915184,
262.3395,
109.763,
0,
2559.827,
2041, 
4.51659,
37.61795,
10.36765,
21.01492,
19.35832,
20.73795,
63.79904,
265.038,
251.9005,
12.79183,
46.45618,
22.00375,
15.1377,
7.833542,
29.66333,
21.57578,
56.47342,
629.6287,
9.965744,
340.8401,
144.8799,
98.18266,
19.5405,
3.872261,
259.316,
109.2915,
0,
2521.803,
2042, 
4.453606,
37.09998,
10.08714,
20.66576,
19.164,
20.3856,
63.01421,
263.7737,
250.5515,
12.53095,
45.57806,
21.43291,
14.90987,
7.668865,
29.22664,
21.19659,
55.84695,
617.5446,
9.709572,
331.9049,
142.1208,
96.54755,
19.0986,
3.828644,
256.2176,
108.7556,
0,
2483.314,
2043, 
4.390091,
36.57739,
9.805145,
20.31487,
18.96979,
20.0318,
62.21097,
262.3372,
249.0864,
12.26814,
44.6976,
20.86605,
14.68062,
7.505119,
28.78182,
20.81808,
55.20462,
605.428,
9.45504,
323.0271,
139.3515,
94.90726,
18.66034,
3.78434,
253.044,
108.1555,
0,
2444.359,
2044, 
4.326042,
36.05017,
9.521652,
19.9622,
18.77571,
19.67648,
61.38931,
260.7283,
247.5052,
12.00339,
43.81485,
20.30312,
14.44994,
7.342308,
28.32887,
20.44028,
54.54645,
593.2786,
9.202164,
314.2067,
136.572,
93.26183,
18.2257,
3.739342,
249.7953,
107.4911,
0,
2404.937,
2045, 
4.261463,
35.51834,
9.236679,
19.6078,
18.58174,
19.31967,
60.54927,
258.9471,
245.8078,
11.73672,
42.92978,
19.74418,
14.21783,
7.180428,
27.86781,
20.06317,
53.87238,
581.0966,
8.950935,
305.4435,
133.7824,
91.61118,
17.79469,
3.693657,
246.4716,
106.7624,
0,
2365.049,
2046, 
4.196526,
34.97144,
8.940155,
19.22846,
18.36917,
18.94096,
59.62279,
256.8562,
243.8094,
11.458,
42.04446,
19.19335,
13.96922,
7.016129,
27.36415,
19.68948,
53.12015,
568.153,
8.697449,
296.3923,
130.8392,
89.84367,
17.37,
3.646778,
242.8198,
105.9008,
0,
2322.453,
2047, 
4.13105,
34.42032,
8.642822,
18.84834,
18.15712,
18.5616,
58.68085,
254.5992,
241.7021,
11.1779,
41.15671,
18.64628,
13.71977,
6.85289,
26.85398,
19.31639,
52.35461,
555.2098,
8.445808,
287.4163,
127.8924,
88.07545,
16.94884,
3.599232,
239.1038,
104.9778,
0,
2279.492,
2048, 
4.065037,
33.86493,
8.344711,
18.46741,
17.94556,
18.18159,
57.72346,
252.1761,
239.486,
10.8964,
40.26657,
18.10296,
13.46948,
6.690712,
26.33731,
18.94389,
51.57574,
542.2672,
8.196007,
278.515,
124.9422,
86.30652,
16.53122,
3.55101,
235.3235,
103.9936,
0,
2236.164,
2049, 
3.998482,
33.3053,
8.045792,
18.08571,
17.7345,
17.80093,
56.75061,
249.587,
237.161,
10.61351,
39.37402,
17.56339,
13.21835,
6.529598,
25.81414,
18.57199,
50.78357,
529.325,
7.948044,
269.6886,
121.9883,
84.53682,
16.11711,
3.502117,
231.479,
102.9481,
0,
2192.471,
2050, 
3.931389,
32.74146,
7.746094,
17.70321,
17.52393,
17.41963,
55.76231,
246.8318,
234.7272,
10.32923,
38.47906,
17.02758,
12.96638,
6.369545,
25.28447,
18.20068,
49.97806,
516.3833,
7.70192,
260.9371,
119.031,
82.7664,
15.70653,
3.452549,
227.5702,
101.8413,
0,
2148.413,
2051, 
3.875027,
32.255,
7.530182,
17.3791,
17.33652,
17.11592,
54.94574,
244.7313,
232.2888,
10.08905,
37.79138,
16.58508,
12.75373,
6.236572,
24.8168,
17.91034,
49.31955,
504.8789,
7.484802,
253.7427,
116.4763,
81.2381,
15.37139,
3.411667,
224.1166,
100.8926,
0,
2110.573,
2052, 
3.818302,
31.76575,
7.314194,
17.05515,
17.14983,
16.81236,
54.12001,
242.5081,
229.765,
9.848522,
37.10278,
16.1457,
12.54091,
6.104523,
24.34574,
17.62068,
48.65277,
493.3995,
7.269638,
246.619,
113.9245,
79.71249,
15.0389,
3.370293,
220.6212,
99.89857,
0,
2072.524,
2053, 
3.761211,
31.27368,
7.098114,
16.73139,
16.96381,
16.50896,
53.28517,
240.1623,
227.1558,
9.607632,
36.41321,
15.70941,
12.32791,
5.9734,
23.87133,
17.33173,
47.97778,
481.9452,
7.056412,
239.5665,
111.3757,
78.18962,
14.70907,
3.328438,
217.084,
98.85909,
0,
2034.267,
2054, 
3.703762,
30.77878,
6.881943,
16.40781,
16.77849,
16.2057,
52.44118,
237.6938,
224.4613,
9.366386,
35.72269,
15.27624,
12.11475,
5.843193,
23.39356,
17.04346,
47.29459,
470.516,
6.845131,
232.585,
108.8297,
76.66943,
14.38189,
3.286083,
213.5052,
97.77422,
0,
1995.8,
2055, 
3.645947,
30.2811,
6.66571,
16.08439,
16.59384,
15.9026,
51.58807,
235.1028,
221.6815,
9.124783,
35.03119,
14.84616,
11.90141,
5.713913,
22.91242,
16.75589,
46.60315,
459.1116,
6.635788,
225.6744,
106.2867,
75.15196,
14.05736,
3.243248,
209.8845,
96.64394,
0,
1957.124,
2056, 
3.585979,
29.76703,
6.442032,
15.74187,
16.39305,
15.58217,
50.64752,
232.0368,
218.4572,
8.869415,
34.31552,
14.41456,
11.67276,
5.584019,
22.38641,
16.45963,
45.83414,
447.1976,
6.418587,
218.6062,
103.618,
73.54741,
13.73572,
3.197731,
205.916,
95.31102,
0,
1915.739,
2057, 
3.525719,
29.25073,
6.218781,
15.4003,
16.19322,
15.26259,
49.7012,
228.8646,
215.1635,
8.614445,
33.59988,
13.9863,
11.4445,
5.455105,
21.85908,
16.16435,
45.05963,
435.3345,
6.203846,
211.6202,
100.9582,
71.94908,
13.41671,
3.15181,
201.9196,
93.93991,
0,
1874.258,
2058, 
3.465164,
28.73209,
5.995926,
15.05968,
15.9944,
14.94382,
48.74905,
225.5861,
211.8002,
8.359867,
32.88425,
13.56138,
11.21665,
5.327168,
21.33044,
15.87009,
44.27963,
423.5225,
5.991566,
204.7164,
98.30759,
70.35699,
13.10036,
3.105476,
197.895,
92.53061,
0,
1832.682,
2059, 
3.404312,
28.21118,
5.773499,
14.72003,
15.79655,
14.62585,
47.79114,
222.2014,
208.3675,
8.105682,
32.16864,
13.1398,
10.98919,
5.200207,
20.80048,
15.57681,
43.49423,
411.7612,
5.78175,
197.8949,
95.66605,
68.77113,
12.78664,
3.058731,
193.8424,
91.08313,
0,
1791.013,
2060, 
3.343166,
27.68799,
5.551483,
14.38132,
15.59972,
14.30873,
46.82739,
218.7104,
204.8653,
7.851891,
31.453,
12.72156,
10.76212,
5.07423,
20.26923,
15.28453,
42.70331,
400.0509,
5.574394,
191.1554,
93.03357,
67.19151,
12.47558,
3.011574,
189.7617,
89.59741,
0,
1749.248,
2061, 
3.29184,
27.24603,
5.388138,
14.0935,
15.41757,
14.04849,
46.01981,
215.9465,
201.6573,
7.642155,
30.88519,
12.37754,
10.56626,
4.968098,
19.82172,
15.04582,
42.03308,
389.9232,
5.397026,
185.6091,
90.80426,
65.81433,
12.21069,
2.971546,
186.2628,
88.34924,
0,
1713.791,
2062, 
3.240326,
26.80249,
5.225342,
13.80688,
15.23642,
13.78931,
45.21005,
213.1085,
198.4023,
7.433212,
30.31808,
12.03638,
10.37109,
4.862801,
19.37426,
14.80812,
41.36066,
379.8568,
5.221874,
180.1302,
88.58615,
64.44481,
11.94806,
2.931252,
182.7505,
87.07529,
0,
1678.332,
2063, 
3.188618,
26.35739,
5.06311,
13.52147,
15.05629,
13.53117,
44.3981,
210.1965,
195.1005,
7.225067,
29.75168,
11.69805,
10.17659,
4.758327,
18.92684,
14.57141,
40.68604,
369.8513,
5.048927,
174.7189,
86.3793,
63.08292,
11.68768,
2.89069,
179.225,
85.77554,
0,
1642.867,
2064, 
3.136723,
25.91064,
4.901428,
13.23727,
14.87714,
13.27409,
43.58397,
207.2105,
191.7517,
7.017712,
29.186,
11.36259,
9.982788,
4.654682,
18.47948,
14.33566,
40.00925,
359.9069,
4.878189,
169.375,
84.18369,
61.72867,
11.42956,
2.849869,
175.6862,
84.45001,
0,
1607.399,
2065, 
3.084637,
25.46237,
4.740311,
12.95428,
14.69902,
13.01805,
42.76762,
204.1506,
188.356,
6.811157,
28.62097,
11.02997,
9.789665,
4.551861,
18.03216,
14.10094,
39.33023,
350.0236,
4.70966,
164.0984,
81.99933,
60.38203,
11.1737,
2.808781,
172.134,
83.09869,
0,
1571.928,
2066, 
3.031536,
25.00803,
4.576599,
12.66267,
14.50964,
12.75276,
41.90041,
200.7714,
184.6617,
6.597504,
28.04803,
10.69646,
9.589294,
4.448856,
17.57018,
13.86113,
38.59778,
339.8848,
4.542469,
158.8553,
79.75891,
58.99043,
10.91277,
2.765522,
168.3774,
81.60483,
0,
1534.977,
2067, 
2.978275,
24.55228,
4.413666,
12.37267,
14.32146,
12.48892,
41.03297,
197.3299,
180.9326,
6.385109,
27.47617,
10.36597,
9.3899,
4.34671,
17.10899,
13.6225,
37.86508,
329.8229,
4.377541,
153.6813,
77.53299,
57.60849,
10.65437,
2.722065,
164.6163,
80.09067,
0,
1498.09,
2068, 
2.924858,
24.09509,
4.25148,
12.08426,
14.13448,
12.22646,
40.16544,
193.8259,
177.1686,
6.173965,
26.9053,
10.03854,
9.191467,
4.245426,
16.64858,
13.38503,
37.13217,
319.838,
4.214867,
148.5763,
75.32156,
56.23622,
10.39847,
2.678413,
160.8506,
78.55627,
0,
1461.268,
2069, 
2.871277,
23.63651,
4.090073,
11.79745,
13.94867,
11.96541,
39.2977,
190.2595,
173.3699,
5.964073,
26.33551,
9.714149,
8.994011,
4.145008,
16.18899,
13.1487,
36.39902,
309.9303,
4.054447,
143.5403,
73.12463,
54.87361,
10.14507,
2.634563,
157.0804,
77.00162,
0,
1424.511,
2070, 
2.817539,
23.17648,
3.929413,
11.51225,
13.76408,
11.70576,
38.42982,
186.6306,
169.5363,
5.755428,
25.76672,
9.392784,
8.797523,
4.045448,
15.73018,
12.91356,
35.66562,
300.0995,
3.896286,
138.5735,
70.94223,
53.52066,
9.89418,
2.590515,
153.3057,
75.42673,
0,
1387.819,
2071, 
2.772449,
22.79147,
3.809982,
11.26922,
13.59119,
11.48878,
37.70593,
183.7122,
166.2125,
5.585144,
25.31738,
9.132172,
8.627495,
3.960659,
15.35506,
12.71742,
35.04266,
291.7709,
3.767307,
134.5201,
69.12271,
52.35098,
9.67234,
2.554047,
150.1256,
74.12186,
0,
1357.098,
2072, 
2.727264,
22.40546,
3.691208,
11.02775,
13.41937,
11.27312,
36.98315,
180.7531,
162.8701,
5.416142,
24.86899,
8.873978,
8.458458,
3.876583,
14.98107,
12.52229,
34.42087,
283.516,
3.640053,
130.5191,
67.31677,
51.19038,
9.452759,
2.517467,
146.9484,
72.80484,
0,
1326.475,
2073, 
2.681976,
22.01849,
3.57309,
10.78782,
13.24866,
11.05881,
36.26146,
177.7535,
159.5092,
5.248421,
24.42154,
8.618233,
8.290405,
3.793228,
14.6082,
12.3282,
33.8002,
275.3346,
3.51453,
126.5704,
65.52451,
50.03885,
9.235443,
2.480789,
143.7743,
71.47571,
0,
1295.951,
2074, 
2.6366,
21.63049,
3.455658,
10.54945,
13.07904,
10.84583,
35.54086,
174.7134,
156.1297,
5.081982,
23.97507,
8.364906,
8.123337,
3.710583,
14.23645,
12.1351,
33.18066,
267.2269,
3.390732,
122.6741,
63.74585,
48.89639,
9.020386,
2.444004,
140.6033,
70.13449,
0,
1265.525,
2075, 
2.591125,
21.24152,
3.338898,
10.31263,
12.91051,
10.63417,
34.82135,
171.6326,
152.7315,
4.916821,
23.52954,
8.114014,
7.95726,
3.628662,
13.86583,
11.94304,
32.56223,
259.1931,
3.268665,
118.8301,
61.98087,
47.76299,
8.807579,
2.407116,
137.4353,
68.78116,
0,
1235.199,
2076, 
2.54372,
20.84229,
3.221176,
10.07108,
12.73668,
10.41693,
34.07822,
168.3024,
149.1234,
4.747734,
23.07553,
7.865524,
7.787636,
3.547054,
13.48685,
11.74857,
31.91464,
251.0132,
3.149395,
115.0547,
60.19321,
46.61482,
8.592537,
2.368229,
134.1282,
67.32416,
0,
1203.948,
2077, 
2.496288,
20.44244,
3.104218,
9.831322,
12.56403,
10.20123,
33.33717,
164.9415,
145.5063,
4.580242,
22.62283,
7.619469,
7.619156,
3.466183,
13.1095,
11.55519,
31.26935,
242.9185,
3.031792,
111.3311,
58.42093,
45.47662,
8.379898,
2.329296,
130.8306,
65.8595,
0,
1172.845,
2078, 
2.44883,
20.04196,
2.988052,
9.593361,
12.39256,
9.987106,
32.59824,
161.5499,
141.8804,
4.414337,
22.17142,
7.375847,
7.45182,
3.38604,
12.73374,
11.36293,
30.62628,
234.9086,
2.915859,
107.6589,
56.66406,
44.34839,
8.16967,
2.290325,
127.5427,
64.38715,
0,
1141.889,
2079, 
2.401344,
19.64087,
2.872665,
9.357193,
12.22227,
9.774551,
31.8614,
158.1277,
138.2457,
4.250027,
21.72128,
7.134651,
7.285637,
3.306625,
12.3596,
11.17178,
29.98544,
226.9838,
2.801598,
104.0385,
54.92258,
43.23013,
7.961845,
2.251312,
124.2644,
62.90704,
0,
1111.08,
2080, 
2.353828,
19.23917,
2.758041,
9.12281,
12.05316,
9.563553,
31.12666,
154.6748,
134.602,
4.087303,
21.27243,
6.895905,
7.120598,
3.22794,
11.98708,
10.98172,
29.34683,
219.144,
2.688999,
100.4696,
53.19653,
42.12186,
7.756424,
2.212265,
120.9958,
61.41922,
0,
1080.418,
2081, 
2.311771,
18.89407,
2.671768,
8.921555,
11.89514,
9.383911,
30.51292,
151.8313,
131.5391,
3.955677,
20.89496,
6.705124,
6.977196,
3.160374,
11.68398,
10.82018,
28.8017,
212.5618,
2.598022,
97.49976,
51.76376,
41.16585,
7.576836,
2.178204,
118.2545,
60.17755,
0,
1054.737,
2082, 
2.269787,
18.54898,
2.586136,
8.721909,
11.73816,
9.205643,
29.90158,
148.9719,
128.4767,
3.825447,
20.5191,
6.516197,
6.834839,
3.093407,
11.38247,
10.65955,
28.25912,
206.0541,
2.508308,
94.57037,
50.34439,
40.21852,
7.399246,
2.144196,
115.5255,
58.93341,
0,
1029.209,
2083, 
2.227875,
18.20386,
2.501129,
8.523918,
11.5822,
9.028763,
29.29259,
146.0966,
125.4149,
3.696609,
20.1449,
6.329102,
6.693535,
3.027039,
11.08256,
10.49986,
27.71909,
199.6211,
2.419849,
91.68152,
48.93845,
39.27989,
7.22364,
2.110241,
112.8089,
57.6868,
0,
1003.834,
2084, 
2.186035,
17.85867,
2.416763,
8.327553,
11.42726,
8.853271,
28.68597,
143.2054,
122.3533,
3.569168,
19.77228,
6.143852,
6.553276,
2.961273,
10.78423,
10.34111,
27.18164,
193.2626,
2.332653,
88.83319,
47.5459,
38.3499,
7.050034,
2.076336,
110.1046,
56.43777,
0,
978.6143,
2085, 
2.144268,
17.51349,
2.333038,
8.13282,
11.27335,
8.679153,
28.08176,
140.2985,
119.2924,
3.443127,
19.40131,
5.960442,
6.414063,
2.896111,
10.4875,
10.18329,
26.6467,
186.9789,
2.246719,
86.02527,
46.16678,
37.4286,
6.878418,
2.042488,
107.4125,
55.18625,
0,
953.5469,
2086, 
2.098576,
17.15329,
2.248611,
7.934692,
11.1183,
8.50116,
27.46576,
137.1876,
116.096,
3.316273,
19.00818,
5.779572,
6.273537,
2.831821,
10.18764,
10.02565,
26.09634,
180.6547,
2.161713,
83.26361,
44.77634,
36.5004,
6.710091,
2.005203,
104.6457,
53.85886,
0,
927.8994,
2087, 
2.053108,
16.79364,
2.164902,
7.73838,
10.96431,
8.324707,
26.85271,
134.0699,
112.9073,
3.190956,
18.61749,
5.60051,
6.134132,
2.768124,
9.88961,
9.868958,
25.54916,
174.4111,
2.077988,
80.54218,
43.40051,
35.58144,
6.543724,
1.968079,
101.8951,
52.53253,
0,
902.4409,
2088, 
2.007866,
16.43457,
2.081909,
7.5439,
10.81137,
8.14978,
26.24255,
130.9453,
109.7262,
3.067162,
18.22925,
5.423248,
5.995865,
2.705021,
9.593414,
9.713226,
25.00516,
168.2482,
1.995544,
77.86096,
42.03928,
34.67172,
6.379311,
1.931122,
99.16095,
51.20737,
0,
877.1704,
2089, 
1.962845,
16.07608,
1.999657,
7.351234,
10.65947,
7.97641,
25.63535,
127.8137,
106.5527,
2.944901,
17.84341,
5.247803,
5.858711,
2.642509,
9.299057,
9.558441,
24.46436,
162.166,
1.914375,
75.22003,
40.69266,
33.77127,
6.216835,
1.894329,
96.44305,
49.88327,
0,
852.0884,
2090, 
1.918045,
15.71814,
1.918106,
7.1604,
10.50864,
7.804565,
25.03108,
124.6752,
103.3867,
2.824173,
17.46002,
5.07415,
5.722694,
2.580589,
9.006531,
9.404602,
23.92676,
156.1646,
1.834488,
72.61926,
39.36063,
32.88005,
6.05632,
1.8577,
93.74146,
48.56027,
0,
827.1948,
2091, 
1.876614,
15.40607,
1.855621,
6.994888,
10.36565,
7.65448,
24.52237,
122.0422,
100.7657,
2.72784,
17.12384,
4.935966,
5.604118,
2.527588,
8.77153,
9.274017,
23.46756,
151.1676,
1.76952,
70.48926,
38.25665,
32.10243,
5.915123,
1.824097,
91.48291,
47.45587,
0,
806.3794,
2092, 
1.835487,
15.095,
1.793724,
6.830986,
10.22359,
7.505722,
24.01646,
119.411,
98.15607,
2.632725,
16.79019,
4.799133,
5.486534,
2.475052,
8.538063,
9.144196,
23.01141,
146.2373,
1.705559,
68.38867,
37.16483,
31.33287,
5.775536,
1.790714,
89.23999,
46.35489,
0,
785.7358,
2093, 
1.79467,
14.78491,
1.732414,
6.668701,
10.08243,
7.358307,
23.5134,
116.7815,
95.5578,
2.538826,
16.45905,
4.663651,
5.369934,
2.422993,
8.306137,
9.015137,
22.55823,
141.3735,
1.642593,
66.31757,
36.08511,
30.57133,
5.63755,
1.757545,
87.01276,
45.25729,
0,
765.2637,
2094, 
1.754158,
14.47583,
1.6717,
6.508026,
9.9422,
7.212234,
23.01312,
114.1538,
92.97083,
2.44614,
16.1304,
4.52951,
5.254311,
2.371407,
8.075752,
8.886826,
22.108,
136.5763,
1.58062,
64.276,
35.01761,
29.81786,
5.501183,
1.724594,
84.80121,
44.16306,
0,
744.9629,
2095, 
1.713955,
14.16776,
1.611588,
6.348961,
9.802887,
7.067505,
22.51567,
111.5278,
90.3952,
2.354668,
15.80432,
4.396713,
5.139664,
2.320286,
7.846901,
8.759277,
21.6608,
131.8457,
1.519653,
62.26373,
33.96222,
29.07242,
5.366425,
1.69186,
82.60541,
43.07224,
0,
724.8335,
2096, 
1.671585,
13.84305,
1.550339,
6.188072,
9.658295,
6.918823,
22.00705,
108.7604,
87.73932,
2.263561,
15.46655,
4.26561,
5.02491,
2.269878,
7.616997,
8.631958,
21.19949,
127.1376,
1.459534,
60.33411,
32.9057,
28.32121,
5.229286,
1.657787,
80.37341,
41.93628,
0,
704.4307,
2097, 
1.62962,
13.52002,
1.489799,
6.028915,
9.514679,
6.771622,
21.5018,
106.0015,
85.09967,
2.173725,
15.13174,
4.135826,
4.911171,
2.219933,
7.388756,
8.505409,
20.74173,
122.4985,
1.400417,
58.43164,
31.86197,
27.57852,
5.093887,
1.623978,
78.15948,
40.80603,
0,
684.2202,
2098, 
1.588055,
13.1987,
1.429962,
5.871498,
9.372055,
6.625916,
20.99988,
103.2512,
82.47626,
2.085155,
14.79987,
4.007378,
4.798462,
2.170452,
7.162186,
8.379631,
20.28754,
117.9282,
1.342312,
56.55646,
30.83099,
26.84439,
4.960213,
1.590431,
75.96362,
39.68155,
0,
664.2021,
2099, 
1.546886,
12.87912,
1.370827,
5.71582,
9.230408,
6.481674,
20.50131,
100.5094,
79.86908,
1.997852,
14.47098,
3.880264,
4.68676,
2.121437,
6.937294,
8.254623,
19.83688,
113.427,
1.28521,
54.70844,
29.81284,
26.11879,
4.82827,
1.557152,
73.78577,
38.56277,
0,
644.377,
2100, 
1.506119,
12.56125,
1.312408,
5.561874,
9.089737,
6.338928,
20.0061,
97.77612,
77.27808,
1.911816,
14.14505,
3.754478,
4.57608,
2.072884,
6.714073,
8.130386,
19.3898,
108.9945,
1.229118,
52.88763,
28.80743,
25.40175,
4.698059,
1.524132,
71.62598,
37.44971,
0,
624.7437];
