real main.em.ep.ncl.NuclFuelEff[27](t) = [1971, 
170,
170,
170,
170,
170,
170,
170,
170,
170,
170,
170,
170,
170,
170,
170,
170,
170,
170,
170,
170,
170,
170,
170,
170,
170,
170,
0,
1972, 
170,
170,
170.3448,
170,
170.3448,
170.3448,
170.3448,
170.3448,
170.3448,
170.3448,
170,
170.3448,
170.3448,
170.3448,
170.3448,
170,
170.3448,
170,
170.3448,
170.3448,
170.3448,
170.3448,
170,
170.3448,
170.3448,
170.3448,
0,
1973, 
170.1724,
170.1724,
170.6897,
170.1724,
170.6897,
170.6897,
170.6897,
170.6897,
170.6897,
170.6897,
170.1724,
170.6897,
170.6897,
170.6897,
170.6897,
170.1724,
170.6897,
170.1724,
170.6897,
170.6897,
170.6897,
170.6897,
170.1724,
170.6897,
170.6897,
170.6897,
0,
1974, 
170.3448,
170.3448,
171.0345,
170.3448,
171.0345,
171.0345,
171.0345,
171.0345,
171.0345,
171.0345,
170.3448,
171.0345,
171.0345,
171.0345,
171.0345,
170.3448,
171.0345,
170.3448,
171.0345,
171.0345,
171.0345,
171.0345,
170.3448,
171.0345,
171.0345,
171.0345,
0,
1975, 
170.5172,
170.5172,
171.3793,
170.5172,
171.3793,
171.3793,
171.3793,
171.3793,
171.3793,
171.3793,
170.5172,
171.3793,
171.3793,
171.3793,
171.3793,
170.5172,
171.3793,
170.5172,
171.3793,
171.3793,
171.3793,
171.3793,
170.5172,
171.3793,
171.3793,
171.3793,
0,
1976, 
171.327,
171.3623,
171.7241,
170.5172,
171.7241,
171.3793,
171.7241,
171.7241,
171.7241,
171.7241,
171.3228,
171.3793,
171.7241,
171.7241,
171.3793,
171.3486,
171.7241,
171.2341,
171.7241,
171.7241,
171.7241,
171.7241,
171.3629,
171.7241,
171.3793,
171.7241,
0,
1977, 
171.333,
171.4064,
172.069,
170.5172,
172.069,
171.3793,
172.069,
172.069,
172.069,
172.069,
171.4478,
171.3793,
172.069,
172.069,
171.3793,
171.5026,
172.069,
171.2539,
172.069,
172.069,
172.069,
172.069,
171.4782,
172.069,
171.3793,
172.069,
0,
1978, 
171.6898,
171.503,
172.4138,
170.5172,
172.4138,
171.3793,
172.4138,
172.4138,
172.4138,
172.4138,
171.6004,
171.3793,
172.4138,
172.4138,
171.3793,
171.5482,
172.4138,
171.2856,
172.4138,
172.4138,
172.4138,
172.4138,
171.4801,
172.4138,
171.3793,
172.4138,
0,
1979, 
171.8529,
171.5842,
172.7586,
170.5172,
172.7586,
171.3793,
172.7586,
172.7586,
172.7586,
172.7586,
171.7551,
171.3793,
172.7586,
172.4138,
171.3793,
171.5524,
172.7586,
171.3277,
172.4138,
172.4138,
172.7586,
172.7586,
171.7984,
172.7586,
171.3793,
172.7586,
0,
1980, 
172.0194,
171.5955,
173.1035,
170.5172,
173.1035,
171.3793,
173.1035,
173.1035,
173.1035,
173.1035,
171.9291,
171.6823,
173.1035,
172.4138,
171.3793,
171.7449,
173.1035,
171.3793,
172.4138,
172.5862,
173.1035,
173.1035,
172.048,
173.1035,
171.3793,
173.1035,
0,
1981, 
172.1633,
171.655,
173.4483,
170.5172,
173.4483,
171.3793,
173.4483,
173.4483,
173.4483,
173.4483,
172.1892,
171.6823,
173.4483,
172.4138,
171.3793,
172.0715,
173.4483,
171.4393,
172.4138,
172.5862,
173.4483,
173.4483,
172.0497,
173.4483,
171.3793,
173.4483,
0,
1982, 
172.3306,
171.7886,
173.4483,
170.5172,
173.4483,
171.6534,
173.7931,
173.7931,
173.7931,
173.4483,
172.3811,
172.4267,
173.7931,
172.6927,
171.3793,
172.2091,
173.7931,
172.2115,
172.9527,
172.5862,
173.7931,
173.7931,
172.1927,
173.7931,
171.4298,
173.7931,
0,
1983, 
172.499,
171.9276,
173.6207,
170.5172,
173.6207,
171.9037,
174.1379,
174.1379,
174.1379,
173.6207,
172.5679,
172.8319,
174.1379,
172.9264,
171.3793,
172.3531,
174.1379,
172.6506,
173.2406,
172.5862,
174.1379,
174.1379,
172.3413,
174.1379,
171.486,
174.1379,
0,
1984, 
172.6683,
172.071,
173.7931,
170.5172,
173.7931,
172.1377,
174.4828,
174.4828,
174.4828,
173.7931,
172.7513,
173.1306,
174.4828,
173.1386,
171.3793,
172.5018,
174.4828,
172.9738,
173.4695,
172.5862,
174.4828,
174.4828,
172.4938,
174.4828,
171.5477,
174.4828,
0,
1985, 
172.8381,
172.2178,
173.9655,
170.5172,
173.9655,
172.36,
174.8276,
174.8276,
174.8276,
173.9655,
172.9324,
173.3823,
174.8276,
173.339,
171.3793,
172.6541,
174.8276,
173.2432,
173.6755,
172.5862,
174.8276,
174.8276,
172.6495,
174.8276,
171.6144,
174.8276,
0,
1986, 
173.0084,
172.3676,
174.1379,
170.5172,
174.1379,
172.5737,
175.1724,
175.1724,
175.1724,
174.1379,
173.1119,
173.6091,
175.1724,
173.5321,
171.3793,
172.8094,
175.1724,
173.4832,
173.8701,
172.5862,
175.1724,
175.1724,
172.8076,
175.1724,
171.6858,
175.1724,
0,
1987, 
173.179,
172.5199,
174.3103,
170.5172,
174.3103,
172.7807,
175.5172,
175.5172,
175.5172,
174.3103,
173.2901,
173.8212,
175.5172,
173.7205,
171.3793,
172.9669,
175.5172,
173.7054,
174.0583,
172.5862,
175.5172,
175.5172,
172.9677,
175.5172,
171.7616,
175.5172,
0,
1988, 
173.3499,
172.6743,
174.4828,
170.5172,
174.4828,
172.9827,
175.8621,
175.8621,
175.8621,
174.4828,
173.4675,
174.0237,
175.8621,
173.9055,
171.3793,
173.1263,
175.8621,
173.916,
174.2425,
172.5862,
175.8621,
175.8621,
173.1293,
175.8621,
171.8415,
175.8621,
0,
1989, 
173.521,
172.8304,
174.6552,
170.5172,
174.6552,
173.1806,
176.2069,
176.2069,
176.2069,
174.6552,
173.6441,
174.2199,
176.2069,
174.0882,
171.3793,
173.2872,
176.2069,
174.1187,
174.4241,
172.5862,
176.2069,
176.2069,
173.2922,
176.2069,
171.9253,
176.2069,
0,
1990, 
173.6923,
172.988,
174.8276,
170.5172,
174.8276,
173.3753,
176.5517,
176.5517,
176.5517,
174.8276,
173.8201,
174.4115,
176.5517,
174.2692,
171.3793,
173.4494,
176.5517,
174.3157,
174.6038,
172.5862,
176.5517,
176.5517,
173.4562,
176.5517,
172.0127,
176.5517,
0,
1991, 
173.6923,
173.0888,
175,
170.5172,
175,
173.5672,
176.8965,
176.8965,
176.8965,
174.9655,
173.8201,
174.5997,
176.8965,
174.2692,
171.3793,
173.6126,
176.8965,
174.5084,
174.7822,
172.5862,
176.8965,
176.8965,
173.4562,
176.8965,
172.1035,
176.8965,
0,
1992, 
173.6923,
173.0956,
175.3062,
170.5172,
175,
173.5672,
177.2414,
177.2414,
177.2414,
174.9655,
173.8201,
174.63,
177.2414,
174.2692,
171.3793,
173.6653,
177.2414,
174.687,
174.8877,
172.5862,
177.2414,
177.2414,
173.4562,
177.2414,
172.1035,
177.2414,
0,
1993, 
173.6923,
173.1031,
175.5751,
170.5172,
175,
173.5672,
177.5862,
177.5862,
177.5862,
174.9655,
173.8201,
174.664,
177.5862,
174.2692,
171.3793,
173.7218,
177.5862,
174.8646,
174.9995,
172.5862,
177.5862,
177.5862,
173.4562,
177.5862,
172.1035,
177.5862,
0,
1994, 
173.6923,
173.1111,
175.8205,
170.5172,
175,
173.5672,
177.931,
177.931,
177.931,
174.9655,
173.8201,
174.6693,
177.931,
174.2692,
171.3793,
173.7818,
177.931,
175.0416,
175.1168,
172.7416,
177.931,
177.931,
173.4562,
177.931,
172.1035,
177.931,
0,
1995, 
173.6923,
173.1198,
176.0501,
170.5172,
175,
173.5672,
178.2759,
178.2759,
178.2759,
174.9655,
173.8201,
174.6693,
178.2759,
174.2692,
171.3793,
173.8453,
178.2759,
175.218,
175.2389,
174.039,
178.2759,
178.2759,
173.4562,
178.2759,
172.1035,
178.2759,
0,
1996, 
173.6923,
173.129,
176.2684,
170.5172,
175,
173.5672,
178.6207,
178.6207,
178.6207,
174.9655,
173.8201,
174.6693,
178.6207,
174.2692,
171.3793,
173.9121,
178.6207,
175.394,
175.3652,
174.8863,
178.6207,
178.6207,
173.4562,
178.6207,
172.1035,
178.6207,
0,
1997, 
173.6923,
173.1388,
176.2811,
170.5172,
176.091,
173.5672,
178.9655,
178.9655,
178.9655,
174.9655,
173.8201,
174.6693,
178.9655,
174.2692,
171.3793,
173.9185,
178.9655,
175.6904,
175.6203,
174.8863,
178.9655,
178.9655,
173.4562,
178.9655,
174.2171,
178.9655,
0,
1998, 
173.6923,
173.1492,
176.2954,
170.5172,
176.7567,
173.5672,
179.3103,
179.3103,
179.3103,
174.9655,
173.8201,
174.6693,
179.3103,
174.2692,
171.3793,
173.9252,
179.3103,
175.966,
175.8634,
174.8863,
179.3103,
179.3103,
173.4562,
179.3103,
175.38,
179.3103,
0,
1999, 
173.6923,
173.1601,
176.3115,
170.5172,
177.2368,
173.5672,
179.6552,
179.6552,
179.6552,
174.9655,
173.8201,
174.6693,
179.6552,
174.2692,
171.3793,
173.9324,
179.6552,
176.2255,
176.0969,
174.8863,
179.6552,
179.6552,
173.4562,
179.6552,
176.1532,
179.6552,
0,
2000, 
173.6923,
173.1717,
176.3292,
170.5172,
177.6196,
173.5672,
180,
180,
180,
174.9655,
173.8201,
174.6693,
180,
174.2692,
171.3793,
173.9401,
180,
176.4725,
176.3226,
174.8863,
180,
180,
173.4562,
180,
176.7289,
180,
0,
2001, 
173.6923,
173.1838,
176.3486,
170.5172,
177.8445,
173.5672,
181.4,
181.4,
181.4,
174.9655,
173.8201,
174.6693,
181.4,
174.2692,
171.3793,
173.9482,
181.4,
176.7095,
176.542,
174.8863,
181.4,
181.4,
173.4562,
181.4,
177.1907,
181.4,
0,
2002, 
173.6923,
173.1983,
176.3874,
170.5172,
177.8445,
173.5672,
182.8,
182.8,
182.8,
174.9655,
173.8201,
174.6693,
182.8,
174.2692,
171.3793,
174.1002,
182.8,
176.8721,
176.8119,
176.7544,
182.8,
182.8,
173.4562,
182.8,
177.1907,
182.8,
0,
2003, 
173.6923,
173.2153,
176.3874,
170.5172,
177.8445,
173.5672,
184.2,
184.2,
184.2,
174.9655,
173.8201,
174.6693,
184.2,
174.2692,
171.3793,
174.2741,
184.2,
177.0707,
177.127,
178.1017,
184.2,
184.2,
173.4562,
184.2,
177.1907,
184.2,
0,
2004, 
173.6923,
173.2346,
176.3874,
170.5172,
177.8445,
173.5672,
185.6,
185.6,
185.6,
174.9655,
173.8201,
174.6693,
185.6,
174.5482,
171.3793,
174.4687,
185.6,
177.3019,
177.4806,
179.2132,
185.6,
185.6,
173.4562,
185.6,
177.1907,
185.6,
0,
2005, 
173.6923,
173.2564,
176.3874,
170.5172,
177.8445,
173.5672,
187,
187,
187,
174.9655,
173.8201,
174.6693,
187,
174.8803,
171.3793,
174.6827,
187,
177.5625,
177.8672,
180.1977,
187,
187,
173.4562,
187,
177.1907,
187,
0,
2006, 
173.6923,
173.2805,
176.3874,
170.5172,
177.8445,
173.5672,
188.4,
188.4,
188.4,
174.9655,
173.8201,
174.6693,
188.4,
175.2339,
171.3793,
174.915,
188.4,
177.8499,
178.2823,
181.1063,
188.4,
188.4,
173.4562,
188.4,
177.1907,
188.4,
0,
2007, 
173.6923,
173.3071,
176.3874,
170.5172,
177.8445,
173.5672,
189.8,
189.8,
189.8,
174.9655,
173.8201,
174.6693,
189.8,
175.2339,
171.3793,
175.0492,
189.8,
178.7057,
178.5045,
181.8029,
189.8,
189.8,
173.4562,
189.8,
177.1907,
189.8,
0,
2008, 
173.6923,
173.3359,
176.3874,
170.5172,
177.8445,
173.5672,
191.2,
191.2,
191.2,
174.9655,
173.8201,
174.6693,
191.2,
175.2339,
171.3793,
175.1945,
191.2,
179.5383,
178.7474,
182.5002,
191.2,
191.2,
173.4562,
191.2,
177.1907,
191.2,
0,
2009, 
173.6923,
173.3672,
176.3874,
170.5172,
177.8445,
173.5672,
192.6,
192.6,
192.6,
174.9655,
173.8201,
174.6693,
192.6,
175.2339,
171.3793,
175.3507,
192.6,
180.3523,
179.0094,
183.1979,
192.6,
192.6,
173.4562,
192.6,
177.1907,
192.6,
0,
2010, 
173.6923,
173.4007,
176.3874,
170.5172,
177.8445,
173.5672,
194,
194,
194,
174.9655,
173.8201,
174.6693,
194,
175.2339,
171.3793,
175.5173,
194,
181.1514,
179.2896,
183.8959,
194,
194,
173.4562,
194,
177.1907,
194,
0,
2011, 
173.6923,
173.4366,
176.3874,
170.5172,
177.8445,
173.5672,
195.4,
195.4,
195.4,
174.9655,
173.8201,
174.6693,
195.4,
175.2339,
171.3793,
175.6942,
195.4,
181.9384,
179.5866,
184.5942,
195.4,
195.4,
173.4562,
195.4,
177.1907,
195.4,
0,
2012, 
173.6923,
173.4748,
176.7883,
170.5172,
177.8445,
176.3999,
196.8,
196.8,
196.8,
175.1008,
173.8201,
174.7774,
196.8,
175.2339,
171.3793,
176.18,
195.4,
182.6691,
180.0838,
187.2853,
196.8,
196.8,
173.4562,
196.8,
179.2097,
196.8,
0,
2013, 
173.6923,
173.5153,
177.2015,
170.5172,
177.8445,
178.7428,
198.2,
198.2,
198.2,
175.2436,
173.8201,
174.8917,
198.2,
175.2339,
171.3793,
176.6761,
196.1,
183.3966,
180.5934,
189.1823,
198.2,
198.2,
173.4562,
198.2,
180.9654,
198.2,
0,
2014, 
173.6923,
173.558,
177.6263,
170.5172,
177.8445,
180.7472,
199.6,
199.6,
199.6,
175.3936,
173.8201,
175.012,
199.6,
175.2339,
171.3793,
177.1819,
196.8,
184.1214,
181.1143,
190.6814,
199.6,
199.6,
173.4562,
199.6,
182.5295,
199.6,
0,
2015, 
173.6923,
173.6031,
178.0621,
170.5172,
177.8445,
182.5079,
201,
201,
201,
175.5508,
173.8201,
175.1383,
201,
175.2339,
171.3793,
177.6965,
197.5,
184.8439,
181.6454,
191.9527,
201,
201,
173.4562,
201,
183.9498,
201,
0,
2016, 
173.7264,
173.6504,
178.5081,
170.5172,
177.8445,
184.0875,
202.4,
202.4,
202.4,
175.6332,
173.8201,
175.2704,
202.4,
175.2339,
171.3793,
178.2194,
198.2,
185.5644,
182.186,
193.0814,
202.4,
202.4,
173.4562,
202.4,
185.2595,
202.4,
0,
2017, 
173.7778,
173.7,
178.8741,
170.5172,
177.8445,
184.1076,
203.8,
203.8,
203.8,
175.6332,
173.8201,
175.3267,
203.8,
175.6863,
171.3793,
178.8382,
199.1542,
185.866,
182.4462,
194.333,
203.8,
203.8,
173.4562,
203.8,
187.8991,
203.8,
0,
2018, 
173.8315,
173.7518,
179.2501,
170.5172,
177.8445,
184.1293,
205.2,
205.2,
205.2,
175.6332,
173.8201,
175.3856,
205.2,
176.1469,
171.3793,
179.461,
200.0143,
186.1817,
182.7175,
195.4539,
205.2,
205.2,
173.4562,
205.2,
190.021,
205.2,
0,
2019, 
173.8875,
173.8058,
179.6358,
170.5172,
177.8445,
184.1525,
206.6,
206.6,
206.6,
175.6332,
173.8201,
175.4472,
206.6,
176.6152,
171.3793,
179.6274,
200.8244,
186.5106,
182.9997,
196.4858,
206.6,
206.6,
173.4562,
206.6,
191.8081,
206.6,
0,
2020, 
173.9458,
173.862,
180.0306,
170.5172,
177.8445,
184.1771,
208,
208,
208,
175.6332,
173.8201,
175.5114,
208,
177.0909,
171.3793,
179.6534,
201.6047,
186.8522,
183.2922,
197.4541,
208,
208,
173.4562,
208,
193.3662,
208,
0,
2021, 
174.0064,
173.9205,
180.4343,
170.5172,
177.8445,
184.2033,
209.4,
209.4,
209.4,
175.6332,
173.8201,
175.5783,
209.4,
177.5735,
171.3793,
179.6807,
202.3659,
187.2057,
183.5323,
198.3755,
209.4,
209.4,
173.4562,
209.4,
194.7607,
209.4,
0,
2022, 
174.0693,
173.9811,
180.4343,
170.5172,
177.8445,
184.2033,
210.8,
210.8,
210.8,
175.6332,
173.8201,
175.7082,
210.8,
177.5735,
171.3793,
179.7093,
205.0766,
189.4648,
183.5323,
198.9279,
210.8,
210.8,
173.4562,
210.8,
200.794,
210.8,
0,
2023, 
174.1344,
174.0439,
180.4343,
170.5172,
177.8445,
184.2033,
212.2,
212.2,
212.2,
175.6332,
173.8201,
175.7082,
212.2,
177.5735,
171.3793,
179.7392,
206.5278,
189.483,
185.0889,
199.4209,
212.2,
212.2,
173.4562,
212.2,
203.9228,
212.2,
0,
2024, 
174.2018,
174.5581,
180.4343,
170.5172,
177.8445,
184.2033,
213.6,
213.6,
213.6,
175.6332,
173.8201,
176.381,
213.6,
178.8745,
171.3793,
179.7704,
207.1935,
190.591,
185.8088,
199.7892,
213.6,
213.6,
173.4562,
213.6,
203.9228,
213.6,
0,
2025, 
174.2714,
175.0772,
180.4343,
170.5172,
177.8445,
184.2033,
215,
215,
215,
175.6332,
173.8201,
177.0549,
215,
180.1319,
171.3793,
179.8028,
207.8664,
191.661,
186.5277,
200.1761,
215,
215,
173.4562,
215,
203.9228,
215,
0,
2026, 
174.3432,
175.1434,
180.4343,
170.5172,
177.8445,
184.2033,
216.4,
216.4,
216.4,
175.6332,
173.8201,
178.4707,
215,
180.1319,
171.3793,
181.3936,
207.8664,
191.661,
187.9918,
201.2947,
216.4,
216.4,
173.4562,
216.4,
206.9019,
216.4,
0,
2027, 
174.424,
175.2179,
180.4343,
170.5172,
177.8445,
184.2033,
217.8,
217.8,
217.8,
175.6332,
173.8201,
178.4707,
215.7,
180.1319,
171.3793,
182.9099,
207.8664,
200.6208,
187.9918,
202.5623,
217.8,
217.8,
173.4562,
217.8,
208.9149,
217.8,
0,
2028, 
174.5141,
175.301,
180.4343,
170.5172,
177.8445,
184.2033,
219.2,
219.2,
219.2,
175.6332,
173.8201,
178.4707,
216.4,
180.1319,
171.3793,
182.946,
207.8664,
203.3124,
189.4497,
204.3181,
219.2,
219.2,
173.4562,
219.2,
208.9149,
219.2,
0,
2029, 
174.6138,
175.3931,
180.4343,
170.5172,
177.8445,
184.811,
219.2,
220.6,
220.6,
175.6332,
173.8201,
178.4707,
217.1,
180.1319,
171.3793,
183.4749,
207.8664,
203.3208,
189.4497,
205.4634,
220.6,
220.6,
173.4562,
220.6,
208.9149,
220.6,
0,
2030, 
174.7234,
175.4945,
180.4343,
170.5172,
177.8445,
184.811,
219.2,
222,
222,
175.6332,
173.8201,
178.4707,
217.1,
180.1319,
171.3793,
184.9388,
207.8664,
203.3306,
189.4497,
206.9229,
222,
222,
173.4562,
222,
208.9149,
222,
0,
2031, 
175.2948,
176.9359,
180.4343,
170.5172,
177.8445,
184.811,
221.3,
223.4,
223.4,
175.6332,
173.8201,
178.7912,
217.1,
180.1319,
171.3793,
184.9388,
207.8664,
203.3551,
189.4497,
206.9229,
223.4,
223.4,
173.4562,
223.4,
211.2175,
223.4,
0,
2032, 
175.304,
176.947,
180.4343,
170.6897,
177.8445,
184.811,
221.3,
224.8,
224.8,
175.6332,
173.8266,
178.7912,
217.1,
180.1319,
171.3793,
184.9511,
207.8664,
203.369,
189.4497,
206.9229,
224.8,
224.8,
173.4589,
224.8,
211.2175,
224.8,
0,
2033, 
175.3126,
176.9575,
180.4343,
170.8621,
177.8445,
184.811,
221.3,
226.2,
226.2,
175.6332,
173.8325,
178.7912,
217.1,
180.1319,
171.3793,
184.9633,
207.8664,
203.3827,
189.4497,
206.9229,
226.2,
226.2,
173.4613,
226.2,
211.2175,
226.2,
0,
2034, 
175.3206,
176.9675,
180.4343,
171.0345,
177.8445,
184.811,
221.3,
227.6,
227.6,
175.6332,
173.8378,
178.7912,
217.1,
180.1319,
171.3793,
184.9751,
207.8664,
203.3963,
189.4497,
206.9229,
227.6,
227.6,
173.4635,
227.6,
211.2175,
227.6,
0,
2035, 
175.3281,
176.9771,
180.4343,
229,
177.8445,
184.811,
221.3,
229,
229,
175.6332,
173.8426,
178.7912,
217.1,
180.1319,
171.3793,
184.9867,
207.8664,
203.4097,
189.4497,
206.9229,
229,
229,
173.4653,
229,
211.2175,
229,
0,
2036, 
175.8052,
179.5999,
180.4343,
230.4,
177.8445,
188.6339,
221.3,
230.4,
230.4,
175.6332,
174.1079,
179.4445,
217.1,
180.1319,
230.4,
186.3333,
207.8664,
203.6752,
189.4497,
206.9229,
230.4,
230.4,
173.8643,
230.4,
211.8058,
230.4,
0,
2037, 
175.8131,
180.1598,
180.4343,
231.8,
177.8445,
188.6339,
221.3,
231.8,
231.8,
175.6332,
174.2391,
179.4445,
217.1,
180.1319,
231.8,
187.4548,
207.8664,
203.6886,
189.4497,
206.9229,
231.8,
231.8,
174.0796,
231.8,
211.8058,
231.8,
0,
2038, 
176.9395,
181.0534,
196.8614,
233.2,
196.1753,
200.6979,
227.5918,
233.2,
233.2,
214.2932,
181.3526,
189.4102,
225.3496,
181.6246,
231.8,
187.7118,
219.9269,
225.5369,
198.5732,
211.3074,
233.2,
233.2,
183.8057,
233.2,
221.117,
233.2,
0,
2039, 
177.4424,
181.7454,
213.4392,
234.6,
207.9934,
212.6823,
227.9033,
234.6,
234.6,
215.0605,
186.3234,
194.5029,
226.2592,
187.4815,
231.8107,
187.7271,
222.205,
227.2251,
199.0165,
211.5391,
234.6,
234.6,
189.2311,
234.6,
224.7295,
234.6,
0,
2040, 
177.9096,
181.825,
224.4232,
236,
208.8472,
212.6823,
228.8082,
236,
236,
215.5227,
188.5896,
199.3723,
227.1505,
188.5172,
231.8782,
188.3437,
225.1521,
227.4395,
199.5727,
211.7716,
236,
236,
194.0597,
236,
225.2612,
236,
0,
2041, 
181.3792,
182.1655,
224.4232,
237.4,
219.0602,
212.6823,
229.1038,
237.4,
237.4,
216.4059,
195.4069,
208.8371,
227.5229,
188.5172,
231.9925,
189.6987,
229.5826,
227.762,
201.5086,
216.8307,
237.4,
237.4,
195.4846,
237.4,
225.8873,
237.4,
0,
2042, 
183.7967,
194.0118,
224.7999,
238.8,
227.991,
213.4736,
230.9842,
238.8,
238.8,
218.4881,
197.7721,
210.2905,
227.9262,
189.6687,
232.0646,
190.3952,
230.465,
228.144,
202.181,
225.3999,
238.8,
238.8,
198.1395,
238.8,
227.0605,
238.8,
0,
2043, 
184.9582,
204.8365,
225.1797,
240.2,
231.8458,
230.4748,
231.3372,
240.2,
240.2,
220.3996,
199.7639,
211.8537,
228.3814,
190.982,
232.0646,
191.1385,
230.814,
228.4776,
202.7556,
227.8902,
240.2,
240.2,
201.5196,
240.2,
227.6777,
240.2,
0,
2044, 
186.6732,
207.0062,
225.5625,
241.6,
232.7435,
230.8714,
231.7848,
241.6,
241.6,
222.1367,
202.0853,
213.5412,
228.7426,
192.5013,
232.0646,
191.9354,
231.2504,
228.8014,
203.5906,
228.0907,
241.6,
241.6,
208.2782,
241.6,
228.3999,
241.6,
0,
2045, 
189.1289,
211.2396,
225.9485,
243,
233.5353,
231.2712,
232.2619,
243,
243,
224.3244,
209.2736,
215.6332,
229.1324,
194.2875,
232.3844,
192.7937,
231.8585,
229.2024,
204.5438,
228.2449,
243,
243,
212.3146,
243,
229.2119,
243,
0,
2046, 
191.7599,
214.4356,
226.3378,
244.4,
234.6735,
237.9075,
232.7,
244.4,
244.4,
226.7167,
217.4701,
217.933,
229.6351,
204.2883,
232.7081,
208.0035,
232.6212,
229.8036,
205.5105,
228.5465,
244.4,
244.4,
215.9296,
244.4,
230.1216,
244.4,
0,
2047, 
195.253,
220.5227,
226.7304,
245.8,
235.5334,
238.1214,
233.3468,
245.8,
245.8,
229.1868,
221.7815,
220.6824,
230.0754,
208.9049,
232.7081,
216.2626,
233.2414,
230.6067,
206.4886,
228.7654,
245.8,
245.8,
220.1246,
245.8,
230.9722,
245.8,
0,
2048, 
200.5179,
225.7105,
227.1264,
247.2,
236.3336,
238.4087,
233.8211,
247.2,
247.2,
231.6379,
226.6034,
223.7115,
230.4332,
212.9753,
232.7081,
224.5526,
233.2414,
231.2239,
207.288,
228.9697,
247.2,
247.2,
224.9246,
247.2,
232.3742,
247.2,
0,
2049, 
209.4881,
231.0375,
227.526,
248.6,
237.4484,
239.2225,
233.8211,
248.6,
248.6,
237.1015,
233.224,
226.2401,
234.6523,
217.59,
238.9731,
226.9251,
233.2414,
236.5886,
215.0942,
230.0075,
248.6,
248.6,
234.0337,
248.6,
235.7382,
248.6,
0,
2050, 
231.1804,
234.0254,
227.929,
250,
238.6646,
239.4103,
234.3258,
250,
250,
239.384,
238.8655,
229.0316,
235.5032,
223.012,
242.0926,
228.9153,
233.2414,
238.131,
216.0552,
230.2673,
250,
250,
240.0217,
250,
237.5529,
250,
0,
2051, 
231.1804,
241.0375,
228.3357,
253,
239.3603,
241.9374,
237.443,
253,
253,
240.3099,
238.9191,
232.1327,
236.4882,
223.012,
242.161,
230.3233,
233.8989,
238.6372,
216.9715,
230.2673,
253,
253,
240.6132,
253,
238.2855,
253,
0,
2052, 
231.1804,
241.228,
229.1317,
256,
239.3603,
241.9374,
238.2519,
256,
256,
240.8334,
238.9191,
232.634,
237.2628,
223.0359,
242.161,
231.0932,
238.5156,
238.6688,
218.8627,
230.2673,
256,
256,
241.063,
256,
239.4079,
256,
0,
2053, 
232.8325,
241.3338,
229.9473,
259,
239.3603,
242.0465,
239.8945,
259,
259,
241.5849,
238.9191,
233.1413,
237.2628,
223.0359,
242.161,
231.8743,
239.1029,
238.7002,
219.4299,
230.2673,
259,
259,
241.5203,
259,
240.5658,
259,
0,
2054, 
233.1412,
241.4253,
230.7835,
262,
240.162,
246.4275,
240.6657,
262,
262,
242.6153,
238.9191,
233.5703,
238.4905,
223.0359,
242.161,
232.776,
239.779,
240.1149,
219.7929,
230.2739,
262,
262,
241.5203,
262,
241.4629,
262,
0,
2055, 
235.5101,
241.5164,
231.6412,
262,
240.7634,
247.1807,
241.3339,
265,
265,
242.6153,
239.0554,
233.5703,
238.9882,
226.8889,
242.161,
233.8874,
239.9589,
240.5459,
220.1593,
230.344,
262,
262,
241.5203,
265,
242.4799,
265,
0,
2056, 
235.5101,
241.6074,
232.5215,
262.7656,
240.7634,
247.5811,
241.8059,
268,
268,
242.6153,
239.0554,
233.5703,
239.5433,
235.639,
242.161,
234.9104,
241.1121,
241.4432,
220.5291,
230.4138,
262,
262,
241.5203,
268,
243.5919,
268,
0,
2057, 
241.0765,
241.6981,
232.5706,
266.2216,
241.8586,
252.1328,
243.667,
271,
271,
242.6153,
239.0554,
233.5703,
240.2688,
240.7257,
242.161,
235.9673,
242.3199,
242.917,
222.7381,
230.4138,
262,
262,
241.5203,
271,
244.5781,
271,
0,
2058, 
246.5691,
241.7886,
232.6195,
267.6339,
244.1165,
252.4617,
245.0144,
274,
274,
242.6153,
242.1847,
233.5703,
240.9024,
241.7534,
242.161,
238.4312,
242.3199,
244.4781,
223.5323,
230.4138,
268.1897,
262,
247.6668,
271,
245.0251,
274,
0,
2059, 
246.9147,
241.8456,
232.6682,
269.2229,
245.881,
252.8017,
245.8986,
277,
277,
242.6153,
242.6496,
233.5703,
241.3327,
241.7534,
242.161,
238.9611,
242.3199,
245.529,
224.3495,
230.4138,
270.1708,
262,
248.1513,
271,
245.1078,
277,
0,
2060, 
247.8673,
241.9687,
232.7166,
269.6918,
247.613,
253.6903,
246.841,
280,
280,
242.6153,
242.9039,
233.5703,
247.0894,
241.7534,
242.161,
239.2816,
242.3199,
251.383,
225.191,
230.4138,
274.4418,
262,
251.9971,
271,
245.1587,
280,
0,
2061, 
248.6076,
242.0916,
232.7648,
269.8634,
248.1379,
254.1045,
248.3569,
283,
283,
242.6153,
242.9039,
233.5703,
248.2715,
241.7534,
242.161,
239.3845,
242.3199,
253.6978,
226.0582,
230.4138,
274.7273,
262,
253.6142,
271,
245.2095,
283,
0,
2062, 
257.7667,
242.2123,
232.834,
270.4638,
248.5835,
257.2045,
248.9654,
286,
286,
242.6153,
242.9057,
233.5703,
249.8295,
242.0892,
242.161,
240.0083,
242.3199,
254.6897,
226.9192,
230.5464,
274.8824,
262,
254.5652,
271,
250.7016,
286,
0,
2063, 
262.8039,
242.3306,
232.834,
275.3782,
249.8585,
257.67,
251.6032,
289,
289,
243.2105,
242.9057,
235.4456,
251.6764,
242.7082,
242.161,
240.8285,
242.3199,
255.1988,
227.7866,
233.558,
275.1205,
262,
255.4113,
271,
259.1976,
289,
0,
2064, 
262.8727,
241.3667,
232.834,
278.513,
251.3218,
257.6792,
252.8141,
292,
292,
252.7936,
242.9057,
235.5615,
251.6764,
244.8087,
242.161,
241.5666,
242.3199,
255.6582,
228.6607,
250.5012,
275.3513,
262,
255.4113,
271,
259.6606,
292,
0,
2065, 
263.6082,
241.5262,
232.834,
278.5818,
253.8106,
257.8542,
255.9064,
295,
295,
259.0636,
242.9057,
239.3807,
252.9867,
246.9729,
242.161,
242.7688,
242.3199,
257.4327,
229.542,
253.53,
275.6405,
262,
255.4113,
271,
262.8535,
295,
0,
2066, 
265.0125,
244.045,
232.834,
278.5818,
258.5713,
258.3165,
255.9064,
298,
298,
263.5562,
242.9057,
239.3807,
252.9867,
251.7349,
251.6206,
244.1056,
242.3199,
258.1699,
230.4308,
256.6158,
277.1377,
262,
256.3838,
271,
264.3949,
298,
0,
2067, 
268.7488,
244.1979,
232.834,
279.2699,
265.6543,
259.7362,
257.1431,
301,
301,
265.786,
253.3951,
239.3807,
252.9867,
258.7867,
257.6316,
245.1175,
246.5393,
259.3838,
230.8693,
259.3943,
277.1377,
262,
256.973,
271,
266.0006,
301,
0,
2068, 
269.8402,
244.3479,
232.834,
279.6801,
267.1324,
260.7679,
258.3423,
304,
304,
266.7849,
254.5108,
239.6623,
252.9867,
259.8648,
265.6776,
245.3537,
248.4288,
261.074,
231.3023,
260.3203,
277.1377,
262,
256.973,
271,
267.4508,
304,
0,
2069, 
271.1246,
244.3466,
232.834,
280.1082,
267.4896,
261.8516,
259.6964,
307,
307,
266.7849,
254.9518,
241.9969,
252.9867,
259.9814,
265.8514,
245.5859,
248.4288,
262.9676,
231.7296,
260.3983,
277.1377,
262,
259.779,
271,
268.4058,
307,
0,
2070, 
271.1246,
244.6386,
232.834,
285.2201,
267.9428,
263.0456,
260.0516,
310,
310,
266.7849,
256.2619,
244.6869,
252.9867,
259.9814,
265.8514,
245.8141,
248.4288,
264.7948,
232.1511,
260.4749,
277.1377,
262,
261.7153,
271,
268.971,
310,
0,
2071, 
271.252,
244.6961,
232.834,
285.8584,
268.3369,
263.9012,
260.0968,
313,
313,
266.7849,
256.2619,
248.1476,
252.9867,
259.9814,
266.274,
246.0382,
248.4288,
270.2227,
232.5665,
260.55,
277.1377,
262,
263.5201,
271,
269.6921,
313,
0,
2072, 
271.4704,
244.917,
232.9757,
286.6266,
268.8421,
264.7977,
260.4995,
316,
316,
266.8164,
256.2619,
252.3572,
252.9867,
259.9814,
266.3236,
246.6234,
255.2854,
272.629,
233.2286,
260.9055,
277.1377,
262,
264.5049,
285.6519,
270.5062,
316,
0,
2073, 
271.4781,
245.0515,
233.1132,
286.6598,
271.1623,
265.8401,
261.8423,
319,
319,
266.8474,
256.2619,
253.9675,
252.9867,
259.9814,
266.4918,
247.206,
257.4919,
273.8062,
233.8893,
261.2571,
277.1377,
262,
269.0462,
285.6519,
274.6131,
319,
0,
2074, 
271.4781,
245.1828,
233.2464,
291.3362,
277.5127,
268.2927,
269.0427,
322,
322,
266.8777,
256.2619,
255.0867,
252.9867,
259.9814,
266.7727,
247.7858,
257.7622,
274.5577,
234.5486,
261.605,
284.8335,
262,
271.7839,
285.6519,
281.2661,
322,
0,
2075, 
271.4781,
245.3109,
233.3752,
291.3362,
278.5976,
269.2257,
269.1107,
325,
325,
266.9075,
256.2619,
255.2746,
252.9867,
259.9814,
267.4118,
248.3627,
258.9755,
275.232,
235.2064,
261.9489,
285.9066,
262,
272.2535,
285.7151,
282.2317,
325,
0,
2076, 
272.2188,
245.8984,
233.4996,
293.0512,
278.7285,
269.4577,
269.564,
328,
328,
266.9221,
256.2619,
255.4157,
252.9867,
259.9814,
267.4118,
248.9366,
259.8082,
277.0328,
235.8625,
262.2888,
287.1209,
262,
272.2535,
285.7151,
285.1434,
328,
0,
2077, 
272.4568,
246.0206,
233.5956,
293.0512,
278.7285,
269.4594,
269.564,
331,
331,
266.9221,
256.2619,
255.4719,
252.9867,
260.7251,
267.4118,
249.8151,
269.3516,
277.9321,
236.1649,
262.7072,
287.6165,
262,
273.1179,
285.7151,
286.7699,
331,
0,
2078, 
272.6915,
246.1396,
233.6877,
293.0512,
278.7285,
269.461,
269.564,
334,
334,
266.9221,
256.5889,
255.5267,
252.9867,
271.9058,
276.4399,
251.7883,
269.4931,
279.2265,
236.46,
263.1215,
287.9104,
262,
273.7516,
285.7151,
288.3655,
334,
0,
2079, 
272.9231,
246.1973,
253.4624,
293.0512,
278.8002,
269.4626,
269.564,
337,
337,
266.9221,
257.5175,
255.5801,
252.9867,
282.7519,
280.1159,
251.9629,
269.6323,
280.8549,
236.7477,
263.5318,
296.355,
262,
273.7516,
285.7151,
288.4068,
337,
0,
2080, 
273.1515,
246.2533,
287.9578,
293.0512,
278.8002,
269.4642,
269.564,
340,
340,
266.9221,
258.1115,
255.6321,
252.9867,
283.4742,
286.063,
251.9883,
269.769,
282.6657,
237.0277,
263.938,
296.4717,
262,
274.469,
286.4499,
288.4475,
340,
0,
2081, 
273.3766,
246.3074,
295.5029,
293.0512,
278.8002,
269.4657,
269.564,
343,
343,
266.9221,
258.6585,
255.9376,
252.9867,
284.1969,
286.8596,
252.0129,
272.8882,
284.4217,
237.2428,
264.3399,
296.4717,
262,
275.8855,
286.4499,
292.8166,
343,
0,
2082, 
275.4769,
246.4979,
303.2762,
293.0512,
278.8002,
269.4657,
269.564,
346,
346,
266.9221,
258.946,
257.1003,
252.9867,
284.1969,
289.5489,
252.0368,
273.5919,
289.5084,
237.2428,
264.5793,
307.2014,
270.2939,
280.9864,
286.4499,
294.3409,
346,
0,
2083, 
282.5877,
245.7048,
309.9253,
293.3975,
278.8002,
269.4657,
269.564,
349,
349,
266.9221,
258.946,
258.0122,
252.9867,
284.1969,
291.6266,
252.06,
274.2114,
291.848,
238.5224,
264.7827,
307.3951,
290.4847,
281.7133,
288.2959,
295.8835,
349,
0,
2084, 
288.8096,
245.284,
319.7732,
293.3975,
278.8002,
269.4657,
269.564,
352,
352,
266.9221,
258.946,
260.1187,
252.9867,
285.9627,
292.4491,
252.0823,
274.5338,
293.099,
239.1454,
264.9251,
307.5763,
294.813,
282.959,
288.2959,
299.3244,
352,
0,
2085, 
289.0196,
245.551,
321.1634,
293.3975,
278.8002,
269.4657,
269.564,
355,
355,
266.9221,
258.946,
263.242,
252.9867,
287.7821,
292.4491,
252.1039,
274.8524,
293.947,
239.7648,
265.0646,
311.4841,
294.813,
284.1304,
288.2959,
304.7765,
355,
0,
2086, 
289.2268,
245.4683,
321.4243,
294.9095,
278.8002,
269.4657,
269.564,
358,
358,
267.0379,
258.9741,
267.4486,
253.9481,
287.7821,
292.4491,
253.1608,
274.8524,
294.666,
243.7834,
265.4641,
312.9267,
298.4506,
284.3337,
288.2679,
306.2715,
358,
0,
2087, 
289.45,
245.3329,
321.9663,
295.4725,
278.8002,
269.4657,
269.564,
361,
361,
267.0379,
258.9753,
270.2635,
254.923,
287.7821,
292.4491,
254.2407,
274.8524,
296.828,
249.3728,
265.9441,
313.9064,
304.0009,
284.3337,
288.2539,
309.2836,
361,
0,
2088, 
289.6885,
250.5827,
321.9663,
296.6837,
278.8002,
269.4657,
269.8927,
364,
364,
267.8025,
258.9753,
270.6774,
255.9125,
287.7821,
292.4491,
254.2663,
274.8524,
297.9927,
258.6002,
266.6862,
314.3681,
304.0009,
284.3337,
288.2469,
310.9587,
364,
0,
2089, 
289.9423,
254.2373,
321.9663,
308.0271,
278.8002,
269.486,
276.3043,
367,
367,
274.6772,
258.9753,
272.7137,
256.9179,
287.7821,
292.458,
254.6225,
274.8524,
299.263,
263.1071,
267.2218,
314.594,
307.9801,
284.3337,
288.2469,
312.5707,
367,
0,
2090, 
290.2107,
289.4956,
321.9663,
310.4098,
278.8002,
269.486,
276.3043,
370,
370,
280.2052,
258.9753,
275.4606,
256.9179,
287.7821,
298.4477,
256.7326,
274.8524,
300.8576,
263.9628,
268.1267,
318.521,
315.7544,
284.3337,
288.6318,
313.032,
370,
0,
2091, 
291.593,
303.8145,
321.9663,
311.5768,
278.8002,
269.486,
278.4864,
373,
373,
283.3001,
258.9753,
276.9378,
257.222,
287.7821,
298.4477,
265.8134,
305.0156,
300.8593,
265.147,
268.1267,
320.488,
323.1165,
284.3337,
288.6318,
313.7792,
373,
0,
2092, 
291.593,
306.7045,
321.9663,
312.1935,
278.8002,
269.486,
279.2511,
376,
376,
283.3001,
258.9753,
278.012,
275.4504,
287.7821,
298.4477,
287.8771,
305.5675,
304.4103,
266.1101,
268.1267,
320.553,
325.5316,
288.8706,
288.6318,
317.4993,
376,
0,
2093, 
291.593,
306.4272,
321.9663,
312.4462,
280.2032,
269.486,
279.2511,
379,
379,
283.3001,
258.9753,
278.4239,
277.7511,
287.7821,
298.4477,
287.8771,
306.0326,
307.8023,
266.2905,
275.1732,
321.3491,
326.2003,
289.5387,
288.6318,
318.895,
379,
0,
2094, 
291.593,
307.2739,
321.9663,
312.4462,
280.5432,
269.486,
279.2511,
382,
382,
283.3001,
260.6342,
278.5533,
278.9409,
287.7821,
298.4477,
287.8771,
308.649,
311.469,
266.5053,
275.5328,
321.3491,
326.3615,
290.0855,
288.6318,
320.2465,
382,
0,
2095, 
291.593,
309.6833,
321.9663,
312.4462,
280.6588,
269.486,
279.2511,
385,
385,
283.3001,
261.372,
278.7834,
280.885,
287.7821,
298.4477,
287.8771,
319.6675,
312.6931,
266.5053,
276.034,
321.3491,
326.3615,
290.6974,
288.6318,
321.2472,
385,
0,
2096, 
291.593,
309.6833,
322.8587,
312.4462,
280.6588,
269.486,
279.2511,
388,
388,
283.3001,
261.8071,
279.1458,
283.2176,
287.7821,
298.4477,
288.591,
320.9069,
313.551,
266.5053,
276.034,
321.3491,
326.3615,
294.9492,
288.6318,
328.0185,
388,
0,
2097, 
291.593,
313.4746,
322.8587,
312.4462,
280.8193,
269.486,
279.2511,
391,
391,
283.3001,
261.8071,
279.4319,
284.4527,
287.7821,
298.4477,
288.6318,
322.1782,
314.3169,
266.5053,
276.5225,
321.3491,
326.3615,
297.1782,
288.6318,
329.3577,
391,
0,
2098, 
292.4567,
305.7716,
324.7186,
312.4462,
281.3485,
269.7518,
283.4878,
394,
394,
290.8657,
265.1589,
285.72,
294.4086,
288.9629,
306.6455,
288.6318,
325.4564,
320.0828,
280.9487,
278.0243,
323.1711,
326.3615,
301.1606,
288.6318,
333.0388,
394,
0,
2099, 
292.5761,
308.5554,
329.8998,
312.4462,
282.0403,
270.2987,
285.1296,
397,
397,
294.0464,
268.0689,
290.7287,
298.0112,
291.9736,
306.7154,
288.6318,
326.5015,
322.614,
283.1851,
278.2849,
323.1741,
326.3615,
307.0875,
289.9559,
335.7552,
397,
0,
2100, 
292.5761,
312.0711,
344.6385,
312.4462,
282.7425,
270.2987,
291.068,
400,
400,
294.6962,
269.1694,
297.4437,
299.8581,
292.8749,
306.938,
288.6318,
328.4333,
324.0965,
285.0904,
278.8314,
323.9953,
326.3615,
308.0901,
290.9411,
337.5695,
400,
0];
