real main.em.dem.URBPOPTOT[28](t) = [1971, 
16.55778,
149.3658,
31.01851,
19.0625,
56.1832,
63.40449,
29.59219,
33.5097,
10.16387,
11.02492,
245.692,
58.00983,
14.14562,
31.89108,
14.35385,
89.44347,
32.40678,
114.4239,
22.42951,
153.8356,
41.8994,
20.97806,
57.58957,
13.91833,
25.49651,
5.648327,
0,
1362.045,
1972, 
16.80818,
151.1022,
32.40245,
19.71508,
58.55209,
65.3644,
30.60663,
35.11626,
10.72804,
11.35846,
248.0665,
59.32513,
14.71709,
32.636,
14.78165,
91.11504,
34.22383,
118.8337,
23.50835,
157.4106,
43.40672,
22.09233,
59.14505,
14.26358,
26.69394,
6.130322,
0,
1398.104,
1973, 
17.01788,
152.6521,
33.8349,
20.37761,
60.99449,
67.37376,
31.66016,
36.80648,
11.31489,
11.70092,
250.2977,
60.683,
15.30454,
33.36157,
15.22442,
92.79922,
36.12948,
123.4133,
24.59662,
160.8539,
44.94205,
23.24418,
60.73676,
14.54108,
28.07873,
6.645534,
0,
1434.585,
1974, 
17.25067,
154.119,
35.31293,
21.05054,
63.50189,
69.4388,
32.76005,
38.58701,
11.94295,
12.04926,
252.4044,
62.08712,
15.9012,
34.08029,
15.68019,
94.52621,
38.13467,
128.1489,
25.67258,
164.1021,
46.48926,
24.43108,
62.328,
14.81125,
29.51485,
7.191883,
0,
1471.517,
1975, 
17.49355,
155.6109,
36.83444,
21.73356,
66.07796,
71.54473,
33.98837,
40.46308,
12.59721,
12.40152,
254.3291,
63.52868,
16.49866,
34.79873,
16.14948,
96.33045,
40.24416,
133.0102,
26.73526,
167.0021,
48.01526,
25.6536,
63.87792,
15.05342,
30.9973,
7.769917,
0,
1508.74,
1976, 
17.72725,
157.1169,
38.37225,
22.37855,
68.69138,
73.68161,
35.33956,
42.4097,
13.28987,
12.75614,
255.8307,
64.96684,
17.02046,
35.46351,
16.58696,
97.99542,
42.45204,
138.2326,
27.77761,
173.4075,
49.74739,
27.05447,
65.19022,
15.22606,
32.90102,
8.422878,
0,
1550.039,
1977, 
17.93631,
158.7502,
39.96693,
23.03135,
71.39542,
75.88436,
36.69107,
44.44168,
13.99171,
13.11995,
257.3291,
66.3815,
17.57384,
36.1107,
17.03983,
99.69273,
44.78354,
143.6211,
28.79088,
179.7353,
51.59585,
28.49911,
66.47147,
15.38663,
34.89709,
9.1102,
0,
1592.228,
1978, 
18.12591,
160.5882,
41.62097,
23.6976,
74.19435,
78.16198,
38.04688,
46.62104,
14.74675,
13.49629,
258.8112,
67.74494,
18.14437,
36.74178,
17.50227,
101.4059,
46.89989,
149.188,
29.79929,
186.0484,
53.56418,
29.99142,
67.71336,
15.54412,
36.99677,
9.825553,
0,
1635.221,
1979, 
18.3224,
162.5285,
43.2934,
24.36984,
77.08198,
80.49475,
39.47189,
48.93215,
15.56026,
13.87839,
260.2619,
69.10077,
18.71797,
37.38923,
17.96074,
103.055,
49.13599,
154.9486,
30.82109,
192.5812,
55.57951,
31.53301,
68.91244,
15.70238,
39.18182,
10.57697,
0,
1679.392,
1980, 
18.54614,
164.5399,
44.91494,
25.04933,
80.05976,
82.88955,
40.97305,
51.30556,
16.34808,
14.26772,
261.8241,
70.43406,
19.30219,
38.05837,
18.41853,
104.6295,
51.69957,
160.9534,
31.87681,
199.4025,
57.66471,
33.12248,
70.06403,
15.88321,
41.4654,
11.39435,
0,
1725.087,
1981, 
18.81066,
166.7349,
46.29053,
25.68452,
83.04501,
85.28377,
42.56048,
53.70035,
17.15356,
14.69738,
263.0722,
71.37246,
20.47287,
38.67439,
18.82755,
105.8749,
54.58127,
166.4407,
33.00641,
209.6132,
59.92344,
35.11518,
70.75181,
16.09804,
43.27562,
12.1598,
0,
1773.221,
1982, 
19.06194,
168.8141,
47.61094,
26.34214,
86.09253,
87.72739,
44.21246,
56.20863,
18.05336,
15.14012,
264.1583,
72.29196,
21.71008,
39.2785,
19.25221,
107.2025,
57.56163,
172.0694,
34.22338,
220.3197,
62.25845,
37.17195,
71.41315,
16.33415,
45.1948,
12.93814,
0,
1822.642,
1983, 
19.29383,
170.9309,
48.94657,
27.04353,
89.20135,
90.22922,
45.94361,
58.73206,
18.93817,
15.61177,
265.1573,
73.19291,
23.03392,
39.89314,
19.69778,
108.658,
60.39155,
177.8647,
35.45084,
231.1527,
64.67381,
39.29042,
72.0672,
16.55779,
47.30351,
13.7623,
0,
1873.019,
1984, 
19.51283,
173.0459,
50.28735,
27.77074,
92.36076,
92.78273,
47.73256,
61.318,
19.82176,
16.11626,
266.1512,
74.07751,
24.39706,
40.51543,
20.16101,
110.1492,
63.40182,
183.8425,
36.67807,
242.0296,
67.16282,
41.46107,
72.71276,
16.76396,
49.47939,
14.61715,
0,
1924.349,
1985, 
19.73287,
175.1707,
51.62425,
28.51133,
95.55946,
95.37577,
49.56621,
64.05389,
20.74609,
16.66451,
267.1921,
74.93523,
25.79166,
41.11751,
20.639,
111.6255,
66.47091,
189.9734,
37.9035,
253.3809,
69.70146,
43.66773,
73.34363,
16.96849,
51.72571,
15.50678,
0,
1976.948,
1986, 
19.95257,
177.3165,
52.93309,
29.30936,
98.69155,
97.9297,
51.31949,
66.89189,
21.83201,
17.40578,
268.3198,
75.65661,
27.01995,
41.60295,
21.07257,
112.9916,
69.39601,
196.1809,
39.22042,
265.4718,
72.3623,
46.06959,
74.31947,
17.20695,
53.90954,
16.4598,
0,
2030.842,
1987, 
20.20973,
179.4504,
54.23906,
30.12376,
101.8434,
100.5409,
53.06633,
69.84978,
22.98326,
18.21787,
269.5592,
76.34676,
28.26446,
42.09317,
21.53888,
114.4486,
72.44894,
202.5227,
40.5747,
278.2006,
75.07957,
48.51637,
75.2812,
17.46421,
56.12967,
17.42958,
0,
2086.423,
1988, 
20.51106,
181.6625,
55.56475,
30.96287,
105.0157,
103.2111,
54.81968,
72.93714,
24.12789,
19.06002,
270.9023,
76.98542,
29.5364,
42.56364,
22.01071,
115.8279,
75.50358,
208.9944,
41.94436,
291.1929,
77.84642,
51.01923,
76.23048,
17.73526,
58.44875,
18.42327,
0,
2143.038,
1989, 
20.85189,
184.0564,
56.90595,
31.82368,
108.2053,
105.9318,
56.58236,
76.16714,
25.28821,
19.91592,
272.2968,
77.58221,
30.83814,
43.01562,
22.43495,
117.0071,
78.63169,
215.6205,
43.33603,
304.3217,
80.67289,
53.57714,
77.14943,
18.00956,
60.86648,
19.45945,
0,
2200.549,
1990, 
21.18044,
186.8079,
58.36391,
32.70392,
111.4052,
108.6904,
58.34179,
79.46465,
26.54717,
20.75109,
273.7327,
78.14332,
32.16152,
43.43694,
22.78823,
118.0169,
81.68829,
222.3744,
44.73646,
317.9212,
83.58435,
56.18553,
78.03741,
18.30509,
63.29734,
20.53064,
0,
2259.197,
1991, 
21.51627,
190.4067,
59.85378,
33.6912,
114.4804,
111.414,
60.02969,
82.83587,
27.82164,
21.48922,
275.2653,
78.3306,
33.07487,
43.5731,
23.01797,
118.3589,
84.86355,
228.9576,
45.60486,
333.1993,
86.13196,
59.00925,
78.66465,
18.61054,
65.61117,
21.57228,
0,
2317.385,
1992, 
21.83313,
194.1382,
61.36387,
34.68797,
117.5448,
114.1436,
61.71907,
86.3683,
29.11315,
22.14013,
276.8659,
78.29913,
33.9901,
43.71719,
23.19252,
118.4837,
88.1787,
235.6552,
46.38153,
347.7109,
88.73692,
61.90188,
79.28347,
18.8633,
68.10455,
22.6388,
0,
2375.056,
1993, 
22.14266,
197.8897,
62.89672,
35.69186,
120.6286,
116.8915,
63.42063,
90.0153,
30.46856,
22.75383,
278.3986,
78.18636,
34.92478,
43.77102,
23.27152,
118.4578,
90.9694,
242.4687,
47.17991,
362.1195,
91.39593,
64.85572,
79.88165,
19.09183,
70.81512,
23.75155,
0,
2432.339,
1994, 
22.44779,
201.5842,
64.45027,
36.69884,
123.7495,
119.6634,
65.11499,
93.98888,
31.71463,
23.36307,
279.8226,
78.15559,
35.88354,
43.6253,
23.28118,
118.2605,
93.65473,
249.396,
47.98721,
376.5573,
94.03429,
67.87959,
80.48497,
19.32923,
73.58247,
24.94331,
0,
2489.653,
1995, 
22.75056,
205.2235,
66.00888,
37.71416,
126.9043,
122.4427,
66.79578,
98.08717,
33.06687,
23.96626,
281.1772,
78.16688,
36.84235,
43.37797,
23.27169,
117.9375,
96.55666,
256.4308,
48.76022,
391.0198,
96.65052,
70.97659,
81.07425,
19.59007,
76.3037,
26.16765,
0,
2547.264,
1996, 
23.09374,
208.7804,
67.44324,
38.68304,
130.0509,
125.1189,
68.40775,
102.1304,
34.6593,
24.54914,
282.5522,
78.10251,
37.77201,
43.09809,
23.3231,
117.5974,
99.44969,
263.5921,
49.24837,
406.4626,
99.53178,
74.73365,
81.40923,
19.87457,
79.13634,
27.24805,
0,
2606.049,
1997, 
23.42694,
212.4299,
68.87125,
39.65788,
133.224,
127.7947,
70.03254,
106.2661,
36.28039,
25.10966,
283.9313,
78.00528,
38.70907,
42.80607,
23.32575,
117.2671,
102.4294,
270.849,
49.75267,
421.8944,
102.448,
78.58504,
81.75108,
20.14908,
82.02011,
28.3631,
0,
2665.38,
1998, 
23.74109,
216.1268,
70.29875,
40.63652,
136.42,
130.4675,
71.65276,
110.7086,
37.8334,
25.64466,
285.3065,
77.75105,
39.64442,
42.52085,
23.28879,
116.9459,
105.5153,
278.2,
50.2364,
437.3528,
105.3714,
82.51292,
82.07973,
20.4094,
85.00034,
29.55213,
0,
2725.218,
1999, 
24.05151,
219.7757,
71.72242,
41.61992,
139.6141,
133.1288,
73.26677,
115.3846,
39.44256,
26.15432,
286.6802,
77.41764,
40.57616,
42.2234,
23.2869,
116.5852,
108.6801,
285.6235,
50.69794,
452.8322,
108.2674,
86.49284,
82.38709,
20.66835,
88.08476,
30.78243,
0,
2785.447,
2000, 
24.38648,
223.3468,
73.133,
42.60287,
142.7954,
135.7663,
74.90108,
120.2836,
41.13206,
26.63254,
288.1147,
77.27074,
41.50776,
41.91194,
23.37214,
116.1281,
111.9462,
293.1477,
51.14639,
468.5029,
111.1028,
90.53011,
82.6964,
20.9412,
91.21206,
32.06764,
0,
2846.579,
2001, 
24.68031,
226.7378,
74.58468,
43.57431,
145.777,
138.326,
76.58418,
125.5671,
42.91576,
27.0954,
290.0404,
77.34322,
42.45937,
41.64022,
23.61548,
115.505,
115.2369,
300.7654,
51.62536,
489.2111,
114.1406,
92.28796,
83.05676,
21.23627,
94.41801,
33.4408,
0,
2911.865,
2002, 
24.9751,
229.9963,
76.04748,
44.54586,
148.7265,
140.8511,
78.30956,
131.0745,
44.77455,
27.57114,
292.2457,
77.29829,
43.39322,
41.37648,
23.86448,
114.888,
118.2662,
308.4656,
52.0771,
509.9727,
117.2089,
94.04424,
83.40098,
21.54996,
97.77605,
34.85891,
0,
2977.559,
2003, 
25.25268,
233.1778,
77.51198,
45.51552,
151.6104,
143.3444,
80.06573,
136.7762,
46.70897,
28.05726,
294.7806,
77.21146,
44.31124,
41.15257,
24.12016,
114.3072,
121.3136,
316.1793,
52.51642,
530.8558,
120.3019,
95.7988,
83.72263,
21.87053,
101.1242,
36.34632,
0,
3043.934,
2004, 
25.52716,
236.4411,
78.98926,
46.48355,
154.4705,
145.8165,
81.85236,
142.7185,
48.72156,
28.55321,
297.474,
77.10442,
45.2643,
40.95185,
24.3903,
113.778,
124.741,
323.9012,
52.95188,
551.946,
123.4168,
97.52232,
84.02406,
22.18582,
104.333,
37.90445,
0,
3111.463,
2005, 
25.81204,
239.7693,
80.46098,
47.45392,
157.3413,
148.2821,
83.6614,
148.9352,
50.80208,
29.05884,
300.1895,
76.99537,
46.22797,
40.7478,
24.6769,
113.283,
128.5761,
331.566,
53.3591,
573.2979,
126.56,
99.26242,
84.29836,
22.51027,
107.5022,
39.53257,
0,
3180.162,
2006, 
26.09511,
243.0272,
81.88811,
48.38655,
159.9134,
150.6762,
85.56937,
155.5645,
52.99508,
29.57964,
302.9275,
76.96909,
47.16033,
40.62985,
25.03261,
113.0525,
133.0161,
339.693,
53.75152,
588.7703,
129.9574,
101.1589,
84.58963,
22.87038,
110.8396,
41.2702,
0,
3245.384,
2007, 
26.39052,
246.3677,
83.30231,
49.33836,
162.4491,
153.0494,
87.54384,
162.4546,
55.29406,
30.12295,
305.9214,
76.95573,
48.08133,
40.53977,
25.40839,
112.9974,
137.7847,
347.7897,
54.14345,
604.4955,
133.4233,
103.1007,
84.88157,
23.28374,
114.0413,
43.09365,
0,
3312.254,
2008, 
26.70704,
249.6946,
84.69836,
50.30563,
164.9464,
155.3991,
89.58206,
169.6157,
57.69037,
30.71084,
308.9601,
76.97466,
48.99976,
40.47548,
25.80756,
113.0829,
142.724,
355.8951,
54.53571,
620.4763,
136.9168,
105.0667,
85.1519,
23.73907,
117.2788,
44.98129,
0,
3380.416,
2009, 
27.03974,
252.9292,
86.08996,
51.28282,
167.4201,
157.7592,
91.68176,
177.0704,
60.16788,
31.32583,
311.6618,
77.03662,
49.96295,
40.45042,
26.23738,
113.2475,
147.6734,
364.0476,
54.93785,
636.7489,
140.4555,
107.035,
85.40128,
24.1948,
120.7324,
46.92663,
0,
3449.517,
2010, 
27.3684,
256.0604,
87.58172,
52.24329,
169.9027,
160.1559,
93.8808,
184.8344,
62.70588,
31.95233,
314.1489,
77.10119,
50.97982,
40.433,
26.68563,
113.4169,
152.3471,
372.3082,
55.36261,
653.2286,
144.0482,
109.0156,
85.61671,
24.60799,
124.3429,
48.98152,
0,
3519.311,
2011, 
27.77086,
259.1479,
89.22753,
53.23426,
171.9198,
162.5541,
96.4157,
192.9156,
65.72274,
32.64439,
316.9093,
77.56454,
51.87553,
40.4686,
27.50165,
114.2218,
156.7437,
384.6095,
55.97517,
668.2053,
148.0481,
112.0542,
86.04431,
25.00815,
129.027,
51.24936,
0,
3597.059,
2012, 
28.18237,
262.3173,
90.87436,
54.26083,
173.9105,
164.977,
99.05,
201.2551,
68.82458,
33.37081,
319.5248,
78.02283,
52.86473,
40.54591,
28.34196,
115.1352,
161.1121,
397.0613,
56.67784,
683.6206,
152.1116,
115.1506,
86.43372,
25.43399,
133.6738,
53.64047,
0,
3676.375,
2013, 
28.5991,
265.4598,
92.47636,
55.28816,
175.8669,
167.4112,
102.0189,
209.8474,
72.05518,
34.1219,
321.9396,
78.46435,
53.99788,
40.63462,
29.21225,
116.0991,
165.5601,
409.6361,
57.39215,
699.2277,
156.2154,
118.2572,
86.80753,
25.88011,
138.2107,
56.16969,
0,
3756.849,
2014, 
28.99298,
268.5633,
94.03365,
56.30958,
177.8255,
169.8636,
105.0763,
218.7617,
75.35349,
34.9623,
324.3253,
78.89256,
55.30652,
40.69233,
30.11573,
117.0717,
170.1221,
422.2299,
58.11532,
714.7549,
160.3311,
121.3591,
87.16124,
26.32657,
142.7898,
58.81778,
0,
3838.155,
2015, 
29.37806,
271.6104,
95.54426,
57.32601,
179.7836,
172.3573,
108.1211,
227.9445,
78.73342,
35.9995,
326.7414,
79.3139,
56.62272,
40.75883,
31.04658,
118.0905,
174.7681,
434.8458,
58.83052,
730.1343,
164.4926,
124.4582,
87.49715,
26.77781,
147.3325,
61.60525,
0,
3920.114,
2016, 
29.80977,
274.6957,
97.04459,
58.34184,
181.6989,
174.8803,
111.1651,
237.4838,
82.24644,
36.65862,
329.1943,
79.73047,
57.83294,
40.84193,
31.99394,
119.1504,
179.2081,
447.6905,
59.45602,
745.4575,
168.7406,
127.5467,
87.8097,
27.25172,
151.8989,
64.53745,
0,
4002.366,
2017, 
30.29321,
277.7775,
98.51467,
59.35305,
183.5986,
177.3663,
114.2147,
247.3601,
85.88006,
37.10955,
331.6721,
80.15898,
58.83407,
40.90408,
32.94516,
120.1293,
183.4143,
460.6441,
59.99225,
761.0103,
173.0156,
130.6197,
88.0686,
27.74454,
156.7157,
67.5602,
0,
4084.897,
2018, 
30.81289,
280.6774,
99.87657,
60.38386,
185.5199,
179.749,
117.253,
257.4581,
89.65507,
37.87963,
334.1274,
80.5853,
59.58885,
40.93587,
33.90894,
120.9927,
187.8453,
473.5159,
60.49859,
775.8369,
177.2628,
133.6892,
88.27235,
28.24609,
161.7458,
70.63353,
0,
4166.951,
2019, 
31.34108,
283.4468,
101.163,
61.40376,
187.4083,
182.0304,
120.2558,
267.8125,
93.62193,
38.68995,
336.64,
81.0068,
60.31375,
40.94519,
34.89466,
121.7737,
192.3571,
486.3113,
60.97333,
789.6793,
181.5055,
136.7677,
88.4325,
28.76421,
166.9196,
73.76814,
0,
4248.227,
2020, 
31.77082,
285.7544,
102.328,
62.41275,
189.1237,
184.1861,
123.2532,
278.5185,
97.72328,
39.48657,
338.8376,
81.35873,
61.02903,
40.89707,
35.90796,
122.371,
195.9867,
498.9704,
61.37772,
802.6342,
185.7952,
139.7579,
88.53059,
29.21801,
172.4283,
77.00595,
0,
4326.664,
2021, 
32.02263,
287.6904,
103.4699,
63.35816,
190.3335,
186.0891,
126.1484,
289.4771,
101.9809,
40.06544,
340.4518,
81.73915,
61.73814,
39.92976,
36.88036,
122.8793,
199.9757,
511.1957,
61.65019,
812.0182,
189.8109,
142.3941,
88.53136,
29.51985,
178.2007,
80.25337,
0,
4397.804,
2022, 
32.27541,
289.6328,
104.6173,
64.31031,
191.5462,
187.9999,
129.0735,
300.6046,
106.3258,
40.64848,
342.0689,
82.11804,
62.45085,
38.95177,
37.86545,
123.3871,
203.9925,
523.5516,
61.92296,
821.4081,
193.8685,
145.0541,
88.52786,
29.82273,
184.068,
83.55895,
0,
4469.652,
2023, 
32.52915,
291.5815,
105.7702,
65.26921,
192.7621,
189.9186,
132.0285,
311.9012,
110.7581,
41.23567,
343.689,
82.49543,
63.16716,
37.96309,
38.86322,
123.8944,
208.037,
536.0381,
62.19601,
830.8038,
197.968,
147.7381,
88.52012,
30.12664,
190.0304,
86.9227,
0,
4542.207,
2024, 
32.78385,
293.5366,
106.9285,
66.23486,
193.9809,
191.8451,
135.0133,
323.3668,
115.2778,
41.82703,
345.3121,
82.87127,
63.88707,
36.96371,
39.87368,
124.4012,
212.1092,
548.6551,
62.46936,
840.2055,
202.1094,
150.4459,
88.50813,
30.4316,
196.0878,
90.3446,
0,
4615.47,
2025, 
33.03952,
295.4981,
108.0923,
67.20725,
195.2027,
193.7795,
138.028,
335.0013,
119.8848,
42.42255,
346.938,
83.24561,
64.61057,
35.95365,
40.89682,
124.9076,
216.2092,
561.4028,
62.743,
849.6131,
206.2928,
153.1776,
88.49186,
30.7376,
202.2401,
93.82467,
0,
4689.441,
2026, 
33.28857,
297.6918,
110.5806,
69.0374,
196.2313,
196.6,
143.0281,
354.1348,
130.2038,
43.49646,
351.1296,
84.42254,
66.10294,
36.58107,
42.77633,
126.5802,
222.4747,
596.2705,
63.10715,
877.9655,
215.547,
159.3403,
89.58454,
31.0453,
215.9725,
100.3768,
0,
4853.57,
2027, 
33.53853,
299.8932,
113.0925,
70.88663,
197.2622,
199.4404,
148.1079,
373.7816,
140.8415,
44.58229,
355.3282,
85.58754,
67.60889,
37.21033,
44.68744,
128.2452,
228.8287,
631.5422,
63.47068,
906.249,
224.904,
165.5689,
90.66386,
31.35419,
229.999,
107.1284,
0,
5019.803,
2028, 
33.78942,
302.1021,
115.6279,
72.75493,
198.2955,
202.3008,
153.2673,
393.9416,
151.7979,
45.68006,
359.5338,
86.74062,
69.12844,
37.84141,
46.63013,
129.9027,
235.2714,
667.2179,
63.83363,
934.4636,
234.3642,
171.8632,
91.72981,
31.66427,
244.3196,
114.0794,
0,
5188.142,
2029, 
34.04121,
304.3188,
118.1867,
74.64233,
199.3312,
205.1812,
158.5065,
414.6149,
163.0731,
46.78976,
363.7462,
87.88177,
70.66158,
38.47432,
48.60442,
131.5527,
241.8026,
703.2977,
64.19595,
962.6091,
243.9274,
178.2233,
92.78239,
31.97555,
258.9342,
121.2298,
0,
5358.584,
2030, 
34.29393,
306.543,
120.769,
76.54879,
200.3692,
208.0815,
163.8254,
435.8015,
174.6669,
47.9114,
367.9657,
89.011,
72.20834,
39.10905,
50.61031,
133.1951,
248.4225,
739.7813,
64.55769,
990.6856,
253.5935,
184.6492,
93.82162,
32.28803,
273.8429,
128.5795,
0,
5531.132,
2031, 
34.52122,
308.5986,
121.7966,
77.40694,
201.0363,
209.5341,
166.8651,
449.7454,
181.6797,
48.557,
369.5638,
89.25144,
72.87635,
39.26828,
51.73304,
133.4525,
252.2669,
757.0858,
64.69894,
998.9872,
258.16,
187.5716,
93.83371,
32.5639,
282.0192,
133.1421,
0,
5616.216,
2032, 
34.74923,
310.6606,
122.8284,
78.26983,
201.7045,
210.9913,
169.9325,
463.8969,
188.8277,
49.20691,
371.1644,
89.48671,
73.54745,
39.4273,
52.86763,
133.7082,
256.1364,
774.5134,
64.8392,
1007.244,
262.7571,
190.5126,
93.84138,
32.84064,
290.3081,
137.7834,
0,
5702.046,
2033, 
34.97795,
312.7287,
123.8644,
79.13746,
202.3737,
212.4532,
173.0277,
478.256,
196.111,
49.86112,
372.7673,
89.71682,
74.2216,
39.58611,
54.01407,
133.962,
260.0313,
792.0646,
64.97847,
1015.456,
267.3849,
193.4723,
93.84466,
33.11825,
298.7095,
142.5032,
0,
5788.622,
2034, 
35.2074,
314.8033,
124.9046,
80.00981,
203.0439,
213.9196,
176.1506,
492.8227,
203.5295,
50.51962,
374.3728,
89.94176,
74.89885,
39.74469,
55.17238,
134.2139,
263.9512,
809.7388,
65.11673,
1023.623,
272.0434,
196.4506,
93.84353,
33.39672,
307.2236,
147.3017,
0,
5875.944,
2035, 
35.43757,
316.8841,
125.949,
80.88691,
203.7152,
215.3906,
179.3013,
507.597,
211.0832,
51.18242,
375.9806,
90.16155,
75.57916,
39.90308,
56.34254,
134.464,
267.8964,
827.5364,
65.25401,
1031.744,
276.7325,
199.4476,
93.83798,
33.67607,
315.8502,
152.1789,
0,
5964.013,
2036, 
35.65713,
318.8845,
126.823,
81.64175,
204.1145,
216.5531,
182.2847,
522.3637,
218.5097,
51.76466,
377.6301,
90.38105,
76.18633,
39.99341,
57.45984,
134.7679,
271.5308,
843.9942,
65.32396,
1039.09,
280.9992,
202.1267,
93.80525,
33.93899,
324.0717,
156.9932,
0,
6046.889,
2037, 
35.87736,
320.8908,
127.7,
82.3998,
204.5141,
217.7187,
185.2927,
537.3332,
226.0609,
52.35003,
379.2822,
90.59544,
76.79591,
40.08291,
58.5874,
135.0704,
275.1872,
860.5256,
65.39237,
1046.376,
285.2853,
204.8174,
93.7679,
34.2027,
332.3884,
161.8821,
0,
6130.377,
2038, 
36.09825,
322.903,
128.58,
83.1611,
204.9141,
218.8874,
188.3253,
552.5054,
233.7369,
52.93851,
380.9371,
90.80474,
77.40788,
40.1716,
59.72525,
135.3715,
278.8658,
877.1307,
65.45927,
1053.602,
289.5908,
207.5195,
93.72591,
34.46721,
340.8004,
166.8457,
0,
6214.476,
2039, 
36.3198,
324.9211,
129.4631,
83.92564,
205.3145,
220.0591,
191.3826,
567.8802,
241.5376,
53.53014,
382.5946,
91.00894,
78.02228,
40.25945,
60.87337,
135.6711,
282.5664,
893.8092,
65.52464,
1060.769,
293.9157,
210.2332,
93.67931,
34.73252,
349.3077,
171.8837,
0,
6299.185,
2040, 
36.542,
326.9451,
130.3492,
84.69339,
205.7152,
221.234,
194.4644,
583.4579,
249.463,
54.12488,
384.2548,
91.20806,
78.63908,
40.34647,
62.03177,
135.9693,
286.2892,
910.5616,
65.5885,
1067.877,
298.26,
212.9584,
93.62808,
34.99862,
357.9102,
176.9964,
0,
6384.506,
2041, 
36.74509,
328.7643,
130.9727,
85.27651,
205.8398,
222.0488,
197.1568,
598.3149,
257.2305,
54.60005,
385.666,
91.31813,
79.11636,
40.35057,
63.06286,
136.1969,
289.5219,
924.5879,
65.56308,
1071.604,
301.765,
215.0444,
93.46904,
35.25227,
365.6195,
181.8342,
0,
6456.922,
2042, 
36.9487,
330.5882,
131.5977,
85.8614,
205.9643,
222.865,
199.8677,
613.3442,
265.1142,
55.07716,
387.0795,
91.42426,
79.59505,
40.35374,
64.10209,
136.4237,
292.7706,
938.6472,
65.536,
1075.275,
305.2802,
217.1356,
93.30637,
35.50661,
373.4038,
186.7363,
0,
6529.804,
2043, 
37.15285,
332.4167,
132.2241,
86.44801,
206.0887,
223.6827,
202.5969,
628.5457,
273.114,
55.55619,
388.4953,
91.52641,
80.07517,
40.35598,
65.14944,
136.6498,
296.0351,
952.7388,
65.50729,
1078.888,
308.8055,
219.232,
93.14006,
35.76164,
381.2632,
191.7027,
0,
6603.152,
2044, 
37.35753,
334.2498,
132.8521,
87.03641,
206.2129,
224.502,
205.3446,
643.9196,
281.23,
56.03716,
389.9134,
91.62463,
80.55672,
40.35728,
66.20493,
136.8753,
299.3154,
966.8635,
65.47692,
1082.443,
312.3409,
221.3335,
92.97013,
36.01736,
389.1976,
196.7333,
0,
6676.966,
2045, 
37.56274,
336.0876,
133.4816,
87.62653,
206.337,
225.3227,
208.1106,
659.4657,
289.4621,
56.52005,
391.3338,
91.71886,
81.0397,
40.35765,
67.26852,
137.1,
302.6117,
981.0206,
65.44491,
1085.942,
315.8865,
223.4402,
92.79658,
36.27377,
397.2071,
201.8282,
0,
6751.247,
2046, 
37.77009,
337.8293,
133.9616,
88.11221,
206.251,
225.9014,
210.6547,
674.8231,
297.5845,
56.95465,
392.7758,
91.82914,
81.43613,
40.33785,
68.2543,
137.3431,
305.5653,
993.9355,
65.38196,
1088.115,
319.0924,
225.272,
92.63376,
36.52589,
404.8698,
206.8532,
0,
6820.064,
2047, 
37.97797,
339.5753,
134.4424,
88.59866,
206.1645,
226.4808,
213.2141,
690.3467,
305.8158,
57.39065,
394.2202,
91.93566,
81.8334,
40.31698,
69.24659,
137.5856,
308.5323,
1006.85,
65.31716,
1090.213,
322.3018,
227.1045,
92.46741,
36.77868,
412.5967,
211.9396,
0,
6889.247,
2048, 
38.18639,
341.3255,
134.924,
89.08592,
206.0775,
227.0609,
215.7891,
706.0363,
314.1559,
57.82804,
395.667,
92.03842,
82.2315,
40.29506,
70.24538,
137.8276,
311.5126,
1019.764,
65.25052,
1092.236,
325.5148,
228.9377,
92.29755,
37.03214,
420.3879,
217.0871,
0,
6958.795,
2049, 
38.39536,
343.08,
135.4064,
89.57396,
205.99,
227.6416,
218.3795,
721.8918,
322.6049,
58.26682,
397.1162,
92.13744,
82.63046,
40.27207,
71.25067,
138.0689,
314.5062,
1032.678,
65.18204,
1094.185,
328.7313,
230.7717,
92.12415,
37.28627,
428.2433,
222.2961,
0,
7028.71,
2050, 
38.60486,
344.8387,
135.8896,
90.0628,
205.9019,
228.2229,
220.9853,
737.9136,
331.1627,
58.70699,
398.5679,
92.2327,
83.03024,
40.24802,
72.26247,
138.3096,
317.5132,
1045.591,
65.11173,
1096.058,
331.9513,
232.6065,
91.94724,
37.54108,
436.163,
227.5662,
0,
7098.989,
2051, 
38.77672,
346.2624,
136.1325,
90.35738,
205.5607,
228.4636,
223.0017,
751.9904,
338.8718,
58.99684,
399.5485,
92.22057,
83.28043,
40.17752,
73.03165,
138.3969,
319.8766,
1055.307,
64.92517,
1094.597,
334.24,
233.8404,
91.72151,
37.76163,
442.7024,
232.1584,
0,
7152.199,
2052, 
38.94894,
347.689,
136.3755,
90.65179,
205.2188,
228.7041,
225.0272,
766.1898,
346.6663,
59.28704,
400.5301,
92.20532,
83.53081,
40.1061,
73.80421,
138.4835,
322.2482,
1064.999,
64.73666,
1093.065,
336.5258,
235.0716,
91.49314,
37.98268,
449.2837,
236.796,
0,
7205.62,
2053, 
39.12153,
349.1183,
136.6185,
90.94601,
204.8762,
228.9445,
227.0618,
780.5117,
354.5461,
59.57759,
401.5126,
92.18699,
83.78135,
40.03375,
74.58014,
138.5694,
324.6281,
1074.666,
64.54621,
1091.461,
338.8087,
236.3002,
91.26212,
38.20421,
455.9067,
241.4791,
0,
7259.249,
2054, 
39.29448,
350.5505,
136.8617,
91.24007,
204.5328,
229.1848,
229.1056,
794.9563,
362.5114,
59.8685,
402.4961,
92.16553,
84.03207,
39.96049,
75.35941,
138.6546,
327.0162,
1084.307,
64.35381,
1089.787,
341.0886,
237.526,
91.02844,
38.42624,
462.5714,
246.2075,
0,
7313.086,
2055, 
39.46779,
351.9855,
137.1049,
91.53395,
204.1888,
229.4249,
231.1585,
809.5235,
370.5619,
60.15977,
403.4806,
92.14098,
84.28294,
39.8863,
76.14207,
138.7391,
329.4125,
1093.924,
64.15948,
1088.042,
343.3656,
238.7491,
90.79211,
38.64875,
469.2779,
250.9813,
0,
7367.134,
2056, 
39.62171,
353.2627,
137.1917,
91.71529,
203.6346,
229.4075,
232.8607,
822.9634,
378.0764,
60.36015,
404.1925,
92.08373,
84.42448,
39.80025,
76.78569,
138.7439,
331.3154,
1102.197,
63.86555,
1085.091,
345.2108,
239.6768,
90.55463,
38.8452,
475.3198,
255.3792,
0,
7412.581,
2057, 
39.77592,
354.5422,
137.2782,
91.89568,
203.0794,
229.3893,
234.5686,
836.5096,
385.6603,
60.56012,
404.9044,
92.02315,
84.56561,
39.71322,
77.43063,
138.7476,
333.2239,
1110.42,
63.56918,
1082.058,
347.0469,
240.5983,
90.31451,
39.04206,
481.3897,
259.8153,
0,
7458.122,
2058, 
39.93043,
355.8239,
137.3642,
92.0751,
202.5232,
229.3702,
236.2824,
850.1619,
393.3138,
60.7597,
405.6162,
91.95921,
84.70634,
39.62522,
78.07687,
138.7503,
335.1378,
1118.592,
63.27034,
1078.943,
348.8739,
241.5136,
90.07175,
39.23933,
487.4877,
264.2897,
0,
7503.758,
2059, 
40.08524,
357.108,
137.4497,
92.25358,
201.9661,
229.3504,
238.0019,
863.9205,
401.0367,
60.95889,
406.3281,
91.89194,
84.84667,
39.53624,
78.72443,
138.7521,
337.0572,
1126.713,
62.96904,
1075.745,
350.6918,
242.4226,
89.82633,
39.43702,
493.6137,
268.8022,
0,
7549.488,
2060, 
40.24033,
358.3943,
137.5349,
92.4311,
201.4079,
229.3297,
239.7273,
877.7853,
408.8291,
61.15769,
407.0399,
91.82133,
84.98663,
39.44627,
79.3733,
138.7528,
338.9821,
1134.783,
62.66527,
1072.465,
352.5006,
243.3254,
89.57828,
39.63511,
499.7678,
273.3529,
0,
7595.314,
2061, 
40.36479,
359.4666,
137.4392,
92.46449,
200.6342,
229.0298,
240.8966,
889.5295,
415.3841,
61.22606,
407.3271,
91.63547,
84.99564,
39.32347,
79.81554,
138.6137,
340.225,
1139.567,
62.27026,
1067.21,
353.4588,
243.6798,
89.24641,
39.79223,
504.4659,
277.1205,
0,
7625.182,
2062, 
40.48944,
360.5405,
137.3428,
92.49667,
199.8594,
228.7289,
242.0681,
901.3475,
421.986,
61.29362,
407.6135,
91.44674,
85.00397,
39.19983,
80.25774,
138.4735,
341.4701,
1144.289,
61.87304,
1061.886,
354.4058,
244.0265,
88.91231,
39.94962,
509.1772,
280.914,
0,
7655.052,
2063, 
40.61428,
361.6159,
137.246,
92.52764,
199.0837,
228.427,
243.2418,
913.2397,
428.6348,
61.3604,
407.8993,
91.25518,
85.01161,
39.07537,
80.69989,
138.3324,
342.7174,
1148.95,
61.47361,
1056.496,
355.3415,
244.3656,
88.57594,
40.10727,
513.9019,
284.7333,
0,
7684.928,
2064, 
40.73931,
362.693,
137.1486,
92.55741,
198.307,
228.124,
244.4176,
925.2059,
435.3306,
61.42638,
408.1843,
91.06075,
85.01857,
38.95008,
81.14199,
138.1903,
343.9669,
1153.551,
61.07197,
1051.038,
356.266,
244.6971,
88.23732,
40.26519,
518.6398,
288.5783,
0,
7714.807,
2065, 
40.86453,
363.7715,
137.0506,
92.58595,
197.5292,
227.8199,
245.5957,
937.246,
442.0732,
61.49156,
408.4687,
90.86349,
85.02485,
38.82397,
81.58405,
138.0471,
345.2186,
1158.09,
60.66813,
1045.512,
357.1792,
245.0209,
87.89643,
40.42337,
523.3911,
292.4491,
0,
7744.689,
2066, 
40.97883,
364.7866,
136.8582,
92.54145,
196.5847,
227.3316,
246.4892,
948.2028,
448.2519,
61.48244,
408.6266,
90.63169,
84.96021,
38.68818,
81.95743,
137.8428,
346.0133,
1161.487,
60.2505,
1039.696,
357.7794,
245.1184,
87.49464,
40.55386,
527.5566,
295.9222,
0,
7768.086,
2067, 
41.09328,
365.8031,
136.665,
92.49534,
195.6389,
226.8418,
247.3829,
959.222,
454.4654,
61.47205,
408.7836,
90.39686,
84.89458,
38.55153,
82.33002,
137.6374,
346.8083,
1164.807,
59.83061,
1033.81,
358.365,
245.2062,
87.09034,
40.68456,
531.7267,
299.4155,
0,
7791.417,
2068, 
41.2079,
366.821,
136.4711,
92.44763,
194.6919,
226.3506,
248.2767,
970.3036,
460.7137,
61.46042,
408.9395,
90.15898,
84.828,
38.41401,
82.70183,
137.4308,
347.6035,
1168.049,
59.40847,
1027.855,
358.9362,
245.2844,
86.68353,
40.81545,
535.9014,
302.9291,
0,
7814.684,
2069, 
41.32268,
367.8404,
136.2764,
92.39832,
193.7438,
225.858,
249.1707,
981.4477,
466.9969,
61.44753,
409.0944,
89.91806,
84.76044,
38.27563,
83.07283,
137.223,
348.3989,
1171.215,
58.98407,
1021.832,
359.4928,
245.3529,
86.27421,
40.94654,
540.0805,
306.463,
0,
7837.886,
2070, 
41.43761,
368.8611,
136.081,
92.34741,
192.7944,
225.364,
250.0648,
992.6542,
473.3149,
61.4334,
409.2482,
89.67412,
84.69191,
38.13639,
83.44304,
137.0141,
349.1945,
1174.304,
58.55741,
1015.739,
360.0349,
245.4117,
85.86239,
41.07782,
544.2642,
310.017,
0,
7861.024,
2071, 
41.52724,
369.7164,
135.7648,
92.18527,
191.6955,
224.6593,
250.561,
1001.748,
478.2384,
61.30811,
409.2065,
89.3513,
84.53065,
37.97589,
83.65925,
136.715,
349.4485,
1174.554,
58.11232,
1008.885,
359.9017,
245.0858,
85.34762,
41.17157,
547.1024,
312.793,
0,
7871.245,
2072, 
41.61695,
370.5728,
135.448,
92.02158,
190.5955,
223.9534,
251.056,
1010.883,
483.1805,
61.18153,
409.1639,
89.02605,
84.36842,
37.81467,
83.87434,
136.4149,
349.7012,
1174.73,
57.66551,
1001.979,
359.7549,
244.7508,
84.83058,
41.26542,
549.9376,
315.5811,
0,
7881.367,
2073, 
41.70677,
371.43,
135.1305,
91.85635,
189.4944,
223.2461,
251.55,
1020.058,
488.1411,
61.05367,
409.1203,
88.69837,
84.20518,
37.65274,
84.08831,
136.1138,
349.9529,
1174.832,
57.21696,
995.0203,
359.5944,
244.4068,
84.31129,
41.35937,
552.7698,
318.3813,
0,
7891.391,
2074, 
41.79668,
372.2883,
134.8123,
91.68955,
188.3922,
222.5374,
252.0428,
1029.274,
493.1203,
60.92453,
409.0758,
88.36826,
84.04098,
37.49009,
84.30116,
135.8116,
350.2033,
1174.861,
56.76669,
988.0093,
359.4203,
244.0537,
83.78973,
41.45343,
555.5988,
321.1936,
0,
7901.316,
2075, 
41.88669,
373.1476,
134.4935,
91.52121,
187.2888,
221.8275,
252.5346,
1038.531,
498.1182,
60.79412,
409.0303,
88.03572,
83.87577,
37.32672,
84.51287,
135.5084,
350.4528,
1174.816,
56.31469,
980.9459,
359.2326,
243.6916,
83.26592,
41.54759,
558.4249,
324.018,
0,
7911.143,
2076, 
41.94655,
373.8417,
134.1064,
91.29436,
186.091,
220.9689,
252.8419,
1046.53,
502.4896,
60.59595,
408.817,
87.70036,
83.66085,
37.15849,
84.66402,
135.1649,
350.3687,
1173.671,
55.87991,
973.9683,
358.8147,
243.196,
82.69653,
41.60854,
560.6538,
326.4108,
0,
7915.14,
2077, 
42.00644,
374.5363,
133.7186,
91.0657,
184.892,
220.1087,
253.147,
1054.559,
506.8699,
60.39621,
408.6024,
87.36255,
83.44479,
36.98953,
84.81355,
134.8203,
350.2824,
1172.441,
55.44347,
966.9389,
358.3815,
242.6904,
82.12473,
41.66953,
562.873,
328.8112,
0,
7918.989,
2078, 
42.06635,
375.2317,
133.33,
90.83527,
183.6919,
219.2469,
253.45,
1062.62,
511.259,
60.19486,
408.3866,
87.02232,
83.22758,
36.81984,
84.96149,
134.4745,
350.1938,
1171.127,
55.00535,
959.8582,
357.9328,
242.1749,
81.55051,
41.73055,
565.0827,
331.2194,
0,
7922.692,
2079, 
42.12629,
375.9276,
132.9406,
90.60303,
182.4905,
218.3836,
253.7509,
1070.71,
515.657,
59.99193,
408.1694,
86.67965,
83.00923,
36.64943,
85.1078,
134.1276,
350.1031,
1169.727,
54.56556,
952.7255,
357.4688,
241.6494,
80.97389,
41.79162,
567.2827,
333.6353,
0,
7926.248,
2080, 
42.18626,
376.6241,
132.5504,
90.369,
181.288,
217.5188,
254.0498,
1078.832,
520.0639,
59.78741,
407.951,
86.33454,
82.78973,
36.47828,
85.2525,
133.7797,
350.0101,
1168.242,
54.12411,
945.5415,
356.9893,
241.114,
80.39487,
41.85273,
569.4731,
336.0589,
0,
7929.656,
2081, 
42.18815,
376.9863,
132.0631,
90.04081,
180.01,
216.4808,
254.0448,
1084.718,
523.0779,
59.49548,
407.2545,
85.95047,
82.50584,
36.29401,
85.26745,
133.3697,
349.5144,
1164.418,
53.67221,
937.6183,
355.9702,
240.3125,
79.78267,
41.85106,
570.4743,
337.6767,
0,
7921.038,
2082, 
42.18996,
377.3485,
131.5751,
89.71101,
178.731,
215.4414,
254.0375,
1090.619,
526.0914,
59.20214,
406.5565,
85.56455,
82.2209,
36.10914,
85.28079,
132.9588,
349.0161,
1160.519,
53.21905,
929.6546,
354.9378,
239.5023,
79.16846,
41.84933,
571.4633,
339.2969,
0,
7912.265,
2083, 
42.19171,
377.7107,
131.0865,
89.37955,
177.451,
214.4006,
254.0278,
1096.537,
529.1045,
58.90742,
405.8568,
85.1768,
81.93491,
35.92367,
85.29255,
132.547,
348.5154,
1156.546,
52.76463,
921.6503,
353.892,
238.6834,
78.55228,
41.84756,
572.4399,
340.9197,
0,
7903.339,
2084, 
42.19338,
378.073,
130.5973,
89.04648,
176.17,
213.3585,
254.0157,
1102.47,
532.1171,
58.61131,
405.1554,
84.7872,
81.64787,
35.7376,
85.30271,
132.1343,
348.012,
1152.498,
52.30895,
913.6055,
352.8327,
237.8559,
77.93409,
41.84573,
573.4042,
342.5448,
0,
7894.26,
2085, 
42.19498,
378.4352,
130.1075,
88.71176,
174.888,
212.315,
254.0013,
1108.419,
535.1293,
58.31379,
404.4525,
84.39576,
81.35979,
35.55093,
85.31129,
131.7206,
347.5061,
1148.375,
51.85201,
905.5204,
351.76,
237.0197,
77.31391,
41.84385,
574.3563,
344.1725,
0,
7885.027,
2086, 
42.11635,
378.4667,
129.5402,
88.3194,
173.5712,
211.1391,
253.8538,
1112.86,
537.5126,
57.97643,
403.2438,
84.01279,
81.04019,
35.36708,
85.27875,
131.2959,
346.7582,
1143.449,
51.38609,
897.4565,
350.4807,
236.0741,
76.70663,
41.76928,
574.8175,
345.3318,
0,
7869.824,
2087, 
42.03749,
378.4976,
128.9722,
87.92523,
172.2533,
209.9618,
253.7034,
1117.308,
539.8883,
57.63754,
402.0326,
83.628,
80.71947,
35.18263,
85.24438,
130.8702,
346.0072,
1138.442,
50.91888,
889.3524,
349.1867,
235.1192,
76.09738,
41.69455,
575.2625,
346.49,
0,
7854.433,
2088, 
41.9584,
378.5279,
128.4035,
87.52923,
170.9344,
208.7829,
253.55,
1121.763,
542.2565,
57.29713,
400.819,
83.24142,
80.39761,
34.99759,
85.20818,
130.4435,
345.253,
1133.354,
50.45039,
881.2081,
347.8781,
234.1551,
75.48618,
41.61965,
575.6911,
347.6471,
0,
7838.853,
2089, 
41.8791,
378.5577,
127.8341,
87.13141,
169.6145,
207.6024,
253.3937,
1126.225,
544.617,
56.95518,
399.603,
82.85301,
80.07463,
34.81195,
85.17013,
130.0159,
344.4956,
1128.186,
49.98063,
873.0235,
346.5549,
233.1817,
74.87305,
41.54458,
576.1035,
348.8031,
0,
7823.085,
2090, 
41.79957,
378.5869,
127.2639,
86.73176,
168.2935,
206.4205,
253.2345,
1130.694,
546.97,
56.61169,
398.3845,
82.46282,
79.75052,
34.62573,
85.13026,
129.5874,
343.735,
1122.937,
49.50958,
864.7988,
345.2172,
232.1991,
74.25795,
41.46935,
576.4995,
349.958,
0,
7807.128,
2091, 
41.63498,
378.208,
126.5851,
86.25012,
166.9106,
205.0821,
252.8268,
1132.902,
548.0418,
56.21792,
396.6223,
82.0493,
79.38428,
34.43904,
85.00588,
129.146,
342.6781,
1116.028,
49.00731,
856.7469,
343.4638,
230.9791,
73.62695,
41.32198,
575.9532,
350.4057,
0,
7781.517,
2092, 
41.47008,
377.828,
125.9056,
85.76687,
165.5268,
203.7425,
252.4164,
1135.109,
549.1022,
55.82293,
394.8575,
81.63443,
79.01706,
34.25187,
84.87998,
128.7039,
341.6182,
1109.052,
48.50404,
848.6657,
341.6984,
229.751,
72.99435,
41.17439,
575.3912,
350.85,
0,
7755.734,
2093, 
41.30487,
377.4471,
125.2256,
85.28201,
164.1422,
202.4014,
252.0031,
1137.314,
550.1512,
55.42672,
393.0901,
81.21821,
78.64884,
34.06424,
84.75253,
128.261,
340.5552,
1102.01,
47.99977,
840.5549,
339.9208,
228.515,
72.36013,
41.02659,
574.8137,
351.2908,
0,
7729.779,
2094, 
41.13937,
377.0652,
124.545,
84.79552,
162.7565,
201.0591,
251.5871,
1139.517,
551.189,
55.02929,
391.3203,
80.80064,
78.27966,
33.87612,
84.62355,
127.8174,
339.4893,
1094.901,
47.49451,
832.4147,
338.131,
227.2708,
71.7243,
40.87857,
574.2203,
351.7284,
0,
7703.653,
2095, 
40.97355,
376.6823,
123.8638,
84.30744,
161.37,
199.7154,
251.1682,
1141.718,
552.2154,
54.63066,
389.548,
80.38174,
77.90949,
33.68755,
84.49303,
127.373,
338.4204,
1087.726,
46.98824,
824.2451,
336.3291,
226.0187,
71.08687,
40.73033,
573.6113,
352.1624,
0,
7677.356,
2096, 
40.74724,
375.8191,
123.0449,
83.77113,
159.8799,
198.2187,
250.5873,
1142.413,
552.6534,
54.21051,
387.4178,
79.96777,
77.52142,
33.50196,
84.33222,
126.9201,
337.0771,
1080.11,
46.47616,
816.7641,
334.3801,
224.6487,
70.3941,
40.5438,
572.6175,
352.1859,
0,
7646.205,
2097, 
40.52053,
374.9541,
122.2253,
83.23308,
158.3889,
196.7205,
250.0031,
1143.1,
553.0751,
53.7891,
385.2847,
79.5525,
77.13235,
33.31591,
84.16976,
126.4663,
335.7303,
1072.426,
45.96308,
809.2559,
332.4183,
223.2702,
69.6996,
40.357,
571.6056,
352.2036,
0,
7614.861,
2098, 
40.29342,
374.0875,
121.4049,
82.69328,
156.8969,
195.2208,
249.4155,
1143.778,
553.4806,
53.36641,
383.1487,
79.13588,
76.74223,
33.12941,
84.00562,
126.0118,
334.3799,
1064.672,
45.44899,
801.7204,
330.4437,
221.8831,
69.00338,
40.16994,
570.5757,
352.2155,
0,
7583.324,
2099, 
40.06591,
373.2191,
120.5839,
82.15176,
155.404,
193.7197,
248.8246,
1144.448,
553.8699,
52.94247,
381.0097,
78.71793,
76.35112,
32.94243,
83.83981,
125.5566,
333.0259,
1056.85,
44.93389,
794.1578,
328.4563,
220.4875,
68.30542,
39.98261,
569.5277,
352.2217,
0,
7551.595,
2100, 
39.838,
372.349,
119.7622,
81.6085,
153.91,
192.217,
248.2303,
1145.109,
554.243,
52.51725,
378.8677,
78.29865,
75.95898,
32.75499,
83.67233,
125.1005,
331.6684,
1048.958,
44.41778,
786.5679,
326.4562,
219.0833,
67.60573,
39.79503,
568.4617,
352.2222,
0,
7519.673];
