real main.em.dem.hi.CE.Cement_Production[28](t) = [1971, 
8.317,
71.054,
7.520999,
5.215999,
9.803001,
14.936,
7.026,
3.428,
1.436,
5.861,
187.588,
41.77,
7.553,
1.94,
0,
100.331,
9.703,
14.931,
11.672,
32.187,
8.483,
0.487,
59.434,
5.586,
3.228,
2.222,
0,
621.713,
1972, 
9.091,
74.93,
8.753,
7.050999,
11.382,
15.606,
6.979,
3.822,
1.397,
6.112,
213.191,
45.894,
7.595,
1.952,
0,
104.299,
11.295,
15.785,
11.786,
36.019,
9.256001,
0.596,
66.292,
5.929,
3.102,
2.513,
0,
680.627,
1973, 
10.053,
77.576,
9.918,
7.588999,
13.398,
16.182,
6.846,
3.85,
1.411,
6.864,
206.852,
48.525,
8.946,
1.987,
0,
109.521,
10.994,
15.016,
13.975,
37.897,
11.17,
0.74,
78.12,
6.301,
3.464,
2.87,
0,
710.065,
1974, 
10.641,
73.558,
10.672,
7.624999,
15.187,
16.977,
7.144,
4.037,
1.451,
7.301,
203.452,
52.201,
8.94,
2.04,
0,
115.145,
13.005,
14.319,
14.842,
37.832,
10.829,
0.831,
73.108,
6.675,
3.863,
2.891,
0,
714.566,
1975, 
9.741,
62.13,
11.2,
7.123999,
16.391,
16.52,
7.791,
4.533,
1.419,
7.176,
192.852,
55.812,
10.833,
2.169,
0,
122.057,
14.87,
16.248,
17.129,
46.9937,
11.881,
1.077,
65.517,
6.292,
3.999,
2.667,
0,
714.4217,
1976, 
9.898,
67.581,
12.691,
7.634999,
18.675,
17.501,
7.991,
4.581,
1.513,
7.048,
198.166,
59.909,
12.154,
24.668,
0,
124.246,
15.867,
18.516,
18.873,
47.6281,
12.959,
1.81,
68.712,
6.162,
3.857,
1.775,
0,
770.4161,
1977, 
9.933,
72.629,
13.328,
7.535999,
21.123,
17.995,
8.849,
4.653,
1.77,
6.573,
203.119,
63.284,
13.39,
25.11467,
0,
127.056,
16.602,
19.173,
21.198,
56.7764,
13.686,
2.549,
73.138,
6.119,
3.928,
1.778,
0,
811.3,
1978, 
10.473,
77.546,
14.15,
8.235,
23.239,
19.139,
10.202,
4.846,
1.626,
6.823,
206.804,
66.265,
15.572,
24.61233,
0,
126.956,
18.953,
19.626,
22.133,
66.6375,
14.187,
3.649,
84.882,
5.952,
4.286,
1.749,
0,
858.5428,
1979, 
11.459,
76.648,
15.352,
8.558999,
24.871,
20.969,
13.056,
5.206,
1.652,
6.199,
209.948,
65.815,
13.573,
23.802,
0,
123.019,
23.557,
18.27,
24.413,
75.3604,
17.259,
4.432,
87.804,
5.981,
4.134,
1.757,
0,
883.0954,
1980, 
10.34,
68.241,
16.398,
8.938279,
27.194,
23.439,
14.922,
5.429,
1.80305,
7.125,
210.581,
71.827,
12.975,
23.71467,
4.2,
125.049,
26.268,
17.803,
23.612,
81.52399,
15.203,
5.259,
87.957,
6.057,
4.431,
1.672,
0,
901.962,
1981, 
10.152,
65.054,
18.173,
8.829503,
26.051,
23.459,
16.26,
6.641,
1.77682,
8.095,
204.569,
66.84,
15.043,
23.78933,
4.41925,
127.169,
31.741,
20.908,
23.617,
84.52,
16.272,
5.719,
84.82801,
6.553,
4.696,
1.869,
0,
907.0439,
1982, 
8.136,
57.475,
19.343,
8.506739,
25.644,
22.422,
16.086,
6.631,
1.60826,
8.08,
198.328,
75.157,
15.778,
24.054,
4.6385,
200.392,
34.413,
22.65,
25.887,
96.815,
17.921,
5.832,
80.686,
7.054,
4.644629,
1.73,
0,
989.9121,
1983, 
7.871,
63.927,
17.363,
8.913981,
20.87,
20.749,
18.043,
6.107,
1.599,
7.897,
198.173,
78.859,
13.595,
25.132,
13.49375,
208.56,
37.043,
25.261,
29.282,
110.132,
19.459,
8.095,
80.891,
6.262,
4.893568,
1.523,
0,
1033.994,
1984, 
9.386999,
70.452,
18.702,
8.833752,
19.497,
21.128,
22.488,
5.557,
1.568577,
8.084,
186.505,
82.269,
15.738,
26.015,
14.2401,
211.5,
43.223,
29.541,
28.413,
125.008,
19.517,
8.893001,
78.86,
5.617,
5.32135,
1.54,
0,
1067.898,
1985, 
10.192,
70.284,
20.255,
8.695295,
20.635,
21.206,
24.608,
6.944,
1.562796,
6.88,
176.347,
76.718,
17.581,
25.795,
15.051,
212.779,
44.516,
31.971,
28.509,
147.936,
17.98,
9.94,
72.847,
6.667,
5.57609,
1.65,
0,
1083.125,
1986, 
10.611,
71.112,
19.825,
9.727639,
25.252,
24.022,
22.808,
7.3322,
1.713959,
6.246,
176.827,
80.356,
20.004,
27.166,
16.889,
219.266,
42.843,
34.983,
31.53,
168.721,
18.707,
11.323,
71.264,
7.133278,
6.878,
1.924,
0,
1134.464,
1987, 
12.603,
67.38,
23.482,
10.28211,
25.468,
26.243,
26.097,
6.6949,
1.888073,
5.999,
181.316,
80.014,
21.98,
27.606,
17.332,
222.991,
45.763,
37.135,
34.946,
189.016,
20.774,
11.814,
71.551,
6.917004,
7.756,
2.074,
0,
1185.122,
1988, 
12.35,
71.544,
23.606,
9.706407,
25.329,
26.25486,
27.549,
7.6606,
1.816,
6.760001,
193.818,
82.502,
22.568,
28.16,
17.628,
225.236,
48.797,
41.136,
41.411,
212.831,
23.459,
13.118,
77.554,
7.058201,
8.302,
2.23,
0,
1258.384,
1989, 
12.591,
71.308,
24.21,
10.27073,
25.921,
23.293,
27.887,
7.945941,
2.309,
7.261,
202.05,
80.533,
23.704,
27.958,
18.42,
227.651,
54.065,
44.197,
47.12099,
212.949,
27.675,
14.788,
79.717,
7.755054,
8.279,
2.263,
0,
1292.122,
1990, 
11.745,
70.944,
24.683,
10.25889,
25.85,
23.45166,
30.144,
6.679068,
2.458,
6.563,
200.368,
72.992,
24.299,
27.275,
18.225,
222.811,
55.37,
46.17,
49.914,
211.96,
35.097,
14.786,
84.445,
7.357902,
8.611,
2.506,
0,
1294.964,
1991, 
9.372,
67.193,
25.208,
9.027902,
27.491,
24.69829,
32.726,
7.016109,
2.332,
6.147,
194.9965,
52.952,
26.029,
25.956,
17.003,
79.893,
46.29,
52.013,
55.167,
246.56,
39.188,
13.48,
89.564,
6.452879,
9.018,
2.836,
0,
1168.61,
1992, 
8.592,
69.585,
27.114,
9.19588,
23.902,
29.29976,
32.958,
7.428288,
2.466,
5.85,
185.845,
41.594,
28.455,
23.089,
14.963,
63.32,
52.276,
53.936,
61.444,
309.994,
42.915,
14.048,
88.252,
6.670589,
9.614,
2.404,
0,
1215.21,
1993, 
9.394001,
73.807,
28.725,
9.73794,
24.845,
40.0546,
30.214,
7.554194,
2.517,
6.135,
171.025,
37.99,
31.134,
17.03,
11.312,
51.022,
57.5946,
57.326,
64.313,
369.672,
50.609,
19.61,
88.046,
7.491562,
9.70181,
2.342,
0,
1279.203,
1994, 
10.584,
77.94801,
31.594,
10.56813,
25.229,
30.79477,
30.53,
6.448114,
2.478112,
7.068,
180.743,
41.162,
29.356,
12.962,
8.107,
37.898,
59.5058,
63.461,
69.088,
423.193,
57.7171,
24.564,
91.62401,
8.107636,
9.899,
2.014,
0,
1352.644,
1995, 
10.44,
76.906,
25.295,
10.925,
28.256,
33.93748,
32.42,
6.674058,
3.141187,
7.437,
178.958,
41.78201,
33.153,
8.911,
6.016,
36.949,
61.9665,
67.722,
73.101,
477.628,
64.9424,
23.136,
90.474,
7.7452,
9.767,
2.469,
0,
1420.152,
1996, 
11.1,
80.8,
25.4,
9.11,
34.6,
32.554,
37.57,
10.568,
2.827,
7.67,
172.793,
42.584,
35.2,
6.51,
4.345,
28.39,
50.613,
80,
74.3,
513.636,
57.774,
36.5,
94.5,
7.692,
10.709,
2.77,
0,
1470.515,
1997, 
11.7,
82.5,
27.5,
9.303,
38.1,
34.8,
39.03,
14.16,
2.73,
7.49,
176.439,
43.813,
36,
7.102001,
4.595,
27.331,
50.333,
80,
76.8,
516.542,
71.588,
41.2,
91.90001,
7.66,
10.831,
2.79,
0,
1512.237,
1998, 
12.1,
82.2,
27.7,
11.065,
40,
37.166,
38.49,
11.481,
3.176,
9.5,
196.397,
44.22,
38.2,
7.704,
4.577,
26.715,
43.822,
85,
63.8,
535.149,
53.49,
44,
81.3,
7.63,
10.706,
3.466,
0,
1519.054,
1999, 
12.6,
87.3,
29.4,
12.832,
40.3,
37.72,
41.56,
11.198,
3.075,
8.9,
195.813,
45,
34.4,
7.98,
5.336,
29.2,
44.518,
90,
64.2,
592.794,
67.355,
41.5,
80.1,
7.545,
11.282,
3.427,
0,
1605.335,
2000, 
12.6,
89.5,
31.7,
10.924,
39.2,
38.36,
45.01,
11.471,
3.194,
8.99,
201.394,
44.804,
35.8,
7.382,
4.52,
33.167,
51.709,
95,
67.4,
601.972,
64.405,
51.7,
81.09999,
8.545,
12.05,
3.029,
0,
1654.926,
2001, 
13,
90.4,
30,
11.049,
39.5,
38.45,
48.52,
12.555,
3.183,
9.17,
198.62,
41.374,
35,
7.8,
4.988999,
36.398,
54.939,
100,
57.16,
680.418,
67.202,
55.1,
76.6,
8.545,
12.445,
3.046,
0,
1735.463,
2002, 
13.2,
91.3,
31,
11.998,
38,
30.67,
48.22,
13.39,
3.223,
9.620001,
190.81,
41.409,
32.6,
9.61,
5.083,
39.203,
56.557,
100,
60.82,
724.548,
75.43,
61.6,
71.8,
8.7,
12.85,
2.658,
0,
1784.299,
2003, 
14.1,
94.3,
32,
13.334,
38,
33.07,
52.04,
13.445,
4.147,
10.2,
205.06,
44.314,
35.1,
11.645,
6.173,
42.739,
57.4,
100,
64.74,
880.65,
82.585,
64.5,
68.8,
9.15,
17.035,
3.419,
0,
1997.946,
2004, 
14.9,
98.99999,
35,
13.316,
34.4,
37.54,
55.12,
13.633,
4.529,
12,
209.57,
47.582,
38,
13.77,
6.684,
48.056,
62.533,
125,
59.93,
990.31,
93.211,
68.2,
67.4,
9.2,
17.39,
3.485,
0,
2179.759,
2005, 
14.3,
101,
37.5,
14.631,
36.7,
42.3,
59.49,
13.926,
5.305,
14.5,
209.482,
49.7,
42.8,
15.971,
6.873,
51.095,
68.981,
130,
57.1,
1090.012,
101.459,
66.6,
69.6,
9.269,
17.66,
3.535,
0,
2329.789,
2006, 
14,
99.7,
40,
15.314,
36.7,
45.28,
61.93,
16.177,
5.547,
13,
219.626,
55.181,
48,
18.037,
7.492,
57.395,
73.202,
155,
59.7,
1259.441,
101.86,
67,
69.9,
10.39,
18.175,
5.06,
0,
2573.107,
2007, 
14.5,
96.9,
40.7,
15.882,
46.4,
48.95,
63.95,
21.996,
5.838,
15.3,
231.62,
60.693,
48.8,
19.88,
8.1,
62.762,
86.86,
170,
63.13,
1369.18,
105.895,
77,
67.7,
10.979,
28.33,
5.295,
0,
2786.64,
2008, 
13.7,
87.60001,
40.1,
16.915,
46.5,
51.39,
78.46,
28.503,
7.118,
13.5,
200.297,
62.942,
51.4,
20.92,
9.04,
56.32,
89.5,
180,
58.12,
1407.57,
110.188,
81.4,
62.8,
10.743,
29.325,
5.47,
0,
2819.821,
2009, 
11,
64.9,
35.2,
14.762,
51.7,
49.98,
86.79,
27.251,
8.475,
11.8,
168.876,
49.868,
53,
14.78,
8.724,
46.927,
105.65,
180,
56.5,
1646.135,
115.564,
88,
54.8,
10.648,
33.425,
6.329,
0,
3001.084,
2010, 
12.4,
67.2,
34.5,
15.584,
59.1,
50.23,
85.26,
30.25,
11.03,
10.9,
162.47,
49.967,
62.7,
15.09,
8.988,
53.025,
109.31,
220,
53.6,
1896.623,
129.993,
83,
51.5,
10.358,
37.531,
6.847,
0,
3327.456,
2011, 
12,
68.6,
34.5,
14.596,
62.6,
50.08,
84.55,
29.462,
12.704,
11.2,
164.972,
52.527,
63.4,
16.5,
9.519,
58.912,
126.24,
270,
54.7,
2117.326,
133.828,
95,
51.3,
10.058,
43.338,
7.679,
0,
3655.591,
2012, 
12.465,
74.934,
36.184,
18.39,
69.323,
55.27501,
99.711,
34.5,
14.52,
11.56,
135.855,
46.49001,
63.879,
15.949,
17.691,
65.65,
187.953,
270,
53.308,
2228.272,
132.478,
52.55,
54.737,
9.915001,
50.777,
10.601,
0,
3822.967,
2013, 
11.611,
77.41499,
34.612,
18.588,
69.975,
59.163,
94.874,
40.283,
16.353,
12.168,
133.019,
44.352,
71.337,
16.064,
18.772,
70.849,
192.102,
280,
53.891,
2430.161,
138.998,
56.89,
57.962,
9.899999,
53.78099,
11.552,
0,
4074.672,
2014, 
11.879,
83.124,
36.597,
19.663,
71.254,
59.394,
104.917,
40.665,
18.186,
12.068,
131.91,
45.217,
71.239,
15.553,
21.27,
74.128,
193.043,
280,
53.723,
2509.493,
143.824,
56.96,
57.913,
10.394,
54.722,
13.937,
0,
4191.073,
2015, 
12.167,
84.94,
39.613,
19.827,
65.283,
60.062,
103.157,
43.019,
20.912,
12.992,
133.206,
46.395,
71.419,
14.194,
23.293,
66.963,
188.614,
260,
58.744,
2374.785,
158.639,
60.05,
54.827,
11.016,
64.29,
14.236,
0,
4062.643,
2016, 
11.693,
85.153,
40.577,
19.466,
57.557,
55.292,
105.928,
46.84,
22.622,
13,
135.046,
46.83101,
75.403,
14.501,
23.837,
59.321,
178.263,
280,
63.827,
2424.398,
164.924,
62.2,
53.255,
10.831,
70.756,
14.521,
0,
4136.042,
2017, 
12.706,
86.799,
41.601,
19.991,
54.004,
55.777,
124.553,
44.91,
23.252,
13.17,
136.163,
50.9,
80.55199,
14.609,
26.55,
60.09,
168.605,
283,
64.24,
2344.131,
172.963,
69.479,
55.195,
10.305,
75.794,
13.546,
0,
4102.885,
2018, 
13.554,
86.99999,
48.328,
19.209,
53.553,
53.00299,
102.7,
52.421,
23.35,
13.68,
138.733,
54.454,
72.544,
14.993,
27.588,
59.65,
173.253,
310,
57.923,
2249.513,
188.088,
75.413,
55.307,
10.879,
85.162,
14.813,
0,
4055.111,
2019, 
14,
88.1,
45.163,
18.628,
56.611,
53.091,
100.087,
57.746,
21.854,
12.726,
139.456,
56.943,
56.966,
15.258,
29.807,
64.436,
178.069,
334,
56.235,
2353.969,
207.594,
72.04,
53.462,
11.105,
88.543,
17.057,
0,
4202.946,
2020, 
14,
89.8,
47.833,
16.711,
61.052,
47.215,
90.375,
63.428,
24.867,
10.8,
137.154,
57.886,
72.299,
15.539,
31.519,
62.563,
193.587,
290,
53.208,
2391.468,
214.147,
62.83,
50.905,
10.72,
87.684,
17.504,
0,
4215.094,
2021, 
14,
91.3,
51.559,
18.552,
65.884,
57.598,
101.499,
69.572,
27.44,
12.5,
143.357,
59.388,
78.495,
17.009,
35.204,
66.584,
192.297,
350,
55.824,
2377.575,
227.432,
65.15,
50.083,
10.96,
97.859,
17.643,
0,
4354.764,
2022, 
15,
91.59999,
49.8,
18.761,
63.546,
60.309,
96.689,
70.41,
26.17,
12,
141.065,
57.383,
73.708,
11.6,
35.455,
67.772,
192.559,
380,
57.612,
2144.181,
236.292,
64.16,
53.2,
11.183,
94.53801,
18.001,
0,
4142.994,
2023, 
15.02207,
91.95727,
50.42494,
19.13984,
64.30682,
60.71429,
99.18034,
73.04947,
24.39047,
12.0997,
141.1205,
57.35944,
73.8665,
11.61508,
36.24061,
68.07957,
195.4589,
394.4888,
57.55339,
2149.911,
238.892,
65.87193,
52.89812,
11.23453,
96.18479,
18.7782,
0,
4179.838,
2024, 
15.05106,
92.29272,
50.9374,
19.54256,
64.7684,
61.60205,
101.5414,
76.31393,
26.43354,
12.25587,
141.2817,
57.45872,
74.00185,
11.65189,
37.00993,
68.2405,
198.649,
408.7563,
57.53527,
2154.637,
241.8062,
67.56923,
52.5592,
11.29142,
99.7505,
19.92802,
0,
4222.866,
2025, 
15.10338,
92.68708,
51.38189,
19.95379,
65.30797,
62.52792,
104.0302,
79.82773,
29.46574,
12.40328,
141.6335,
57.59962,
74.24841,
11.76115,
37.79411,
68.38938,
201.8804,
422.9514,
57.55323,
2158.905,
244.9349,
69.26097,
52.25311,
11.36206,
103.9332,
21.18652,
0,
4268.335,
2026, 
15.16473,
93.18258,
52.01405,
20.41193,
65.83367,
63.47694,
106.3382,
84.21175,
32.87876,
12.563,
141.9493,
57.57838,
74.59692,
12.04618,
38.49343,
68.49533,
205.1136,
437.3675,
57.51937,
2158.944,
248.1866,
70.9337,
52.01266,
11.41789,
109.7645,
23.07533,
0,
4313.57,
2027, 
15.23713,
93.75652,
52.64328,
20.86134,
66.36759,
64.40195,
108.3365,
88.56417,
36.22637,
12.72867,
142.3421,
57.55278,
74.98209,
12.32246,
39.18075,
68.59403,
208.3016,
450.9164,
57.49221,
2157.994,
251.3517,
72.55832,
51.80634,
11.45998,
115.3734,
24.929,
0,
4356.28,
2028, 
15.32006,
94.40721,
53.27038,
21.30972,
66.90802,
65.31379,
110.2025,
92.83907,
39.51464,
12.90336,
142.8196,
57.51015,
75.37887,
12.5922,
39.85571,
68.68629,
211.4258,
463.7563,
57.45901,
2155.718,
254.4051,
74.1564,
51.62634,
11.49692,
120.8014,
26.76225,
0,
4396.439,
2029, 
15.42342,
95.17395,
53.90062,
21.77152,
67.46655,
66.23595,
111.9134,
97.06719,
42.74945,
13.09188,
143.4461,
57.45865,
75.83897,
12.56833,
40.51739,
68.77306,
214.4684,
476.0192,
57.43729,
2151.689,
257.4043,
75.75427,
51.50635,
11.53618,
126.1095,
28.58114,
0,
4433.902,
2030, 
15.54032,
96.09342,
54.5327,
22.2541,
68.03267,
67.18865,
113.5548,
101.2975,
45.93626,
13.29831,
144.1969,
57.39535,
76.27654,
12.49435,
41.16442,
68.85529,
217.3963,
487.8222,
57.39129,
2145.409,
260.2483,
77.37608,
51.40958,
11.59108,
131.322,
30.39064,
0,
4468.468,
2031, 
15.69212,
97.13611,
55.17879,
22.80456,
68.77028,
68.23486,
115.3047,
107.9426,
50.1018,
13.60022,
145.1388,
57.29074,
76.7613,
12.38943,
41.8006,
68.97066,
220.0943,
499.3723,
57.29512,
2133.896,
262.9282,
78.99204,
51.40929,
11.66325,
137.3558,
32.83455,
0,
4502.959,
2032, 
15.86781,
98.34318,
55.83019,
23.37636,
69.52435,
69.31073,
116.902,
114.5107,
54.19304,
13.92653,
146.2488,
57.1838,
77.23952,
12.26251,
42.41434,
69.08221,
222.6149,
510.5602,
57.18765,
2119.1,
265.4367,
80.68301,
51.45749,
11.7479,
143.2913,
35.24382,
0,
4533.539,
2033, 
16.06929,
99.74963,
56.49028,
23.98075,
70.30921,
70.41587,
118.3575,
120.993,
58.23485,
14.28292,
147.5618,
57.0698,
77.7123,
12.13942,
43.00439,
69.16799,
224.9286,
521.4949,
57.07626,
2100.538,
267.7688,
82.47501,
51.56251,
11.84902,
149.1846,
37.63359,
0,
4560.051,
2034, 
16.28796,
101.3746,
57.16002,
24.6302,
71.14416,
71.57326,
119.7199,
127.4491,
62.24768,
14.6738,
149.0759,
56.94682,
78.14109,
12.07561,
43.57023,
69.23375,
227.006,
532.2615,
56.95875,
2077.823,
269.8756,
84.3892,
51.71065,
11.95667,
155.0739,
40.01964,
0,
4582.378,
2035, 
16.53244,
103.2133,
57.84107,
25.32817,
72.03697,
72.8089,
120.9855,
133.9323,
66.24126,
15.10283,
150.8029,
56.81566,
78.517,
12.10844,
44.11103,
69.2866,
228.8248,
542.9322,
56.86412,
2050.696,
271.7437,
86.44286,
51.90153,
12.05727,
160.9972,
42.41551,
0,
4600.54,
2036, 
16.80393,
105.2472,
58.51638,
26.1004,
73.0561,
74.16119,
122.295,
141.8104,
71.08302,
15.61385,
152.8399,
56.6693,
78.85098,
12.2168,
44.618,
69.36579,
230.2634,
553.5261,
56.81343,
2017.051,
273.1151,
88.59823,
52.1629,
12.16976,
167.5871,
45.29672,
0,
4615.832,
2037, 
17.07327,
107.3337,
59.20306,
26.92455,
74.15077,
75.60754,
123.4137,
149.7334,
75.88074,
16.1606,
155.1091,
56.51771,
79.14921,
12.3911,
45.09928,
69.43828,
231.4223,
564.0295,
56.56886,
1979.033,
274.2733,
90.90043,
52.47626,
12.31622,
174.1917,
48.19285,
0,
4626.59,
2038, 
17.35959,
109.5648,
59.90142,
27.80149,
75.31974,
77.14676,
124.4149,
157.731,
80.66373,
16.74254,
157.5868,
56.35978,
79.39051,
12.60789,
45.55562,
69.50433,
232.3022,
574.4758,
56.23141,
1936.864,
275.2012,
93.34737,
52.82719,
12.47469,
180.8282,
51.10583,
0,
4633.309,
2039, 
17.66281,
111.9524,
60.61084,
28.72868,
76.54996,
78.76174,
125.4271,
165.7237,
85.45279,
17.35795,
160.2626,
56.19629,
79.58578,
12.84511,
45.98841,
69.55867,
232.9141,
584.8849,
55.85545,
1890.908,
275.9218,
95.93187,
53.21563,
12.63159,
187.5119,
54.03333,
0,
4636.474,
2040, 
17.9831,
114.4685,
61.33028,
29.69922,
77.84833,
80.44008,
126.3835,
173.6904,
90.25237,
18.00395,
163.1235,
56.02837,
79.75317,
13.08684,
46.39944,
69.61786,
233.2767,
595.2645,
55.45087,
1841.644,
276.4687,
98.64169,
53.6433,
12.79462,
194.2511,
56.97944,
0,
4636.524,
2041, 
18.33339,
117.0465,
62.02993,
30.71131,
79.19711,
82.13845,
127.3134,
183.1502,
96.02444,
18.69556,
166.2492,
55.85898,
79.95135,
13.31873,
46.7725,
69.72916,
233.238,
605.3144,
54.94134,
1787.776,
276.7143,
101.3567,
54.16459,
12.95904,
201.6079,
60.47813,
0,
4635.071,
2042, 
18.69247,
119.7002,
62.73063,
31.75158,
80.56711,
83.85839,
128.2329,
192.535,
101.725,
19.40333,
169.4871,
55.68557,
80.11182,
13.552,
47.12891,
69.86201,
233.0044,
615.241,
54.37936,
1731.882,
276.8114,
104.1572,
54.70021,
13.11725,
208.9256,
63.97501,
0,
4631.217,
2043, 
19.05183,
122.4317,
63.42758,
32.81566,
81.95962,
85.62009,
129.1507,
201.9487,
107.3779,
20.122,
172.7778,
55.50603,
80.19895,
13.78508,
47.4715,
70.01006,
232.6034,
625.0297,
53.75352,
1674.602,
276.7385,
107.0154,
55.22157,
13.27807,
216.19,
67.4733,
0,
4625.56,
2044, 
19.40906,
125.2687,
64.11823,
33.89509,
83.35583,
87.41534,
130.04,
211.3734,
112.9871,
20.84655,
176.0907,
55.32082,
80.22099,
14.01639,
47.80233,
70.16701,
232.0677,
634.6651,
53.08546,
1616.57,
276.5237,
109.9092,
55.72271,
13.45728,
223.3947,
70.9725,
0,
4618.696,
2045, 
19.76183,
128.2082,
64.80046,
34.98291,
84.74518,
89.22739,
130.9146,
220.7801,
118.5598,
21.57201,
179.3965,
55.13038,
80.18601,
14.24442,
48.12397,
70.32487,
231.4338,
644.1302,
52.39458,
1558.391,
276.1944,
112.8167,
56.19808,
13.66236,
230.53,
74.46796,
0,
4611.178,
2046, 
20.12462,
131.1832,
65.43395,
36.06218,
86.09256,
90.99522,
131.7613,
231.7706,
125.0283,
22.28941,
182.7519,
54.95018,
80.13974,
14.46399,
48.40353,
70.49384,
230.4995,
652.9596,
51.78979,
1498.626,
275.6513,
115.5918,
56.70837,
13.88452,
238.0371,
78.4739,
0,
4604.167,
2047, 
20.47712,
134.1962,
66.05213,
37.12954,
87.40529,
92.74171,
132.6852,
242.627,
131.3632,
22.99399,
186.0399,
54.76524,
79.93811,
14.67744,
48.67828,
70.65756,
229.5384,
661.5231,
51.23911,
1439.897,
275.0339,
118.3343,
57.17774,
14.11193,
245.3824,
82.41411,
0,
4597.08,
2048, 
20.90053,
137.0237,
66.68502,
38.15956,
88.60559,
94.38585,
133.4362,
253.1011,
137.4773,
23.68953,
189.6332,
54.61033,
80.61446,
14.82973,
48.94847,
70.79018,
228.6292,
669.8599,
50.93757,
1382.624,
275.1682,
121.0481,
57.96806,
14.27645,
252.7538,
86.24969,
0,
4592.406,
2049, 
21.31091,
139.8477,
67.30109,
39.16595,
89.76129,
95.99367,
134.1675,
263.5268,
143.4588,
24.36574,
193.121,
54.45151,
81.15064,
14.97401,
49.21788,
70.91676,
227.733,
677.9138,
50.63522,
1327.158,
275.2717,
123.6985,
58.71252,
14.4568,
259.9595,
90.03503,
0,
4588.305,
2050, 
21.70891,
142.6612,
67.90073,
40.14489,
90.87043,
97.55933,
134.8878,
273.9037,
149.3234,
25.02027,
196.497,
54.28981,
81.66904,
15.10959,
49.48819,
71.03735,
226.8807,
685.6807,
50.34,
1273.775,
275.376,
126.274,
59.41599,
14.64455,
267.001,
93.77111,
0,
4585.23,
2051, 
22.10523,
145.3931,
68.45013,
41.07788,
91.89862,
99.04281,
135.5529,
285.7533,
155.9263,
25.64133,
199.7618,
54.13213,
82.09554,
15.23512,
49.70961,
71.1414,
225.8516,
692.824,
49.99747,
1220.977,
275.2533,
128.6717,
60.0971,
14.8332,
274.1471,
97.93495,
0,
4583.504,
2052, 
22.48355,
148.0897,
68.98005,
41.97726,
92.88305,
100.4977,
136.2108,
297.4003,
162.34,
26.23384,
202.8733,
53.97062,
82.47424,
15.35085,
49.93379,
71.24013,
224.8784,
699.6467,
49.55002,
1170.738,
275.1136,
130.9714,
60.71645,
15.03376,
281.058,
101.9908,
0,
4582.637,
2053, 
22.84786,
150.7127,
69.4922,
42.84026,
93.80849,
101.903,
136.8681,
308.81,
168.5632,
26.79749,
205.8467,
53.80726,
82.84189,
15.45665,
50.1614,
71.33252,
223.9949,
706.1489,
49.0535,
1123.14,
275.0034,
133.1695,
61.29099,
15.23786,
287.7508,
105.9447,
0,
4582.824,
2054, 
23.19977,
153.2313,
69.98758,
43.66461,
94.6748,
103.2477,
137.5298,
319.9861,
174.6098,
27.3322,
208.6873,
53.64294,
83.27788,
15.5525,
50.39316,
71.41782,
223.2106,
712.3398,
48.5725,
1078.216,
274.945,
135.2637,
61.82822,
15.43631,
294.2369,
109.8008,
0,
4584.285,
2055, 
23.53918,
155.6426,
70.46674,
44.45018,
95.4828,
104.5316,
138.2002,
330.9435,
180.4924,
27.83808,
211.3935,
53.47777,
83.82526,
15.6385,
50.62967,
71.49613,
222.5312,
718.2182,
48.10817,
1035.957,
274.9429,
137.253,
62.32868,
15.62924,
300.5243,
113.5648,
0,
4587.106,
2056, 
23.87425,
157.933,
70.89626,
45.1762,
96.17832,
105.6928,
138.804,
343.0488,
186.9328,
28.30134,
213.952,
53.30933,
84.49624,
15.71809,
50.81914,
71.56137,
221.7184,
723.4109,
47.62875,
995.4114,
274.8817,
139.0394,
62.83383,
15.81054,
306.8008,
117.6702,
0,
4591.9,
2057, 
24.19494,
160.1146,
71.31703,
45.86146,
96.8148,
106.791,
139.4142,
354.8268,
193.1452,
28.73444,
216.3671,
53.13935,
85.26648,
15.78804,
51.01284,
71.61881,
221.0181,
728.2888,
47.20371,
957.4734,
274.864,
140.7186,
63.29652,
15.98453,
312.8418,
121.6432,
0,
4597.74,
2058, 
24.50146,
162.1891,
71.72201,
46.50726,
97.39462,
107.8279,
140.0333,
366.307,
199.1503,
29.13843,
218.6415,
52.96782,
86.10727,
15.84872,
51.211,
71.66878,
220.4298,
732.8675,
46.88927,
922.0457,
274.8896,
142.2933,
63.71782,
16.15095,
318.6618,
125.4952,
0,
4604.657,
2059, 
24.79455,
164.1591,
72.1119,
47.1151,
97.92039,
108.8059,
140.6635,
377.5151,
204.9658,
29.51458,
220.7812,
52.79494,
87.02127,
15.90051,
51.4137,
71.71153,
219.952,
737.1622,
46.7073,
889.0157,
274.9603,
143.7671,
64.10062,
16.31038,
324.2753,
129.2362,
0,
4612.676,
2060, 
25.07499,
166.028,
72.48745,
47.68665,
98.39485,
109.7274,
141.3059,
388.4738,
210.608,
29.8642,
222.7929,
52.62086,
87.99701,
15.94383,
51.62093,
71.74744,
219.5821,
741.1885,
46.67788,
858.2595,
275.0775,
145.1441,
64.44782,
16.4637,
329.6981,
132.8753,
0,
4621.789,
2061, 
25.34884,
167.7903,
72.81019,
48.20671,
98.76195,
110.5363,
141.8494,
400.3474,
216.6456,
30.17275,
224.6675,
52.4385,
89.05975,
15.98034,
51.79573,
71.75774,
219.0635,
744.4095,
46.84347,
829.3606,
275.1458,
146.3266,
64.7776,
16.60308,
335.0094,
136.7554,
0,
4632.464,
2062, 
25.61015,
169.4597,
73.11906,
48.69189,
99.08055,
111.2912,
142.4008,
411.8796,
222.4543,
30.45629,
226.4205,
52.25463,
90.18669,
16.0091,
51.97367,
71.76117,
218.6468,
747.3723,
46.91139,
802.4854,
275.2486,
147.4189,
65.07176,
16.7376,
340.119,
140.4999,
0,
4643.561,
2063, 
25.86205,
171.0408,
73.41564,
49.14429,
99.35368,
111.9952,
142.9608,
423.1044,
228.0563,
30.71865,
228.0702,
52.07031,
91.39482,
16.03058,
52.15465,
71.75809,
218.3282,
750.0944,
46.70747,
777.4979,
275.4048,
148.4269,
65.34194,
16.86921,
345.049,
144.1218,
0,
4654.972,
2064, 
26.10578,
172.5387,
73.70085,
49.56593,
99.58436,
112.6512,
143.5299,
434.0512,
233.4713,
30.96102,
229.6262,
51.88583,
92.44313,
16.04521,
52.33854,
71.74881,
218.1031,
752.592,
46.51877,
754.2642,
275.6168,
149.3554,
65.59232,
16.998,
349.8135,
147.6327,
0,
4666.735,
2065, 
26.33967,
173.9582,
73.97468,
49.9588,
99.77541,
113.2624,
144.1082,
444.7461,
238.7166,
31.18442,
231.0841,
51.70026,
92.97351,
16.05343,
52.52519,
71.73367,
217.9647,
754.8784,
46.33842,
732.6533,
275.8627,
150.2092,
65.81607,
17.12206,
354.4219,
151.0427,
0,
4678.404,
2066, 
26.56779,
175.2886,
74.19839,
50.30153,
99.86946,
113.7702,
144.5826,
456.0634,
244.1671,
31.37129,
232.4726,
51.50758,
93.5167,
16.05729,
52.69088,
71.70444,
217.6699,
756.3823,
46.20544,
712.6284,
276.0406,
150.9,
66.01875,
17.23327,
358.7932,
154.581,
0,
4690.583,
2067, 
26.78585,
176.5502,
74.41121,
50.61792,
99.92793,
114.2369,
145.063,
467.0566,
249.4091,
31.54094,
233.7692,
51.31335,
94.04525,
16.05556,
52.85812,
71.66961,
217.4516,
757.6936,
46.10717,
693.979,
276.2356,
151.5242,
66.19289,
17.34017,
362.9995,
157.9935,
0,
4702.828,
2068, 
26.99473,
177.7478,
74.61389,
50.90987,
99.95339,
114.6654,
145.5492,
477.7592,
254.4633,
31.69495,
234.9811,
51.11771,
94.56149,
16.04862,
53.02678,
71.62951,
217.3045,
758.8255,
46.04941,
676.5915,
276.4474,
152.0864,
66.34126,
17.4431,
367.0551,
161.2928,
0,
4715.154,
2069, 
27.19525,
178.8859,
74.80717,
51.1792,
99.94834,
115.0585,
146.0412,
488.2002,
259.3481,
31.83478,
236.1154,
50.9208,
95.06767,
16.03683,
53.19673,
71.58443,
217.2236,
759.7906,
46.03508,
660.3587,
276.6757,
152.5911,
66.46648,
17.54216,
370.9741,
164.49,
0,
4727.568,
2070, 
27.38811,
179.969,
74.99168,
51.42757,
99.91503,
115.4187,
146.5387,
498.4047,
264.0793,
31.94954,
237.1782,
50.72269,
95.56506,
16.02054,
53.3678,
71.53463,
217.2037,
760.6008,
46.06506,
645.1802,
276.9194,
153.0427,
66.57062,
17.63741,
374.7693,
167.5949,
0,
4740.055,
2071, 
27.56991,
180.9526,
75.12716,
51.63192,
99.80037,
115.6813,
146.9644,
508.994,
268.8651,
32.03126,
238.2032,
50.52587,
96.05903,
16.00256,
53.51834,
71.47893,
217.0394,
760.6372,
46.14502,
631.1423,
277.0596,
153.3623,
66.66521,
17.7204,
378.2853,
170.756,
0,
4752.219,
2072, 
27.74431,
181.8889,
75.25458,
51.81744,
99.66077,
115.9145,
147.3927,
519.2874,
273.4649,
32.09967,
239.1639,
50.3277,
96.53854,
15.98075,
53.66919,
71.41894,
216.9269,
760.5331,
46.24144,
617.9764,
277.2054,
153.6357,
66.73889,
17.79998,
381.6718,
173.8047,
0,
4764.159,
2073, 
27.91197,
182.7816,
75.37453,
51.98558,
99.49812,
116.1205,
147.8234,
529.3157,
277.8973,
32.15581,
240.0656,
50.12829,
97.00526,
15.95537,
53.82023,
71.35489,
216.8622,
760.2987,
46.35319,
605.6029,
277.3564,
153.8665,
66.79359,
17.87638,
384.9398,
176.7524,
0,
4775.896,
2074, 
28.07347,
183.6341,
75.4875,
52.13773,
99.31419,
116.3013,
148.2563,
539.1054,
282.1786,
32.20068,
240.9134,
49.92772,
97.4605,
15.9267,
53.97138,
71.28699,
216.841,
759.943,
46.47793,
593.9482,
277.5119,
154.0579,
66.83109,
17.94987,
388.0994,
179.6092,
0,
4787.445,
2075, 
28.23019,
184.4497,
75.59431,
52.27513,
99.11067,
116.4589,
148.6913,
548.6798,
286.3229,
32.23527,
241.7159,
49.72641,
97.9128,
15.89497,
54.12255,
71.21544,
216.8601,
759.4749,
46.49018,
582.9444,
277.6786,
154.2134,
66.86156,
18.02075,
391.1617,
182.3839,
0,
4798.726,
2076, 
28.37204,
185.1346,
75.65857,
52.37176,
98.83753,
116.5259,
149.0633,
558.3793,
290.4103,
32.24343,
242.4743,
49.5371,
98.36024,
15.86374,
54.25161,
71.14192,
216.7584,
758.3417,
46.37454,
572.5901,
277.7526,
154.2442,
66.95372,
18.079,
393.8954,
185.1139,
0,
4808.729,
2077, 
28.50852,
185.7881,
75.71703,
52.4553,
98.54739,
116.5723,
149.4352,
567.8151,
294.3396,
32.2424,
243.1886,
49.34663,
98.79398,
15.82991,
54.38002,
71.06506,
216.6894,
757.1095,
46.19455,
562.7688,
277.8243,
154.2439,
67.06613,
18.1352,
396.5293,
187.7465,
0,
4818.333,
2078, 
28.64013,
186.4128,
75.77011,
52.5268,
98.2415,
116.5999,
149.807,
577.014,
298.1264,
32.23293,
243.8628,
49.15511,
99.21539,
15.79366,
54.50775,
70.98502,
216.6501,
755.7849,
45.99144,
553.4288,
277.8935,
154.2151,
67.19775,
18.18961,
399.0321,
190.2914,
0,
4827.566,
2079, 
28.7673,
187.0111,
75.81817,
52.58721,
97.92114,
116.6099,
150.1786,
585.9996,
301.7839,
32.21569,
244.5002,
48.96258,
99.62558,
15.75516,
54.63477,
70.90197,
216.6378,
754.3741,
45.76573,
544.5228,
277.9602,
154.16,
67.35259,
18.24253,
401.3466,
192.7572,
0,
4836.392,
2080, 
28.8904,
187.5853,
75.86156,
52.63742,
97.58739,
116.6038,
150.5498,
594.7922,
305.3242,
32.19132,
245.104,
48.76912,
100.0256,
15.71458,
54.76102,
70.81604,
216.6499,
752.8828,
45.51865,
536.0081,
278.0242,
154.0807,
67.52494,
18.29421,
403.5796,
195.1515,
0,
4844.928,
2081, 
28.99314,
188.0186,
75.8702,
52.65374,
97.21721,
116.5256,
150.8533,
603.5028,
308.749,
32.15248,
245.6236,
48.5931,
100.3962,
15.67588,
54.8675,
70.73325,
216.5677,
750.9172,
45.27171,
527.934,
277.9672,
153.9024,
67.73588,
18.33201,
405.5051,
197.4273,
0,
4851.986,
2082, 
29.09187,
188.4314,
75.87462,
52.66099,
96.83551,
116.4332,
151.155,
611.9809,
312.0425,
32.10735,
246.1123,
48.41605,
100.7532,
15.63537,
54.97264,
70.64771,
216.5048,
748.8817,
45.04761,
520.1771,
277.902,
153.7034,
67.9519,
18.36881,
407.3502,
199.6197,
0,
4858.658,
2083, 
29.18695,
188.8256,
75.87514,
52.65992,
96.44313,
116.3277,
151.455,
620.2494,
315.2173,
32.05641,
246.5731,
48.23805,
101.098,
15.59316,
55.07648,
70.55954,
216.4594,
746.7808,
44.92841,
512.7053,
277.8292,
153.4854,
68.18179,
18.4047,
409.1215,
201.7368,
0,
4865.068,
2084, 
29.27389,
189.2028,
75.87037,
52.65118,
96.04088,
116.21,
151.7531,
628.3285,
318.284,
31.99974,
246.9853,
48.05714,
101.3901,
15.54938,
55.17904,
70.46886,
216.4267,
744.6158,
44.96953,
505.4898,
277.7081,
153.2489,
68.40575,
18.43974,
410.8139,
203.7858,
0,
4871.148,
2085, 
29.33985,
189.5644,
75.85617,
52.63534,
95.62946,
116.0809,
152.0495,
636.236,
321.2523,
31.9366,
247.2889,
47.86795,
101.5184,
15.50413,
55.2803,
70.37581,
216.3974,
742.3826,
45.18483,
498.5042,
277.4282,
152.9924,
68.5723,
18.474,
412.4035,
205.7729,
0,
4876.528,
2086, 
29.3838,
189.8035,
75.81438,
52.59308,
95.20123,
115.8965,
152.2833,
643.8876,
324.0797,
31.86178,
247.4861,
47.69733,
101.6047,
15.46142,
55.36383,
70.28492,
216.2948,
739.8584,
45.68636,
492.0057,
277.2634,
152.6468,
68.76109,
18.49443,
413.7502,
207.6139,
0,
4881.078,
2087, 
29.42398,
190.0294,
75.77098,
52.54449,
94.76514,
115.7021,
152.5143,
651.3348,
326.7992,
31.78255,
247.6581,
47.52549,
101.6719,
15.4174,
55.44562,
70.19162,
216.2025,
737.2842,
46.18826,
485.6913,
277.1832,
152.2937,
68.95838,
18.51418,
415.0338,
209.3842,
0,
4885.311,
2088, 
29.4607,
190.2435,
75.72629,
52.49004,
94.32173,
115.4984,
152.7426,
658.5972,
329.4203,
31.69923,
247.8069,
47.3525,
101.7213,
15.37214,
55.52571,
70.09602,
216.119,
734.6628,
46.0245,
479.5421,
277.0941,
151.9301,
69.17162,
18.53331,
416.2591,
211.0906,
0,
4888.501,
2089, 
29.49421,
190.4466,
75.68033,
52.4302,
93.8715,
115.2861,
152.9681,
665.6922,
331.9518,
31.61216,
247.9344,
47.17841,
101.7542,
15.32573,
55.6042,
69.99825,
216.0434,
731.9969,
45.85532,
473.5409,
276.9962,
151.5549,
69.40224,
18.55188,
417.4307,
212.7388,
0,
4891.34,
2090, 
29.52474,
190.6397,
75.63315,
52.36535,
93.41492,
115.0657,
153.1911,
672.6349,
334.4011,
31.5216,
248.0421,
47.00329,
101.7715,
15.27824,
55.68109,
69.89837,
215.9747,
729.2891,
45.681,
467.6719,
276.8902,
151.175,
69.6646,
18.56991,
418.5525,
214.3342,
0,
4893.87,
2091, 
29.53606,
190.7469,
75.56738,
52.28205,
92.96075,
114.8054,
153.3263,
679.1556,
336.673,
31.42039,
248.0439,
46.84363,
101.7444,
15.23142,
55.74159,
69.79148,
215.8287,
726.3856,
45.4953,
462.2732,
276.7033,
150.728,
69.5052,
18.57665,
419.4618,
215.7963,
0,
4894.624,
2092, 
29.54443,
190.8457,
75.50079,
52.19426,
92.50113,
114.5379,
153.4582,
685.4974,
338.8557,
31.31607,
248.0271,
46.68289,
101.7003,
15.18361,
55.8002,
69.68245,
215.6874,
723.4457,
45.30384,
456.9798,
276.5046,
150.278,
69.33499,
18.58293,
420.3221,
217.2,
0,
4894.968,
2093, 
29.55006,
190.937,
75.43354,
52.10226,
92.03642,
114.2638,
153.5868,
691.677,
340.9566,
31.20887,
247.9932,
46.52114,
101.6404,
15.13488,
55.85698,
69.5714,
215.5501,
720.4711,
45.10699,
451.7807,
276.2946,
149.8233,
69.15477,
18.58879,
421.1372,
218.5508,
0,
4894.929,
2094, 
29.55297,
191.0212,
75.36579,
52.0064,
91.56696,
113.9835,
153.7124,
697.7089,
342.9825,
31.09899,
247.9424,
46.35834,
101.564,
15.08526,
55.91204,
69.4584,
215.4161,
717.4638,
44.90444,
446.6659,
276.0718,
149.3639,
68.96436,
18.59425,
421.9047,
219.8531,
0,
4894.522,
2095, 
29.5533,
191.099,
75.29781,
51.90693,
91.09303,
113.6973,
153.8349,
703.6062,
344.9396,
30.98661,
247.876,
46.19453,
101.4718,
15.03482,
55.96541,
69.34353,
215.2847,
714.4254,
44.69643,
441.6263,
275.7551,
148.8892,
68.76431,
18.59936,
422.6268,
221.1112,
0,
4893.68,
2096, 
29.54678,
191.1086,
75.20989,
51.79784,
90.63291,
113.3874,
153.8598,
708.9824,
346.7067,
30.86602,
247.7416,
46.04029,
101.4086,
14.98102,
55.99439,
69.20291,
215.0658,
711.2988,
44.51304,
436.8467,
275.3461,
148.3273,
68.57777,
18.59596,
423.1992,
222.2358,
0,
4891.474,
2097, 
29.547,
191.1127,
75.12562,
51.6855,
90.16895,
113.0723,
153.8813,
714.2034,
348.3996,
30.74399,
247.6364,
45.88889,
101.4083,
14.92644,
56.02151,
69.06045,
214.8537,
708.1503,
44.35211,
432.1274,
275.077,
147.761,
68.42204,
18.59224,
423.7501,
223.3128,
0,
4889.281,
2098, 
29.5452,
191.112,
75.04205,
51.5701,
89.70142,
112.7523,
153.8995,
719.2835,
350.0244,
30.61991,
247.5191,
45.73666,
101.3956,
14.87115,
56.04683,
68.91621,
214.6427,
704.976,
44.18679,
427.4617,
274.9725,
147.1887,
68.25877,
18.58823,
424.2607,
224.3465,
0,
4886.918,
2099, 
29.54155,
191.1068,
74.9339,
51.45185,
89.23045,
112.4277,
153.9145,
724.2347,
351.5864,
30.49391,
247.3905,
45.58366,
101.3712,
14.81516,
56.07042,
68.77026,
214.4325,
701.7771,
44.01737,
422.8437,
275.0792,
146.6107,
68.08854,
18.58395,
424.7368,
225.3405,
0,
4884.433,
2100, 
29.53617,
191.0975,
74.81898,
51.33094,
88.75629,
112.0988,
153.9265,
729.0674,
353.0905,
30.36613,
247.2516,
45.42992,
101.336,
14.75853,
56.09235,
68.62269,
214.2229,
698.5547,
43.84411,
418.2682,
275.4202,
146.0274,
67.9118,
18.57942,
425.1775,
226.2979,
0,
4881.884];
