real main.em.dem.hi.Clinker_Production[28](t) = [1971, 
7.4853,
63.9486,
6.16722,
4.277119,
8.038461,
12.24752,
6.25314,
3.05092,
1.27804,
5.21629,
148.1945,
32.9983,
6.87323,
1.5908,
0,
82.27142,
8.05349,
12.39273,
10.62152,
26.71521,
7.71953,
0.44317,
51.11324,
4.80396,
2.93748,
1.97758,
0,
516.6688,
1972, 
8.181899,
67.437,
7.17746,
5.781819,
9.33324,
12.79692,
6.21131,
3.40158,
1.24333,
5.43968,
168.4209,
36.25626,
6.91145,
1.60064,
0,
85.52518,
9.37485,
13.10155,
10.72526,
29.89577,
8.42296,
0.54236,
57.01112,
5.09894,
2.82282,
2.23657,
0,
564.9509,
1973, 
9.0477,
69.8184,
8.13276,
6.222979,
10.98636,
13.26924,
6.09294,
3.4265,
1.25579,
6.10896,
163.4131,
38.33475,
8.140861,
1.62934,
0,
89.80722,
9.12502,
12.46328,
12.71725,
31.45451,
10.1647,
0.6734,
67.1832,
5.41886,
3.15224,
2.5543,
0,
590.5936,
1974, 
9.5769,
66.20219,
8.75104,
6.252499,
12.45334,
13.92114,
6.35816,
3.59293,
1.29139,
6.49789,
160.7271,
41.23879,
8.1354,
1.6728,
0,
94.4189,
10.79415,
11.88477,
13.50622,
31.40056,
9.854391,
0.75621,
62.87288,
5.7405,
3.51533,
2.57299,
0,
593.9885,
1975, 
8.7669,
55.917,
9.184,
5.841679,
13.44062,
13.5464,
6.93399,
4.03437,
1.26291,
6.38664,
152.3531,
44.09148,
9.85803,
1.77858,
0,
100.0867,
12.3421,
13.48584,
15.58739,
39.00477,
10.81171,
0.9800701,
56.34462,
5.41112,
3.63909,
2.37363,
0,
593.4628,
1976, 
8.908199,
60.8229,
10.40662,
6.260699,
15.3135,
14.35082,
7.11199,
4.07709,
1.34657,
6.27272,
156.5511,
47.32811,
11.06014,
20.22776,
0,
101.8817,
13.16961,
15.36828,
17.17443,
39.53132,
11.79269,
1.6471,
59.09232,
5.29932,
3.50987,
1.57975,
0,
640.0847,
1977, 
8.939699,
65.3661,
10.92896,
6.179519,
17.32086,
14.7559,
7.87561,
4.14117,
1.5753,
5.84997,
160.464,
49.99436,
12.1849,
20.59403,
0,
104.1859,
13.77966,
15.91359,
19.29018,
47.12441,
12.45426,
2.31959,
62.89868,
5.26234,
3.57448,
1.58242,
0,
674.5559,
1978, 
9.425699,
69.7914,
11.603,
6.7527,
19.05598,
15.69398,
9.07978,
4.31294,
1.44714,
6.07247,
163.3752,
52.34935,
14.17052,
20.18211,
0,
104.1039,
15.73099,
16.28958,
20.14103,
55.30912,
12.91017,
3.32059,
72.99853,
5.11872,
3.90026,
1.55661,
0,
714.6918,
1979, 
10.3131,
68.9832,
12.58864,
7.018379,
20.39422,
17.19458,
11.61984,
4.63334,
1.47028,
5.51711,
165.8589,
51.99385,
12.35143,
19.51764,
0,
100.8756,
19.55231,
15.1641,
22.21583,
62.54913,
15.70569,
4.03312,
75.51144,
5.14366,
3.76194,
1.56373,
0,
735.5311,
1980, 
9.306,
61.4169,
13.44636,
7.329389,
22.29908,
19.21998,
13.28058,
4.83181,
1.604715,
6.34125,
166.359,
56.74334,
11.80725,
19.44603,
3.444,
102.5402,
21.80244,
14.77649,
21.48692,
67.66492,
13.83473,
4.78569,
75.64302,
5.20902,
4.03221,
1.48808,
0,
750.1393,
1981, 
9.1368,
58.5486,
14.90186,
7.240192,
21.36182,
19.23638,
14.4714,
5.91049,
1.58137,
7.20455,
161.6095,
52.8036,
13.68913,
19.50725,
3.623785,
104.2786,
26.34503,
17.35364,
21.49147,
70.1516,
14.80752,
5.20429,
72.95209,
5.63558,
4.27336,
1.66341,
0,
754.9833,
1982, 
7.3224,
51.7275,
15.86126,
6.975526,
21.02808,
18.38604,
14.31654,
5.90159,
1.431351,
7.1912,
156.6791,
59.37403,
14.35798,
19.72428,
3.80357,
164.3214,
28.56279,
18.7995,
23.55717,
80.35645,
16.30811,
5.30712,
69.38996,
6.06644,
4.226613,
1.5397,
0,
822.5157,
1983, 
7.083899,
57.5343,
14.23766,
7.309465,
17.1134,
17.01418,
16.05827,
5.43523,
1.42311,
7.02833,
156.5567,
62.29861,
12.37145,
20.60824,
11.06487,
171.0192,
30.74569,
20.96663,
26.64662,
91.40956,
17.70769,
7.36645,
69.56626,
5.38532,
4.453147,
1.35547,
0,
859.7597,
1984, 
8.448299,
63.4068,
15.33564,
7.243676,
15.98754,
17.32496,
20.01432,
4.94573,
1.396034,
7.194759,
147.339,
64.99251,
14.32158,
21.3323,
11.67688,
173.43,
35.87509,
24.51903,
25.85583,
103.7566,
17.76047,
8.09263,
67.8196,
4.83062,
4.842429,
1.3706,
0,
889.1129,
1985, 
9.1728,
63.2556,
16.6091,
7.130142,
16.9207,
17.38892,
21.90112,
6.18016,
1.390888,
6.1232,
139.3141,
60.60722,
15.99871,
21.1519,
12.34182,
174.4788,
36.94828,
26.53593,
25.94319,
122.7869,
16.3618,
9.0454,
62.64842,
5.73362,
5.074242,
1.4685,
0,
902.5115,
1986, 
9.5499,
64.0008,
16.2565,
7.976664,
20.70664,
19.69804,
20.29912,
6.525658,
1.525423,
5.55894,
139.6933,
63.48124,
18.20364,
22.27612,
13.84898,
179.7981,
35.55969,
29.03589,
28.6923,
140.0384,
17.02337,
10.30393,
61.28704,
6.134619,
6.25898,
1.71236,
0,
945.4457,
1987, 
11.3427,
60.64199,
19.25524,
8.431331,
20.88376,
21.51926,
23.22633,
5.958461,
1.680385,
5.33911,
143.2396,
63.21106,
20.0018,
22.63692,
14.21224,
182.8526,
37.98329,
30.82205,
31.80086,
156.8833,
18.90434,
10.75074,
61.53386,
5.948624,
7.05796,
1.84586,
0,
987.9637,
1988, 
11.115,
64.3896,
19.35692,
7.959253,
20.76978,
21.52898,
24.51861,
6.817934,
1.61624,
6.0164,
153.1162,
65.17658,
20.53688,
23.0912,
14.45496,
184.6935,
40.50151,
34.14288,
37.68401,
176.6497,
21.34769,
11.93738,
66.69644,
6.070053,
7.55482,
1.9847,
0,
1049.727,
1989, 
11.3319,
64.1772,
19.8522,
8.422002,
21.25522,
19.10026,
24.81943,
7.071888,
2.05501,
6.46229,
159.6195,
63.62107,
21.57064,
22.92556,
15.1044,
186.6738,
44.87395,
36.68351,
42.88011,
176.7477,
25.18425,
13.45708,
68.55663,
6.669346,
7.53389,
2.01407,
0,
1078.663,
1990, 
10.5705,
63.8496,
20.24006,
8.412292,
21.197,
19.23036,
26.82816,
5.94437,
2.18762,
5.84107,
158.2907,
57.66368,
22.11209,
22.3655,
14.9445,
182.705,
45.9571,
38.3211,
45.42174,
175.9268,
31.93827,
13.45526,
72.6227,
6.327796,
7.83601,
2.23034,
0,
1082.42,
1991, 
8.406684,
60.27212,
20.59494,
7.375795,
22.46015,
20.1785,
29.02796,
6.223289,
2.068484,
5.452389,
153.8522,
41.77913,
23.6083,
21.28392,
13.94246,
65.51226,
38.37441,
43.27482,
50.03647,
205.1379,
35.54351,
12.22636,
76.84591,
5.53657,
8.179326,
2.515532,
0,
979.7095,
1992, 
7.681248,
62.20899,
22.0708,
7.485446,
19.45623,
23.85,
29.13487,
6.566607,
2.179944,
5.1714,
146.4459,
32.77607,
25.72332,
18.93298,
12.26966,
51.9224,
43.28453,
44.98262,
55.54538,
258.535,
38.79516,
12.69939,
75.54371,
5.710024,
8.691056,
2.125136,
0,
1019.788,
1993, 
8.370054,
65.76203,
23.29597,
7.897469,
20.14929,
32.48428,
26.61853,
6.655245,
2.217477,
5.404935,
134.5967,
29.89813,
28.05173,
13.9646,
9.27584,
41.83804,
47.63074,
47.92454,
57.94602,
309.0458,
45.59871,
17.66861,
75.19128,
6.397794,
8.741331,
2.063302,
0,
1074.688,
1994, 
9.398592,
69.21783,
25.52795,
8.539049,
20.38503,
24.88217,
26.80534,
5.661444,
2.175782,
6.205704,
142.064,
32.35333,
26.36169,
10.62884,
6.64774,
31.07636,
49.15179,
53.18032,
62.04102,
354.6357,
51.82996,
22.05847,
78.06365,
6.907706,
8.889302,
1.768292,
0,
1136.457,
1995, 
9.2394,
68.06181,
20.36247,
8.794625,
22.74608,
27.31967,
28.3675,
5.839801,
2.748538,
6.507375,
140.482,
32.79887,
29.67193,
7.30702,
4.93312,
30.29818,
51.12236,
56.88648,
65.42539,
401.2075,
58.12344,
20.70672,
76.9029,
6.58342,
8.741465,
2.160375,
0,
1193.339,
1996, 
9.7902,
71.2656,
20.3708,
7.30622,
27.7492,
26.10831,
32.76104,
9.215296,
2.465144,
6.68824,
135.4697,
33.38586,
31.3984,
5.3382,
3.5629,
23.2798,
41.70511,
67.36,
66.2756,
432.4815,
51.53441,
32.558,
80.136,
6.522816,
9.552428,
2.41544,
0,
1236.696,
1997, 
10.2843,
72.5175,
21.9725,
7.433097,
30.4419,
27.8052,
33.91707,
12.30504,
2.37237,
6.50881,
138.1517,
34.30558,
32.004,
5.82364,
3.7679,
22.41142,
41.42406,
67.52,
68.2752,
435.9614,
63.64173,
36.6268,
77.74741,
6.48036,
9.628759,
2.42451,
0,
1271.752,
1998, 
10.5996,
72.00719,
22.0492,
8.807739,
31.84,
29.58414,
33.33234,
9.942546,
2.750416,
8.227,
153.5825,
34.58004,
33.8452,
6.31728,
3.75314,
21.9063,
36.02168,
71.91,
56.5268,
452.7361,
47.39214,
38.984,
68.6172,
6.43972,
9.485516,
3.001556,
0,
1274.239,
1999, 
10.9998,
76.21291,
23.3142,
10.17578,
31.9579,
29.91196,
35.86628,
9.663874,
2.653725,
7.680699,
152.93,
35.145,
30.3752,
6.5436,
4.37552,
23.944,
36.54928,
76.32,
56.6886,
502.6893,
59.47447,
36.6445,
67.4442,
6.35289,
9.962006,
2.957501,
0,
1346.833,
2000, 
10.962,
77.865,
25.043,
8.62996,
30.968,
30.3044,
38.7086,
9.86506,
2.74684,
7.7314,
157.0873,
34.94712,
31.504,
6.05324,
3.7064,
27.19694,
42.40138,
80.75,
59.312,
511.6762,
56.6764,
45.496,
68.12399,
7.1778,
10.604,
2.60494,
0,
1388.142,
2001, 
11.232,
78.10561,
23.4,
8.618219,
30.81,
29.991,
41.242,
10.67175,
2.70555,
7.7945,
154.5264,
32.18897,
30.59,
6.3804,
4.081002,
29.77356,
44.72034,
83.4,
49.95784,
567.4686,
58.73455,
48.1574,
64.1908,
7.16071,
10.87693,
2.5891,
0,
1439.367,
2002, 
11.3256,
78.3354,
23.87,
9.23846,
29.26,
23.6159,
40.5048,
11.2476,
2.70732,
8.0808,
148.0686,
32.13338,
28.2968,
7.84176,
4.147728,
31.98965,
45.69806,
81.8,
52.79176,
592.6802,
65.47324,
53.4688,
60.0248,
7.2732,
11.1538,
2.23272,
0,
1463.26,
2003, 
12.0132,
80.34361,
24.32,
10.13384,
28.88,
25.1332,
43.1932,
11.15935,
3.44201,
8.466,
158.7164,
34.29903,
30.2562,
9.479031,
5.024822,
34.78955,
46.0348,
80.2,
55.80588,
706.2813,
71.18827,
55.599,
57.3792,
7.6311,
14.68417,
2.83777,
0,
1617.291,
2004, 
12.6054,
83.754,
26.25,
9.987,
25.8,
28.155,
45.1984,
11.17906,
3.71378,
9.84,
161.7881,
36.73331,
32.528,
11.18124,
5.427408,
39.02147,
49.77627,
98.25,
51.30008,
778.3837,
79.78861,
58.3792,
56.0768,
7.6544,
14.88584,
2.8577,
0,
1740.515,
2005, 
12.012,
84.84,
27.75,
10.82694,
27.158,
31.302,
48.1869,
11.28006,
4.29705,
11.745,
161.3011,
38.269,
36.38,
12.93651,
5.56713,
41.38695,
54.495,
100.1,
48.535,
839.3092,
86.24015,
56.61,
57.768,
7.69327,
15.011,
2.86335,
0,
1833.864,
2006, 
11.76,
83.74799,
29.6,
11.33236,
27.158,
33.5072,
50.1633,
13.10337,
4.49307,
10.53,
169.112,
42.48937,
40.8,
14.60997,
6.06852,
46.48995,
57.82959,
119.35,
50.745,
969.7696,
86.581,
56.95,
58.017,
8.6237,
15.44875,
4.0986,
0,
2022.378,
2007, 
12.18,
81.396,
30.118,
11.75268,
34.336,
36.223,
51.7995,
17.81676,
4.72878,
12.393,
178.3474,
46.73361,
41.48,
16.1028,
6.561,
50.83722,
68.6194,
130.9,
53.6605,
1054.269,
90.01075,
65.45,
56.191,
9.11257,
24.0805,
4.28895,
0,
2189.388,
2008, 
11.508,
73.584,
29.674,
12.5171,
34.41,
38.0286,
63.5526,
23.08743,
5.76558,
10.935,
154.2287,
48.46534,
43.69,
16.9452,
7.3224,
45.6192,
70.705,
138.6,
49.402,
1083.829,
93.65981,
69.19,
52.124,
8.91669,
24.92625,
4.4307,
0,
2215.116,
2009, 
9.24,
54.516,
26.048,
10.92388,
38.258,
36.9852,
70.2999,
22.07331,
6.86475,
9.558001,
130.0345,
38.39836,
45.05,
11.9718,
7.06644,
38.01087,
83.4635,
138.6,
48.025,
1267.524,
98.22941,
74.8,
45.484,
8.83784,
28.41125,
5.12649,
0,
2353.801,
2010, 
10.416,
56.44799,
25.53,
11.53216,
43.734,
37.1702,
69.0606,
24.5025,
8.934299,
8.829,
125.1019,
38.47459,
53.295,
12.2229,
7.28028,
42.95025,
86.3549,
169.4,
45.56,
1460.4,
110.494,
70.55,
42.745,
8.597139,
31.90135,
5.54607,
0,
2607.03,
2011, 
10.08,
57.624,
25.53,
10.80104,
46.324,
37.0592,
68.4855,
23.86422,
10.29024,
9.072,
127.0284,
40.44579,
53.89,
13.365,
7.71039,
47.71872,
99.7296,
207.9,
46.495,
1630.341,
113.7538,
80.75,
42.579,
8.34814,
36.8373,
6.21999,
0,
2862.242,
2012, 
10.4706,
62.94456,
26.77616,
13.6086,
51.29902,
40.9035,
80.76591,
27.945,
11.7612,
9.363601,
104.6083,
35.7973,
54.29715,
12.91869,
14.32971,
53.1765,
148.4829,
207.9,
45.3118,
1715.769,
112.6063,
44.6675,
45.43171,
8.22945,
43.16045,
8.58681,
0,
2991.112,
2013, 
9.75324,
65.02859,
25.61288,
13.75512,
51.7815,
43.78062,
76.84794,
32.62923,
13.24593,
9.85608,
102.4246,
34.15104,
60.63645,
13.01184,
15.20532,
57.38769,
151.7606,
215.6,
45.80735,
1871.224,
118.1483,
48.3565,
48.10846,
8.216999,
45.71385,
9.357121,
0,
3187.401,
2014, 
9.978359,
69.82416,
27.08178,
14.55062,
52.72796,
43.95156,
84.98277,
32.93865,
14.73066,
9.77508,
101.5707,
34.81709,
60.55315,
12.59793,
17.2287,
60.04368,
152.504,
215.6,
45.66455,
1932.309,
122.2504,
48.416,
48.06779,
8.62702,
46.5137,
11.28897,
0,
3278.595,
2015, 
10.22028,
71.3496,
29.31362,
14.67198,
48.30942,
44.44588,
83.55717,
34.84539,
16.93872,
10.52352,
102.5686,
35.72415,
60.70615,
11.49714,
18.86733,
54.24003,
149.0051,
200.2,
49.9324,
1828.584,
134.8432,
51.0425,
45.50641,
9.14328,
54.6465,
11.53116,
0,
3182.214,
2016, 
9.82212,
71.52852,
30.02698,
14.40484,
42.59218,
40.91608,
85.80168,
37.9404,
18.32382,
10.53,
103.9854,
36.05987,
64.09255,
11.74581,
19.30797,
48.05001,
140.8278,
215.6,
54.25295,
1866.786,
140.1854,
52.87,
44.20165,
8.98973,
60.1426,
11.76201,
0,
3240.747,
2017, 
10.67304,
72.91116,
30.78474,
14.79334,
39.96296,
41.27498,
100.8879,
36.3771,
18.83412,
10.6677,
104.8455,
39.193,
68.4692,
11.83329,
21.5055,
48.6729,
133.198,
217.91,
54.604,
1804.981,
147.0186,
59.05715,
45.81185,
8.55315,
64.4249,
10.97226,
0,
3218.217,
2018, 
11.38536,
73.07999,
35.76272,
14.21466,
39.62922,
39.22222,
83.187,
42.46101,
18.9135,
11.0808,
106.8244,
41.92958,
61.6624,
12.14433,
22.34628,
48.3165,
136.8699,
238.7,
49.23455,
1732.125,
159.8748,
64.10105,
45.90481,
9.02957,
72.3877,
11.99853,
0,
3182.386,
2019, 
11.76,
74.004,
33.42062,
13.78472,
41.89214,
39.28734,
81.07047,
46.77426,
17.70174,
10.30806,
107.3811,
43.84611,
48.4211,
12.35898,
24.14367,
52.19316,
140.6745,
257.18,
47.79975,
1812.556,
176.4549,
61.234,
44.37346,
9.21715,
75.26155,
13.81617,
0,
3296.915,
2020, 
11.76,
75.432,
35.39642,
12.36614,
45.17848,
34.9391,
73.20375,
51.37668,
20.14227,
8.748,
105.6086,
44.57222,
61.45415,
12.58659,
25.53039,
50.67603,
152.9337,
223.3,
45.2268,
1841.43,
182.025,
53.4055,
42.25115,
8.8976,
74.5314,
14.17824,
0,
3307.15,
2021, 
11.76,
76.692,
38.15366,
13.72848,
48.75416,
42.62252,
82.21419,
56.35332,
22.2264,
10.125,
110.3849,
45.72876,
66.72076,
13.77729,
28.51524,
53.93304,
151.9146,
269.5,
47.4504,
1830.733,
193.3172,
55.3775,
41.56889,
9.0968,
83.18015,
14.29083,
0,
3418.119,
2022, 
12.6,
76.94399,
36.852,
13.88314,
47.02404,
44.62866,
78.31809,
57.0321,
21.1977,
9.72,
108.62,
44.18491,
62.6518,
9.396,
28.71855,
54.89532,
152.1216,
292.6,
48.9702,
1651.019,
200.8482,
54.536,
44.156,
9.28189,
80.35731,
14.58081,
0,
3255.138,
2023, 
12.58596,
77.16925,
37.14637,
14.16348,
47.57173,
44.9089,
80.33607,
59.17007,
19.75628,
9.7924,
105.37,
42.82838,
62.78653,
9.390485,
29.3549,
55.02177,
154.3992,
303.0239,
46.04272,
1655.431,
202.9556,
54.34435,
43.90544,
9.319287,
81.75707,
15.21034,
0,
3273.742,
2024, 
12.53438,
77.20938,
37.2975,
14.45188,
47.86776,
45.50054,
82.24436,
61.81428,
21.41117,
9.920482,
101.0949,
41.11491,
62.90157,
9.388416,
29.97804,
55.08723,
156.9282,
313.2321,
42.19253,
1659.07,
205.2479,
53.49231,
43.62413,
9.352444,
84.78793,
16.14169,
0,
3293.886,
2025, 
12.42968,
76.98096,
37.50878,
14.73212,
48.3279,
46.03542,
84.26449,
64.66046,
23.86725,
10.04166,
99.14345,
38.71025,
63.11115,
9.436875,
30.61323,
55.09603,
159.4855,
325.2181,
40.28726,
1662.356,
208.0103,
53.62531,
43.37008,
9.396427,
88.34322,
17.16108,
0,
3322.213,
2026, 
12.29873,
76.66747,
37.97026,
15.0411,
48.71692,
46.54846,
85.83617,
67.97573,
26.53973,
10.14085,
98.96339,
37.42595,
63.07915,
9.655369,
31.0719,
54.90462,
161.6295,
336.2481,
40.26356,
1659.796,
209.8666,
54.92042,
42.98326,
9.435741,
92.81682,
18.62641,
0,
3349.422,
2027, 
12.14395,
76.08371,
38.42959,
15.35131,
49.11202,
47.03814,
87.14586,
71.24102,
29.1405,
10.23894,
98.08369,
37.40931,
63.07494,
9.894807,
31.517,
54.65211,
163.7251,
346.1234,
40.24455,
1656.476,
211.4371,
56.17828,
42.62626,
9.429275,
97.05208,
20.05289,
0,
3373.902,
2028, 
11.97396,
75.36894,
38.87989,
15.67529,
49.51194,
47.50291,
88.33834,
74.4198,
31.67493,
10.34334,
96.80695,
37.3816,
63.07704,
9.750911,
31.94833,
54.43639,
165.7579,
334.5321,
40.22131,
1652.142,
212.8862,
57.4156,
42.2923,
9.418281,
101.0866,
21.45262,
0,
3374.296,
2029, 
11.79527,
74.52041,
39.28868,
15.99477,
49.92525,
47.98735,
89.39642,
77.53727,
34.14826,
10.45779,
95.38538,
37.34812,
63.12836,
9.408694,
32.36529,
54.36061,
167.7143,
324.0249,
40.2061,
1646.473,
214.2633,
58.65275,
42.00858,
9.408908,
104.9736,
22.83061,
0,
3373.604,
2030, 
11.60293,
73.55212,
39.63438,
16.32876,
50.34418,
48.51586,
90.38966,
80.6328,
36.56526,
10.58546,
93.84825,
37.30698,
63.15698,
9.077671,
32.76688,
54.55184,
169.5692,
317.0844,
40.1739,
1639.092,
215.4856,
59.90844,
41.74458,
9.411953,
108.7346,
24.19095,
0,
3374.256,
2031, 
11.41295,
72.62825,
39.95132,
16.73397,
50.89001,
49.14119,
91.45969,
85.62005,
39.74075,
10.78258,
94.34024,
37.53801,
63.22061,
8.774343,
33.15624,
54.70753,
171.1786,
324.592,
40.10658,
1627.736,
216.5476,
61.15959,
41.55927,
9.428572,
113.1262,
26.04436,
0,
3391.577,
2032, 
11.22896,
71.88292,
40.23323,
17.20684,
51.44802,
49.81589,
92.39938,
90.50923,
42.83418,
11.00753,
95.06174,
37.25383,
63.27461,
8.510596,
33.5243,
53.06242,
172.5153,
331.8641,
40.03136,
1613.907,
217.4457,
62.46883,
41.41298,
9.45471,
117.3843,
27.85671,
0,
3403.594,
2033, 
11.07058,
71.26138,
40.4727,
17.74576,
52.02882,
50.5267,
93.09229,
95.29408,
45.86576,
11.24922,
95.91518,
37.09537,
63.31998,
8.303638,
33.87025,
51.55251,
173.5254,
338.9716,
39.95338,
1597.249,
218.178,
63.85628,
41.31188,
9.493435,
121.5556,
29.64021,
0,
3412.399,
2034, 
10.92386,
70.58671,
40.67076,
18.22635,
52.64668,
51.27407,
93.55452,
100.0221,
48.85198,
11.516,
96.89931,
37.01543,
63.32554,
8.18959,
34.19392,
50.15876,
174.1793,
345.9699,
39.87112,
1577.483,
218.7072,
65.33834,
41.24442,
9.536642,
125.6719,
31.40741,
0,
3417.465,
2035, 
10.79057,
69.78572,
40.85023,
18.74285,
53.30736,
52.08295,
93.83807,
104.735,
51.80067,
11.81041,
98.02186,
36.93018,
63.2847,
8.192282,
34.49482,
48.85612,
174.4848,
352.9059,
39.80489,
1554.428,
219.0254,
66.92838,
41.20981,
9.57347,
129.7637,
33.16893,
0,
3418.817,
2036, 
10.92256,
68.77075,
41.1298,
19.31429,
54.06151,
52.98586,
94.05759,
110.4987,
55.38789,
12.16631,
99.3459,
36.83504,
63.20695,
8.296152,
34.76635,
47.64658,
174.327,
359.7919,
39.7694,
1526.504,
218.9291,
68.59718,
41.22956,
9.618979,
134.3378,
35.2952,
0,
3417.793,
2037, 
11.09763,
69.76691,
41.37207,
19.92417,
54.87157,
53.98174,
94.01017,
116.253,
58.91381,
12.54709,
100.8209,
36.73651,
63.09775,
8.198943,
35.01508,
46.49533,
173.852,
366.6192,
39.5982,
1495.357,
218.6507,
70.37966,
41.28832,
9.690403,
138.8656,
37.41693,
0,
3414.821,
2038, 
11.28374,
71.21713,
41.51012,
20.5731,
55.73661,
55.08033,
93.77715,
122.0207,
62.40147,
12.95203,
102.4314,
36.63386,
62.9408,
8.195127,
35.24183,
45.3846,
173.1059,
373.4093,
39.36198,
1461.17,
218.1796,
72.27421,
41.37426,
9.770176,
143.3606,
39.53547,
0,
3408.922,
2039, 
11.48083,
72.76909,
41.6045,
21.25922,
56.64697,
56.27774,
93.48363,
127.7398,
65.86701,
13.37951,
104.1707,
36.52758,
62.74543,
8.349322,
35.44787,
45.21313,
172.1402,
380.1752,
39.09882,
1424.232,
217.5367,
74.27525,
41.4869,
9.847591,
147.8344,
41.64889,
0,
3401.239,
2040, 
11.68901,
74.40454,
41.70829,
21.97742,
57.60777,
57.57127,
93.1088,
133.3942,
69.31382,
13.82703,
106.0303,
36.41844,
62.52649,
8.506449,
35.63477,
45.25161,
170.9952,
386.9219,
38.81561,
1384.916,
216.7514,
76.37334,
41.6272,
9.928627,
152.2929,
43.76021,
0,
3391.353,
2041, 
11.91671,
76.08022,
41.81502,
22.72637,
58.60586,
58.92586,
92.6721,
140.1466,
73.47791,
14.30584,
108.062,
36.30834,
62.33008,
8.657171,
35.79032,
45.32395,
169.5634,
393.4543,
38.93462,
1342.263,
215.7265,
78.97974,
41.83673,
10.00956,
157.1736,
46.27787,
0,
3381.363,
2042, 
12.1501,
77.80515,
41.99849,
23.49617,
59.61966,
60.36002,
92.17081,
146.7887,
77.55515,
14.7931,
110.1666,
36.19562,
62.10268,
8.808798,
35.93108,
45.41031,
167.9308,
399.9066,
39.10376,
1298.218,
214.5842,
80.74262,
42.05352,
10.08454,
161.9591,
48.77455,
0,
3368.711,
2043, 
12.38369,
79.58059,
42.27788,
24.28359,
60.65012,
61.89536,
91.62737,
153.4003,
81.56428,
15.28467,
112.3055,
36.07892,
61.81735,
8.960302,
36.05935,
45.50653,
166.0904,
406.2693,
39.3117,
1253.272,
213.3101,
82.4875,
42.25554,
10.16038,
166.6393,
51.25272,
0,
3354.724,
2044, 
12.61589,
81.42464,
42.6664,
25.08237,
61.68332,
63.53329,
91.03262,
159.9674,
85.50862,
15.77667,
114.4589,
35.95853,
61.48137,
9.110654,
36.1768,
45.60855,
164.0549,
412.5323,
39.48846,
1207.901,
211.9278,
84.23444,
42.43842,
10.24907,
171.2097,
53.71198,
0,
3339.834,
2045, 
12.84519,
83.33533,
43.1606,
25.88736,
62.71143,
65.27138,
90.40966,
166.4682,
89.39407,
16.26529,
116.6077,
35.83475,
61.10174,
9.258873,
36.28547,
45.71117,
161.86,
418.6846,
39.58547,
1161.577,
210.4601,
85.96633,
42.59815,
10.35607,
175.6639,
56.14885,
0,
3323.449,
2046, 
13.081,
85.26907,
43.72954,
26.68602,
63.70849,
67.0675,
89.75944,
174.1061,
93.92128,
16.7438,
118.7887,
35.71761,
60.71387,
9.401593,
36.36073,
45.821,
159.3761,
424.4237,
39.23595,
1112.686,
208.8334,
87.57236,
42.78079,
10.47448,
180.3369,
58.9496,
0,
3305.545,
2047, 
13.31013,
87.22752,
44.40008,
27.47586,
64.67992,
68.62887,
89.15931,
181.5821,
98.31219,
17.20871,
120.926,
35.5974,
60.20938,
9.6231,
36.43082,
45.92741,
156.802,
429.99,
38.5933,
1063.258,
207.1555,
89.12937,
42.92905,
10.59524,
184.822,
61.67872,
0,
3285.652,
2048, 
13.58534,
89.06541,
45.18565,
28.23808,
65.56814,
69.84553,
88.44192,
188.7122,
102.5031,
17.66291,
123.2616,
35.49671,
60.36411,
9.786105,
36.49598,
46.01362,
154.2024,
435.4089,
38.14206,
1013.642,
206.0459,
90.64084,
43.31374,
10.66737,
189.2621,
64.30777,
0,
3265.859,
2049, 
13.85209,
90.901,
46.04773,
28.9828,
66.42336,
71.03532,
87.71052,
195.7477,
106.5612,
18.09887,
125.5287,
35.39348,
60.40854,
9.930813,
36.55904,
46.6049,
151.5594,
440.644,
37.69286,
964.12,
204.9122,
92.08115,
43.65863,
10.75007,
193.5139,
66.87802,
0,
3245.596,
2050, 
14.11079,
92.72977,
46.96608,
29.70722,
67.24412,
72.19391,
87.67704,
202.6887,
110.4993,
18.515,
127.7231,
35.28837,
60.43509,
10.06275,
36.62126,
46.23172,
148.8978,
445.6925,
37.2516,
914.9932,
203.7782,
93.44273,
43.96783,
10.83697,
197.5808,
69.39063,
0,
3224.527,
2051, 
14.3684,
94.50553,
47.90712,
30.39763,
68.00498,
73.29168,
88.10937,
211.4574,
115.3855,
18.97459,
129.8452,
35.18589,
60.75069,
10.17983,
36.78511,
46.24191,
146.8035,
453.5222,
36.99813,
865.1967,
203.6874,
95.21703,
44.47186,
10.97657,
202.8689,
72.47186,
0,
3213.605,
2052, 
14.61431,
96.2583,
48.87439,
31.06317,
68.73346,
74.36829,
88.53703,
220.0762,
120.1316,
19.41304,
131.8677,
35.0809,
61.03093,
10.28407,
36.951,
46.30608,
146.1709,
458.1247,
36.66702,
816.4938,
203.584,
96.91881,
44.93018,
11.12498,
207.983,
75.47322,
0,
3201.061,
2053, 
14.85111,
97.96326,
49.86292,
31.7018,
69.41829,
75.40824,
88.96424,
228.5194,
124.7368,
19.83015,
133.8004,
34.97472,
61.303,
10.37389,
37.08255,
46.36614,
145.5967,
461.4958,
36.29959,
770.4385,
203.5025,
98.54541,
45.35534,
11.27602,
212.9356,
78.39909,
0,
3189.001,
2054, 
15.07985,
99.60036,
50.86411,
32.31181,
70.05936,
76.40333,
89.39437,
236.7897,
129.2113,
20.22583,
135.6467,
34.86791,
61.49627,
10.44857,
37.19027,
46.42158,
145.0869,
463.6933,
35.94365,
727.0242,
203.4593,
100.0951,
45.75288,
11.42287,
217.7353,
81.25256,
0,
3177.478,
2055, 
15.30046,
101.1677,
51.86563,
32.89313,
70.65727,
77.35336,
89.83011,
244.8982,
133.5644,
20.60018,
137.4058,
34.76055,
61.56894,
10.50752,
37.27641,
46.47248,
144.6452,
466.8418,
35.60005,
684.6,
203.4578,
101.5672,
46.12323,
11.56564,
222.388,
84.03795,
0,
3166.949,
2056, 
15.51826,
102.6564,
52.42188,
33.43039,
71.17196,
78.21041,
90.22259,
253.8561,
138.3303,
20.943,
139.0688,
34.65106,
61.56069,
10.55218,
37.29216,
46.51489,
144.1169,
470.2171,
35.24528,
647.0174,
203.4124,
102.8892,
46.49704,
11.6998,
227.0326,
87.07592,
0,
3161.605,
2057, 
15.72671,
104.0745,
52.67789,
33.93357,
71.62486,
78.94398,
90.61919,
262.5719,
142.9275,
21.26348,
140.6386,
34.54057,
61.4546,
10.58053,
37.28435,
46.55223,
143.6617,
473.3877,
34.93075,
622.3577,
203.3994,
104.1318,
46.83942,
11.77006,
231.5029,
90.01595,
0,
3167.412,
2058, 
15.92595,
105.4229,
52.92068,
34.37723,
71.98277,
79.62926,
91.02167,
271.0672,
147.3712,
21.56244,
142.117,
34.42908,
61.29541,
10.5926,
37.23336,
46.5847,
143.2794,
476.3639,
34.69806,
599.3297,
203.4183,
105.297,
47.15119,
11.75157,
235.8097,
92.86643,
0,
3173.499,
2059, 
16.11646,
106.7034,
53.15081,
34.79117,
72.29846,
80.26796,
91.43127,
279.3612,
151.6747,
21.84079,
143.5078,
34.31671,
61.09339,
10.5886,
37.13558,
46.6125,
142.9688,
479.1554,
34.5634,
577.8602,
203.4706,
106.3876,
47.43446,
11.65295,
239.9637,
95.6348,
0,
3179.983,
2060, 
16.29874,
107.9182,
53.36883,
35.17667,
72.57404,
80.86203,
91.84884,
287.4706,
155.8499,
22.09951,
144.8154,
34.20356,
60.87079,
10.56682,
36.98209,
46.63583,
142.7284,
481.7725,
34.54163,
557.8687,
203.5574,
107.4066,
47.69139,
11.49813,
243.916,
98.3277,
0,
3186.85,
2061, 
16.47675,
109.0637,
53.54491,
35.52255,
72.76772,
81.36824,
92.2021,
296.2571,
160.3178,
22.32784,
146.0339,
34.08503,
60.64454,
10.52302,
36.76257,
46.64252,
142.3913,
483.8662,
34.66417,
539.0844,
203.6079,
108.2816,
47.93542,
11.29409,
247.4211,
101.199,
0,
3194.285,
2062, 
16.6466,
110.1488,
53.70927,
35.84118,
72.9236,
81.83179,
92.56049,
304.7909,
164.6162,
22.52232,
147.1733,
33.96551,
60.39582,
10.45083,
36.50937,
46.64476,
142.1204,
485.7919,
34.71443,
521.6155,
203.684,
109.09,
48.1531,
11.06174,
250.4814,
103.9699,
0,
3201.413,
2063, 
16.81034,
111.1765,
53.86311,
36.13415,
73.04401,
82.25502,
92.92451,
313.0972,
168.7617,
22.56109,
148.2457,
33.8457,
60.14622,
10.41988,
36.22746,
46.64275,
141.9133,
487.5614,
34.56353,
505.3736,
203.7996,
109.8359,
48.35304,
10.96498,
253.1083,
106.6501,
0,
3208.279,
2064, 
16.96876,
112.1502,
54.00714,
36.40302,
73.13124,
82.64034,
93.29442,
321.1979,
172.7688,
22.47701,
149.257,
33.72579,
60.08803,
10.42939,
35.92306,
46.63673,
141.767,
489.1848,
34.42389,
490.2717,
203.9564,
110.523,
48.53832,
11.0487,
255.3783,
109.2482,
0,
3215.439,
2065, 
17.12079,
113.0728,
54.14137,
36.64927,
73.18749,
82.99001,
93.67033,
329.1121,
176.6503,
22.29795,
150.2047,
33.60517,
60.43278,
10.43473,
35.60557,
46.62689,
141.677,
490.671,
34.29044,
476.2246,
204.1384,
111.1548,
48.7039,
11.12934,
257.3077,
111.7716,
0,
3222.871,
2066, 
17.26906,
113.9376,
54.23656,
36.85733,
73.17061,
83.26043,
93.97871,
337.4869,
180.6837,
22.02561,
151.1072,
33.47993,
60.78585,
10.43724,
35.2638,
46.60788,
141.4854,
491.6485,
34.15051,
463.2085,
204.2701,
111.666,
48.85387,
11.20163,
258.8743,
114.39,
0,
3230.337,
2067, 
17.4108,
114.7576,
54.32245,
37.0447,
72.84154,
83.49833,
94.29094,
345.6219,
184.5627,
21.68085,
151.95,
33.35368,
61.12941,
10.43611,
34.91859,
46.58524,
141.3436,
492.5008,
33.96185,
451.0863,
204.4143,
112.1279,
48.98274,
11.27111,
260.1345,
116.9152,
0,
3237.143,
2068, 
17.54657,
115.536,
54.39962,
37.21287,
72.26485,
83.70589,
94.60699,
353.5418,
188.3029,
21.26648,
152.7377,
33.22651,
61.46496,
10.4316,
34.56984,
46.55918,
141.2479,
493.2365,
33.72078,
439.7845,
204.5711,
112.5439,
49.09254,
11.33802,
261.1275,
119.3567,
0,
3243.393,
2069, 
17.67691,
116.2758,
54.46867,
37.36317,
71.49899,
83.88521,
94.92679,
361.2681,
191.9176,
20.7908,
153.475,
33.09852,
61.79398,
10.42394,
34.57787,
46.52988,
141.1953,
493.8639,
33.42938,
429.2332,
204.74,
112.9174,
49.1852,
11.4024,
261.8557,
121.7226,
0,
3249.516,
2070, 
17.80227,
116.9798,
54.53008,
37.4969,
70.57612,
84.03825,
95.25015,
368.8195,
195.4187,
20.7672,
154.1658,
32.96975,
62.11729,
10.41335,
34.68907,
46.49751,
141.1824,
494.3905,
33.09287,
419.3671,
204.9203,
113.2516,
49.26226,
11.46432,
262.3271,
124.0202,
0,
3255.811,
2071, 
17.92044,
117.6192,
54.55417,
37.59729,
69.47591,
84.1181,
95.52686,
376.6555,
198.9602,
20.82032,
154.8321,
32.84181,
62.43837,
10.40166,
34.78692,
46.4613,
141.0756,
494.4142,
32.75772,
410.2425,
205.0241,
113.4881,
49.33226,
11.51826,
262.4616,
126.3594,
0,
3261.684,
2072, 
18.0338,
118.2278,
54.57132,
37.68277,
68.24986,
84.17455,
95.80524,
384.2727,
202.3641,
20.86478,
155.4565,
32.71301,
62.75005,
10.38749,
34.88497,
46.42231,
141.0025,
494.3465,
32.41945,
401.6847,
205.132,
113.6904,
49.38678,
11.56999,
262.3875,
128.6155,
0,
3267.096,
2073, 
18.14278,
118.808,
54.58199,
37.75447,
66.91116,
84.2093,
96.0852,
391.6936,
205.644,
20.90128,
156.0426,
32.58339,
63.05341,
10.37099,
34.98315,
46.38068,
140.9604,
494.1942,
32.08082,
393.6419,
205.2437,
113.8612,
49.42726,
11.61965,
262.1453,
130.7968,
0,
3272.117,
2074, 
18.24775,
119.3622,
54.58659,
37.8134,
65.47083,
84.22388,
96.36661,
398.938,
208.8122,
20.93044,
156.5937,
32.45302,
63.34932,
10.35236,
35.08139,
46.33654,
140.9467,
493.9629,
31.74556,
386.0663,
205.3588,
114.0029,
49.455,
11.66741,
261.7594,
132.9108,
0,
3276.794,
2075, 
18.34962,
119.8923,
54.58573,
37.86054,
64.42194,
84.21979,
96.64935,
406.0231,
211.879,
20.95292,
157.1153,
32.32217,
63.64331,
10.33173,
35.17965,
46.29003,
140.9591,
493.6587,
31.33041,
378.9138,
205.4821,
114.1179,
49.46601,
11.71349,
261.2546,
134.9641,
0,
3281.577,
2076, 
18.44183,
120.3375,
54.5527,
37.87703,
64.24439,
84.1481,
96.89112,
413.2007,
214.9036,
20.95823,
157.6083,
32.19911,
63.93416,
10.31143,
35.26354,
46.24225,
140.8929,
492.9221,
30.81493,
372.1835,
205.5369,
114.1407,
49.43216,
11.75135,
260.4863,
136.9843,
0,
3286.259,
2077, 
18.53054,
120.7623,
54.51467,
37.88305,
64.0558,
84.06005,
97.13289,
420.1831,
217.8113,
20.95756,
158.0726,
32.07531,
64.21609,
10.28944,
35.34701,
46.19229,
140.8481,
492.1212,
30.25684,
365.7997,
205.59,
114.1405,
49.34126,
11.78788,
259.6146,
138.9324,
0,
3290.516,
2078, 
18.61609,
121.1683,
54.47198,
37.87938,
63.85698,
83.95683,
97.37456,
426.9904,
220.6135,
20.9514,
158.5108,
31.95082,
64.49,
10.26588,
35.43003,
46.14026,
140.8226,
491.2601,
29.89444,
359.7287,
205.6412,
114.1192,
49.20106,
11.82325,
259.3709,
140.8156,
0,
3295.344,
2079, 
18.69874,
121.5572,
54.42494,
37.86674,
63.64874,
83.83954,
97.61608,
433.6397,
223.3201,
20.9402,
158.9251,
31.82568,
64.75662,
10.24085,
35.5126,
46.08628,
140.8146,
490.3431,
29.74772,
353.9398,
205.6905,
114.0784,
49.01222,
11.85764,
260.8752,
142.6403,
0,
3301.899,
2080, 
18.77876,
121.9304,
54.37385,
37.84582,
63.4318,
83.70921,
97.85737,
440.1463,
225.9399,
20.92436,
159.3176,
31.69993,
65.01664,
10.21447,
35.59466,
46.03042,
140.8224,
489.3738,
29.58712,
348.4053,
205.7379,
114.0197,
48.78772,
11.89124,
262.3268,
144.4121,
0,
3308.176,
2081, 
18.84554,
122.2121,
54.29527,
37.79959,
63.19118,
83.52546,
98.05466,
446.5921,
228.4743,
20.89911,
159.6553,
31.58551,
65.25754,
10.18932,
35.66387,
45.97661,
140.769,
488.0961,
29.42661,
343.1571,
205.6957,
113.8878,
48.56166,
11.9158,
263.5783,
146.0962,
0,
3313.402,
2082, 
18.90971,
122.4804,
54.21322,
37.74601,
62.94308,
83.33036,
98.25078,
452.8659,
230.9115,
20.86977,
159.973,
31.47043,
65.4896,
10.16299,
35.73222,
45.92101,
140.7281,
486.773,
29.28094,
338.1151,
205.6475,
113.7405,
48.31828,
11.93973,
264.7776,
147.7186,
0,
3318.309,
2083, 
18.97152,
122.7366,
54.12801,
37.68563,
62.68803,
83.12475,
98.44574,
458.9846,
233.2608,
20.83667,
160.2725,
31.35473,
65.71368,
10.13556,
35.79971,
45.8637,
140.6986,
485.4075,
29.20346,
333.2585,
205.5936,
113.5792,
48.05093,
11.96305,
265.929,
149.2852,
0,
3322.971,
2084, 
19.02802,
122.9818,
54.03868,
37.61894,
62.42657,
82.90937,
98.63954,
464.5404,
235.3654,
20.79983,
160.5404,
31.23714,
65.90356,
10.1071,
35.86637,
45.80476,
140.6774,
484.0002,
29.23019,
328.5684,
205.504,
113.4042,
47.74967,
11.98583,
267.0291,
150.5532,
0,
3326.51,
2085, 
19.0709,
123.2169,
53.93869,
37.54638,
62.15915,
82.68491,
98.83215,
468.3411,
236.5334,
20.75879,
160.7378,
31.11417,
65.98698,
10.07768,
35.93219,
45.74427,
140.6583,
482.5487,
29.37014,
324.0277,
205.2968,
113.2144,
47.37758,
12.0081,
268.0623,
151.3626,
0,
3326.602,
2086, 
19.09947,
123.3723,
53.77112,
37.45412,
61.8808,
82.41855,
98.98414,
471.8549,
237.5614,
20.71016,
160.866,
31.00327,
66.04302,
10.04992,
35.98649,
45.6852,
140.5916,
480.908,
29.69613,
319.8037,
204.3572,
112.9586,
46.99823,
12.02138,
268.9376,
152.0393,
0,
3325.053,
2087, 
19.12559,
123.5191,
53.5627,
37.35666,
61.59734,
82.14448,
99.13429,
475.1472,
238.4794,
20.65866,
160.9778,
30.89157,
66.0867,
10.02131,
36.03965,
45.62455,
140.5316,
479.2347,
30.02237,
315.6994,
203.1297,
112.195,
46.60207,
12.03422,
269.7719,
152.6457,
0,
3322.234,
2088, 
19.14946,
123.6582,
53.31283,
37.25434,
61.30912,
81.86325,
99.28267,
478.234,
239.2952,
20.6045,
161.0745,
30.77912,
66.11886,
9.991892,
36.09171,
45.56242,
140.4773,
477.5308,
29.91593,
311.7023,
201.8928,
111.2532,
46.18468,
12.04665,
270.5684,
153.1873,
0,
3318.342,
2089, 
19.17124,
123.7903,
53.02609,
37.14752,
61.01647,
81.57539,
99.42929,
481.1293,
240.0159,
20.5479,
161.1573,
30.66596,
66.14024,
9.961726,
36.14273,
45.49886,
140.4282,
475.798,
29.80595,
307.8015,
200.6474,
110.3024,
45.74791,
12.05872,
271.3299,
153.6689,
0,
3314.005,
2090, 
19.19108,
123.9158,
52.70742,
37.03651,
60.7197,
81.28142,
99.57422,
483.8456,
240.6476,
20.48904,
161.2273,
30.55214,
66.1515,
9.930855,
36.19271,
45.43394,
140.3836,
474.0379,
29.69265,
303.9868,
199.3945,
108.9063,
45.28199,
12.07044,
272.0591,
154.0948,
0,
3308.805,
2091, 
19.19844,
123.9855,
52.34198,
36.91179,
60.42449,
80.95955,
99.66212,
486.1898,
241.1222,
20.42325,
161.2285,
30.44836,
66.13387,
9.900423,
36.23203,
45.36446,
140.2887,
472.1506,
29.57194,
300.4775,
198.0746,
106.7783,
45.17838,
12.07482,
272.6501,
154.4065,
0,
3302.178,
2092, 
19.20388,
124.0497,
51.94522,
36.78333,
60.12573,
80.63231,
99.74783,
488.341,
241.5047,
20.35544,
161.2176,
30.34388,
66.10521,
9.869348,
36.27013,
45.29359,
140.1968,
470.2397,
29.4475,
297.0368,
196.7478,
104.2991,
45.06775,
12.0789,
273.2094,
154.6606,
0,
3294.773,
2093, 
19.20754,
124.109,
51.51794,
36.65134,
59.82367,
80.30004,
99.83144,
490.3128,
241.8015,
20.28576,
161.1956,
30.23874,
66.06628,
9.837669,
36.30704,
45.22141,
140.1076,
468.3062,
29.31954,
293.6575,
195.4153,
101.6601,
44.9506,
12.08271,
273.7392,
154.8615,
0,
3286.808,
2094, 
19.20943,
124.1638,
51.05989,
36.5161,
59.51852,
79.85951,
99.91303,
492.1171,
242.0179,
20.21434,
161.1626,
30.13292,
66.01659,
9.805421,
36.34282,
45.14796,
140.0205,
466.3514,
29.18789,
290.3328,
194.0768,
98.94158,
44.82683,
12.08626,
274.3234,
155.0132,
0,
3278.358,
2095, 
19.20964,
124.2144,
50.56958,
36.37779,
59.21046,
79.30166,
99.99266,
493.7647,
242.159,
20.1413,
161.1194,
30.02644,
65.95667,
9.772635,
36.37751,
45.07329,
139.9351,
464.3765,
29.05268,
287.0571,
192.9346,
96.77798,
44.6968,
12.08958,
274.984,
155.119,
0,
3270.29,
2096, 
19.20541,
124.2206,
50.03507,
36.23232,
58.91139,
78.61977,
100.0089,
495.8219,
242.4947,
20.06291,
161.032,
29.92619,
65.91561,
9.737659,
36.39635,
44.98189,
139.7928,
462.3442,
28.93348,
283.9504,
192.047,
96.41272,
44.57555,
12.08737,
275.6422,
155.4046,
0,
3264.793,
2097, 
19.20555,
124.2233,
49.47115,
36.08406,
58.60982,
77.83304,
100.0228,
498.536,
243.215,
19.98359,
160.9637,
29.82778,
65.91542,
9.702187,
36.41398,
44.88929,
139.6549,
460.2977,
28.82887,
280.8828,
191.0301,
96.04465,
44.47433,
12.08496,
276.3488,
155.8681,
0,
3260.412,
2098, 
19.20438,
124.2228,
48.8749,
35.93316,
58.30592,
76.94791,
100.0347,
501.1278,
243.8779,
19.90294,
160.8874,
29.72883,
65.90714,
9.666245,
36.43044,
44.79554,
139.5177,
458.2344,
28.72141,
277.8501,
189.5925,
95.67262,
44.3682,
12.08235,
277.115,
156.2956,
0,
3255.298,
2099, 
19.20201,
124.2194,
48.70703,
35.77979,
57.99979,
75.97165,
100.0444,
503.6062,
244.4877,
19.82104,
160.8038,
29.62938,
65.8913,
9.629856,
36.44577,
44.70067,
139.3811,
456.1551,
28.61129,
274.8484,
187.6549,
95.29694,
44.25755,
12.07957,
277.8828,
156.6896,
0,
3249.797,
2100, 
19.19851,
124.2134,
48.63234,
35.62409,
57.69159,
74.91199,
100.0522,
505.9787,
245.0477,
19.73799,
160.7135,
29.52944,
65.86842,
9.593046,
36.46003,
44.60474,
139.2449,
454.0605,
28.49867,
271.8744,
185.2083,
94.9178,
44.14267,
12.07662,
278.7111,
157.0526,
0,
3243.645];
