real main.em.ep.isp.StorCapTot[28](t) = [1971, 
566.5516,
2974.242,
36.59344,
18.78446,
56.49295,
70.06173,
51.09151,
35.70309,
10.61529,
190.2325,
3522.189,
690.718,
37.31318,
556.4208,
110.5313,
1607.783,
123.688,
165.1254,
43.73093,
189.4541,
28.22084,
2.399819,
681.6126,
110.3267,
12.23423,
22.08051,
0,
11914.2,
1972, 
646.2068,
2975.325,
41.50105,
20.93361,
61.75048,
74.46001,
51.76905,
38.57457,
11.42901,
206.3607,
3676.651,
753.3674,
43.05058,
588.0674,
113.3681,
1694.608,
139.7687,
172.2903,
47.06474,
207.8923,
32.03064,
2.773161,
728.3337,
108.9237,
12.26643,
31.6033,
0,
12480.37,
1973, 
716.0466,
3248.41,
45.12885,
23.28887,
71.53477,
83.28148,
53.04696,
42.95211,
11.59635,
219.3552,
3942.77,
784.907,
43.52681,
621.6184,
121.3834,
1793.588,
167.1922,
178.2011,
53.26466,
227.2951,
37.82144,
3.405518,
788.479,
124.1211,
14.25235,
40.17353,
0,
13456.64,
1974, 
740.7369,
3273.476,
57.15581,
24.33209,
79.68801,
91.06651,
56.72418,
43.06424,
11.21579,
234.7155,
4037.459,
833.1469,
49.24638,
657.4884,
130.2095,
1903.219,
187.3379,
186.7265,
58.56365,
235.1268,
40.24564,
4.518811,
778.5542,
133.2379,
16.03489,
50.63238,
0,
13913.92,
1975, 
721.2789,
3369.763,
60.57953,
24.18564,
85.83691,
95.39542,
64.47839,
48.29573,
11.6781,
252.28,
4023.85,
871.0329,
59.03473,
595.6721,
115.8249,
1764.688,
217.4633,
206.9453,
65.50536,
278.35,
41.93681,
5.131409,
796.1603,
138.231,
17.99837,
53.29406,
0,
13984.89,
1976, 
771.6292,
3598.95,
64.31382,
27.34083,
98.93375,
102.9142,
73.92207,
50.22042,
13.53636,
264.12,
4326.715,
925.7356,
67.06864,
622.4441,
122.6964,
1878.464,
256.2046,
232.1586,
71.59804,
308.7295,
47.25506,
4.763587,
851.8198,
144.1164,
18.93958,
57.16565,
0,
15001.75,
1977, 
827.6048,
3719.497,
69.53985,
29.62437,
109.1107,
112.6787,
84.5472,
54.93723,
14.22311,
264.1704,
4423.47,
965.7786,
75.03923,
640.5471,
126.8969,
1944.615,
324.4036,
246.8405,
78.35242,
337.0688,
52.46521,
5.95475,
887.6619,
151.6248,
20.39258,
62.17325,
0,
15629.22,
1978, 
887.8226,
3821.181,
76.84139,
31.27707,
120.818,
118.2031,
95.16819,
53.08585,
14.94976,
275.6216,
4588.078,
1016.439,
79.9075,
661.4202,
131.2872,
2035.778,
366.1609,
271.1459,
86.89742,
384.1998,
54.30918,
8.341496,
928.8909,
156.2173,
22.9126,
60.36863,
0,
16347.32,
1979, 
930.5837,
3897.239,
82.38017,
32.64742,
135.3544,
131.7854,
106.4107,
61.24866,
15.3327,
289.3306,
4782.964,
1024.308,
81.57783,
677.9902,
180.5236,
2084.63,
423.5064,
275.055,
94.17832,
419.895,
59.07899,
10.05368,
978.6647,
163.4653,
25.65978,
65.03255,
0,
17028.9,
1980, 
956.9705,
3946.067,
86.42494,
32.93709,
155.3525,
141.0095,
118.9684,
68.54224,
15.51185,
313.1867,
4815.501,
1071.879,
84.04602,
709.9712,
197.6389,
2245.674,
469.0142,
287.1129,
98.33781,
410.6412,
63.22007,
12.6536,
966.4481,
171.3388,
26.91667,
59.91535,
0,
17525.28,
1981, 
1006.165,
3977.724,
94.37409,
34.07277,
149.4538,
146.5863,
135.104,
67.05523,
16.40031,
357.5547,
4864.923,
1079.755,
88.10221,
727.1834,
202.5044,
2371.116,
556.1702,
314.9553,
106.1865,
414.6992,
67.22141,
12.48682,
976.3061,
182.4508,
28.79956,
56.82001,
0,
18034.17,
1982, 
987.8765,
3879.774,
98.617,
35.2829,
156.7125,
148.7269,
147.9557,
74.63888,
17.75339,
375.9043,
4857.617,
1095.41,
96.068,
741.8356,
209.7063,
2461.393,
659.3624,
336.1766,
111.9568,
442.2255,
72.06509,
15.20171,
966.7123,
185.5412,
30.89977,
56.75296,
0,
18262.17,
1983, 
1032.313,
3967.786,
97.85334,
37.51171,
162.1886,
155.8756,
163.2668,
69.4345,
18.89748,
382.6703,
4973.012,
1145.789,
100.4163,
762.8633,
216.3593,
2589.904,
675.0386,
359.6469,
121.9812,
477.8959,
78.79086,
17.83477,
1020.775,
190.207,
34.3522,
55.55246,
0,
18908.22,
1984, 
1112.937,
4148.68,
106.0188,
38.59263,
181.4627,
160.461,
180.22,
64.50052,
18.92486,
423.2476,
5155.272,
1198.988,
113.4875,
792.8245,
225.6621,
2754.897,
727.5254,
397.6707,
131.3844,
501.698,
84.95988,
20.98048,
1074.521,
203.2512,
38.75315,
54.76211,
0,
19911.68,
1985, 
1180.38,
4230.037,
92.49158,
38.04673,
196.5014,
163.4449,
193.5835,
78.17641,
20.27892,
437.8108,
5346.953,
1203.015,
123.9705,
812.9531,
233.2524,
2858.612,
780.3899,
435.9345,
141.4574,
536.4265,
89.71655,
21.78787,
1116.508,
218.1733,
41.8441,
56.81584,
0,
20648.56,
1986, 
1207.813,
4229.518,
103.6125,
40.66662,
207.7808,
185.0835,
191.2275,
81.85087,
21.52302,
449.8777,
5433.235,
1259.055,
142.1421,
831.6603,
237.0043,
2987.03,
850.5453,
476.1484,
152.6593,
588.5262,
92.82371,
30.70134,
1132.483,
225.4152,
46.27436,
58.09723,
0,
21262.76,
1987, 
1287.623,
4307.051,
111.3837,
43.02757,
210.5469,
199.1115,
204.5884,
85.31211,
23.23101,
460.6619,
5612.605,
1284.988,
159.1042,
863.2499,
238.6665,
3106.901,
869.8859,
517.3082,
169.5675,
650.3064,
100.105,
35.58293,
1207.819,
237.7349,
51.20742,
56.63528,
0,
22094.21,
1988, 
1317.798,
4484.585,
113.5261,
43.28681,
218.5264,
225.1181,
223.0481,
89.5977,
24.72484,
478.0926,
5859.237,
1278.843,
167.0103,
890.5942,
242.927,
3183.245,
1000.79,
569.9761,
191.7331,
711.4371,
109.9127,
37.58426,
1276.658,
248.4914,
58.77045,
62.61319,
0,
23108.13,
1989, 
1289.948,
4891.889,
120.301,
46.22469,
232.4993,
215.0817,
233.4684,
93.52523,
26.15312,
488.7791,
6047.041,
1295.534,
180.171,
906.2196,
244.232,
3416.994,
1020.844,
622.7427,
209.0352,
764.9399,
120.5464,
41.57859,
1357.823,
266.7866,
61.29193,
60.04433,
0,
24253.69,
1990, 
1248.779,
4995.013,
124.1782,
46.64646,
222.7453,
232.0205,
241.7009,
95.23463,
30.09122,
496.7573,
6181.774,
1224.489,
199.0619,
975.4499,
302.9716,
3331.973,
1092.569,
669.6919,
224.4324,
813.0227,
132.6228,
49.40136,
1481.831,
273.6827,
66.69481,
66.79697,
0,
24819.63,
1991, 
1322.161,
5037.777,
128.2777,
45.39423,
236.8519,
218.3696,
254.9297,
97.33855,
32.04682,
497.4575,
6320.371,
1168.042,
202.7569,
899.2223,
259.5056,
3106.486,
1209.781,
729.2906,
236.5089,
971.8835,
143.0403,
55.9022,
1530.546,
281.3867,
71.52883,
73.59605,
0,
25130.45,
1992, 
1353.039,
5124.862,
131.5307,
47.91128,
243.2132,
225.828,
269.5048,
101.0303,
33.27763,
509.8752,
6363.885,
1085.724,
228.5043,
766.1584,
240.8473,
2686.771,
1286.644,
762.0225,
251.3723,
1073.014,
154.8903,
61.08336,
1548.467,
286.9294,
78.56659,
63.65837,
0,
24978.61,
1993, 
1400.01,
5248.243,
132.9789,
48.91608,
252.9958,
238.4973,
291.5942,
101.4027,
34.51823,
530.809,
6374.86,
1084.628,
251.0916,
695.1736,
202.8727,
2712.538,
1325.594,
804.2687,
278.3861,
1107.727,
170.7037,
68.28239,
1565.738,
296.0274,
81.98215,
65.0818,
0,
25364.92,
1994, 
1477.075,
5383.487,
143.0417,
52.48103,
260.1825,
253.1406,
311.4728,
101.3972,
35.24383,
548.6121,
6510.536,
1149.671,
264.1371,
633.6521,
199.391,
2393.345,
1409.661,
863.0344,
312.2451,
1202.153,
192.6083,
75.9335,
1637.837,
305.2039,
86.18166,
63.10449,
0,
25864.83,
1995, 
1492.358,
5533.3,
145.9409,
55.38452,
273.2186,
265.1356,
329.47,
107.2203,
38.49931,
555.501,
6679.88,
1147.565,
295.3118,
664.9872,
197.7865,
2387.456,
1480.046,
936.0218,
348.1944,
1308.391,
213.4603,
88.07734,
1664.714,
313.7808,
91.62786,
64.49086,
0,
26677.82,
1996, 
1536.592,
5667.442,
138.9019,
58.28428,
286.8675,
277.5598,
372.3525,
111.6934,
40.28925,
579.891,
6785.18,
1265.725,
320.9897,
667.1903,
191.0033,
2357.392,
1541.957,
987.7782,
385.8129,
1374.571,
232.4085,
102.2018,
1712.868,
320.4303,
96.04259,
58.23965,
0,
27469.66,
1997, 
1559.342,
5802.419,
149.5488,
63.06667,
301.8254,
299.7118,
400.9549,
112.1591,
43.4182,
601.1144,
6917.22,
1289.187,
349.7266,
661.052,
187.3509,
2320.672,
1667.711,
1042.44,
421.7536,
1457.868,
248.7838,
107.9071,
1751.484,
330.9117,
99.70744,
61.11293,
0,
28248.45,
1998, 
1540.502,
5942.696,
161.3505,
67.64514,
311.2066,
315.7188,
428.127,
109.5414,
44.63995,
593.0491,
7067.234,
1305.909,
372.6165,
635.3345,
180.1686,
2349.472,
1881.152,
1116.258,
413.5285,
1527.62,
245.2139,
111.2398,
1754.626,
350.3318,
103.3465,
79.8821,
0,
29008.41,
1999, 
1572.173,
6056.589,
170.9669,
72.95132,
323.2833,
316.1863,
453.7305,
115.0014,
45.93114,
591.5022,
7145.397,
1276.793,
385.2694,
656.6166,
176.9925,
2412.122,
1803.323,
1199.138,
460.1582,
1591.115,
262.1657,
129.9349,
1780.156,
369.1242,
103.2132,
86.45403,
0,
29556.29,
2000, 
1619.371,
6343.597,
182.238,
74.65185,
335.1501,
332.596,
483.0026,
118.5999,
47.61525,
619.6019,
7169.125,
1355.866,
416.2551,
649.2684,
180.2906,
2528.973,
1817.156,
1267.17,
544.5009,
1796.149,
284.5642,
139.9361,
1853.202,
380.3521,
112.5751,
94.09611,
0,
30745.9,
2001, 
1579.686,
6030.684,
187.8649,
76.65723,
328.215,
330.6564,
511.2394,
126.1116,
49.83152,
599.1965,
7150.127,
1476.123,
415.5152,
690.749,
173.3058,
2642.828,
1899.68,
1315.587,
581.4238,
1977.392,
302.2624,
148.0007,
1834.227,
404.3329,
126.3338,
106.0062,
0,
31064.04,
2002, 
1601.414,
6216.287,
190.7911,
79.93092,
348.0688,
326.6088,
535.3992,
133.979,
49.97229,
648.6197,
6981.912,
1408.625,
441.9274,
687.0126,
176.5678,
2552.301,
1972.567,
1355.938,
621.3356,
2139.706,
320.4366,
156.6994,
1869.327,
404.9082,
133.2686,
112.9467,
0,
31466.55,
2003, 
1559.413,
6274.109,
234.026,
81.7334,
362.0905,
343.1985,
562.7013,
132.2837,
52.96256,
678.9746,
6911.884,
1413.669,
479.673,
712.0406,
187.67,
2601.24,
2073.95,
1448.077,
648.2059,
2451.419,
346.4096,
163.6691,
1866.891,
387.6955,
141.5318,
108.1215,
0,
32223.64,
2004, 
1582.392,
6472.959,
233.6507,
82.24097,
387.2312,
365.9219,
595.9069,
146.1196,
57.43195,
701.6575,
6834.979,
1496.719,
513.3198,
744.4063,
194.4832,
2682.973,
2209.006,
1541.414,
683.4837,
2810.098,
369.96,
174.7612,
1920.487,
398.1707,
152.954,
116.0364,
0,
33468.76,
2005, 
1540.254,
6485.256,
245.5911,
86.54621,
398.4741,
380.4039,
609.2896,
155.0974,
61.99104,
710.5886,
6734.505,
1467.041,
545.8169,
723.832,
199.3999,
3028.787,
2217.364,
1638.729,
727.5107,
3177.05,
398.874,
186.6515,
1964.978,
398.9406,
164.6812,
124.8451,
0,
34372.5,
2006, 
1485.824,
6463.255,
252.4695,
91.60593,
416.5018,
402.475,
645.9954,
164.3182,
65.97582,
744.4407,
6584.014,
1490.258,
587.1019,
757.2537,
203.9367,
3050.431,
2345.201,
1774.32,
750.1337,
3644.884,
421.5739,
189.8273,
1990.177,
401.1112,
174.2884,
127.9489,
0,
35225.32,
2007, 
1574.616,
6502.178,
262.4508,
94.18407,
441.52,
412.2103,
715.0488,
173.6386,
71.87503,
762.7217,
6348.053,
1480.343,
635.1453,
768.7043,
212.2329,
3075.485,
2529.004,
1906.602,
792.1226,
4191.765,
446.921,
193.5132,
2050.21,
418.7279,
180.2431,
131.2265,
0,
36370.74,
2008, 
1563.847,
6385.138,
266.4978,
92.63629,
459.9346,
439.2575,
747.5795,
177.139,
71.79163,
759.7952,
6246.655,
1478.023,
642.6403,
730.3932,
194.8527,
3136.446,
2638.016,
1834.645,
845.5488,
4635.339,
458.1946,
197.8486,
1980.883,
418.6227,
187.713,
133.3994,
0,
36722.84,
2009, 
1493.507,
6045.729,
264.5743,
92.50562,
464.9368,
444.5183,
852.4198,
184.4752,
78.41569,
741.169,
5755.703,
1419.378,
626.1527,
631.4039,
186.8037,
2963.475,
2909.691,
1969.727,
883.3447,
5351.196,
481.4873,
202.2219,
1975.546,
402.4916,
195.6768,
144.8649,
0,
36761.41,
2010, 
1482.595,
6199.576,
280.7761,
96.68851,
516.3411,
439.8499,
923.8004,
198.6546,
89.26057,
772.5456,
6010.912,
1453.528,
676.9594,
650.3873,
206.2388,
2981.445,
3046.44,
2124.55,
953.2413,
6455.383,
526.2256,
218.1537,
2075.062,
424.4404,
202.2079,
152.9244,
0,
39158.19,
2011, 
1544.363,
5996.276,
311.4397,
101.2213,
535.1364,
454.9203,
954.5955,
205.2337,
104.188,
780.5622,
6066.198,
1455.177,
737.3112,
662.8313,
199.7171,
3052.208,
3174.1,
2358.899,
993.0229,
7877.498,
554.1746,
231.947,
2103.023,
424.2156,
215.4379,
156.1418,
0,
41249.84,
2012, 
1502.147,
5973.394,
330.3344,
105.028,
564.4701,
486.0955,
1016.288,
211.0604,
116.2936,
776.6177,
6259.251,
1384.009,
798.7842,
665.5272,
212.773,
3055.624,
3386.409,
2485.52,
1034.503,
9031.24,
614.5802,
242.9424,
2214.595,
443.5856,
232.0877,
160.2246,
0,
43303.39,
2013, 
1408.746,
6041.519,
316.286,
110.4146,
588.6143,
522.5871,
1077.433,
236.5543,
127.3413,
803.645,
6010.586,
1363.865,
814.5602,
645.0832,
255.0501,
3067.283,
3584.289,
2664.293,
1081.616,
10685.49,
678.5159,
267.5931,
2609.89,
474.471,
262.2623,
168.5284,
0,
45866.52,
2014, 
1362.694,
6148.148,
333.9976,
114.8071,
626.2806,
526.9496,
1145.916,
250.8742,
144.9361,
892.4609,
6045.189,
1330.751,
861.5952,
605.9148,
232.986,
3092.466,
3884.437,
2988.185,
1142.211,
12523.87,
783.8353,
287.6125,
3149.943,
484.7786,
285.3234,
191.1462,
0,
49437.3,
2015, 
1279.184,
6376.934,
347.852,
125.4863,
630.1284,
565.913,
1282.787,
275.2184,
164.0756,
936.0465,
5637.362,
1289.8,
920.226,
554.8727,
242.1334,
3106.93,
4340.291,
3270.251,
1232.561,
14742.56,
875.3706,
306.3032,
3791.954,
522.9244,
305.7777,
200.8964,
0,
53323.84,
2016, 
1258.161,
6639.32,
368.6198,
128.8392,
664.0096,
573.9951,
1402.814,
284.4393,
174.5055,
1038.101,
5875.879,
1309.828,
1040.72,
551.9207,
286.9784,
3104.734,
4783.369,
3666.218,
1325.763,
16880.77,
1043.135,
331.3427,
4330.462,
566.3863,
355.7079,
195.2982,
0,
58181.32,
2017, 
1298.877,
7101.209,
374.7435,
128.4193,
711.8246,
575.1705,
1447.376,
301.2892,
185.4518,
1135.171,
6032.056,
1312.532,
1313.279,
563.9564,
363.3426,
3161.751,
4878.367,
4126.06,
1452.535,
20089.25,
1137.122,
353.2388,
4839.669,
626.2343,
402.7116,
211.3775,
0,
64123.02,
2018, 
1261.573,
7560.155,
401.4854,
135.9026,
743.4474,
585.0967,
1626.41,
331.2473,
220.882,
1269.287,
6404.278,
1487.168,
1829.494,
607.3607,
377.1033,
3134.871,
4867.294,
4725.175,
1611.542,
23557.11,
1240.901,
412.2547,
5312.709,
763.2847,
439.087,
235.1329,
0,
71140.25,
2019, 
1303.592,
7871.862,
399.7967,
141.258,
795.7152,
555.3061,
1768.198,
359.2244,
252.3357,
1303.791,
7156.414,
1408.17,
1957.776,
671.5181,
412.0508,
3158.954,
5511.798,
5124.894,
1832.968,
26591.01,
1586.471,
451.0821,
5747.208,
926.4878,
468.4485,
264.0727,
0,
78020.4,
2020, 
1277.812,
8155.452,
413.9816,
132.9053,
771.1122,
549.8657,
1825.863,
383.2552,
264.8391,
1351.941,
7769.779,
1493.228,
2113.978,
698.7831,
373.8802,
3036.7,
5928.533,
5241.497,
2069.441,
30866.27,
1932.261,
453.8032,
6223.584,
1112.845,
493.9315,
267.8441,
0,
85203.39,
2021, 
1302.305,
9257.214,
440.0984,
145.5256,
852.901,
617.6154,
1934.023,
412.4965,
294.7884,
1426.842,
8102.274,
1677.301,
2374.832,
720.0466,
466.1427,
3165.586,
6338.25,
5798.327,
2418.765,
36264.18,
2577.545,
489.3838,
6736.482,
1362.353,
560.7146,
292.6383,
0,
96028.63,
2022, 
1277.354,
10191.35,
473.7813,
155.2263,
900.6268,
617.5839,
1970.777,
492.8481,
333.1595,
1430.33,
8876.588,
1821.47,
2629.265,
601.3238,
506.1926,
3138.286,
7294.422,
6728.829,
2591.365,
40276.79,
2731.337,
535.0435,
7058.72,
1586.791,
641.9923,
365.4489,
0,
105226.9,
2023, 
1212.749,
11598.58,
493.9762,
161.8682,
967.1147,
634.1487,
2119.426,
577.7283,
356.1416,
1444.202,
9788.083,
2013.401,
2867.74,
622.8387,
571.7155,
3174.106,
8108.388,
7423.997,
2800.237,
48783.36,
2913.221,
588.941,
7301.249,
1816.057,
671.1113,
389.8841,
0,
119400.3,
2024, 
1151.08,
13583.82,
507.6837,
169.1167,
1005.486,
660.772,
2293.597,
642.6246,
384.4715,
1504.149,
10663.66,
2285.363,
3846.052,
566.0074,
632.0428,
3147.917,
8663.636,
8609.162,
3016.659,
57161.2,
3082.745,
634.6122,
7447.788,
2136.793,
728.6669,
422.4139,
0,
134947.5,
2025, 
1193.065,
15842.85,
540.9965,
217.9067,
1148.598,
703.8544,
2439.805,
723.3475,
512.6375,
1803.701,
11589.25,
2482.134,
4156.784,
592.6722,
677.7383,
3128.617,
14357.34,
10900.17,
3200.181,
62052.98,
3380.213,
1073.889,
8382.721,
2543.161,
881.7965,
465.8788,
0,
154992.3,
2026, 
1268.652,
17366.5,
572.8384,
228.074,
1156.299,
732.4608,
2403.499,
822.3548,
630.6917,
1776.234,
12317.49,
2625.7,
4132.124,
638.9208,
813.1447,
3105.755,
19016.82,
13260.74,
3516.311,
68871.92,
3660.656,
1289.218,
9723.525,
2871.643,
1072.04,
481.0583,
0,
174354.7,
2027, 
1338.826,
18838.83,
617.1414,
260.7169,
1167.383,
772.371,
2384.649,
1047.682,
767.2045,
1696.766,
13148.06,
2812.445,
4246.446,
705.9346,
1210.78,
3081.385,
21195.96,
15490.03,
3522.434,
79702.4,
4117.941,
1848.442,
10611.19,
3293.558,
1318.032,
491.4045,
0,
195688,
2028, 
1435.102,
20023.8,
775.4825,
304.6805,
1179.101,
876.6387,
2344.242,
1378.399,
907.4927,
1632.745,
14190.2,
2909.537,
4434.203,
772.8865,
1471.522,
3047.767,
22208.7,
18512.22,
3348.662,
88663.69,
5037.156,
2687.665,
10824.66,
3735.452,
1744.736,
506.6666,
0,
214953.4,
2029, 
1560.61,
21241.46,
933.7424,
350.0026,
1201.305,
1033.531,
2309.502,
1770.867,
1030.508,
1591.492,
15120.77,
3463.92,
4740.347,
818.484,
1797.919,
3021.753,
23288.39,
21926.92,
3320.811,
98170.64,
6157.947,
3626.164,
14469.34,
4326.111,
2202.927,
515.187,
0,
239990.6,
2030, 
1699.964,
22624.7,
1050.505,
411.4667,
1215.462,
1193.09,
2226.558,
2163.346,
1095.712,
2144.14,
16266.99,
3894.712,
4993.917,
882.2487,
2119.359,
3005.699,
24063.38,
25492.04,
3296.728,
106804.6,
7287.928,
4456.877,
13035.04,
4978.376,
2630.509,
502.319,
0,
259535.7,
2031, 
1850.442,
23259.85,
1181.13,
482.6389,
1237.94,
1376.379,
2250.667,
2362.258,
1100.548,
2052.316,
18594.43,
4630.819,
5216.639,
944.0608,
2428.929,
2969.021,
22957.52,
29103.06,
3317.552,
116226.6,
8392.475,
5286.673,
13349.15,
5551.691,
3067.413,
480.4935,
0,
279670.8,
2032, 
2053.941,
24263.38,
1313.637,
586.4937,
1289.542,
1612.664,
2359.869,
2462.642,
1053.911,
1945.582,
38505.4,
9029.734,
5435.563,
1006.976,
2641.353,
2948.132,
21911.02,
33344.89,
3378.225,
127169.2,
9590.59,
5792.845,
13914.4,
6196.57,
3505.896,
446.4675,
0,
323758.9,
2033, 
2274.382,
25175.3,
1397.515,
775.4387,
1369.481,
2033.931,
2657.22,
2504.793,
960.6622,
1826.297,
54247.67,
18889.85,
5571.478,
1053.513,
2966.421,
2891.21,
20768.95,
39226.27,
3597.368,
137811.5,
10629.46,
6456.463,
14540.66,
6886.365,
3942.329,
392.134,
0,
370846.6,
2034, 
2588.467,
26330.29,
1459.555,
995.6559,
1459.539,
3003.631,
3084.669,
2515.258,
849.8344,
1694.85,
75722.08,
34418.28,
5656.645,
1111.561,
3303.404,
2867.56,
19829.3,
45601.11,
4046.744,
149757.7,
11750.11,
7119.926,
15332.61,
7618.326,
4427.517,
335.882,
0,
432880.5,
2035, 
2894.209,
27989.93,
1507.184,
1211.46,
1575.861,
4398.773,
3434.969,
2495.377,
713.4839,
1551.141,
99494.71,
60589.95,
5703.49,
1166.914,
3798.626,
2847.003,
18963.49,
52750.58,
4582.157,
165251.7,
13062.83,
8000.047,
15941.93,
8396.281,
5302.086,
268.212,
0,
513892.4,
2036, 
3130.073,
33144.7,
1535.471,
1448.086,
1753.005,
6452.027,
4094.206,
2854.487,
717.5817,
1599.37,
116688.3,
69422.24,
6246.734,
1215.772,
4384.591,
2834.522,
20338.92,
59804.64,
5983.881,
180490.5,
14443.76,
8975.559,
16480.09,
9252.857,
6349.743,
303.9749,
0,
579945,
2037, 
3417.527,
42074.49,
1574.719,
1743.513,
1981.115,
8889.893,
4745.083,
3237.941,
725.1232,
1671.989,
126548.6,
71196.16,
6793.074,
1276.646,
5195.591,
2829.158,
21854.47,
65969.58,
6035.133,
196273.6,
16002.85,
10159.2,
17031.18,
10025.3,
7684.38,
347.9789,
0,
635284.4,
2038, 
4432.638,
52787.46,
1627.274,
2102.797,
1997.742,
13032.09,
5324.914,
3588.571,
733.5139,
1747.462,
132719.9,
71529.89,
7359.458,
1364.464,
6155.023,
2829.019,
24366.63,
73188.42,
6193.035,
211403.7,
17734.88,
11384.78,
17569.06,
10712.85,
9208.768,
410.9937,
0,
691505.3,
2039, 
5892.515,
68030.1,
1761.012,
2499.705,
1997.77,
18961.86,
5836.542,
3934.684,
744.5687,
1822.178,
140355.1,
71208.05,
7943.216,
1486.412,
7110.103,
2836.325,
30168.8,
101797.4,
6350.33,
224962.9,
19566.38,
12687.79,
17968.22,
11398.21,
10860.36,
469.6104,
0,
778650.2,
2040, 
7655.566,
89440.09,
1905.698,
2905.083,
2009.463,
24219.06,
6287.116,
4312.001,
765.3391,
1900.144,
146497.3,
70586.83,
8522.774,
1622.103,
8407.679,
2862.17,
36947.83,
136525.2,
6397.593,
262453.8,
21482.94,
14132.78,
18280.21,
12058.58,
12707.65,
543.7155,
0,
901428.8,
2041, 
10196.69,
102703.5,
2216.933,
3258.979,
2063.576,
28745.04,
6749.157,
4729.862,
795.5657,
1987.111,
144395.1,
72349.98,
9345.182,
1758.966,
9868.844,
2922.324,
43351.39,
175022.7,
6465.076,
301817.7,
23636.1,
15719.69,
17092.43,
12643.49,
14806.4,
624.8006,
0,
1015267,
2042, 
13092.11,
116978,
3088.843,
4636.753,
2122.502,
34550.31,
7213.168,
5167.508,
834.9611,
2076.982,
147550.8,
72182.05,
10295.68,
1856.313,
11371.59,
3010.239,
51039.57,
217612.9,
6629.186,
338887.2,
26190.66,
17337.37,
17320.24,
13234.29,
16972.62,
711.481,
0,
1141963,
2043, 
16020.07,
131091.8,
4308.344,
6244.666,
2205.331,
40831.7,
7614.699,
5660.86,
887.3044,
2301.3,
149381.6,
71556.63,
12244.88,
1950.203,
12952.06,
3111.214,
60686.09,
261264.8,
6860.378,
383061.5,
29025.74,
19169.34,
17653.6,
13800.06,
19744.91,
825.2426,
0,
1280454,
2044, 
18847.37,
158061.4,
5503.974,
8172.96,
2323.245,
47631.4,
8371.944,
6452.853,
958.1528,
2728.139,
151302.5,
70339.95,
14186.74,
2041.442,
15810.03,
3204.305,
71635.49,
302125.2,
7095.167,
421710,
32232.12,
20936.54,
18199.6,
14433.57,
23139.34,
997.1127,
0,
1428441,
2045, 
21918.12,
190822.9,
11327.22,
10481.65,
2476.529,
56191.49,
10365.75,
7402.264,
1047.104,
3235.644,
151949.9,
68827.63,
16075.79,
2142.662,
18928.25,
3392.202,
91560.97,
349906.2,
7399.527,
465421.3,
35859.04,
22265.24,
18617.19,
15201.61,
26584.77,
1207.197,
0,
1610608,
2046, 
24575.51,
226772.6,
18140.14,
12840.34,
2715.397,
63364.36,
13406.06,
8385.121,
1208.677,
3733.818,
151899.4,
66991.4,
18137.25,
2250.162,
22324.49,
3687.9,
103041.5,
394978.3,
7603.313,
515361,
40034.86,
23882.22,
18581.74,
16159.35,
30145.54,
1482.419,
0,
1791703,
2047, 
27852.16,
257378,
25906.81,
14935.07,
3060.627,
73029.22,
17296.86,
9437.085,
1481.807,
4439.528,
150738.6,
65873.34,
20126.88,
2370.755,
26817.95,
4181.262,
118978.8,
427644.7,
7690.031,
570087.3,
45178.98,
25320.51,
18099.54,
16893.79,
34182.11,
1824.245,
0,
1970826,
2048, 
30049.17,
291869.5,
34445.9,
16783.31,
3507.23,
79683.95,
21985.31,
10583.3,
2064.633,
5217.336,
150502.3,
64977.82,
21808.23,
2495.211,
31888.55,
4722.923,
130893.3,
456912.2,
7594.178,
628320.6,
55034.14,
26837.63,
17513.91,
17627.69,
38151.58,
2229.432,
0,
2153699,
2049, 
32510.55,
326432.5,
42119.61,
18899.69,
4049.258,
85793.25,
26384.31,
11877.02,
3088.752,
6091.244,
149309.8,
64230.36,
23505.89,
2955.303,
36661.38,
5305.079,
139004.4,
481107,
7497.192,
694859,
64766.48,
28241.29,
16075.55,
18351.83,
42449.34,
2618.865,
0,
2334185,
2050, 
34384.8,
372571.9,
44781.21,
21055.71,
4655.477,
91366.53,
30304.27,
13414.99,
4019.194,
6963.788,
150256.5,
63374.99,
27171.27,
3676.562,
40235.98,
5855.978,
143104.2,
489730,
7503.707,
762811.1,
75305.07,
29676.63,
14931.49,
19071.37,
47356.82,
2925.961,
0,
2506506,
2051, 
35871.77,
426036.5,
46897.91,
23571.11,
5380.688,
97040.54,
33680.53,
15131.96,
4521.633,
7848.895,
151084,
62719.11,
30003.54,
4645.21,
43249.96,
6377.002,
148311.9,
493397.5,
7645.935,
827875.9,
82323.23,
31641.92,
14042.71,
20060.34,
52737.69,
3251.318,
0,
2675349,
2052, 
37691.7,
465063.4,
49049.45,
26983.67,
6242.893,
104117.4,
36967.02,
17176.76,
5358.249,
8932.725,
151247.1,
62131.31,
32825.61,
5842.918,
46614.95,
6891.03,
153670.9,
496958,
7394.435,
877959.2,
89258.99,
32393.23,
13333.55,
20647.03,
62764.84,
3581.492,
0,
2821098,
2053, 
39739.77,
499393.7,
51803.24,
30225.71,
7317.862,
109177.9,
42179.02,
19785.06,
6442.028,
10508.06,
148849.4,
61682.34,
36319.9,
7335.955,
49573.74,
7423.459,
165583.1,
493240.3,
7169.489,
923439.6,
95194.27,
32265.4,
13283.54,
21138.9,
74563.34,
3821.916,
0,
2957457,
2054, 
42373.26,
529398.3,
55897.36,
33292.61,
8308.38,
116453.3,
51983.88,
22520.64,
8339.999,
12027.41,
144771.9,
61238.02,
39160.09,
9074.328,
52871.48,
7811.758,
174171,
489453.9,
6982.602,
968595.9,
101445.5,
32797.49,
13483.07,
21562.37,
86060.15,
4066.361,
0,
3094141,
2055, 
44647.38,
534819.9,
60614.56,
36368.55,
9663.759,
120118.4,
58931.56,
25543.26,
9612.491,
14732.17,
141820.2,
60508.84,
39858.36,
11640.09,
56558.85,
8059.031,
186305.9,
483025.5,
6597.812,
1015628,
103699.7,
32897.38,
13509.87,
21816.91,
94925.49,
4322.551,
0,
3196226,
2056, 
46770.97,
539003.9,
66135.59,
37735.21,
11213.19,
123393.6,
73673.46,
28569.47,
10197.2,
19546.57,
138076.6,
61586.58,
41418.26,
14164.06,
57811.3,
8289.519,
203873.4,
480378,
6025.168,
1053733,
107771.4,
33373.77,
13429.94,
21895.77,
103368.5,
4601.063,
0,
3306036,
2057, 
48875.91,
541614.3,
71986.8,
38100.99,
12717.25,
126762,
90953.12,
31929.7,
11243.43,
25429.92,
139453,
61710.18,
42568.6,
16821.36,
59035.71,
8440.329,
226879.6,
482362.8,
5876.585,
1083497,
111389.7,
33914.51,
13414.6,
21944.69,
114293.3,
5605.355,
0,
3426821,
2058, 
51552.98,
542100.4,
73547.91,
37890.3,
14763.85,
129832.3,
109813.3,
35431.15,
12560.99,
30860.14,
142148.2,
61656.63,
43813.01,
19549.89,
60263.31,
8577.29,
242504.8,
482209.8,
5827.476,
1111203,
114515,
34591.95,
13452.02,
22119.41,
124476.8,
7156.429,
0,
3532418,
2059, 
54949.62,
542165.3,
75036.12,
37921.78,
16938,
132939.3,
124192.4,
39592,
15290.81,
36589.17,
142920.3,
61759.83,
45498.82,
23027.9,
61505.16,
8766.243,
258884.7,
485777.2,
5773.06,
1134306,
115808,
36107.34,
13267.02,
22418.09,
142011,
8977.818,
0,
3642423,
2060, 
58720.66,
542647.1,
76628.85,
37889.63,
19498.37,
136036,
136469,
43621.55,
19576.44,
41728.25,
141210.7,
61268.23,
47361.39,
27211.23,
62754.87,
9123.291,
269555.8,
493284.6,
5820.528,
1134474,
114221.6,
38069.5,
13436.83,
23323.03,
163353.3,
11092.82,
0,
3728377,
2061, 
62655.13,
544138.3,
78199.76,
37344.07,
28238.51,
139155,
147545.3,
47505.7,
26671.94,
44739.2,
139962.1,
60437.6,
49088.04,
31301.14,
64024.27,
9701.681,
277589.8,
503063.1,
5980.457,
1130632,
112457,
39591.27,
13519.33,
24870.36,
184372.6,
13042.39,
0,
3815826,
2062, 
65197.65,
545740.6,
79902.27,
36988.25,
43095.32,
142190.3,
155972.1,
52969.39,
43622.09,
47413.13,
133730.5,
59683.05,
51251.37,
35102.57,
65281.68,
10297.41,
285267.6,
514344.2,
5894.761,
1126659,
113825,
41091.98,
13536.24,
27273.71,
202738.4,
15394.96,
0,
3914464,
2063, 
68107.3,
547458,
82061.45,
36489.03,
60495.23,
145205.4,
164010.5,
61052.81,
61535.65,
50484.46,
129804.8,
58351.2,
53778.96,
36548.06,
66520.32,
10918.25,
290763.5,
525233.3,
5894.633,
1122677,
117535.7,
41684.13,
13576.67,
29026.81,
220550.8,
18197.91,
0,
4017962,
2064, 
70244.3,
549507.6,
85226.74,
36681.47,
81088.66,
148112.6,
174810.8,
68926.84,
79987.62,
53926.44,
130068.2,
57065.01,
55158.18,
36306.48,
67738.2,
11523.29,
295345.9,
534685.9,
5908.47,
1118688,
120407.3,
40950.89,
13522.61,
31581.54,
237666.8,
21616.44,
0,
4126746,
2065, 
71485.44,
552260.5,
88298.3,
37326.04,
108408.6,
151018.6,
191762,
79304.2,
97113.7,
55123.93,
133650.7,
59262.68,
56209.32,
35944.67,
68940.53,
13588.03,
299714,
538224.6,
5953.743,
1114950,
125155.8,
39820.69,
13416.26,
33360.44,
255586.4,
26736.81,
0,
4252616,
2066, 
72689.16,
555477.4,
91226.71,
38329.41,
138472.3,
154064.8,
202880.3,
87839.7,
104541.4,
56158.31,
135017.2,
59829.56,
57329.05,
35515.54,
70194.76,
16862.4,
304862.7,
543678.9,
5945.883,
1110147,
131460.2,
39025.48,
13267.11,
35805.04,
271691.1,
34695.29,
0,
4367007,
2067, 
73757.2,
558597.8,
93841.03,
39372.05,
164728.1,
157145.2,
214989.5,
96603.52,
113397.1,
57147.75,
135705.2,
59945.09,
58192.38,
34876.51,
71430.34,
20143.43,
311047.5,
545585.4,
5989.105,
1105657,
137532.8,
38510.38,
13136.76,
37920.97,
287918.3,
44006.05,
0,
4477177,
2068, 
74647.19,
562232.9,
96382.32,
40546.89,
190644.1,
160248.2,
228817.3,
105748.5,
124269.1,
58572.26,
137013.7,
61228.5,
58974.4,
34095.22,
72641.13,
23973.17,
319287.6,
544255.2,
5992.741,
1101207,
140542.1,
38650.68,
13071.32,
40979.88,
305706.7,
53506.61,
0,
4593235,
2069, 
75597.34,
566066.7,
99630.55,
41353.82,
213571.6,
163409.3,
244333,
114547.2,
131379.4,
60901.17,
138245.7,
62796.11,
59775.49,
33337.22,
73829.6,
28009.01,
326800.3,
541550.9,
6019.154,
1095940,
140051.4,
39277.1,
13044.81,
43315.93,
323812.3,
62576.28,
0,
4699172,
2070, 
76331.19,
569648.1,
106120.6,
41338.84,
229266,
166641.7,
249127.1,
125841.1,
137550.7,
64301.32,
139037,
64144.48,
59898.83,
32577.87,
74983.87,
32730.79,
332618.5,
539347.2,
5983.569,
1091269,
133652.3,
40167.22,
12991.25,
46753.88,
346857.8,
71358.95,
0,
4790539,
2071, 
77102.95,
572287.6,
110296.6,
40035.73,
243732.2,
173150.4,
253660.5,
140503.5,
144957.6,
68973.75,
139080.6,
65692.32,
60385.26,
31871.94,
76134.45,
37296.08,
338283.6,
536871.3,
5976.095,
1085949,
126788.4,
40799.45,
12879.33,
49336.23,
377270.2,
80230.14,
0,
4889546,
2072, 
77830.38,
576069.8,
113718.9,
38116.34,
258318.1,
180754,
257956.8,
157915.2,
159525.1,
71244.9,
140185,
66268.75,
60433.8,
31183.71,
77221.95,
42163.71,
344001.6,
538204.8,
6077.506,
1080776,
121931.8,
41618.97,
12679.74,
52055.61,
400006.9,
87241.59,
0,
4993501,
2073, 
78500.45,
579499.4,
119128.5,
35595.8,
275257.9,
189235,
262460.6,
179294,
174563.2,
73399.48,
141076.3,
66245.63,
60835.69,
30570.9,
78271.39,
46405.96,
350913.8,
538041.5,
6112.138,
1078684,
122931.1,
42706.12,
12394.28,
55580.48,
414664.1,
95344.35,
0,
5107712,
2074, 
79205.67,
583262.6,
120877.7,
34221.83,
291103,
199205.9,
266657.7,
205782.1,
186280.8,
75281.27,
141149.3,
66845.92,
61275.33,
30025.21,
79224.93,
50863.22,
363057.7,
539915.8,
6150.116,
1078077,
127691.1,
43247.39,
12221.34,
59284.36,
429057.9,
105330.9,
0,
5235296,
2075, 
79955.73,
588054.5,
123858,
34034.2,
299426.5,
208040.8,
276051.8,
241406.2,
194656.7,
76145.43,
140687.4,
68426.27,
61833.39,
29536.63,
80182.66,
55154.15,
376885.6,
539950.6,
6367.516,
1079259,
131938.5,
43512.97,
12156.35,
61185.49,
443825,
116134.5,
0,
5368666,
2076, 
80743.66,
592408.8,
128071.4,
34894.6,
302587,
212367.2,
287248.6,
273078.9,
206478.4,
81416.64,
139010.1,
69382.27,
62058.64,
29142.24,
81911.11,
59148.05,
394964.2,
536789.9,
6720.287,
1085107,
139254.2,
43820.02,
12187.23,
67315.14,
459787.1,
123513.1,
0,
5509406,
2077, 
81678.03,
596970.6,
134767.8,
36289.51,
305609,
216548.3,
300568.2,
303466.3,
215342.2,
85683.73,
137757.4,
70322.49,
62275.13,
28813.59,
83599.36,
61630.35,
412996.9,
531167.9,
7559.438,
1103621,
148890.8,
43981.58,
12293.14,
69664.72,
475665.9,
131809.4,
0,
5658973,
2078, 
82673.23,
601452.3,
141952,
38606.43,
308447.7,
220618.2,
312130.4,
333731.4,
227307.6,
89625.51,
135996.4,
70162.43,
62648.49,
28515.8,
87463.23,
64632.16,
423970.7,
526311.1,
8557.974,
1115411,
155083.9,
44169.68,
12321.51,
75792.72,
491145.2,
140191.2,
0,
5798918,
2079, 
83740.9,
606281.7,
151711.4,
40213.09,
312245.7,
223696.5,
322683.2,
364550.2,
239568,
96451.5,
135450.9,
69409.86,
62972.73,
28262.85,
93786.48,
67566.76,
434688.7,
521546.1,
9929.435,
1119425,
157668.4,
44736.04,
12126.57,
77330.7,
506292.4,
149408.7,
0,
5931744,
2080, 
84906.2,
611111.3,
161704.5,
40875.45,
322851.9,
224780.9,
337091.3,
393757.9,
251266.7,
99512.52,
137608,
69355.41,
63260.95,
28092.05,
96450.14,
71899.06,
447301.2,
513853.3,
11146.8,
1122358,
158314.8,
45064.05,
11907.8,
84697.43,
521394.9,
159218.2,
0,
6069781,
2081, 
84373.58,
615558.8,
169630.9,
40734.02,
335292.6,
224565,
358268,
429237.7,
270248,
101106.8,
141680.1,
69969.94,
63323.83,
27937.98,
93790.49,
75598.62,
454521.3,
507177,
11919.17,
1121615,
160108.6,
45438.46,
11908.1,
86721.28,
536675.6,
169260.1,
0,
6206661,
2082, 
82247.08,
619155.3,
177965.3,
41109.32,
350270.1,
225417.8,
375367.4,
468452.8,
285549.7,
99221.19,
146621.5,
70419.11,
63429.34,
27816.03,
90061.73,
79208.67,
463986.3,
500190.3,
12428.42,
1124493,
160928,
45757.67,
11880.64,
90697.82,
552031.1,
175998,
0,
6340704,
2083, 
80049.31,
622128,
182890.1,
41304.22,
364644.9,
227706.9,
383658.3,
503602.4,
304125.4,
97969.48,
150090.8,
70500.17,
63848.57,
27742.67,
88763.63,
83779.97,
479940.6,
490973.6,
12876.16,
1126043,
162530.5,
45823,
11913.66,
93918.68,
567464,
182629.3,
0,
6466918,
2084, 
78600.12,
625261.3,
189091.1,
41855.72,
384739.3,
228907.7,
393724.8,
520869.8,
318270,
92537.57,
151119.7,
70572.06,
63876.23,
27687.1,
87290.45,
86646.94,
497459,
479937.1,
13221.89,
1128778,
165168.5,
46796.88,
12144.19,
97370.56,
583124,
189292.8,
0,
6574343,
2085, 
77022.16,
629270.7,
195370.2,
42516.31,
404130.1,
230684.9,
415755.4,
538764.4,
333416.2,
88150.83,
151351.3,
70562.66,
63848.63,
27652.55,
87334.4,
89437.78,
523302,
464828,
13512.74,
1130432,
165034.4,
48741.21,
12257.19,
101763,
599377.4,
196140.5,
0,
6700657,
2086, 
75094.84,
632937.3,
201779.1,
42608.82,
415225.1,
229901.1,
437819,
558623.5,
352399.1,
83377.88,
150055.4,
70480.63,
63956.67,
27613.61,
88196.07,
92418.17,
541081.7,
448901.8,
13793.84,
1131867,
163718.2,
51718.54,
12334.76,
106041.7,
616357.7,
203874.4,
0,
6812176,
2087, 
72832.36,
633464.6,
200909.8,
41827.5,
428344.8,
230672.2,
460557.4,
578747.6,
372436.1,
79508.55,
149514.7,
70245.52,
64011.09,
27598.82,
90362.56,
95492.36,
557926.9,
431264,
14042.79,
1124588,
160945.4,
55499.76,
12323.69,
109551.9,
633309.1,
215614.1,
0,
6911592,
2088, 
69663.28,
632518.6,
197428.6,
40881.05,
434952.9,
232143.2,
475668.3,
599127.5,
393629.9,
76351.66,
148817,
70161.53,
64058.79,
27607.43,
93556.2,
99695.61,
574430.8,
414137.5,
14217.52,
1092614,
157879.5,
60503.89,
12328.3,
111230.1,
650392.8,
229410.6,
0,
6973406,
2089, 
66225.02,
633872.6,
193143.5,
39886.3,
441614.4,
234598.7,
490858.1,
619430.1,
411695.5,
73895.27,
148719.3,
70100.24,
63951.26,
27633.59,
96957.55,
104415.5,
588963.9,
399547,
14312.65,
1069119,
156353.6,
63732.22,
12296.82,
112438.7,
667425.3,
243416.7,
0,
7044603,
2090, 
62543.1,
623527.3,
193197.8,
39104.95,
446235.7,
237718.2,
500287.7,
657655.5,
429615,
72827.58,
151107.4,
69897.42,
63939.73,
27700.29,
101324.1,
110859,
601328.2,
386203.4,
14341.38,
1047282,
157076.5,
64259.69,
12248.7,
113777,
683159.8,
256399.7,
0,
7123617,
2091, 
58020.45,
618833.9,
196365.5,
38409.21,
455194.9,
240474.9,
506873.6,
708755.1,
448939.7,
73553.85,
154099.1,
69594.04,
63767.48,
27754.28,
105697.1,
117629.3,
603233.9,
378829.5,
14513.54,
1022717,
160249.2,
65996.95,
12163.38,
115128.3,
698279.9,
266054.8,
0,
7221129,
2092, 
54157.58,
625063.3,
196465.9,
38725.9,
462864.9,
242954.9,
503860.6,
763288.1,
467177.4,
74281.34,
157468,
69298.08,
63724.71,
27806.89,
110096.2,
123358.7,
599035.6,
376348.4,
14764.59,
1003155,
164100.5,
66171.77,
12056.93,
116534,
713918.8,
275107.6,
0,
7321786,
2093, 
50821.3,
627841.1,
197373.3,
39663.98,
470433.8,
245340.6,
502177.9,
802597.4,
485341.4,
75082.17,
159112.8,
69075.22,
63690.03,
27945.5,
113599,
129961.9,
592520.1,
370495.8,
15099.51,
985017.6,
168248,
66675.02,
12095.66,
117737.3,
729683.1,
288567.3,
0,
7406197,
2094, 
48061.28,
628347.9,
199696.3,
40851.01,
481485.3,
247748.4,
502533.3,
839531.3,
505056.2,
75902.46,
157896.3,
68963.04,
63839.17,
28018.44,
116750.8,
137322.1,
587344,
363223.8,
15385.62,
965311.2,
170832.4,
67932.95,
12375.95,
119001.1,
736293,
302693.3,
0,
7482397,
2095, 
46118.45,
622778.6,
200971,
42264.18,
488946.7,
250321.5,
500683.5,
886728.6,
516242.7,
76490.84,
158312.5,
69033.54,
64092.55,
28083.13,
118937.7,
145024,
582535.4,
355786.9,
15565.82,
942643.7,
172275.7,
70236.34,
12704.93,
120305,
745295.9,
318717.1,
0,
7551097,
2096, 
43861.51,
616611.3,
205023.7,
43079.48,
492500.6,
252878.2,
495644.9,
922015.7,
520848.5,
76575.09,
159561.8,
69242.55,
64440.51,
28164.73,
120330.2,
153559.7,
580999.4,
348536.3,
15560.27,
926953.4,
172402.4,
72991.69,
13237.81,
121753.7,
752267.4,
339443.5,
0,
7608484,
2097, 
40891.67,
609894.6,
208588.1,
43072.52,
494648.5,
255436.1,
495645,
970566.1,
521031.3,
76774.77,
160042.9,
69471.92,
64616.38,
28294.61,
120944.2,
159778.4,
587628.1,
343459.8,
15545.54,
919822.3,
172237.5,
74949.7,
13735.88,
122947.9,
754069.9,
356462.7,
0,
7680557,
2098, 
38470.02,
602407.2,
215204.7,
42123.28,
498339.1,
257868.5,
490505.6,
1025075,
527525.1,
77308.7,
161576.2,
69730.15,
64838.02,
28458.41,
119350.7,
165444.4,
602194.3,
338250.1,
15519.43,
913272.9,
173293.9,
77295.06,
14000.89,
124125.4,
758237.6,
370960.7,
0,
7771375,
2099, 
37234.23,
594574.6,
223100.1,
40367.59,
501366.3,
260255.5,
483981,
1080360,
530693.1,
77103.2,
162199.1,
70056.76,
65141.72,
28613.82,
115246.6,
170516.7,
622491.6,
336432.3,
15531.66,
907462.1,
174674.3,
78678.48,
13952.86,
125443.5,
751032.8,
386974.9,
0,
7853485,
2100, 
37087.45,
585000.5,
232503.4,
38475.14,
502093.6,
262524.2,
476717.6,
1119722,
534925.1,
76226.66,
163241,
70447.73,
65423.89,
28795.24,
110303.7,
175983.7,
640642.8,
337074.3,
15560.51,
901843.2,
175448,
79138.93,
13983.28,
126710.7,
742186.3,
402127.4,
0,
7914187];
