real main.em.ep.isp.StorResTot[28](t) = [1971, 
651.5343,
6662.301,
42.08245,
21.60213,
64.96689,
80.57098,
58.75524,
41.05855,
12.20759,
218.7674,
4050.518,
794.3257,
45.14894,
639.8839,
126.0057,
1848.95,
149.6624,
189.8941,
60.786,
215.9777,
32.17176,
2.735793,
947.4415,
247.1319,
13.94703,
25.39259,
0,
17243.82,
1972, 
743.1379,
6664.728,
47.7262,
24.07365,
71.01305,
85.62901,
59.5344,
44.36075,
13.14336,
237.3148,
4228.148,
866.3724,
52.09121,
676.2775,
129.2396,
1948.799,
169.1202,
198.1338,
65.41999,
236.9972,
36.51493,
3.161403,
1012.384,
243.989,
13.98373,
36.3438,
0,
17907.64,
1973, 
823.4536,
7276.438,
51.89817,
26.7822,
82.26498,
95.7737,
61.004,
49.39493,
13.3358,
252.2585,
4534.185,
902.643,
52.66745,
714.8611,
138.3771,
2062.626,
202.3026,
204.9313,
74.03787,
259.1164,
43.11644,
3.88229,
1095.986,
278.0313,
16.24768,
46.19956,
0,
19361.81,
1974, 
851.8475,
7332.585,
65.72918,
27.9819,
91.64121,
104.7265,
65.23281,
49.52388,
12.89815,
269.9228,
4643.078,
958.119,
59.58812,
756.1116,
148.4388,
2188.701,
226.6788,
214.7355,
81.40347,
268.0446,
45.88003,
5.151445,
1082.19,
298.4529,
18.27978,
58.22723,
0,
19925.17,
1975, 
829.4708,
7548.269,
69.66646,
27.81349,
98.71245,
109.7047,
74.15015,
55.54008,
13.42982,
290.122,
4627.427,
1001.688,
71.43203,
685.0228,
132.0404,
2029.392,
263.1306,
237.9871,
91.05245,
317.319,
47.80796,
5.849806,
1106.663,
309.6375,
20.51815,
61.28817,
0,
20125.13,
1976, 
887.3736,
8061.648,
73.96089,
31.44196,
113.7738,
118.3513,
85.01038,
57.75348,
15.56682,
303.738,
4975.722,
1064.596,
81.15306,
715.8107,
139.8739,
2160.233,
310.0076,
266.9823,
99.52127,
351.9517,
53.87077,
5.430489,
1184.029,
322.8207,
21.59112,
65.74049,
0,
21567.95,
1977, 
951.7455,
8331.671,
79.97083,
34.06802,
125.4774,
129.5805,
97.22928,
63.17781,
16.35658,
303.796,
5086.99,
1110.645,
90.79747,
736.6292,
144.6624,
2236.307,
392.5284,
283.8665,
108.9099,
384.2584,
59.81034,
6.788415,
1233.85,
339.6395,
23.24754,
71.49924,
0,
22443.5,
1978, 
1020.996,
8559.443,
88.3676,
35.96863,
138.9407,
135.9336,
109.4434,
61.04873,
17.19222,
316.9648,
5276.29,
1168.905,
96.68808,
760.6332,
149.6674,
2341.145,
443.0547,
311.8177,
120.7874,
437.9878,
61.91246,
9.509306,
1291.158,
349.9268,
26.12036,
69.42392,
0,
23399.33,
1979, 
1070.171,
8729.813,
94.73719,
37.54453,
155.6575,
151.5532,
122.3724,
70.43597,
17.6326,
332.7302,
5500.41,
1177.954,
98.70918,
779.6888,
205.7969,
2397.325,
512.4427,
316.3133,
130.9079,
478.6803,
67.35005,
11.46119,
1360.344,
366.1624,
29.25215,
74.78744,
0,
24290.23,
1980, 
1100.516,
8839.18,
99.38868,
37.87766,
178.6554,
162.1609,
136.8136,
78.82357,
17.83863,
360.1647,
5537.828,
1232.66,
101.6957,
816.4669,
225.3084,
2582.525,
567.5072,
330.1799,
136.6896,
468.131,
72.07088,
14.42511,
1343.363,
383.7989,
30.68501,
68.90266,
0,
24923.66,
1981, 
1157.09,
8909.859,
108.5302,
39.18369,
171.8719,
168.5743,
155.3696,
77.11351,
18.86036,
411.1879,
5594.711,
1241.718,
106.6037,
836.2609,
230.855,
2726.784,
672.9659,
362.1985,
147.5992,
472.7571,
76.6324,
14.23497,
1357.065,
408.6898,
32.8315,
65.34301,
0,
25564.89,
1982, 
1136.058,
8688.75,
113.4095,
40.57534,
180.2194,
171.0359,
170.1496,
85.83471,
20.4164,
432.2899,
5586.426,
1259.721,
116.2423,
853.111,
239.0651,
2830.601,
797.8285,
386.6031,
155.6199,
504.137,
82.1542,
17.32995,
1343.73,
415.6123,
35.22574,
65.2659,
0,
25727.41,
1983, 
1187.16,
8878.192,
112.5313,
43.13845,
186.5169,
179.2569,
187.7583,
79.84968,
21.7321,
440.0708,
5719.142,
1317.657,
121.5037,
877.2928,
246.6496,
2978.39,
816.7967,
413.5939,
169.5538,
544.8013,
89.82158,
20.33164,
1418.878,
426.0636,
39.1615,
63.88533,
0,
26579.73,
1984, 
1279.878,
9274.39,
121.9217,
44.38152,
208.6821,
184.5302,
207.2545,
74.1756,
21.76359,
486.7347,
5928.742,
1378.836,
137.3197,
911.7481,
257.2548,
3168.132,
880.3057,
457.3213,
182.6243,
571.9357,
96.85426,
23.91775,
1493.584,
455.2826,
44.1786,
62.97643,
0,
27954.72,
1985, 
1357.436,
9440.135,
106.3653,
43.75373,
225.9766,
187.9616,
222.6229,
89.90286,
23.32075,
503.4824,
6149.178,
1383.467,
150.0041,
934.8961,
265.9077,
3287.403,
944.2718,
501.3247,
196.6258,
611.5358,
102.2769,
24.83817,
1551.948,
488.7081,
47.70227,
65.33821,
0,
28906.38,
1986, 
1388.987,
9431.795,
119.1544,
46.76657,
238.9479,
212.846,
219.9135,
94.12849,
24.75148,
517.3594,
6248.405,
1447.913,
171.9918,
956.4094,
270.1849,
3435.084,
1029.16,
547.5707,
212.1964,
670.936,
105.8192,
34.99953,
1574.154,
504.9262,
52.75277,
66.81181,
0,
29623.96,
1987, 
1480.768,
9599.564,
128.0912,
49.48165,
242.1289,
228.9782,
235.2785,
98.10892,
26.71566,
529.7612,
6454.689,
1477.736,
192.5159,
992.7374,
272.0798,
3572.937,
1052.563,
594.9044,
235.6988,
741.3655,
114.1199,
40.56454,
1678.871,
532.5202,
58.37646,
65.13058,
0,
30695.69,
1988, 
1515.47,
9991.863,
130.5549,
49.77978,
251.3054,
258.8858,
256.5076,
103.0374,
28.43357,
549.8065,
6738.333,
1470.669,
202.0823,
1024.183,
276.9368,
3660.732,
1210.957,
655.4727,
266.509,
811.0547,
125.3007,
42.84606,
1774.558,
556.6133,
66.99831,
72.00517,
0,
32090.89,
1989, 
1483.442,
10898.31,
138.3461,
53.15834,
267.3742,
247.344,
268.4909,
107.554,
30.07609,
562.0959,
6954.356,
1489.864,
218.0068,
1042.152,
278.4245,
3929.543,
1235.245,
716.1543,
290.5589,
872.066,
137.423,
47.39959,
1887.378,
597.5944,
69.8728,
69.05097,
0,
33891.28,
1990, 
1436.097,
11103.51,
142.8049,
53.64337,
256.157,
266.8235,
277.9583,
109.5198,
34.60491,
571.2708,
7109.383,
1408.163,
240.8647,
1121.767,
345.3876,
3831.769,
1322.039,
770.1458,
311.961,
926.8807,
151.1902,
56.31755,
2059.753,
613.0417,
76.03208,
76.81652,
0,
34673.91,
1991, 
1520.486,
11197.95,
147.5194,
52.20329,
272.3797,
251.125,
293.1727,
111.9393,
36.85384,
572.0761,
7268.85,
1343.249,
245.3357,
1034.106,
295.8364,
3572.459,
1463.87,
838.6843,
328.7474,
1107.987,
163.0661,
63.7285,
2127.467,
630.2851,
81.54287,
84.63546,
0,
35105.55,
1992, 
1555.996,
11400.44,
151.2603,
55.09789,
279.6952,
259.7022,
309.9341,
116.1849,
38.26927,
586.3565,
7319.005,
1248.583,
276.4901,
881.0822,
274.5659,
3089.787,
1556.87,
876.326,
349.4074,
1223.301,
176.5753,
69.63503,
2152.391,
642.6923,
89.56591,
73.20712,
0,
35052.42,
1993, 
1610.014,
11674.79,
152.9257,
56.25336,
290.9452,
274.2719,
335.337,
116.6131,
39.69597,
610.4304,
7331.786,
1247.323,
303.8206,
799.4496,
231.2749,
3119.418,
1603.986,
924.9092,
386.9567,
1262.903,
194.6026,
77.84192,
2176.418,
663.0656,
93.45965,
74.84407,
0,
35653.34,
1994, 
1698.638,
11971.24,
164.4977,
60.35305,
299.2097,
291.1114,
358.1979,
116.6067,
40.5304,
630.9039,
7487.983,
1322.125,
319.6058,
728.6999,
227.3057,
2752.347,
1705.7,
992.4897,
434.0207,
1370.632,
219.5738,
86.56419,
2276.654,
683.5645,
98.24709,
72.57017,
0,
36409.37,
1995, 
1716.221,
12314.74,
167.8317,
63.69207,
314.2012,
304.9057,
378.8947,
123.3033,
44.27421,
638.8261,
7682.944,
1319.704,
357.3271,
764.7353,
225.4767,
2745.575,
1790.839,
1076.425,
483.9916,
1491.81,
243.3461,
100.4082,
2314.044,
702.7761,
104.4558,
74.16449,
0,
37544.92,
1996, 
1767.091,
12612.32,
159.7369,
67.02302,
329.8972,
319.1935,
428.2096,
128.4475,
46.33263,
666.8746,
7804.327,
1455.588,
388.3974,
767.2689,
217.7438,
2711,
1865.74,
1135.946,
536.2814,
1567.412,
264.9481,
116.5101,
2381.012,
717.4484,
109.4885,
66.9756,
0,
38631.21,
1997, 
1793.254,
12918.12,
171.9807,
72.52254,
347.0988,
344.6682,
461.1024,
128.9829,
49.93093,
691.2816,
7956.557,
1482.571,
423.169,
760.2098,
213.58,
2668.773,
2017.888,
1198.808,
586.2389,
1662.502,
283.6158,
123.0141,
2434.721,
740.8954,
113.6667,
70.27987,
0,
39715.43,
1998, 
1771.589,
13228.41,
185.5526,
77.78594,
357.8865,
363.0717,
492.3503,
125.9726,
51.33597,
682.0064,
8129.692,
1501.801,
450.8383,
730.6346,
205.3922,
2701.893,
2276.147,
1283.698,
574.8156,
1742.925,
279.5461,
126.8134,
2439.215,
784.2238,
117.8154,
91.86442,
0,
40773.28,
1999, 
1808.022,
13432.55,
196.6114,
83.88288,
371.7747,
363.609,
521.7943,
132.2535,
52.82085,
680.2275,
8220.543,
1468.318,
466.1482,
755.1091,
201.7715,
2773.94,
2181.883,
1379.012,
639.666,
1815.648,
298.8713,
148.1258,
2475.087,
825.4231,
117.6831,
99.42213,
0,
41510.2,
2000, 
1862.348,
14055,
209.571,
85.83012,
385.4215,
382.4801,
555.7893,
136.4134,
54.75759,
712.5422,
8253.021,
1559.255,
503.6083,
746.6587,
205.5313,
2908.319,
2198.635,
1457.249,
757.0422,
2050.63,
324.407,
159.5318,
2582.829,
848.4988,
128.3606,
108.2201,
0,
43231.95,
2001, 
1816.703,
13378.23,
216.042,
88.13031,
377.4438,
380.2495,
588.356,
145.0848,
57.3063,
689.076,
8233.446,
1697.558,
502.6698,
794.3773,
197.5686,
3039.252,
2298.491,
1512.992,
808.4637,
2257.996,
344.5858,
168.7352,
2560.828,
899.1692,
144.0589,
121.9242,
0,
43318.74,
2002, 
1841.69,
13731.12,
219.4068,
91.89227,
400.2731,
375.5947,
616.1567,
154.157,
57.46857,
745.9126,
8042.529,
1619.96,
534.6723,
790.0808,
201.2873,
2935.146,
2386.734,
1559.412,
863.97,
2443.81,
365.3075,
178.6555,
2613.717,
897.5086,
151.986,
129.9114,
0,
43948.36,
2003, 
1793.388,
13846.62,
269.127,
93.96069,
416.398,
394.6729,
647.5139,
152.2271,
60.90741,
780.8208,
7973.575,
1625.787,
580.3297,
818.8633,
213.9438,
2991.425,
2509.429,
1665.366,
901.4199,
2799.827,
394.9189,
186.6019,
2613.201,
853.4349,
161.4112,
124.3611,
0,
44869.53,
2004, 
1819.805,
14240.62,
268.6954,
94.53964,
445.3099,
420.8025,
685.7575,
168.1796,
66.07278,
806.9061,
7900.218,
1721.329,
621.0631,
856.0839,
221.7109,
3085.423,
2672.821,
1772.698,
950.4913,
3210.059,
421.7807,
199.2478,
2692.233,
873.1596,
174.4674,
133.4705,
0,
46522.95,
2005, 
1771.526,
14206.42,
282.4268,
99.49472,
458.237,
437.4566,
701.2105,
178.5792,
71.34225,
817.1768,
7802.542,
1687.264,
660.4045,
832.4237,
227.3159,
3483.111,
2682.938,
1884.665,
1013.019,
3632.229,
454.9926,
212.8036,
2762.729,
866.4258,
187.8811,
143.6056,
0,
47558.21,
2006, 
1709.41,
14009.62,
290.3228,
105.305,
478.9375,
462.8384,
743.4828,
189.2573,
76.10659,
856.1068,
7645.967,
1714.048,
710.2521,
870.8588,
232.4879,
3508.001,
2837.534,
2040.579,
1044.871,
4174.483,
481.2018,
216.4338,
2809.333,
862.0928,
198.8869,
147.1754,
0,
48415.6,
2007, 
1811.521,
13963.29,
301.7925,
108.2725,
507.684,
474.0297,
822.9776,
200.0891,
83.13345,
877.1299,
7397.994,
1702.85,
767.9475,
884.0272,
241.9455,
3536.814,
3059.928,
2192.875,
1104.145,
4813.509,
510.1429,
220.6743,
2895.632,
902.8156,
205.7303,
150.9451,
0,
49737.9,
2008, 
1799.222,
13370.56,
306.446,
106.4963,
528.8416,
505.1321,
860.4685,
204.1229,
83.39806,
873.7645,
7355.368,
1701.169,
776.0569,
839.9697,
222.132,
3606.92,
3192.406,
2110.167,
1182.932,
5355.723,
523.0217,
225.6622,
2800.889,
899.7032,
214.3346,
153.4443,
0,
49798.35,
2009, 
1719.509,
12334.92,
304.1854,
106.321,
534.5541,
511.1579,
981.1141,
212.5661,
92.03215,
852.3444,
6871.622,
1642.689,
754.8705,
726.1322,
212.9563,
3408.006,
3522.736,
2265.636,
1239.852,
6257.074,
549.7394,
230.7045,
2807.441,
814.3376,
223.551,
166.6309,
0,
49342.68,
2010, 
1709.429,
12362.88,
322.7688,
111.1119,
593.5747,
505.7808,
1067.878,
229.9068,
107.0264,
888.4998,
7307.226,
1708.807,
813.5494,
747.9816,
235.1122,
3428.672,
3691.417,
2443.975,
1339.395,
7647.857,
601.0918,
248.8838,
2962.943,
833.6693,
231.4323,
175.9045,
0,
52316.77,
2011, 
1786.858,
11538.67,
357.9908,
116.3,
615.1259,
523.1037,
1105.346,
237.2029,
126.956,
897.8704,
7649.443,
1740.245,
883.0585,
764.4761,
227.6775,
3510.061,
3852.424,
2722.776,
1397.584,
9506.831,
633.8957,
264.648,
3038.494,
808.0284,
247.5583,
179.6611,
0,
54732.28,
2012, 
1746.17,
11168.36,
379.5102,
120.6114,
648.6299,
558.8654,
1176.608,
244.3765,
142.7649,
893.5804,
8138.917,
1677.46,
955.4653,
770.0712,
242.5612,
3513.993,
4118.81,
2876.469,
1461.777,
11115.98,
708.6563,
277.3099,
3242.021,
821.1202,
268.0741,
184.595,
0,
57452.75,
2013, 
1650.458,
10881.02,
363.3022,
126.7496,
676.2372,
600.7853,
1247.389,
275.4204,
156.8719,
934.9783,
7880.975,
1675.433,
971.6067,
753.2581,
290.7654,
3527.436,
4381.133,
3095.586,
1539.667,
13492.18,
790.7017,
305.572,
3975.731,
855.6895,
305.6815,
194.6111,
0,
60949.23,
2014, 
1606.614,
10816.8,
383.4328,
131.7153,
718.9531,
605.6639,
1327.18,
292.3049,
180.1927,
1085.564,
7987.755,
1656.149,
1027.43,
716.6524,
265.6424,
3560.837,
4765.558,
3507.339,
1645.145,
16180.29,
922.7665,
328.4542,
5109.435,
831.9706,
336.0135,
221.3582,
0,
66211.22,
2015, 
1524.928,
11058.15,
399.1131,
143.8965,
722.8868,
650.2382,
1504.076,
321.6363,
206.6086,
1169.428,
7362.713,
1608.427,
1101.21,
659.3539,
276.444,
3579.068,
5335.758,
3879.401,
1805.017,
19931.21,
1043.333,
350.2894,
6633.439,
874.8389,
362.2028,
233.0275,
0,
72736.7,
2016, 
1507.834,
10939.86,
422.823,
147.7332,
759.9662,
659.3724,
1655.151,
335.7383,
220.5515,
1351.217,
7727.301,
1630.023,
1284.094,
659.573,
329.0663,
3577.742,
5913.572,
4440.799,
1964.205,
23589.29,
1277.522,
378.9613,
7923.029,
937.3977,
429.1906,
227.8817,
0,
80289.9,
2017, 
1557.487,
11279.59,
429.8705,
147.2742,
813.7439,
660.5446,
1718.924,
360.9227,
237.3394,
1542.859,
7931.197,
1630.415,
1735.668,
680.0665,
416.761,
3643.963,
6083.034,
5121.346,
2193.007,
29349.69,
1410.473,
404.0311,
9238.98,
1025.144,
494.2236,
249.2628,
0,
90355.82,
2018, 
1515.996,
11774.19,
460.4052,
155.7493,
849.4174,
671.7466,
2018.688,
408.5034,
292.2487,
1821.184,
8518.672,
1862.209,
2839.966,
753.7078,
433.778,
3630.754,
6174.818,
6045.3,
2485.209,
36036.39,
1545.215,
472.5042,
10563.79,
1185.073,
542.9982,
279.9355,
0,
103338.4,
2019, 
1571.52,
11910.45,
458.2002,
161.921,
908.7754,
636.9842,
2248.98,
448.9818,
337.1151,
1910.643,
9786.902,
1790.19,
3180.943,
940.3904,
475.2014,
3677.757,
7276.063,
6728.713,
2931.073,
42054.94,
2113.411,
518.1381,
11910.23,
1377.214,
579.3928,
327.6026,
0,
116261.7,
2020, 
1543.112,
11507.93,
474.324,
152.3795,
881.4397,
630.1417,
2316.635,
484.5549,
360.1027,
2088.502,
10987.31,
1949.059,
3539.538,
1033.39,
451.6723,
3555.608,
7976.572,
7082.395,
3478.799,
51207.04,
2839.018,
522.1271,
13453.85,
1609.492,
613.5821,
333.7646,
0,
131072.3,
2021, 
1591.592,
12604.01,
504.4355,
166.8977,
975.2841,
707.6043,
2453.138,
537.4574,
407.8611,
2222.285,
11689.06,
2276.498,
4007.601,
1087.015,
563.1862,
3714.816,
8687.219,
8038.956,
4214.009,
62349.31,
4250.212,
563.1086,
15023.53,
1954.831,
706.9148,
369.8977,
0,
151666.7,
2022, 
1558.935,
13585.06,
543.0977,
178.0355,
1030.953,
707.4639,
2516.311,
640.812,
471.8266,
2252.63,
13230.12,
2571.445,
4521.872,
955.9213,
625.3192,
3686.38,
10335.24,
9574.072,
4643.239,
72657.42,
4432.534,
616.5179,
16383.81,
2337.895,
818.4584,
495.2414,
0,
171370.6,
2023, 
1480.389,
15394.56,
566.4048,
185.7144,
1107.456,
726.2224,
2732.529,
766.2106,
506.353,
2255.318,
15501.41,
3033.371,
5091.941,
983.5038,
719.122,
3735.39,
12141.46,
10555.7,
5159.932,
98372.95,
4790.623,
683.2316,
17095.83,
2884.023,
862.9127,
534.0123,
0,
207866.5,
2024, 
1403.583,
18158.58,
582.216,
194.0574,
1152.748,
757.0093,
3016.45,
855.699,
539.127,
2391.996,
17820.84,
3626.672,
8155.536,
806.2833,
807.8255,
3711.685,
13319.11,
12667.47,
5712.235,
128572.6,
5087.656,
738.5262,
17522.49,
3728.974,
950.7493,
587.4908,
0,
252867.7,
2025, 
1500.163,
22174.19,
621.0671,
278.9466,
1318.648,
807.4454,
3246.012,
974.7111,
800.5039,
3159.984,
19644.86,
4041.413,
9120.062,
847.6076,
869.0805,
3720.268,
29446.26,
17526.54,
6231.802,
145518,
5725.431,
1400.96,
20372.84,
4886.764,
1215.861,
665.2662,
0,
306114.7,
2026, 
1637.781,
25715.49,
657.9646,
294.1129,
1327.46,
840.8012,
2970.953,
1080.248,
1012.393,
2919.713,
21174.87,
4313.264,
8708.352,
922.0484,
1084.136,
3699.964,
46188.05,
22848.32,
7066.174,
167431.5,
6270.886,
1783.209,
24599.08,
5862.002,
1554.606,
649.9172,
0,
362613.3,
2027, 
1766.352,
28886.58,
709.4667,
368.152,
1340.258,
887.8217,
2766.184,
1446.959,
1259.721,
2641.92,
22858.94,
4685.125,
8815.709,
1054.572,
1859.915,
3675.938,
54899.85,
27714.85,
7062.249,
205884.8,
7285.439,
2981.42,
27712.8,
7211.895,
2034.924,
623.231,
0,
428435,
2028, 
1940.679,
31547.47,
1057.783,
478.0191,
1353.791,
1105.467,
2530.503,
2089.618,
1500.738,
2411.472,
25127.15,
4656.695,
9231.197,
1190.486,
2465.222,
3639.588,
58659.3,
34872.14,
7028.179,
238562.2,
9679.067,
5212.571,
29502.42,
8734.598,
3003.237,
605.6703,
0,
488185.3,
2029, 
2168.1,
34013.59,
1466.386,
593.5509,
1379.806,
1496.437,
2323.12,
2957.204,
1675.292,
2272.024,
27207.08,
5993.863,
10174.97,
1270.035,
3337.798,
3609.838,
62914.61,
43509.38,
7052.785,
274595.4,
12914.01,
8286.1,
45371.39,
10651.48,
4149.051,
575.2344,
0,
571958.6,
2030, 
2428.393,
36339.37,
1761.718,
762.2155,
1396.289,
1924.034,
2058.098,
3879.244,
1667.179,
3947.801,
29863.11,
6928.865,
10726.09,
1396.717,
4342.87,
3590.644,
65826.88,
53009.23,
7122.274,
307727.7,
16492.74,
11601.93,
39317.69,
12705.73,
5293.683,
507.1008,
0,
632617.6,
2031, 
2721.451,
36829.36,
2089.011,
974.5975,
1422.242,
2478.163,
1978.112,
4052.362,
1491.818,
3535.288,
35313.21,
8652.128,
11176.22,
1530.337,
5259.375,
3547.836,
59982.58,
62739.57,
7245.866,
346327.3,
20326.8,
15091.17,
41064.89,
14532.04,
6455.581,
428.2505,
0,
697245.6,
2032, 
3132.088,
38517.07,
2449.053,
1282,
1481.829,
3275.175,
2058.791,
4000.769,
1257.208,
3110.721,
100647.8,
22308.71,
11671.77,
1668.07,
6013.279,
3524.222,
54628.43,
76662.57,
7415.954,
393823.8,
24554.81,
16904.51,
43852.38,
16693.59,
7629.257,
343.7239,
0,
848907.6,
2033, 
3584.324,
40336,
2637.521,
1881.233,
1574.107,
4558.188,
2509.866,
3795.699,
973.3241,
2690.743,
172409.5,
71995.52,
11954.34,
1774.401,
7064.452,
3459.224,
49306.68,
99396.68,
7999.24,
441934.5,
27967.71,
19478.61,
46974.91,
19068.45,
8800.597,
249.0644,
0,
1054375,
2034, 
4219.181,
42714.99,
2741.424,
2662.458,
1677.891,
7907.245,
3337.388,
3489.578,
718.5539,
2283.629,
297499.3,
177651,
12098.52,
1895.457,
8290.109,
3435.917,
44979.06,
129609.1,
9158.122,
497366.6,
31632.6,
21877.84,
51028.26,
21670.88,
10255.9,
174.7856,
0,
1390376,
2035, 
4937.528,
46316.77,
2803.892,
3483.02,
1811.981,
13879.44,
4064.132,
3110.065,
486.257,
1887.706,
457508.6,
351885.3,
11933.67,
2004.657,
10229.13,
3416.506,
41269.83,
167503.9,
10315.95,
569258,
36097.08,
25334.61,
54155.57,
24594.61,
12942.2,
110.7689,
0,
1861341,
2036, 
5536.105,
59039.58,
2807.051,
4438.697,
2064.144,
25009.24,
5121.165,
3515.709,
458.0734,
1927.581,
594755.3,
414463.6,
13413.89,
2095.574,
12702.92,
3407.08,
45123.6,
206490.1,
14787.57,
645068.3,
41099.21,
29158.46,
56952.36,
28026.31,
16305.55,
129.4428,
0,
2233897,
2037, 
6301.672,
84489.68,
2855.888,
5739.938,
2432.693,
41295.42,
6148.952,
3947.798,
437.6956,
2034.621,
679909.9,
451336.2,
14928.6,
2227.548,
16388.53,
3405.92,
49375.12,
238947.7,
14971.94,
728869.8,
47074.3,
33776.79,
59942.44,
31677.69,
20939.42,
155.0448,
0,
2549611,
2038, 
9225.875,
120527.1,
2958.679,
7481.152,
2402.523,
70042.59,
7015.445,
4382.521,
421.1458,
2148.147,
740608.3,
473609.2,
16537.48,
2448.96,
20594.29,
3409.662,
57236.41,
279938.7,
15550.43,
813087.1,
54070.27,
38431.22,
63006.79,
35835.56,
26598.44,
198.2907,
0,
2867766,
2039, 
14325.19,
175658,
3371.708,
9564.622,
2345.23,
106885.3,
7671.714,
4836.386,
409.6523,
2260.126,
805600.6,
486014.5,
18214.38,
2781.914,
25111.63,
3418.711,
77759.54,
403423.8,
16138.77,
892609,
61844.32,
44008.53,
65358.38,
39747.54,
33058.7,
238.1951,
0,
3302657,
2040, 
21415.55,
261963,
3851.081,
11795.54,
2310.86,
141955.5,
8146.852,
5344.652,
402.3079,
2373.745,
864031.1,
492018.3,
19849.26,
3167.624,
31938.97,
3450.529,
104440.5,
561559.3,
16332.38,
1084327,
70238.48,
50432.37,
67207.19,
43197.81,
40699.38,
293.7928,
0,
3912743,
2041, 
32818.75,
317731.7,
4799.357,
13670.28,
2372.562,
172905.6,
8609.224,
5910.352,
398.7345,
2491.452,
853045.7,
499973.2,
22468.52,
3544.904,
40442.61,
3522.391,
131994.8,
750237.3,
16590.42,
1290838,
79757.77,
57819.12,
59383.85,
46966.09,
49779.58,
355.726,
0,
4468428,
2042, 
48236.3,
413537.3,
7685.527,
19932.5,
2439.619,
211855.3,
9087.392,
6517.692,
400.5443,
2613.969,
880387.8,
502180.3,
25680.03,
3702.883,
49974.96,
3631.204,
168939.6,
965664.1,
17239.78,
1493145,
90762.33,
65755.39,
60758.47,
51582.71,
59447.63,
426.6176,
0,
5161585,
2043, 
66385.14,
549182.4,
12675.37,
27733.68,
2534.375,
254665.9,
9606.016,
7249.539,
407.7362,
3040.979,
903990.6,
500065.9,
33288.96,
3838.083,
61118.88,
3762.891,
220991.9,
1199503,
18235.5,
1747815,
103315,
75267.23,
62734.45,
56295.3,
72355.12,
528.5692,
0,
5996588,
2044, 
86045.84,
764955.1,
18612.16,
37932.35,
2669.813,
301250.1,
11046.11,
8758.007,
424.5456,
3988.772,
927482.4,
495435.5,
41617.39,
3951.372,
78561.68,
3904.735,
286873.4,
1429728,
19261.61,
1982335,
117841.8,
84613.95,
65901.32,
61697.53,
89832.01,
705.6819,
0,
6925427,
2045, 
110654.3,
1022205,
44270.15,
51070.15,
2846.26,
357202.4,
15758.78,
10719.95,
453.9886,
5239.405,
937177.8,
491845.8,
50379.36,
4083.066,
98069.18,
4244.369,
387908.8,
1712918,
20595.25,
2253350,
134960.8,
91396.01,
68392.36,
68067.91,
108556.2,
945.2214,
0,
8053311,
2046, 
134768.6,
1293090,
81697,
65516.07,
3121.25,
405867.3,
24130.71,
12720.13,
537.9608,
6541.16,
944752.5,
486425.4,
60788.13,
4226.208,
119279.5,
4836.161,
449995.8,
1992424,
21562.18,
2571339,
155756.4,
100075.7,
68376.05,
75743.29,
128279.9,
1292.807,
0,
9213143,
2047, 
158423.5,
1499244,
131317.4,
79029.98,
3518.84,
470873.3,
36750.31,
14899.52,
756.0413,
8941.073,
941366.4,
483242.5,
71527.35,
4416.169,
147397.3,
5968.895,
535834.6,
2195941,
22102.38,
2927438,
181485,
107554.1,
65751.74,
81770.71,
152239.7,
1773.374,
0,
1.032956e+07,
2048, 
171834.2,
1723216,
184891.8,
91489.29,
4032.999,
520440.1,
54701.64,
17387.17,
1383.293,
12035.58,
945671.5,
480478.4,
80973.62,
4640.978,
178543.2,
7356.987,
601363.9,
2381847,
21817.39,
3313231,
229571.2,
115601.7,
62611.18,
87713.2,
176342.8,
2411.749,
0,
1.147159e+07,
2049, 
196407.1,
1933825,
239110.6,
105725,
4670.738,
567659.8,
76131.31,
20373.57,
2926.624,
16033.76,
941386.1,
476057.1,
91038.78,
5850.819,
208903.7,
8984.885,
647966.5,
2530956,
21494.32,
3759138,
280034.9,
122944.7,
55161.54,
93624.03,
203295.5,
3035.807,
0,
1.261274e+07,
2050, 
205987.9,
2211953,
260040,
120221.9,
5498.334,
610460.8,
98635.26,
24125.81,
4697.932,
20555.05,
948385.3,
471590.9,
109346,
7959.564,
233793,
10580.56,
672514.3,
2571658,
21319.33,
4211385,
338747.9,
130406.7,
49524.53,
99761.87,
236285.4,
3449.436,
0,
1.367888e+07,
2051, 
218423.7,
2536418,
275149.9,
136096.9,
6703.075,
651625.1,
119039,
28425.77,
5662.181,
25585.66,
954540.4,
466969.6,
122607.6,
11180.5,
255119.2,
12101.06,
698728.1,
2581604,
21733.77,
4662180,
378006.3,
142946.5,
45431.36,
107439.8,
270892.2,
3872.262,
0,
1.473848e+07,
2052, 
232257.8,
2809596,
289328.8,
156994.1,
8492.125,
702700.4,
138177.5,
33984.52,
7716.374,
32114.93,
953807.8,
462661.3,
136203,
15786.9,
279978,
13610.14,
731720.6,
2588751,
20556.02,
5027370,
418318.8,
145981,
42392.71,
113019.6,
328530.1,
4290.452,
0,
1.569434e+07,
2053, 
247584.9,
3095483,
306727.7,
177293.3,
11094.59,
737955.2,
166148.5,
41858.2,
10883.47,
41364.09,
935403.9,
457471.9,
153539.9,
22484.72,
303057.4,
15194.51,
802632.8,
2556112,
19528.96,
5376429,
453847,
142415.2,
42184.69,
118330.1,
394095.8,
4637.316,
0,
1.663376e+07,
2054, 
267005.7,
3369880,
330628.9,
197264.9,
14169.49,
789325.3,
216817.6,
50570.28,
17125.08,
51475.96,
901166.5,
450976.8,
167986,
31475.47,
329171,
16078.11,
858556.6,
2532755,
18704.93,
5743578,
494574.2,
144143.1,
42951.49,
121648.9,
464364.8,
4998.184,
0,
1.762739e+07,
2055, 
283786.7,
3523683,
358904,
219919.6,
18800.16,
820840.9,
257080.2,
60943.57,
21629.31,
70533.16,
871190.2,
437867.3,
171596.6,
45894.74,
359958.6,
16126.92,
931266.3,
2488298,
17200.23,
6134038,
507831.6,
142656,
42826.83,
124142.9,
518826.8,
5386.844,
0,
1.845123e+07,
2056, 
299160.2,
3656418,
391916.7,
229668.6,
24613.06,
853906,
338953.9,
71433.89,
23051.61,
96323.05,
832423.9,
433131,
179493.8,
62367.03,
378234.8,
16055.12,
1036070,
2466810,
15025.5,
6461323,
535763.9,
143899.9,
42197.93,
125723.7,
567975.8,
5802.112,
0,
1.928774e+07,
2057, 
314495.7,
3759482,
426017,
233220.9,
31092.31,
888684,
437132.5,
83761.58,
26249.54,
131429.5,
824786.6,
429884.4,
185529.2,
81509.47,
394499.5,
15796.78,
1170885,
2484188,
14635.42,
6729553,
563910.7,
145380.9,
41912.44,
127174.4,
629355.7,
7928.79,
0,
2.017849e+07,
2058, 
332120.3,
3824755,
446546.2,
231848.4,
41033.29,
919975.8,
547999.6,
97030.38,
30561.25,
163938.6,
827687.8,
422931.1,
191852,
102677.1,
412850.8,
15542.47,
1266759,
2475300,
14768.44,
6993691,
591237.2,
147449.3,
41909.54,
128758.4,
691506.3,
11756.26,
0,
2.097249e+07,
2059, 
353532.3,
3923294,
466904.5,
232442.9,
53340.88,
952409.1,
640099.6,
114129.3,
41923.09,
200119.8,
820397.4,
415776.6,
200728.8,
127110.9,
431994.8,
15477.34,
1368508,
2490561,
14830.28,
7224051,
605528.1,
155529.2,
40812.64,
130277,
793649.3,
17600.97,
0,
2.183103e+07,
2060, 
376293.3,
3948315,
489281.2,
232187.8,
70430.7,
990387,
720854.8,
131081,
63357.5,
232064.4,
798726.1,
398512.8,
210624.5,
154092.8,
451592.5,
16023.69,
1447757,
2530327,
15238.52,
7329197,
602038.6,
166680.1,
41433.46,
135489.7,
920740.1,
25907.41,
0,
2.249863e+07,
2061, 
398146.7,
3999281,
510270.6,
230570,
116866.8,
1019550,
795332.1,
147412.4,
102329,
253012.6,
779605.3,
382487.7,
219692.3,
180966.1,
469133,
17419.48,
1506871,
2583971,
15902.03,
7433131,
595246.8,
174798.4,
41632.45,
144653,
1047484,
34360.95,
0,
2.320013e+07,
2062, 
413026.6,
4046940,
531488.8,
231161.3,
205474.9,
1050991,
852899.9,
164997.3,
195052.6,
274773.9,
739101.9,
364033.5,
231148.4,
206465.4,
487184.9,
18860.72,
1556785,
2645575,
15708.71,
7527767,
603833.4,
182573.6,
41517.23,
159235.4,
1161949,
46071.8,
0,
2.395462e+07,
2063, 
432436.1,
4091919,
554684.6,
230671.7,
322264,
1075997,
907052.6,
195947.9,
304952.9,
300801.9,
694437.3,
344439.4,
246003.1,
222972.9,
505407.7,
20365.18,
1603638,
2703503,
15717.87,
7617775,
624610.1,
183662.7,
41519.38,
169746,
1278222,
62094.95,
0,
2.475084e+07,
2064, 
448598.1,
4136300,
579067.6,
233601.3,
474347.7,
1103961,
969572.6,
226810.8,
425862,
330826.4,
686946,
335343.7,
255578.9,
231528,
522869.8,
21825.99,
1647148,
2751797,
15788.91,
7704847,
638595.6,
175437.2,
41076.14,
185377.6,
1388823,
85080.89,
0,
2.561701e+07,
2065, 
461486.1,
4213009,
602485.4,
238573.8,
656162.8,
1127909,
1067463,
269870.5,
542649.1,
348984.2,
712976.9,
350926.8,
263590.9,
238573.9,
539580.3,
27282.39,
1698396,
2757335,
15982.33,
7788026,
664760.1,
164954,
40409.33,
196388.2,
1510057,
116975.8,
0,
2.661481e+07,
2066, 
469715.1,
4282190,
625504.1,
246209.6,
849303.6,
1154393,
1149989,
305328.8,
597015.1,
366317.7,
720108.1,
362619.6,
272537.7,
243430.1,
552494.1,
36894.53,
1763518,
2775260,
15992.94,
7867266,
701232.8,
157219.5,
39586.06,
211346.3,
1616900,
158217.1,
0,
2.754059e+07,
2067, 
477286,
4350802,
645918.9,
253872.6,
1020630,
1183358,
1246597,
344772.3,
668172.8,
383371.2,
721419.9,
374704.6,
279297,
245190.1,
565336.8,
47606.87,
1845810,
2771021,
16180.88,
7954238,
738857.4,
151586.5,
38878.67,
224855.5,
1728446,
209992.7,
0,
2.84882e+07,
2068, 
484181,
4400211,
666290.5,
261626.3,
1189358,
1216672,
1359776,
384690.2,
762816.5,
401249.8,
728561.4,
393473.2,
285307.5,
243785.4,
577468.8,
61515.31,
1965642,
2742560,
16221.6,
7998712,
758603.6,
150196.1,
38489.48,
243692.8,
1849248,
265920.7,
0,
2.944627e+07,
2069, 
491279.5,
4440372,
694894.6,
267360.8,
1338848,
1248399,
1488554,
427447.3,
846175.3,
422136.3,
737368.8,
412004.3,
291356.5,
241934.7,
589821.4,
78268.89,
2079761,
2704989,
16332.09,
8047762,
766119.9,
151697.5,
38286.67,
259122.8,
1974119,
321278.2,
0,
3.037569e+07,
2070, 
495931.5,
4462751,
742351.9,
268051.4,
1458523,
1276416,
1556027,
485225.7,
933061.6,
448909.4,
740417.9,
436112.6,
291384.6,
239812.4,
599870.9,
100057.9,
2179827,
2671006,
16060.12,
8095484,
736293.5,
154833.4,
37978.8,
280371.4,
2137821,
375701.9,
0,
3.122028e+07,
2071, 
499251.4,
4473585,
771759.3,
260211.8,
1570529,
1317930,
1619076,
561453,
1016353,
482698.8,
733461.8,
455282.6,
295511.4,
237620.2,
609075.6,
123261.4,
2266110,
2634672,
15919.81,
8147562,
712861.6,
156490.1,
37434.06,
296933.8,
2359521,
431558.8,
0,
3.208612e+07,
2072, 
501610.2,
4487457,
797325.4,
248089,
1683018,
1362270,
1674922,
651548.4,
1134958,
505615.3,
738377.6,
466884.2,
295282.9,
235444.9,
617775.6,
150265.4,
2352813,
2625829,
16139.72,
8196202,
678365.2,
159270.3,
36509.23,
314348.7,
2548266,
475138.3,
0,
3.295372e+07,
2073, 
503853.6,
4501883,
836148.7,
233014.3,
1814840,
1411086,
1731895,
764410.8,
1254007,
527408.3,
740904.6,
470629.8,
298238.3,
231985,
626171.1,
175464.5,
2442248,
2604347,
16039.87,
8230644,
678134.4,
163888,
35234.03,
336587.8,
2694687,
526743.3,
0,
3.385049e+07,
2074, 
506489,
4524961,
851190.1,
227207,
1938893,
1470664,
1797475,
915373.9,
1359991,
547515.8,
734512.8,
476025.4,
301608.5,
227888.7,
633799.4,
203777.1,
2545767,
2601831,
15880.12,
8285697,
711925.8,
165596.6,
34494.69,
359937.7,
2835778,
584595.8,
0,
3.485888e+07,
2075, 
509184.1,
4565988,
872595.7,
226965.4,
2020741,
1521984,
1871111,
1130801,
1442847,
562267,
725179.3,
483701.8,
305946.1,
223635.8,
641461.3,
230354.1,
2665082,
2586308,
16422.08,
8358401,
742082.8,
165680.4,
34255.02,
374592.8,
2976298,
648234.9,
0,
3.590212e+07,
2076, 
513195.1,
4596860,
905428.5,
232746.5,
2074682,
1546588,
1948135,
1330153,
1540621,
597571.1,
706808.5,
494194.3,
307353.9,
219709.3,
655288.9,
254581.9,
2824596,
2552727,
17469.67,
8449385,
794290.4,
166105.1,
34447.6,
410234.3,
3111931,
699182.9,
0,
3.698428e+07,
2077, 
519236.8,
4619188,
956343.9,
241337.5,
2130479,
1572770,
2039129,
1525864,
1632050,
627561.1,
692929.8,
508120.9,
308431.2,
216325.1,
668794.9,
269730.3,
2990689,
2507763,
20975.02,
8584584,
854266.5,
166049.4,
34972.63,
428985.6,
3223294,
759485.3,
0,
3.809935e+07,
2078, 
526938.3,
4612634,
1010702,
255233.7,
2190012,
1601605,
2116030,
1734707,
1728344,
664848,
675303.1,
513263.5,
311104.5,
213490.8,
699696,
288067.2,
3103770,
2465934,
25653.94,
8693893,
896703,
166244.3,
35184.57,
466431.4,
3327382,
821141.9,
0,
3.914432e+07,
2079, 
534846.3,
4593579,
1082060,
265434.6,
2255864,
1625262,
2184564,
1962390,
1819094,
704809.4,
668194.9,
507942.3,
313406.4,
211690.4,
746826.8,
306297.4,
3205122,
2424967,
33063.85,
8751943,
916776.9,
168794.3,
34477.45,
483706.8,
3413482,
890944.2,
0,
4.010554e+07,
2080, 
542823.6,
4560439,
1155256,
270921.3,
2344661,
1630887,
2274181,
2173303,
1902296,
726321.1,
682223.8,
505934.9,
315734.1,
209966.6,
766646.4,
334483.4,
3305153,
2369699,
40863.76,
8790928,
922491.1,
169710,
33667.04,
529320.3,
3474600,
966487,
0,
4.0999e+07,
2081, 
534583.3,
4537886,
1212744,
272025.3,
2443742,
1625615,
2402550,
2424167,
2027951,
741903.9,
714100.4,
506940.1,
315994.5,
209147.1,
748017.9,
359200.1,
3389437,
2317445,
46409.15,
8796674,
934399.1,
170817.9,
33692.82,
552068.6,
3513771,
1044388,
0,
4.187567e+07,
2082, 
517577.5,
4508185,
1271263,
275532.7,
2555967,
1630957,
2516479,
2720780,
2133460,
737517.8,
752543.5,
505748.1,
316695.6,
209414.4,
720502.4,
384465.5,
3495448,
2263776,
50166.77,
8814251,
938730.8,
171389.8,
33615.81,
583304.8,
3545152,
1107116,
0,
4.276004e+07,
2083, 
503077.8,
4461401,
1309379,
277801.7,
2662686,
1646089,
2597472,
3019035,
2257558,
735055.3,
779397.7,
502578.3,
320254.6,
210460.6,
710442.5,
417926.3,
3618525,
2198178,
53468.61,
8817685,
945244.6,
170374.7,
33743.27,
611192.8,
3571157,
1169289,
0,
4.359947e+07,
2084, 
492410.8,
4408079,
1355730,
281909.2,
2798248,
1663469,
2690687,
3183604,
2357751,
705286.9,
784902.8,
501546.4,
320356.4,
211853.3,
699555.8,
439253.3,
3749704,
2123488,
56396.04,
8826573,
959482,
175019.9,
34605.16,
640915,
3595714,
1237869,
0,
4.429441e+07,
2085, 
479571.1,
4363950,
1402766,
287515.4,
2922289,
1678518,
2835672,
3325199,
2463651,
680187.8,
783660.3,
498762.6,
320197.4,
212748.5,
700040.6,
460057,
3938575,
2031384,
59482.67,
8828231,
950936.8,
185719.4,
34979.41,
679718.8,
3673354,
1306980,
0,
4.510414e+07,
2086, 
463678.3,
4296484,
1450161,
288040.4,
3003882,
1681452,
2969678,
3454517,
2591116,
651442.8,
769676.4,
496731.9,
321644.1,
213692.7,
705916.3,
482408.3,
4065173,
1939052,
63096.91,
8828841,
931124.8,
203242.4,
35202.34,
717416.1,
3777691,
1382049,
0,
4.578341e+07,
2087, 
445949.7,
4176566,
1457243,
283805.5,
3090591,
1687113,
3123030,
3611994,
2721932,
627415.4,
765075.2,
494182.3,
322651.9,
213495.5,
723072,
505970.3,
4182613,
1842092,
67243.05,
8782468,
899403.9,
225054.2,
35094.72,
750261.7,
3873432,
1467853,
0,
4.63756e+07,
2088, 
422228.3,
4058007,
1451009,
278288,
3137934,
1698252,
3249421,
3794608,
2853787,
607485.4,
755951.3,
492942.5,
323763.8,
211667.4,
748449.6,
538854.7,
4297244,
1750417,
71416.73,
8581590,
869616.6,
253249,
35175.22,
779120.8,
3941651,
1566122,
0,
4.676825e+07,
2089, 
397008.2,
3984184,
1439102,
272769.2,
3181482,
1721730,
3376947,
4036950,
2964802,
591765.3,
751455.1,
491041.5,
323353.5,
210629,
775660.4,
574181.4,
4400611,
1675305,
74765.18,
8425844,
853649.6,
270632.1,
34999.96,
805158.6,
4004855,
1665930,
0,
4.730481e+07,
2090, 
371393.2,
3875356,
1449369,
268621.7,
3212607,
1741277,
3475229,
4382744,
3045959,
585745.7,
765269.3,
489619.2,
323956.9,
209873.9,
810592.6,
616985.5,
4491047,
1611143,
76000.51,
8276739,
854960.6,
271892.7,
34795.09,
830625.4,
4027896,
1762495,
0,
4.786219e+07,
2091, 
341311.4,
3830649,
1475552,
265341.2,
3263561,
1771553,
3552655,
4737276,
3129524,
592249.4,
785585.6,
486583.9,
322899.9,
209123.5,
845577.1,
663105,
4524607,
1578566,
78322.55,
8104883,
875908.4,
281057.4,
34489.18,
845348.1,
4046483,
1834308,
0,
4.847652e+07,
2092, 
316016.4,
3876823,
1493145,
267909.6,
3311024,
1795798,
3565780,
5103852,
3212547,
598590.4,
807175,
484603.7,
323100.9,
208331.7,
878553.1,
702074.9,
4518700,
1570935,
81286.38,
7964570,
904746.2,
281062.1,
34184.2,
864211.3,
4084862,
1903879,
0,
4.915376e+07,
2093, 
294513.2,
3892474,
1504789,
274771.7,
3355507,
1818015,
3579504,
5379579,
3293533,
605694,
815569.7,
481735.4,
323263.2,
207729.8,
903413.4,
746970.7,
4496529,
1551096,
84812.36,
7833567,
934183.9,
283739.4,
34428.07,
880113.2,
4134054,
1998121,
0,
4.97077e+07,
2094, 
277331.9,
3887672,
1524769,
282939.6,
3422623,
1835911,
3594505,
5633263,
3389455,
613274.5,
797980.8,
481338.8,
325136.3,
206505.1,
924804.1,
797340.5,
4481042,
1524763,
87840.52,
7693571,
949195.1,
291362.6,
35604.88,
897206.3,
4154667,
2103876,
0,
5.021398e+07,
2095, 
265843.9,
3829474,
1538258,
292323.2,
3474054,
1856734,
3604051,
5941781,
3456867,
619741.7,
801274.4,
481936.7,
327761.6,
209001.9,
938976.9,
851453,
4464289,
1500497,
89641.88,
7531186,
952123.2,
305111.8,
36987.37,
929549,
4197619,
2215353,
0,
5.071189e+07,
2096, 
252822.2,
3768105,
1567915,
297892.3,
3504025,
1871887,
3592983,
6185347,
3480774,
623839.4,
808681.6,
484500.3,
331383.5,
212040,
950943.5,
913639.6,
4465410,
1475535,
89674.38,
7415628,
943275.4,
322233.8,
39386.66,
942809.6,
4224849,
2358689,
0,
5.112427e+07,
2097, 
235915.3,
3705795,
1594352,
298123.7,
3526208,
1885567,
3609582,
6486190,
3475530,
628116.1,
811829.4,
484436.8,
333713.3,
214980.5,
957750.4,
962151.6,
4516066,
1463980,
89757.3,
7358578,
935117.9,
334187.4,
41770.91,
949394.6,
4213229,
2486093,
0,
5.159841e+07,
2098, 
222505.9,
3640225,
1638646,
292064.4,
3560178,
1895273,
3601611,
6840047,
3508905,
634444.3,
824666.8,
485821.2,
337024.9,
217998.8,
948040.9,
1008515,
4614207,
1446323,
89955.51,
7306184,
938521.6,
349403.9,
43133.26,
954216.4,
4224786,
2608249,
0,
5.223095e+07,
2099, 
215445.8,
3575366,
1690580,
280704.9,
3594253,
1905290,
3581603,
7204786,
3527599,
635868.5,
831286.2,
489774.2,
341203,
220287,
918677.3,
1051944,
4746264,
1452313,
90534.61,
7259697,
945556.6,
357579.1,
43019.4,
973270.4,
4162192,
2733536,
0,
5.282863e+07,
2100, 
214381.8,
3500317,
1751296,
268704.7,
3615513,
1909088,
3553759,
7505848,
3546643,
631995.1,
842657.7,
494222.5,
344806.9,
222743,
881832.8,
1093474,
4863566,
1475577,
91098.62,
7214858,
950156.6,
359791.1,
43275.91,
988569.8,
4085327,
2859020,
0,
5.330852e+07];
