real main.em.dem.hi.CE.Cement_Production[28](t) = [1971, 
8.317,
71.054,
7.520999,
5.215999,
9.803001,
14.936,
7.026,
3.428,
1.436,
5.861,
187.588,
41.77,
7.553,
1.94,
0,
100.331,
9.703,
14.931,
11.672,
32.187,
8.483,
0.487,
59.434,
5.586,
3.228,
2.222,
0,
621.713,
1972, 
9.091,
74.93,
8.753,
7.050999,
11.382,
15.606,
6.979,
3.822,
1.397,
6.112,
213.191,
45.894,
7.595,
1.952,
0,
104.299,
11.295,
15.785,
11.786,
36.019,
9.256001,
0.596,
66.292,
5.929,
3.102,
2.513,
0,
680.627,
1973, 
10.053,
77.576,
9.918,
7.588999,
13.398,
16.182,
6.846,
3.85,
1.411,
6.864,
206.852,
48.525,
8.946,
1.987,
0,
109.521,
10.994,
15.016,
13.975,
37.897,
11.17,
0.74,
78.12,
6.301,
3.464,
2.87,
0,
710.065,
1974, 
10.641,
73.558,
10.672,
7.624999,
15.187,
16.977,
7.144,
4.037,
1.451,
7.301,
203.452,
52.201,
8.94,
2.04,
0,
115.145,
13.005,
14.319,
14.842,
37.832,
10.829,
0.831,
73.108,
6.675,
3.863,
2.891,
0,
714.566,
1975, 
9.741,
62.13,
11.2,
7.123999,
16.391,
16.52,
7.791,
4.533,
1.419,
7.176,
192.852,
55.812,
10.833,
2.169,
0,
122.057,
14.87,
16.248,
17.129,
46.9937,
11.881,
1.077,
65.517,
6.292,
3.999,
2.667,
0,
714.4217,
1976, 
9.898,
67.581,
12.691,
7.634999,
18.675,
17.501,
7.991,
4.581,
1.513,
7.048,
198.166,
59.909,
12.154,
24.668,
0,
124.246,
15.867,
18.516,
18.873,
47.6281,
12.959,
1.81,
68.712,
6.162,
3.857,
1.775,
0,
770.4161,
1977, 
9.933,
72.629,
13.328,
7.535999,
21.123,
17.995,
8.849,
4.653,
1.77,
6.573,
203.119,
63.284,
13.39,
25.11467,
0,
127.056,
16.602,
19.173,
21.198,
56.7764,
13.686,
2.549,
73.138,
6.119,
3.928,
1.778,
0,
811.3,
1978, 
10.473,
77.546,
14.15,
8.235,
23.239,
19.139,
10.202,
4.846,
1.626,
6.823,
206.804,
66.265,
15.572,
24.61233,
0,
126.956,
18.953,
19.626,
22.133,
66.6375,
14.187,
3.649,
84.882,
5.952,
4.286,
1.749,
0,
858.5428,
1979, 
11.459,
76.648,
15.352,
8.558999,
24.871,
20.969,
13.056,
5.206,
1.652,
6.199,
209.948,
65.815,
13.573,
23.802,
0,
123.019,
23.557,
18.27,
24.413,
75.3604,
17.259,
4.432,
87.804,
5.981,
4.134,
1.757,
0,
883.0954,
1980, 
10.34,
68.241,
16.398,
8.938279,
27.194,
23.439,
14.922,
5.429,
1.80305,
7.125,
210.581,
71.827,
12.975,
23.71467,
4.2,
125.049,
26.268,
17.803,
23.612,
81.52399,
15.203,
5.259,
87.957,
6.057,
4.431,
1.672,
0,
901.962,
1981, 
10.152,
65.054,
18.173,
8.829503,
26.051,
23.459,
16.26,
6.641,
1.77682,
8.095,
204.569,
66.84,
15.043,
23.78933,
4.41925,
127.169,
31.741,
20.908,
23.617,
84.52,
16.272,
5.719,
84.82801,
6.553,
4.696,
1.869,
0,
907.0439,
1982, 
8.136,
57.475,
19.343,
8.506739,
25.644,
22.422,
16.086,
6.631,
1.60826,
8.08,
198.328,
75.157,
15.778,
24.054,
4.6385,
200.392,
34.413,
22.65,
25.887,
96.815,
17.921,
5.832,
80.686,
7.054,
4.644629,
1.73,
0,
989.9121,
1983, 
7.871,
63.927,
17.363,
8.913981,
20.87,
20.749,
18.043,
6.107,
1.599,
7.897,
198.173,
78.859,
13.595,
25.132,
13.49375,
208.56,
37.043,
25.261,
29.282,
110.132,
19.459,
8.095,
80.891,
6.262,
4.893568,
1.523,
0,
1033.994,
1984, 
9.386999,
70.452,
18.702,
8.833752,
19.497,
21.128,
22.488,
5.557,
1.568577,
8.084,
186.505,
82.269,
15.738,
26.015,
14.2401,
211.5,
43.223,
29.541,
28.413,
125.008,
19.517,
8.893001,
78.86,
5.617,
5.32135,
1.54,
0,
1067.898,
1985, 
10.192,
70.284,
20.255,
8.695295,
20.635,
21.206,
24.608,
6.944,
1.562796,
6.88,
176.347,
76.718,
17.581,
25.795,
15.051,
212.779,
44.516,
31.971,
28.509,
147.936,
17.98,
9.94,
72.847,
6.667,
5.57609,
1.65,
0,
1083.125,
1986, 
10.611,
71.112,
19.825,
9.727639,
25.252,
24.022,
22.808,
7.3322,
1.713959,
6.246,
176.827,
80.356,
20.004,
27.166,
16.889,
219.266,
42.843,
34.983,
31.53,
168.721,
18.707,
11.323,
71.264,
7.133278,
6.878,
1.924,
0,
1134.464,
1987, 
12.603,
67.38,
23.482,
10.28211,
25.468,
26.243,
26.097,
6.6949,
1.888073,
5.999,
181.316,
80.014,
21.98,
27.606,
17.332,
222.991,
45.763,
37.135,
34.946,
189.016,
20.774,
11.814,
71.551,
6.917004,
7.756,
2.074,
0,
1185.122,
1988, 
12.35,
71.544,
23.606,
9.706407,
25.329,
26.25486,
27.549,
7.6606,
1.816,
6.760001,
193.818,
82.502,
22.568,
28.16,
17.628,
225.236,
48.797,
41.136,
41.411,
212.831,
23.459,
13.118,
77.554,
7.058201,
8.302,
2.23,
0,
1258.384,
1989, 
12.591,
71.308,
24.21,
10.27073,
25.921,
23.293,
27.887,
7.945941,
2.309,
7.261,
202.05,
80.533,
23.704,
27.958,
18.42,
227.651,
54.065,
44.197,
47.12099,
212.949,
27.675,
14.788,
79.717,
7.755054,
8.279,
2.263,
0,
1292.122,
1990, 
11.745,
70.944,
24.683,
10.25889,
25.85,
23.45166,
30.144,
6.679068,
2.458,
6.563,
200.368,
72.992,
24.299,
27.275,
18.225,
222.811,
55.37,
46.17,
49.914,
211.96,
35.097,
14.786,
84.445,
7.357902,
8.611,
2.506,
0,
1294.964,
1991, 
9.372,
67.193,
25.208,
9.027902,
27.491,
24.69829,
32.726,
7.016109,
2.332,
6.147,
194.9965,
52.952,
26.029,
25.956,
17.003,
79.893,
46.29,
52.013,
55.167,
246.56,
39.188,
13.48,
89.564,
6.452879,
9.018,
2.836,
0,
1168.61,
1992, 
8.592,
69.585,
27.114,
9.19588,
23.902,
29.29976,
32.958,
7.428288,
2.466,
5.85,
185.845,
41.594,
28.455,
23.089,
14.963,
63.32,
52.276,
53.936,
61.444,
309.994,
42.915,
14.048,
88.252,
6.670589,
9.614,
2.404,
0,
1215.21,
1993, 
9.394001,
73.807,
28.725,
9.73794,
24.845,
40.0546,
30.214,
7.554194,
2.517,
6.135,
171.025,
37.99,
31.134,
17.03,
11.312,
51.022,
57.5946,
57.326,
64.313,
369.672,
50.609,
19.61,
88.046,
7.491562,
9.70181,
2.342,
0,
1279.203,
1994, 
10.584,
77.94801,
31.594,
10.56813,
25.229,
30.79477,
30.53,
6.448114,
2.478112,
7.068,
180.743,
41.162,
29.356,
12.962,
8.107,
37.898,
59.5058,
63.461,
69.088,
423.193,
57.7171,
24.564,
91.62401,
8.107636,
9.899,
2.014,
0,
1352.644,
1995, 
10.44,
76.906,
25.295,
10.925,
28.256,
33.93748,
32.42,
6.674058,
3.141187,
7.437,
178.958,
41.78201,
33.153,
8.911,
6.016,
36.949,
61.9665,
67.722,
73.101,
477.628,
64.9424,
23.136,
90.474,
7.7452,
9.767,
2.469,
0,
1420.152,
1996, 
11.1,
80.8,
25.4,
9.11,
34.6,
32.554,
37.57,
10.568,
2.827,
7.67,
172.793,
42.584,
35.2,
6.51,
4.345,
28.39,
50.613,
80,
74.3,
513.636,
57.774,
36.5,
94.5,
7.692,
10.709,
2.77,
0,
1470.515,
1997, 
11.7,
82.5,
27.5,
9.303,
38.1,
34.8,
39.03,
14.16,
2.73,
7.49,
176.439,
43.813,
36,
7.102001,
4.595,
27.331,
50.333,
80,
76.8,
516.542,
71.588,
41.2,
91.90001,
7.66,
10.831,
2.79,
0,
1512.237,
1998, 
12.1,
82.2,
27.7,
11.065,
40,
37.166,
38.49,
11.481,
3.176,
9.5,
196.397,
44.22,
38.2,
7.704,
4.577,
26.715,
43.822,
85,
63.8,
535.149,
53.49,
44,
81.3,
7.63,
10.706,
3.466,
0,
1519.054,
1999, 
12.6,
87.3,
29.4,
12.832,
40.3,
37.72,
41.56,
11.198,
3.075,
8.9,
195.813,
45,
34.4,
7.98,
5.336,
29.2,
44.518,
90,
64.2,
592.794,
67.355,
41.5,
80.1,
7.545,
11.282,
3.427,
0,
1605.335,
2000, 
12.6,
89.5,
31.7,
10.924,
39.2,
38.36,
45.01,
11.471,
3.194,
8.99,
201.394,
44.804,
35.8,
7.382,
4.52,
33.167,
51.709,
95,
67.4,
601.972,
64.405,
51.7,
81.09999,
8.545,
12.05,
3.029,
0,
1654.926,
2001, 
13,
90.4,
30,
11.049,
39.5,
38.45,
48.52,
12.555,
3.183,
9.17,
198.62,
41.374,
35,
7.8,
4.988999,
36.398,
54.939,
100,
57.16,
680.418,
67.202,
55.1,
76.6,
8.545,
12.445,
3.046,
0,
1735.463,
2002, 
13.2,
91.3,
31,
11.998,
38,
30.67,
48.22,
13.39,
3.223,
9.620001,
190.81,
41.409,
32.6,
9.61,
5.083,
39.203,
56.557,
100,
60.82,
724.548,
75.43,
61.6,
71.8,
8.7,
12.85,
2.658,
0,
1784.299,
2003, 
14.1,
94.3,
32,
13.334,
38,
33.07,
52.04,
13.445,
4.147,
10.2,
205.06,
44.314,
35.1,
11.645,
6.173,
42.739,
57.4,
100,
64.74,
880.65,
82.585,
64.5,
68.8,
9.15,
17.035,
3.419,
0,
1997.946,
2004, 
14.9,
98.99999,
35,
13.316,
34.4,
37.54,
55.12,
13.633,
4.529,
12,
209.57,
47.582,
38,
13.77,
6.684,
48.056,
62.533,
125,
59.93,
990.31,
93.211,
68.2,
67.4,
9.2,
17.39,
3.485,
0,
2179.759,
2005, 
14.3,
101,
37.5,
14.631,
36.7,
42.3,
59.49,
13.926,
5.305,
14.5,
209.482,
49.7,
42.8,
15.971,
6.873,
51.095,
68.981,
130,
57.1,
1090.012,
101.459,
66.6,
69.6,
9.269,
17.66,
3.535,
0,
2329.789,
2006, 
14,
99.7,
40,
15.314,
36.7,
45.28,
61.93,
16.177,
5.547,
13,
219.626,
55.181,
48,
18.037,
7.492,
57.395,
73.202,
155,
59.7,
1259.441,
101.86,
67,
69.9,
10.39,
18.175,
5.06,
0,
2573.107,
2007, 
14.5,
96.9,
40.7,
15.882,
46.4,
48.95,
63.95,
21.996,
5.838,
15.3,
231.62,
60.693,
48.8,
19.88,
8.1,
62.762,
86.86,
170,
63.13,
1369.18,
105.895,
77,
67.7,
10.979,
28.33,
5.295,
0,
2786.64,
2008, 
13.7,
87.60001,
40.1,
16.915,
46.5,
51.39,
78.46,
28.503,
7.118,
13.5,
200.297,
62.942,
51.4,
20.92,
9.04,
56.32,
89.5,
180,
58.12,
1407.57,
110.188,
81.4,
62.8,
10.743,
29.325,
5.47,
0,
2819.821,
2009, 
11,
64.9,
35.2,
14.762,
51.7,
49.98,
86.79,
27.251,
8.475,
11.8,
168.876,
49.868,
53,
14.78,
8.724,
46.927,
105.65,
180,
56.5,
1646.135,
115.564,
88,
54.8,
10.648,
33.425,
6.329,
0,
3001.084,
2010, 
12.4,
67.2,
34.5,
15.584,
59.1,
50.23,
85.26,
30.25,
11.03,
10.9,
162.47,
49.967,
62.7,
15.09,
8.988,
53.025,
109.31,
220,
53.6,
1896.623,
129.993,
83,
51.5,
10.358,
37.531,
6.847,
0,
3327.456,
2011, 
12,
68.6,
34.5,
14.596,
62.6,
50.08,
84.55,
29.462,
12.704,
11.2,
164.972,
52.527,
63.4,
16.5,
9.519,
58.912,
126.24,
270,
54.7,
2117.326,
133.828,
95,
51.3,
10.058,
43.338,
7.679,
0,
3655.591,
2012, 
12.465,
74.934,
36.184,
18.39,
69.323,
55.27501,
99.711,
34.5,
14.52,
11.56,
135.855,
46.49001,
63.879,
15.949,
17.691,
65.65,
187.953,
270,
53.308,
2228.272,
132.478,
52.55,
54.737,
9.915001,
50.777,
10.601,
0,
3822.967,
2013, 
11.611,
77.41499,
34.612,
18.588,
69.975,
59.163,
94.874,
40.283,
16.353,
12.168,
133.019,
44.352,
71.337,
16.064,
18.772,
70.849,
192.102,
280,
53.891,
2430.161,
138.998,
56.89,
57.962,
9.899999,
53.78099,
11.552,
0,
4074.672,
2014, 
11.879,
83.124,
36.597,
19.663,
71.254,
59.394,
104.917,
40.665,
18.186,
12.068,
131.91,
45.217,
71.239,
15.553,
21.27,
74.128,
193.043,
280,
53.723,
2509.493,
143.824,
56.96,
57.913,
10.394,
54.722,
13.937,
0,
4191.073,
2015, 
12.167,
84.94,
39.613,
19.827,
65.283,
60.062,
103.157,
43.019,
20.912,
12.992,
133.206,
46.395,
71.419,
14.194,
23.293,
66.963,
188.614,
260,
58.744,
2374.785,
158.639,
60.05,
54.827,
11.016,
64.29,
14.236,
0,
4062.643,
2016, 
11.693,
85.153,
40.577,
19.466,
57.557,
55.292,
105.928,
46.84,
22.622,
13,
135.046,
46.83101,
75.403,
14.501,
23.837,
59.321,
178.263,
280,
63.827,
2424.398,
164.924,
62.2,
53.255,
10.831,
70.756,
14.521,
0,
4136.042,
2017, 
12.706,
86.799,
41.601,
19.991,
54.004,
55.777,
124.553,
44.91,
23.252,
13.17,
136.163,
50.9,
80.55199,
14.609,
26.55,
60.09,
168.605,
283,
64.24,
2344.131,
172.963,
69.479,
55.195,
10.305,
75.794,
13.546,
0,
4102.885,
2018, 
13.554,
86.99999,
48.328,
19.209,
53.553,
53.00299,
102.7,
52.421,
23.35,
13.68,
138.733,
54.454,
72.544,
14.993,
27.588,
59.65,
173.253,
310,
57.923,
2249.513,
188.088,
75.413,
55.307,
10.879,
85.162,
14.813,
0,
4055.111,
2019, 
14,
88.1,
45.163,
18.628,
56.611,
53.091,
100.087,
57.746,
21.854,
12.726,
139.456,
56.943,
56.966,
15.258,
29.807,
64.436,
178.069,
334,
56.235,
2353.969,
207.594,
72.04,
53.462,
11.105,
88.543,
17.057,
0,
4202.946,
2020, 
14,
89.8,
47.833,
16.711,
61.052,
47.215,
90.375,
63.428,
24.867,
10.8,
137.154,
57.886,
72.299,
15.539,
31.519,
62.563,
193.587,
290,
53.208,
2391.468,
214.147,
62.83,
50.905,
10.72,
87.684,
17.504,
0,
4215.094,
2021, 
14,
91.3,
51.559,
18.552,
65.884,
57.598,
101.499,
69.572,
27.44,
12.5,
143.357,
59.388,
78.495,
17.009,
35.204,
66.584,
192.297,
350,
55.824,
2377.575,
227.432,
65.15,
50.083,
10.96,
97.859,
17.643,
0,
4354.764,
2022, 
15,
91.59999,
49.8,
18.761,
63.546,
60.309,
96.689,
70.41,
26.17,
12,
141.065,
57.383,
73.708,
11.6,
35.455,
67.772,
192.559,
380,
57.612,
2144.181,
236.292,
64.16,
53.2,
11.183,
94.53801,
18.001,
0,
4142.994,
2023, 
15.02208,
91.95725,
50.42487,
19.13984,
64.30682,
60.71403,
99.18034,
73.04947,
24.39047,
12.0997,
141.1142,
57.35944,
73.86656,
11.61508,
36.24061,
68.07957,
195.4589,
394.4888,
57.55012,
2149.911,
238.8921,
65.87164,
52.89816,
11.23453,
96.1848,
18.7782,
0,
4179.829,
2024, 
15.05109,
92.29266,
50.93708,
19.54256,
64.76832,
61.60108,
101.5414,
76.31393,
26.43354,
12.25587,
141.2516,
57.45874,
74.0021,
11.65189,
37.00993,
68.24049,
198.649,
408.7563,
57.52372,
2154.637,
241.8064,
67.56775,
52.55933,
11.29142,
99.75058,
19.92802,
0,
4222.822,
2025, 
15.10346,
92.68684,
51.38132,
19.95379,
65.30797,
62.52565,
104.0302,
79.82772,
29.46574,
12.40329,
141.5733,
57.59743,
74.24905,
11.76115,
37.79411,
68.38941,
201.8804,
422.9515,
57.53075,
2158.905,
244.9356,
69.25774,
52.25345,
11.36182,
103.9334,
21.18652,
0,
4268.246,
2026, 
15.31826,
94.38888,
52.535,
20.72789,
66.5761,
64.24805,
107.112,
84.9997,
33.16533,
12.75347,
143.4948,
58.03627,
75.09665,
12.1865,
38.83282,
69.03428,
206.4283,
441.7135,
57.8288,
2164.853,
249.901,
71.94236,
52.5211,
11.51557,
111.0469,
23.32836,
0,
4339.584,
2027, 
15.55005,
96.11717,
53.70103,
21.50569,
67.86401,
65.96873,
109.9207,
90.23235,
36.86886,
13.11362,
145.5176,
58.47521,
76.0154,
12.60651,
39.8721,
69.67558,
210.9736,
459.9068,
58.14905,
2169.869,
254.8682,
74.61922,
52.83266,
11.6477,
118.0822,
25.47479,
0,
4409.428,
2028, 
15.79697,
97.93612,
54.87942,
22.2958,
69.16986,
67.69742,
112.6333,
95.47916,
40.58089,
13.48662,
147.63,
58.90975,
76.96484,
12.99308,
40.91129,
70.31055,
215.4964,
477.6501,
58.47369,
2173.609,
259.7912,
77.30734,
53.17243,
11.77625,
125.0681,
27.6395,
0,
4477.659,
2029, 
16.06959,
99.86188,
56.07528,
23.11175,
70.50515,
69.45725,
115.227,
100.7703,
44.30598,
13.87725,
149.8759,
59.34049,
77.99653,
13.07684,
41.9491,
70.93998,
219.9783,
495.0588,
58.81937,
2175.637,
264.7246,
80.0312,
53.57428,
11.91087,
132.059,
29.82766,
0,
4544.061,
2030, 
16.36084,
101.9118,
57.28705,
23.96078,
71.85931,
71.26827,
117.786,
106.1538,
48.0485,
14.2896,
152.2179,
59.75083,
79.02532,
13.13282,
42.98391,
71.56458,
224.3858,
512.23,
59.15192,
2175.447,
269.5656,
82.81373,
54.00183,
12.06726,
139.0737,
32.04361,
0,
4608.381,
2031, 
16.68221,
104.0566,
58.5218,
24.86891,
73.37741,
73.15652,
120.4786,
113.7822,
52.43244,
14.78686,
154.721,
60.09907,
80.10167,
13.12302,
44.02681,
72.23227,
228.7481,
528.6084,
59.41794,
2170.364,
274.192,
85.51292,
54.49834,
12.24076,
146.6413,
34.72936,
0,
4671.401,
2032, 
17.02643,
106.4331,
59.77719,
25.8144,
74.92926,
75.10146,
123.0722,
121.4999,
56.85013,
15.31407,
157.3757,
60.44055,
81.16022,
13.09266,
45.06093,
72.89532,
232.9721,
544.9602,
59.67249,
2162.028,
278.6904,
88.33022,
55.03021,
12.42967,
154.2838,
37.44392,
0,
4731.685,
2033, 
17.40023,
109.0287,
61.05733,
26.80769,
76.52866,
77.10237,
125.5645,
129.2942,
61.32238,
15.87682,
160.2236,
60.77695,
82.22389,
13.06588,
46.08443,
73.51537,
237.0281,
561.3608,
59.90583,
2149.942,
283.0752,
91.2904,
55.6174,
12.63779,
162.0508,
40.19982,
0,
4788.981,
2034, 
17.80559,
111.8415,
62.36362,
27.86097,
78.19459,
79.18163,
128.0001,
137.2201,
65.86602,
16.47954,
163.2861,
61.10737,
83.2738,
13.09418,
47.09618,
74.0749,
240.8861,
577.8735,
60.11836,
2133.704,
287.3152,
94.41389,
56.25658,
12.85543,
169.9764,
43.01076,
0,
4843.156,
2035, 
18.24276,
114.8661,
63.69706,
28.97964,
79.93451,
81.36421,
130.3772,
145.3266,
70.48799,
17.12552,
166.5764,
61.43061,
84.28772,
13.22606,
48.09486,
74.62688,
244.5214,
594.5499,
60.30409,
2113.039,
291.378,
97.7165,
56.94055,
13.06961,
178.0872,
45.88847,
0,
4894.139,
2036, 
18.70056,
118.0853,
65.01459,
30.15582,
81.77371,
83.63177,
132.783,
154.3762,
75.43552,
17.848,
170.1378,
61.72649,
85.23617,
13.40734,
49.06793,
75.19224,
247.9097,
610.598,
60.38928,
2085.86,
294.8505,
101.0513,
57.65924,
13.29552,
186.4599,
48.92682,
0,
4939.572,
2037, 
19.14685,
121.5066,
66.3601,
31.40386,
83.71048,
86.02528,
135.0527,
163.6939,
80.48911,
18.61315,
173.9485,
62.01657,
86.13671,
13.66036,
50.02845,
75.75867,
251.0493,
626.8878,
60.44364,
2054.253,
298.1401,
104.5789,
58.41767,
13.55723,
195.0569,
52.0669,
0,
4982.002,
2038, 
19.61215,
125.1167,
67.73303,
32.72425,
85.74251,
88.54303,
137.2545,
173.2997,
85.66971,
19.42019,
178.0024,
62.30042,
86.98259,
13.96207,
50.97654,
76.32604,
253.9393,
643.4276,
60.46685,
2018.429,
301.2424,
108.2961,
59.20907,
13.83364,
203.8848,
55.3064,
0,
5021.701,
2039, 
20.09543,
128.9089,
69.13062,
34.1141,
87.85594,
91.16768,
139.5082,
183.1099,
90.99062,
20.26703,
182.2941,
62.57833,
87.77799,
14.28792,
51.91307,
76.89397,
256.5882,
660.2151,
60.46297,
1978.738,
304.1695,
112.1941,
60.03005,
14.11193,
212.9453,
58.63943,
0,
5058.988,
2040, 
20.59637,
132.8645,
70.55416,
35.56616,
90.05676,
93.88654,
141.7502,
193.0981,
96.44994,
21.15046,
186.8158,
62.83478,
88.53686,
14.62137,
52.83937,
77.47057,
259.0124,
677.239,
60.44057,
1935.651,
306.9477,
116.2595,
60.88041,
14.39935,
222.235,
62.06668,
0,
5094.223,
2041, 
21.11175,
136.8858,
71.9118,
37.03508,
92.24715,
96.56519,
143.8816,
204.0186,
102.298,
22.06796,
191.5498,
63.08082,
89.24261,
14.9209,
53.70805,
78.07386,
261.0056,
693.2173,
60.35016,
1887.199,
309.2321,
120.2411,
61.76937,
14.68529,
231.6819,
65.67654,
0,
5123.657,
2042, 
21.63778,
141.0058,
73.28849,
38.55281,
94.48126,
99.29891,
146.0485,
215.1454,
108.2632,
23.00896,
196.4628,
63.33018,
89.91049,
15.2249,
54.57148,
78.70216,
262.8271,
709.3703,
60.24958,
1836.636,
311.4004,
124.3446,
62.66796,
14.96893,
241.319,
69.39249,
0,
5152.109,
2043, 
22.16631,
145.2106,
74.67971,
40.11404,
96.75872,
102.106,
148.256,
226.5608,
114.3552,
23.96776,
201.5053,
63.57989,
90.51118,
15.53154,
55.43219,
79.34885,
264.5057,
725.6609,
60.13031,
1784.602,
313.4363,
128.5453,
63.55052,
15.25818,
251.1164,
73.21033,
0,
5180.1,
2044, 
22.69472,
149.5141,
76.08256,
41.70935,
99.05921,
104.9766,
150.4766,
238.2334,
120.566,
24.93889,
206.653,
63.829,
91.05231,
15.83898,
56.29202,
80.00741,
266.0749,
742.0543,
59.99724,
1731.734,
315.3658,
132.8193,
64.41077,
15.56727,
261.0522,
77.12292,
0,
5208.123,
2045, 
23.22036,
153.9088,
77.49387,
43.33083,
101.3707,
107.8921,
152.7213,
250.1228,
126.8918,
25.91699,
211.8783,
64.0643,
91.54033,
16.1455,
57.15337,
80.66965,
267.5684,
758.5156,
59.85663,
1678.637,
317.213,
137.143,
65.24221,
15.9027,
271.1027,
81.12001,
0,
5236.623,
2046, 
23.7492,
158.3353,
78.84915,
44.93808,
103.6071,
110.7396,
154.9388,
263.2673,
133.7442,
26.878,
217.1888,
64.30585,
91.99706,
16.43819,
57.97632,
81.33548,
268.761,
774.0569,
59.70293,
1623.351,
318.7893,
141.3064,
66.08057,
16.25434,
281.3689,
85.39882,
0,
5263.358,
2047, 
24.27064,
162.7907,
80.20656,
46.55178,
105.8283,
113.5928,
157.2719,
276.5977,
140.674,
27.81923,
222.5291,
64.54208,
92.4489,
16.72693,
58.80514,
81.99931,
269.9465,
789.5734,
59.55157,
1569.036,
320.3307,
145.4702,
66.87974,
16.61337,
291.6968,
89.73545,
0,
5291.488,
2048, 
24.86644,
167.0532,
81.59548,
48.14522,
107.9546,
116.3697,
159.4676,
289.841,
147.5781,
28.7703,
227.7338,
64.80794,
93.62575,
16.9565,
59.63998,
82.63513,
271.2027,
805.0854,
59.66264,
1516.12,
322.6725,
149.6368,
68.00569,
16.91123,
302.2587,
94.08136,
0,
5322.677,
2049, 
25.45215,
171.3069,
82.9834,
49.73096,
110.0523,
119.136,
161.6848,
303.3075,
154.5299,
29.70787,
232.8471,
65.06924,
94.82455,
17.17987,
60.48449,
83.26791,
272.5063,
820.52,
59.79119,
1464.957,
325.0236,
153.7693,
69.08804,
17.2262,
312.8451,
98.48163,
0,
5355.773,
2050, 
26.02616,
175.5478,
84.36901,
51.3041,
112.1179,
121.8842,
163.9306,
316.9793,
161.5312,
30.62901,
237.8519,
65.32601,
96.05392,
17.3962,
61.34037,
83.89725,
273.8792,
835.8049,
59.93526,
1415.83,
327.3967,
157.8541,
70.12321,
17.55048,
323.4395,
102.9298,
0,
5390.928,
2051, 
26.50003,
179.0484,
85.43187,
52.63052,
113.6716,
124.0918,
165.6693,
330.8579,
168.4555,
31.39464,
241.8276,
65.37569,
97.08765,
17.53922,
61.97046,
84.22687,
274.3484,
847.618,
59.91271,
1364.53,
328.7274,
161.1745,
70.93033,
17.82828,
333.0031,
107.2952,
0,
5411.147,
2052, 
26.95982,
182.5182,
86.48664,
53.93542,
115.1945,
126.2913,
167.4323,
344.8052,
175.3785,
32.13695,
245.6699,
65.42256,
98.16557,
17.67443,
62.61002,
84.55429,
274.9101,
859.252,
59.76109,
1315.763,
330.0947,
164.4193,
71.69032,
18.10323,
342.5038,
111.6639,
0,
5433.396,
2053, 
27.40842,
185.9208,
87.53396,
55.21487,
116.6699,
128.4597,
169.2237,
358.765,
182.2813,
32.85506,
249.3885,
65.46814,
99.2862,
17.80155,
63.25965,
84.87831,
275.5788,
870.7015,
59.539,
1269.614,
331.5314,
167.583,
72.41429,
18.38256,
351.939,
116.031,
0,
5457.729,
2054, 
27.84712,
189.2252,
88.57399,
56.46561,
118.0965,
130.5842,
171.047,
372.7202,
189.1621,
33.54841,
252.9872,
65.51314,
100.4454,
17.92044,
63.92003,
85.19796,
276.3657,
881.9634,
59.32019,
1226.121,
333.055,
170.6615,
73.10768,
18.65798,
361.3056,
120.3913,
0,
5484.204,
2055, 
28.27561,
192.4285,
89.60701,
57.68658,
119.4738,
132.6633,
172.9045,
386.6665,
196.019,
34.21672,
256.4637,
65.55756,
101.6448,
18.03109,
64.59169,
85.5132,
277.2775,
893.036,
59.14519,
1185.28,
334.6682,
173.6523,
73.77024,
18.92957,
370.5989,
124.7427,
0,
5512.844,
2056, 
28.70738,
195.6278,
90.60332,
58.85658,
120.7331,
134.6271,
174.7593,
401.6711,
203.2383,
34.84824,
259.8738,
65.61177,
102.9002,
18.13931,
65.23627,
85.83071,
278.1267,
903.6394,
59.02874,
1146.468,
336.2652,
176.4799,
74.43468,
19.19606,
379.9449,
129.3284,
0,
5544.176,
2057, 
29.12897,
198.7274,
91.59274,
59.99572,
121.9437,
136.5444,
176.6502,
416.6459,
210.4251,
35.45441,
263.1627,
65.66542,
104.1887,
18.23958,
65.89243,
86.14365,
279.109,
914.0605,
59.05122,
1110.227,
337.9533,
179.2184,
75.06895,
19.45734,
389.2111,
133.8984,
0,
5577.656,
2058, 
29.54062,
201.7287,
92.57535,
61.1044,
123.1069,
138.4158,
178.5781,
431.5918,
217.5802,
36.03587,
266.333,
65.71846,
105.486,
18.33211,
66.56021,
86.45215,
280.2245,
924.3031,
59.2571,
1076.466,
339.7318,
181.8692,
75.67409,
19.71301,
398.398,
138.4525,
0,
5613.229,
2059, 
29.94463,
204.6338,
93.55207,
62.18332,
124.2244,
140.2427,
180.5434,
446.5104,
224.705,
36.59356,
269.3983,
65.77172,
106.8051,
18.41717,
67.23959,
86.75628,
281.4733,
934.3748,
59.38613,
1045.077,
341.6137,
184.435,
76.25815,
19.96317,
407.5106,
142.9906,
0,
5650.604,
2060, 
30.34334,
207.446,
94.5239,
63.23339,
125.2979,
142.0264,
182.5458,
461.4037,
231.801,
37.12854,
272.372,
65.82597,
108.1436,
18.49506,
67.93044,
87.05618,
282.8493,
944.2827,
59.01439,
1015.938,
343.6111,
186.9189,
76.82912,
20.2081,
416.5546,
147.513,
0,
5689.293,
2061, 
30.74998,
210.3035,
95.4575,
64.23488,
126.2629,
143.7037,
184.4729,
477.1854,
239.1612,
37.62595,
275.3746,
65.88999,
109.4863,
18.57335,
68.59692,
87.36231,
284.0878,
953.4737,
58.75014,
989.056,
345.6195,
189.2362,
77.40024,
20.44779,
425.4755,
152.2025,
0,
5730.191,
2062, 
31.14833,
213.0785,
96.38519,
65.20947,
127.1875,
145.3408,
186.435,
492.9261,
246.4841,
38.10209,
278.2788,
65.95336,
110.8064,
18.64526,
69.27397,
87.6646,
285.4468,
962.5141,
58.58634,
964.1606,
347.7076,
191.4774,
77.99516,
20.68306,
434.3199,
156.8717,
0,
5772.682,
2063, 
31.53876,
215.7754,
97.30738,
66.15858,
128.0739,
146.94,
188.4314,
508.6314,
253.773,
38.55825,
281.0897,
66.01598,
112.122,
18.71113,
69.96131,
87.96317,
286.9216,
971.413,
58.50525,
941.1209,
349.8711,
193.6467,
78.70316,
20.9142,
443.0923,
161.5223,
0,
5816.762,
2064, 
31.92103,
218.3985,
98.22439,
67.08366,
128.9242,
148.5033,
190.4612,
524.3063,
261.0309,
38.99715,
283.8095,
66.07756,
113.4451,
18.77133,
70.65857,
88.25819,
288.5069,
980.1774,
58.51704,
919.8068,
352.1009,
195.7481,
79.51645,
21.14145,
451.7959,
166.1557,
0,
5862.337,
2065, 
32.29638,
220.9525,
99.14456,
67.98611,
129.7405,
150.0332,
192.523,
539.9562,
268.2611,
39.41993,
286.4473,
66.13834,
114.791,
18.82616,
71.36543,
88.54981,
290.1978,
988.8166,
58.5908,
900.0908,
354.3985,
197.7859,
80.43079,
21.36481,
460.4372,
170.7736,
0,
5909.318,
2066, 
32.67875,
223.5562,
100.0374,
68.83887,
130.4662,
151.4737,
194.5037,
556.274,
275.6131,
39.80952,
289.2002,
66.22079,
116.2014,
18.88659,
72.06428,
88.87714,
291.7905,
996.6533,
58.7857,
882.2331,
356.6922,
199.6908,
81.47768,
21.58358,
468.7873,
175.4749,
0,
5957.871,
2067, 
33.05426,
226.1016,
100.9265,
69.67171,
131.1621,
152.8847,
196.5139,
572.5569,
282.9333,
40.18473,
291.8796,
66.30212,
117.6703,
18.94255,
72.77174,
89.20183,
293.4781,
1004.38,
59.02111,
865.7227,
359.039,
201.5397,
82.59471,
21.79871,
477.0771,
180.1584,
0,
6007.567,
2068, 
33.42356,
228.5929,
101.8125,
70.48605,
131.8302,
154.2683,
198.5525,
588.8119,
290.2254,
40.54657,
294.4917,
66.38243,
119.2039,
18.99433,
73.48743,
89.52406,
295.2552,
1012.004,
59.31705,
850.4493,
361.4365,
203.3379,
83.75599,
22.01062,
485.3123,
184.8263,
0,
6058.339,
2069, 
33.78713,
231.0344,
102.6957,
71.28326,
132.4724,
155.6266,
200.6182,
605.0454,
297.493,
40.89588,
297.0413,
66.46168,
120.8214,
19.04221,
74.21103,
89.84388,
297.1169,
1019.533,
59.68438,
836.3087,
363.8814,
205.0899,
84.95434,
22.21949,
493.4979,
189.4806,
0,
6110.14,
2070, 
34.14643,
233.4299,
103.5768,
72.06469,
133.0903,
156.9616,
202.7096,
621.2631,
304.7393,
41.23349,
299.5384,
66.54027,
122.55,
19.08646,
74.94218,
90.16151,
299.0583,
1026.975,
60.14334,
823.2031,
366.3779,
206.7999,
86.19164,
22.42545,
501.6407,
194.1233,
0,
6162.973,
2071, 
34.5042,
235.8265,
104.4248,
72.80204,
133.6397,
158.2156,
204.7885,
638.014,
312.0395,
41.54677,
302.1431,
66.65694,
124.4083,
19.14201,
75.67406,
90.53535,
300.9398,
1033.614,
60.73769,
811.3511,
368.8347,
208.4096,
87.52103,
22.6253,
509.4829,
198.8239,
0,
6216.701,
2072, 
34.85685,
238.1852,
105.2708,
73.52578,
134.168,
159.4496,
206.8909,
654.7389,
319.3113,
41.84948,
304.6975,
66.77249,
126.3694,
19.19464,
76.41273,
90.90781,
302.8905,
1040.173,
61.46098,
800.3525,
371.3247,
209.9836,
88.88146,
22.82266,
517.2821,
203.5104,
0,
6271.283,
2073, 
35.20626,
240.5094,
106.1156,
74.23707,
134.6768,
160.6653,
209.0157,
671.4449,
326.5585,
42.14239,
307.2126,
66.88753,
128.4443,
19.24458,
77.15794,
91.279,
304.9069,
1046.66,
61.77137,
790.1296,
373.8561,
211.5253,
90.2729,
23.01777,
525.0457,
208.1852,
0,
6326.169,
2074, 
35.55233,
242.8024,
106.9593,
74.93697,
135.1673,
161.8644,
211.1617,
688.1384,
333.7843,
42.42629,
309.69,
67.00186,
130.6284,
19.29201,
77.90936,
91.64899,
306.9843,
1053.081,
62.00768,
780.6097,
376.423,
213.0376,
91.10846,
23.21085,
532.7775,
212.8502,
0,
6381.054,
2075, 
35.89544,
245.0671,
107.8023,
75.6265,
135.6411,
163.0482,
213.3281,
704.8256,
340.992,
42.70204,
312.1334,
67.11552,
132.9203,
19.33711,
78.66676,
92.01788,
309.1189,
1059.439,
62.24765,
771.7264,
379.0234,
214.5231,
91.6702,
23.40218,
540.4813,
217.5072,
0,
6436.259,
2076, 
36.23273,
247.2907,
108.6211,
76.27833,
136.077,
164.1662,
215.501,
721.8102,
348.1646,
42.95975,
314.6447,
67.27963,
135.3061,
19.39716,
79.42583,
92.45156,
311.2511,
1065.238,
62.52714,
763.6581,
381.6206,
215.935,
92.28189,
23.58592,
547.8474,
222.1251,
0,
6491.676,
2077, 
36.56757,
249.4914,
109.4395,
76.92146,
136.4984,
165.2714,
217.6926,
738.7781,
355.3166,
43.21077,
317.1286,
67.44331,
137.7906,
19.4554,
80.19024,
92.88484,
313.433,
1070.983,
62.80942,
756.1075,
384.3311,
217.3246,
92.88541,
23.76836,
555.1894,
226.7324,
0,
6547.645,
2078, 
36.90033,
251.6716,
110.2579,
77.55669,
136.9064,
166.3651,
219.9021,
755.7358,
362.4512,
43.45581,
319.5885,
67.60663,
140.3713,
19.51196,
80.95988,
93.31776,
315.6615,
1076.68,
63.08974,
749.0237,
387.1633,
218.6939,
93.48184,
23.94977,
562.5113,
231.3312,
0,
6604.145,
2079, 
37.23127,
253.8336,
111.0765,
78.18478,
137.3018,
167.4484,
222.1288,
772.6891,
369.571,
43.68353,
322.0268,
67.76955,
143.0533,
19.56697,
81.73449,
93.75039,
317.9334,
1082.332,
63.3506,
742.3599,
390.1117,
220.0449,
94.0719,
24.13043,
569.8162,
235.9231,
0,
6661.125,
2080, 
37.56056,
255.9795,
111.8955,
78.80645,
137.6856,
168.5223,
224.3719,
789.6437,
376.6788,
43.90335,
324.4458,
67.93208,
145.2886,
19.62055,
82.51392,
94.18284,
320.2462,
1087.944,
63.67162,
736.0737,
393.1618,
221.3792,
94.65595,
24.31059,
577.1072,
240.5101,
0,
6718.092,
2081, 
37.88421,
258.0923,
112.7066,
79.40555,
138.0717,
169.5665,
226.5985,
806.7318,
383.7284,
44.11861,
326.9102,
68.14741,
146.8546,
19.68974,
83.29223,
94.66892,
322.6016,
1093.435,
63.9977,
730.5688,
396.2827,
222.6747,
95.28303,
24.48528,
584.1691,
244.9914,
0,
6774.957,
2082, 
38.20809,
260.1926,
113.5188,
79.99943,
138.448,
170.6031,
228.8402,
823.8109,
390.7658,
44.32893,
329.3669,
68.36329,
148.4386,
19.75783,
84.07482,
95.15528,
324.9936,
1098.896,
64.3301,
725.3665,
399.503,
223.9573,
95.91202,
24.6597,
591.2335,
249.4649,
0,
6832.189,
2083, 
38.53053,
262.282,
114.3329,
80.58862,
138.8151,
171.6329,
231.0966,
840.8865,
397.7935,
44.53455,
331.809,
68.57893,
150.0246,
19.8249,
84.86155,
95.64194,
327.4191,
1104.328,
64.66299,
720.4357,
402.7951,
225.2281,
96.53526,
24.83395,
598.2979,
253.9322,
0,
6889.702,
2084, 
38.85171,
264.3619,
115.1502,
81.17361,
139.1735,
172.6567,
233.3671,
857.9636,
404.8139,
44.73581,
334.2381,
68.7943,
151.6124,
19.89103,
85.65228,
96.12895,
329.8757,
1109.732,
64.99625,
715.7473,
406.149,
226.4881,
97.15323,
25.00806,
605.3635,
258.3945,
0,
6947.473,
2085, 
39.1718,
266.434,
115.971,
81.75488,
139.5239,
173.6751,
235.6512,
875.0471,
411.8287,
44.93305,
336.6557,
69.00944,
153.2024,
19.95629,
86.44693,
96.61635,
332.3619,
1115.113,
65.3298,
711.2751,
409.5556,
227.7387,
97.76642,
25.18211,
612.4322,
262.8534,
0,
7005.486,
2086, 
39.48878,
268.5309,
116.7991,
82.33033,
139.9182,
174.6972,
237.9142,
892.1099,
418.7717,
45.12682,
339.1211,
69.27103,
154.8039,
20.03378,
87.22942,
97.13928,
334.8938,
1120.732,
65.68021,
707.6252,
413.0261,
228.9605,
98.40256,
25.35589,
619.3975,
267.1964,
0,
7064.556,
2087, 
39.81723,
270.6224,
117.6354,
82.90292,
140.3058,
175.7152,
240.1899,
909.168,
425.7104,
45.31823,
341.6368,
69.53777,
156.5127,
20.11061,
88.01527,
97.66277,
337.4592,
1126.343,
66.06821,
704.1476,
416.6365,
230.1776,
99.08849,
25.5297,
626.3916,
271.534,
0,
7124.237,
2088, 
40.1365,
272.7097,
118.4731,
83.47298,
140.6873,
176.7297,
242.4777,
926.2261,
432.6466,
45.50569,
344.105,
69.80103,
158.1508,
20.1868,
88.80435,
98.18685,
340.0444,
1131.935,
66.43044,
700.8229,
420.239,
231.3864,
99.7338,
25.70361,
633.3804,
275.8675,
0,
7183.844,
2089, 
40.45254,
274.7938,
119.3142,
84.04087,
141.063,
177.7411,
244.7776,
943.2886,
439.5818,
45.68996,
346.5546,
70.06322,
159.7681,
20.26243,
89.59669,
98.71154,
342.6516,
1137.513,
66.78456,
697.6344,
423.8776,
232.5895,
100.3642,
25.87763,
640.3755,
280.198,
0,
7243.566,
2090, 
40.76807,
276.8754,
120.1599,
84.60684,
141.4332,
178.7499,
247.089,
960.3596,
446.5176,
45.87148,
348.9991,
70.32543,
161.3872,
20.33752,
90.39217,
99.2369,
345.281,
1143.081,
67.13851,
694.5667,
427.5699,
233.7884,
100.9914,
26.05182,
647.3822,
284.5267,
0,
7303.487,
2091, 
41.08737,
279.0499,
121.0294,
85.17902,
141.8712,
179.7854,
249.3228,
977.1993,
453.3672,
46.04648,
351.5125,
70.62164,
163.0143,
20.41991,
91.17088,
99.77484,
347.9095,
1148.984,
67.50508,
692.1906,
431.3555,
234.971,
101.6329,
26.23163,
654.316,
288.739,
0,
7364.288,
2092, 
41.4063,
281.2242,
121.9037,
85.7499,
142.305,
180.8194,
251.567,
994.0348,
460.2168,
46.21908,
354.0226,
70.91807,
164.6424,
20.50187,
91.95228,
100.3135,
350.5578,
1154.883,
67.87117,
689.9103,
435.1807,
236.1504,
102.2713,
26.41171,
661.2622,
292.9494,
0,
7425.245,
2093, 
41.72375,
283.3989,
122.7828,
86.31973,
142.7347,
181.8518,
253.8214,
1010.87,
467.0682,
46.38933,
356.5246,
71.21418,
166.2616,
20.58344,
92.73636,
100.8528,
353.2246,
1160.778,
68.23321,
687.7144,
439.0352,
237.3263,
102.902,
26.59207,
668.219,
297.1589,
0,
7486.318,
2094, 
42.03965,
285.5747,
123.6666,
86.88869,
143.1607,
182.8833,
256.0858,
1027.709,
473.9223,
46.55737,
359.0183,
71.50996,
167.8703,
20.66466,
93.52306,
101.3929,
355.9088,
1166.671,
68.59062,
685.5926,
442.9289,
238.4992,
103.5242,
26.77275,
675.1859,
301.3683,
0,
7547.509,
2095, 
42.35409,
287.7522,
124.5555,
87.45701,
143.5831,
183.914,
258.3602,
1044.556,
480.7805,
46.72333,
361.5045,
71.80539,
169.4691,
20.74555,
94.31238,
101.9337,
358.6096,
1172.561,
68.94352,
683.5362,
446.8647,
239.6517,
104.1384,
26.95378,
682.1645,
305.5784,
0,
7608.808,
2096, 
42.67448,
290.0419,
125.4568,
88.04029,
144.081,
184.9902,
260.5569,
1060.964,
487.5477,
46.88244,
364.0506,
72.12091,
171.0558,
20.83087,
95.07536,
102.4802,
361.2776,
1178.795,
69.31734,
682.0487,
450.8951,
240.7929,
104.7597,
27.1416,
689.0853,
309.6341,
0,
7670.597,
2097, 
42.99378,
292.335,
126.3634,
88.62338,
144.5762,
186.0663,
262.7626,
1077.367,
494.3171,
47.03973,
366.5916,
72.43632,
172.6342,
20.91593,
95.84055,
103.0275,
363.9608,
1185.032,
69.68729,
680.6127,
454.9763,
241.932,
105.3743,
27.32985,
696.0203,
313.691,
0,
7732.507,
2098, 
43.3149,
294.6318,
127.2766,
89.20638,
145.069,
187.1427,
264.9771,
1093.768,
501.0897,
47.1955,
369.1417,
72.75275,
174.2289,
21.00075,
96.60797,
103.5756,
366.6602,
1191.273,
70.06213,
679.2217,
459.1361,
243.0698,
105.9946,
27.51854,
702.9756,
317.7498,
0,
7794.641,
2099, 
43.64044,
296.9327,
128.1979,
89.78944,
145.5594,
188.2194,
267.2003,
1110.171,
507.8665,
47.35012,
371.7133,
73.07131,
175.8617,
21.08536,
97.37757,
104.1246,
369.3769,
1197.521,
70.44962,
677.8697,
463.3738,
244.2075,
106.6322,
27.70769,
709.9568,
321.8111,
0,
7857.067,
2100, 
43.96622,
299.2382,
129.1261,
90.37268,
146.0476,
189.2966,
269.4321,
1126.578,
514.6484,
47.50328,
374.2868,
73.39021,
177.4965,
21.16977,
98.14933,
104.6744,
372.1078,
1203.774,
70.83683,
676.5511,
467.645,
245.3442,
107.2684,
27.8973,
716.957,
325.8755,
0,
7919.633];
