real main.em.dem.hi.Clinker_Production[28](t) = [1971, 
7.4853,
63.9486,
6.16722,
4.277119,
8.038461,
12.24752,
6.25314,
3.05092,
1.27804,
5.21629,
148.1945,
32.9983,
6.87323,
1.5908,
0,
82.27142,
8.05349,
12.39273,
10.62152,
26.71521,
7.71953,
0.44317,
51.11324,
4.80396,
2.93748,
1.97758,
0,
516.6688,
1972, 
8.181899,
67.437,
7.17746,
5.781819,
9.33324,
12.79692,
6.21131,
3.40158,
1.24333,
5.43968,
168.4209,
36.25626,
6.91145,
1.60064,
0,
85.52518,
9.37485,
13.10155,
10.72526,
29.89577,
8.42296,
0.54236,
57.01112,
5.09894,
2.82282,
2.23657,
0,
564.9509,
1973, 
9.0477,
69.8184,
8.13276,
6.222979,
10.98636,
13.26924,
6.09294,
3.4265,
1.25579,
6.10896,
163.4131,
38.33475,
8.140861,
1.62934,
0,
89.80722,
9.12502,
12.46328,
12.71725,
31.45451,
10.1647,
0.6734,
67.1832,
5.41886,
3.15224,
2.5543,
0,
590.5936,
1974, 
9.5769,
66.20219,
8.75104,
6.252499,
12.45334,
13.92114,
6.35816,
3.59293,
1.29139,
6.49789,
160.7271,
41.23879,
8.1354,
1.6728,
0,
94.4189,
10.79415,
11.88477,
13.50622,
31.40056,
9.854391,
0.75621,
62.87288,
5.7405,
3.51533,
2.57299,
0,
593.9885,
1975, 
8.7669,
55.917,
9.184,
5.841679,
13.44062,
13.5464,
6.93399,
4.03437,
1.26291,
6.38664,
152.3531,
44.09148,
9.85803,
1.77858,
0,
100.0867,
12.3421,
13.48584,
15.58739,
39.00477,
10.81171,
0.9800701,
56.34462,
5.41112,
3.63909,
2.37363,
0,
593.4628,
1976, 
8.908199,
60.8229,
10.40662,
6.260699,
15.3135,
14.35082,
7.11199,
4.07709,
1.34657,
6.27272,
156.5511,
47.32811,
11.06014,
20.22776,
0,
101.8817,
13.16961,
15.36828,
17.17443,
39.53132,
11.79269,
1.6471,
59.09232,
5.29932,
3.50987,
1.57975,
0,
640.0847,
1977, 
8.939699,
65.3661,
10.92896,
6.179519,
17.32086,
14.7559,
7.87561,
4.14117,
1.5753,
5.84997,
160.464,
49.99436,
12.1849,
20.59403,
0,
104.1859,
13.77966,
15.91359,
19.29018,
47.12441,
12.45426,
2.31959,
62.89868,
5.26234,
3.57448,
1.58242,
0,
674.5559,
1978, 
9.425699,
69.7914,
11.603,
6.7527,
19.05598,
15.69398,
9.07978,
4.31294,
1.44714,
6.07247,
163.3752,
52.34935,
14.17052,
20.18211,
0,
104.1039,
15.73099,
16.28958,
20.14103,
55.30912,
12.91017,
3.32059,
72.99853,
5.11872,
3.90026,
1.55661,
0,
714.6918,
1979, 
10.3131,
68.9832,
12.58864,
7.018379,
20.39422,
17.19458,
11.61984,
4.63334,
1.47028,
5.51711,
165.8589,
51.99385,
12.35143,
19.51764,
0,
100.8756,
19.55231,
15.1641,
22.21583,
62.54913,
15.70569,
4.03312,
75.51144,
5.14366,
3.76194,
1.56373,
0,
735.5311,
1980, 
9.306,
61.4169,
13.44636,
7.329389,
22.29908,
19.21998,
13.28058,
4.83181,
1.604715,
6.34125,
166.359,
56.74334,
11.80725,
19.44603,
3.444,
102.5402,
21.80244,
14.77649,
21.48692,
67.66492,
13.83473,
4.78569,
75.64302,
5.20902,
4.03221,
1.48808,
0,
750.1393,
1981, 
9.1368,
58.5486,
14.90186,
7.240192,
21.36182,
19.23638,
14.4714,
5.91049,
1.58137,
7.20455,
161.6095,
52.8036,
13.68913,
19.50725,
3.623785,
104.2786,
26.34503,
17.35364,
21.49147,
70.1516,
14.80752,
5.20429,
72.95209,
5.63558,
4.27336,
1.66341,
0,
754.9833,
1982, 
7.3224,
51.7275,
15.86126,
6.975526,
21.02808,
18.38604,
14.31654,
5.90159,
1.431351,
7.1912,
156.6791,
59.37403,
14.35798,
19.72428,
3.80357,
164.3214,
28.56279,
18.7995,
23.55717,
80.35645,
16.30811,
5.30712,
69.38996,
6.06644,
4.226613,
1.5397,
0,
822.5157,
1983, 
7.083899,
57.5343,
14.23766,
7.309465,
17.1134,
17.01418,
16.05827,
5.43523,
1.42311,
7.02833,
156.5567,
62.29861,
12.37145,
20.60824,
11.06487,
171.0192,
30.74569,
20.96663,
26.64662,
91.40956,
17.70769,
7.36645,
69.56626,
5.38532,
4.453147,
1.35547,
0,
859.7597,
1984, 
8.448299,
63.4068,
15.33564,
7.243676,
15.98754,
17.32496,
20.01432,
4.94573,
1.396034,
7.194759,
147.339,
64.99251,
14.32158,
21.3323,
11.67688,
173.43,
35.87509,
24.51903,
25.85583,
103.7566,
17.76047,
8.09263,
67.8196,
4.83062,
4.842429,
1.3706,
0,
889.1129,
1985, 
9.1728,
63.2556,
16.6091,
7.130142,
16.9207,
17.38892,
21.90112,
6.18016,
1.390888,
6.1232,
139.3141,
60.60722,
15.99871,
21.1519,
12.34182,
174.4788,
36.94828,
26.53593,
25.94319,
122.7869,
16.3618,
9.0454,
62.64842,
5.73362,
5.074242,
1.4685,
0,
902.5115,
1986, 
9.5499,
64.0008,
16.2565,
7.976664,
20.70664,
19.69804,
20.29912,
6.525658,
1.525423,
5.55894,
139.6933,
63.48124,
18.20364,
22.27612,
13.84898,
179.7981,
35.55969,
29.03589,
28.6923,
140.0384,
17.02337,
10.30393,
61.28704,
6.134619,
6.25898,
1.71236,
0,
945.4457,
1987, 
11.3427,
60.64199,
19.25524,
8.431331,
20.88376,
21.51926,
23.22633,
5.958461,
1.680385,
5.33911,
143.2396,
63.21106,
20.0018,
22.63692,
14.21224,
182.8526,
37.98329,
30.82205,
31.80086,
156.8833,
18.90434,
10.75074,
61.53386,
5.948624,
7.05796,
1.84586,
0,
987.9637,
1988, 
11.115,
64.3896,
19.35692,
7.959253,
20.76978,
21.52898,
24.51861,
6.817934,
1.61624,
6.0164,
153.1162,
65.17658,
20.53688,
23.0912,
14.45496,
184.6935,
40.50151,
34.14288,
37.68401,
176.6497,
21.34769,
11.93738,
66.69644,
6.070053,
7.55482,
1.9847,
0,
1049.727,
1989, 
11.3319,
64.1772,
19.8522,
8.422002,
21.25522,
19.10026,
24.81943,
7.071888,
2.05501,
6.46229,
159.6195,
63.62107,
21.57064,
22.92556,
15.1044,
186.6738,
44.87395,
36.68351,
42.88011,
176.7477,
25.18425,
13.45708,
68.55663,
6.669346,
7.53389,
2.01407,
0,
1078.663,
1990, 
10.5705,
63.8496,
20.24006,
8.412292,
21.197,
19.23036,
26.82816,
5.94437,
2.18762,
5.84107,
158.2907,
57.66368,
22.11209,
22.3655,
14.9445,
182.705,
45.9571,
38.3211,
45.42174,
175.9268,
31.93827,
13.45526,
72.6227,
6.327796,
7.83601,
2.23034,
0,
1082.42,
1991, 
8.406684,
60.27212,
20.59494,
7.375795,
22.46015,
20.1785,
29.02796,
6.223289,
2.068484,
5.452389,
153.8522,
41.77913,
23.6083,
21.28392,
13.94246,
65.51226,
38.37441,
43.27482,
50.03647,
205.1379,
35.54351,
12.22636,
76.84591,
5.53657,
8.179326,
2.515532,
0,
979.7095,
1992, 
7.681248,
62.20899,
22.0708,
7.485446,
19.45623,
23.85,
29.13487,
6.566607,
2.179944,
5.1714,
146.4459,
32.77607,
25.72332,
18.93298,
12.26966,
51.9224,
43.28453,
44.98262,
55.54538,
258.535,
38.79516,
12.69939,
75.54371,
5.710024,
8.691056,
2.125136,
0,
1019.788,
1993, 
8.370054,
65.76203,
23.29597,
7.897469,
20.14929,
32.48428,
26.61853,
6.655245,
2.217477,
5.404935,
134.5967,
29.89813,
28.05173,
13.9646,
9.27584,
41.83804,
47.63074,
47.92454,
57.94602,
309.0458,
45.59871,
17.66861,
75.19128,
6.397794,
8.741331,
2.063302,
0,
1074.688,
1994, 
9.398592,
69.21783,
25.52795,
8.539049,
20.38503,
24.88217,
26.80534,
5.661444,
2.175782,
6.205704,
142.064,
32.35333,
26.36169,
10.62884,
6.64774,
31.07636,
49.15179,
53.18032,
62.04102,
354.6357,
51.82996,
22.05847,
78.06365,
6.907706,
8.889302,
1.768292,
0,
1136.457,
1995, 
9.2394,
68.06181,
20.36247,
8.794625,
22.74608,
27.31967,
28.3675,
5.839801,
2.748538,
6.507375,
140.482,
32.79887,
29.67193,
7.30702,
4.93312,
30.29818,
51.12236,
56.88648,
65.42539,
401.2075,
58.12344,
20.70672,
76.9029,
6.58342,
8.741465,
2.160375,
0,
1193.339,
1996, 
9.7902,
71.2656,
20.3708,
7.30622,
27.7492,
26.10831,
32.76104,
9.215296,
2.465144,
6.68824,
135.4697,
33.38586,
31.3984,
5.3382,
3.5629,
23.2798,
41.70511,
67.36,
66.2756,
432.4815,
51.53441,
32.558,
80.136,
6.522816,
9.552428,
2.41544,
0,
1236.696,
1997, 
10.2843,
72.5175,
21.9725,
7.433097,
30.4419,
27.8052,
33.91707,
12.30504,
2.37237,
6.50881,
138.1517,
34.30558,
32.004,
5.82364,
3.7679,
22.41142,
41.42406,
67.52,
68.2752,
435.9614,
63.64173,
36.6268,
77.74741,
6.48036,
9.628759,
2.42451,
0,
1271.752,
1998, 
10.5996,
72.00719,
22.0492,
8.807739,
31.84,
29.58414,
33.33234,
9.942546,
2.750416,
8.227,
153.5825,
34.58004,
33.8452,
6.31728,
3.75314,
21.9063,
36.02168,
71.91,
56.5268,
452.7361,
47.39214,
38.984,
68.6172,
6.43972,
9.485516,
3.001556,
0,
1274.239,
1999, 
10.9998,
76.21291,
23.3142,
10.17578,
31.9579,
29.91196,
35.86628,
9.663874,
2.653725,
7.680699,
152.93,
35.145,
30.3752,
6.5436,
4.37552,
23.944,
36.54928,
76.32,
56.6886,
502.6893,
59.47447,
36.6445,
67.4442,
6.35289,
9.962006,
2.957501,
0,
1346.833,
2000, 
10.962,
77.865,
25.043,
8.62996,
30.968,
30.3044,
38.7086,
9.86506,
2.74684,
7.7314,
157.0873,
34.94712,
31.504,
6.05324,
3.7064,
27.19694,
42.40138,
80.75,
59.312,
511.6762,
56.6764,
45.496,
68.12399,
7.1778,
10.604,
2.60494,
0,
1388.142,
2001, 
11.232,
78.10561,
23.4,
8.618219,
30.81,
29.991,
41.242,
10.67175,
2.70555,
7.7945,
154.5264,
32.18897,
30.59,
6.3804,
4.081002,
29.77356,
44.72034,
83.4,
49.95784,
567.4686,
58.73455,
48.1574,
64.1908,
7.16071,
10.87693,
2.5891,
0,
1439.367,
2002, 
11.3256,
78.3354,
23.87,
9.23846,
29.26,
23.6159,
40.5048,
11.2476,
2.70732,
8.0808,
148.0686,
32.13338,
28.2968,
7.84176,
4.147728,
31.98965,
45.69806,
81.8,
52.79176,
592.6802,
65.47324,
53.4688,
60.0248,
7.2732,
11.1538,
2.23272,
0,
1463.26,
2003, 
12.0132,
80.34361,
24.32,
10.13384,
28.88,
25.1332,
43.1932,
11.15935,
3.44201,
8.466,
158.7164,
34.29903,
30.2562,
9.479031,
5.024822,
34.78955,
46.0348,
80.2,
55.80588,
706.2813,
71.18827,
55.599,
57.3792,
7.6311,
14.68417,
2.83777,
0,
1617.291,
2004, 
12.6054,
83.754,
26.25,
9.987,
25.8,
28.155,
45.1984,
11.17906,
3.71378,
9.84,
161.7881,
36.73331,
32.528,
11.18124,
5.427408,
39.02147,
49.77627,
98.25,
51.30008,
778.3837,
79.78861,
58.3792,
56.0768,
7.6544,
14.88584,
2.8577,
0,
1740.515,
2005, 
12.012,
84.84,
27.75,
10.82694,
27.158,
31.302,
48.1869,
11.28006,
4.29705,
11.745,
161.3011,
38.269,
36.38,
12.93651,
5.56713,
41.38695,
54.495,
100.1,
48.535,
839.3092,
86.24015,
56.61,
57.768,
7.69327,
15.011,
2.86335,
0,
1833.864,
2006, 
11.76,
83.74799,
29.6,
11.33236,
27.158,
33.5072,
50.1633,
13.10337,
4.49307,
10.53,
169.112,
42.48937,
40.8,
14.60997,
6.06852,
46.48995,
57.82959,
119.35,
50.745,
969.7696,
86.581,
56.95,
58.017,
8.6237,
15.44875,
4.0986,
0,
2022.378,
2007, 
12.18,
81.396,
30.118,
11.75268,
34.336,
36.223,
51.7995,
17.81676,
4.72878,
12.393,
178.3474,
46.73361,
41.48,
16.1028,
6.561,
50.83722,
68.6194,
130.9,
53.6605,
1054.269,
90.01075,
65.45,
56.191,
9.11257,
24.0805,
4.28895,
0,
2189.388,
2008, 
11.508,
73.584,
29.674,
12.5171,
34.41,
38.0286,
63.5526,
23.08743,
5.76558,
10.935,
154.2287,
48.46534,
43.69,
16.9452,
7.3224,
45.6192,
70.705,
138.6,
49.402,
1083.829,
93.65981,
69.19,
52.124,
8.91669,
24.92625,
4.4307,
0,
2215.116,
2009, 
9.24,
54.516,
26.048,
10.92388,
38.258,
36.9852,
70.2999,
22.07331,
6.86475,
9.558001,
130.0345,
38.39836,
45.05,
11.9718,
7.06644,
38.01087,
83.4635,
138.6,
48.025,
1267.524,
98.22941,
74.8,
45.484,
8.83784,
28.41125,
5.12649,
0,
2353.801,
2010, 
10.416,
56.44799,
25.53,
11.53216,
43.734,
37.1702,
69.0606,
24.5025,
8.934299,
8.829,
125.1019,
38.47459,
53.295,
12.2229,
7.28028,
42.95025,
86.3549,
169.4,
45.56,
1460.4,
110.494,
70.55,
42.745,
8.597139,
31.90135,
5.54607,
0,
2607.03,
2011, 
10.08,
57.624,
25.53,
10.80104,
46.324,
37.0592,
68.4855,
23.86422,
10.29024,
9.072,
127.0284,
40.44579,
53.89,
13.365,
7.71039,
47.71872,
99.7296,
207.9,
46.495,
1630.341,
113.7538,
80.75,
42.579,
8.34814,
36.8373,
6.21999,
0,
2862.242,
2012, 
10.4706,
62.94456,
26.77616,
13.6086,
51.29902,
40.9035,
80.76591,
27.945,
11.7612,
9.363601,
104.6083,
35.7973,
54.29715,
12.91869,
14.32971,
53.1765,
148.4829,
207.9,
45.3118,
1715.769,
112.6063,
44.6675,
45.43171,
8.22945,
43.16045,
8.58681,
0,
2991.112,
2013, 
9.75324,
65.02859,
25.61288,
13.75512,
51.7815,
43.78062,
76.84794,
32.62923,
13.24593,
9.85608,
102.4246,
34.15104,
60.63645,
13.01184,
15.20532,
57.38769,
151.7606,
215.6,
45.80735,
1871.224,
118.1483,
48.3565,
48.10846,
8.216999,
45.71385,
9.357121,
0,
3187.401,
2014, 
9.978359,
69.82416,
27.08178,
14.55062,
52.72796,
43.95156,
84.98277,
32.93865,
14.73066,
9.77508,
101.5707,
34.81709,
60.55315,
12.59793,
17.2287,
60.04368,
152.504,
215.6,
45.66455,
1932.309,
122.2504,
48.416,
48.06779,
8.62702,
46.5137,
11.28897,
0,
3278.595,
2015, 
10.22028,
71.3496,
29.31362,
14.67198,
48.30942,
44.44588,
83.55717,
34.84539,
16.93872,
10.52352,
102.5686,
35.72415,
60.70615,
11.49714,
18.86733,
54.24003,
149.0051,
200.2,
49.9324,
1828.584,
134.8432,
51.0425,
45.50641,
9.14328,
54.6465,
11.53116,
0,
3182.214,
2016, 
9.82212,
71.52852,
30.02698,
14.40484,
42.59218,
40.91608,
85.80168,
37.9404,
18.32382,
10.53,
103.9854,
36.05987,
64.09255,
11.74581,
19.30797,
48.05001,
140.8278,
215.6,
54.25295,
1866.786,
140.1854,
52.87,
44.20165,
8.98973,
60.1426,
11.76201,
0,
3240.747,
2017, 
10.67304,
72.91116,
30.78474,
14.79334,
39.96296,
41.27498,
100.8879,
36.3771,
18.83412,
10.6677,
104.8455,
39.193,
68.4692,
11.83329,
21.5055,
48.6729,
133.198,
217.91,
54.604,
1804.981,
147.0186,
59.05715,
45.81185,
8.55315,
64.4249,
10.97226,
0,
3218.217,
2018, 
11.38536,
73.07999,
35.76272,
14.21466,
39.62922,
39.22222,
83.187,
42.46101,
18.9135,
11.0808,
106.8244,
41.92958,
61.6624,
12.14433,
22.34628,
48.3165,
136.8699,
238.7,
49.23455,
1732.125,
159.8748,
64.10105,
45.90481,
9.02957,
72.3877,
11.99853,
0,
3182.386,
2019, 
11.76,
74.004,
33.42062,
13.78472,
41.89214,
39.28734,
81.07047,
46.77426,
17.70174,
10.30806,
107.3811,
43.84611,
48.4211,
12.35898,
24.14367,
52.19316,
140.6745,
257.18,
47.79975,
1812.556,
176.4549,
61.234,
44.37346,
9.21715,
75.26155,
13.81617,
0,
3296.915,
2020, 
11.76,
75.432,
35.39642,
12.36614,
45.17848,
34.9391,
73.20375,
51.37668,
20.14227,
8.748,
105.6086,
44.57222,
61.45415,
12.58659,
25.53039,
50.67603,
152.9337,
223.3,
45.2268,
1841.43,
182.025,
53.4055,
42.25115,
8.8976,
74.5314,
14.17824,
0,
3307.15,
2021, 
11.76,
76.692,
38.15366,
13.72848,
48.75416,
42.62252,
82.21419,
56.35332,
22.2264,
10.125,
110.3849,
45.72876,
66.72076,
13.77729,
28.51524,
53.93304,
151.9146,
269.5,
47.4504,
1830.733,
193.3172,
55.3775,
41.56889,
9.0968,
83.18015,
14.29083,
0,
3418.119,
2022, 
12.6,
76.94399,
36.852,
13.88314,
47.02404,
44.62866,
78.31809,
57.0321,
21.1977,
9.72,
108.62,
44.18491,
62.6518,
9.396,
28.71855,
54.89532,
152.1216,
292.6,
48.9702,
1651.019,
200.8482,
54.536,
44.156,
9.28189,
80.35731,
14.58081,
0,
3255.138,
2023, 
12.58597,
77.16938,
37.3144,
14.16348,
47.57172,
44.91346,
80.33607,
59.17007,
19.75628,
9.7924,
108.5437,
44.16677,
62.78658,
9.390502,
29.3549,
55.02178,
154.3992,
303.014,
48.81565,
1655.431,
202.9558,
55.99089,
43.90547,
9.319287,
81.75708,
15.21034,
0,
3282.836,
2024, 
12.53443,
77.21017,
37.64681,
14.45188,
47.86948,
45.51791,
82.24435,
61.81428,
21.41117,
9.920484,
108.1743,
44.24323,
62.90178,
9.388556,
29.97804,
55.08727,
156.9282,
313.212,
48.6279,
1659.07,
205.25,
57.43259,
43.62424,
9.352443,
84.78799,
16.14169,
0,
3314.822,
2025, 
12.42993,
76.98428,
37.88646,
14.73212,
48.3279,
46.07684,
84.26449,
64.66045,
23.86725,
10.04155,
107.4789,
44.35002,
63.11169,
9.427877,
30.61323,
55.0942,
159.4855,
325.0594,
48.39493,
1662.356,
208.0114,
58.86908,
43.37035,
9.39717,
88.34338,
17.16108,
0,
3349.796,
2026, 
12.42494,
77.66748,
38.60509,
15.2729,
49.26632,
47.17517,
86.76069,
68.84976,
26.86392,
10.32477,
107.6714,
44.68792,
63.83215,
9.737366,
31.45458,
55.32674,
163.0784,
340.1194,
48.43476,
1666.937,
212.4159,
61.14309,
43.5925,
9.520525,
94.38991,
18.89597,
0,
3404.448,
2027, 
12.38943,
79.02386,
39.30538,
15.83867,
50.21937,
48.25022,
89.03575,
73.0882,
29.86378,
10.60883,
107.3993,
42.26902,
64.61309,
10.05058,
32.29641,
53.88251,
166.6634,
354.1282,
48.50612,
1670.799,
216.638,
63.42633,
43.8511,
9.636067,
100.3698,
20.63458,
0,
3452.787,
2028, 
12.33021,
80.3101,
39.97848,
16.40774,
51.1857,
49.31171,
91.23296,
77.33812,
32.87052,
10.8957,
107.4189,
40.04453,
65.42011,
9.956031,
33.13815,
52.56116,
170.0844,
367.7906,
48.58456,
1673.679,
220.8225,
65.71124,
44.1331,
9.758272,
106.3079,
22.38799,
0,
3499.659,
2029, 
12.25592,
81.88834,
40.6193,
16.97427,
52.17381,
50.40468,
93.33385,
81.62391,
35.88784,
11.18903,
108.2642,
38.57132,
66.29705,
9.646418,
33.97878,
51.37299,
173.3285,
381.1953,
48.68892,
1675.24,
225.0159,
68.02652,
44.46663,
9.886019,
112.2502,
24.16041,
0,
3546.74,
2030, 
12.17328,
84.15175,
41.23292,
17.55401,
53.17589,
51.55293,
95.40664,
85.98455,
38.91928,
11.48164,
109.9279,
38.83804,
67.17152,
9.355168,
34.81696,
50.29213,
176.3745,
394.4171,
48.79771,
1672.844,
229.1307,
70.39167,
44.8215,
10.01582,
118.2127,
25.95532,
0,
3592.996,
2031, 
12.12486,
87.18367,
41.85401,
18.19852,
54.29929,
52.78817,
97.55522,
92.16355,
42.47028,
11.83922,
112.4561,
39.0644,
68.08642,
9.057447,
35.66172,
49.33114,
179.2415,
407.0285,
48.8569,
1666.208,
233.0632,
72.68599,
45.2336,
10.15983,
124.6451,
28.13078,
0,
3639.387,
2032, 
12.09611,
89.40379,
42.46279,
18.92785,
55.44765,
54.08577,
99.53038,
98.41494,
46.04861,
12.22204,
115.3073,
39.28635,
68.98619,
8.787523,
36.49936,
48.43797,
181.8661,
419.6194,
48.87732,
1657.016,
236.8869,
75.08069,
45.67505,
10.31663,
131.1412,
30.32957,
0,
3682.753,
2033, 
12.08854,
91.58411,
43.06741,
19.7728,
56.63121,
55.42503,
101.3432,
104.7283,
49.67112,
12.63366,
118.5141,
39.50502,
69.89031,
8.56121,
37.32838,
47.78499,
184.2291,
432.2478,
48.84091,
1645.92,
240.6139,
77.59684,
46.16241,
10.48936,
137.7432,
32.56186,
0,
3724.935,
2034, 
12.08899,
93.94685,
43.6853,
20.61712,
57.86399,
56.81101,
103.0312,
111.1483,
53.35147,
13.0768,
121.8686,
39.71979,
70.78274,
8.511214,
38.14791,
48.14868,
186.3058,
444.7374,
48.74683,
1631.579,
244.2179,
80.25181,
46.69293,
10.67,
144.4799,
34.83871,
0,
3765.321,
2035, 
12.09217,
96.4875,
44.307,
21.44493,
59.15154,
58.29864,
104.5937,
117.7146,
57.09528,
13.55366,
125.2139,
39.92989,
71.64456,
8.596935,
38.95683,
48.50747,
188.0813,
456.8356,
48.56699,
1613.734,
247.6713,
83.05903,
47.26062,
10.84777,
151.3741,
37.16966,
0,
3802.189,
2036, 
12.15536,
99.1916,
44.9088,
22.31531,
60.51255,
59.87756,
106.0867,
125.0447,
61.10277,
14.08965,
128.4149,
40.12222,
72.45074,
8.714772,
39.74503,
48.87495,
189.409,
467.7411,
48.255,
1590.738,
250.6229,
85.89363,
47.85713,
11.03528,
158.4909,
39.63073,
0,
3833.282,
2037, 
12.44545,
102.0655,
45.52621,
23.23886,
61.94576,
61.60189,
107.3787,
132.592,
65.19618,
14.66129,
131.4458,
40.31077,
73.21621,
8.879235,
40.52305,
49.24314,
190.647,
478.0661,
47.8978,
1563.897,
253.4191,
88.89205,
48.48663,
11.2525,
165.7983,
42.17419,
0,
3860.801,
2038, 
12.7479,
105.098,
46.15497,
24.21595,
63.44946,
63.47701,
108.5305,
140.3728,
69.39246,
15.26695,
134.2636,
40.49527,
73.9352,
9.075345,
41.29099,
49.61193,
191.8424,
487.9033,
47.49802,
1533.51,
256.056,
92.05165,
49.14349,
11.48192,
173.3021,
44.79818,
0,
3884.965,
2039, 
13.06203,
108.0937,
46.90607,
25.24444,
65.0134,
65.47814,
109.6454,
148.319,
73.7024,
15.90244,
136.8002,
40.67591,
74.6113,
9.287146,
42.04959,
49.98108,
193.0414,
497.3054,
47.06521,
1500.188,
258.5441,
95.36502,
49.82494,
11.7129,
181.0035,
47.49794,
0,
3906.321,
2040, 
13.38764,
110.6644,
47.65105,
26.31896,
66.642,
67.56655,
110.5191,
156.4095,
78.12445,
16.56508,
139.0225,
41.46952,
75.25633,
9.503888,
42.79989,
50.35587,
194.2828,
505.8583,
46.6092,
1463.391,
260.9055,
98.82056,
50.53074,
11.95146,
188.8998,
50.27401,
0,
3923.78,
2041, 
13.72263,
112.743,
48.35931,
27.40596,
68.26289,
69.61763,
111.2273,
165.255,
82.8614,
17.24977,
140.9027,
41.88336,
75.85622,
9.698582,
43.50352,
50.74801,
195.3297,
512.5576,
46.08934,
1421.252,
262.8473,
102.205,
51.26858,
12.1842,
196.9296,
53.198,
0,
3933.158,
2042, 
14.06456,
114.3185,
49.09972,
28.52908,
69.91614,
71.67456,
111.9062,
174.2677,
87.69323,
17.94949,
142.4393,
41.99409,
76.42392,
9.902809,
44.2029,
51.1564,
196.3011,
518.3686,
45.55298,
1376.017,
264.6903,
105.6929,
52.01441,
12.40536,
205.1211,
56.20792,
0,
3937.91,
2043, 
14.4081,
115.5816,
49.87308,
29.68439,
71.60146,
73.73264,
112.5797,
183.5143,
92.62773,
18.65878,
143.6149,
41.88726,
76.93451,
10.11016,
44.90008,
51.57675,
197.16,
523.4371,
44.99752,
1328.673,
266.4209,
109.2635,
52.74693,
12.62157,
213.449,
59.30037,
0,
3939.355,
2044, 
14.75157,
116.5688,
50.69025,
30.86492,
73.30382,
75.77989,
113.234,
192.9691,
97.65843,
19.37238,
144.4071,
41.63866,
77.39447,
10.31475,
45.59653,
52.00481,
197.8873,
527.6277,
44.43398,
1279.992,
268.061,
112.8964,
53.46094,
12.84434,
221.8944,
62.46957,
0,
3938.117,
2045, 
15.09323,
117.2365,
51.57228,
32.06481,
75.01433,
77.81569,
113.8865,
202.5994,
102.7823,
20.08497,
144.8317,
41.6418,
77.80928,
10.5107,
46.29423,
52.43527,
198.4816,
530.8586,
43.86274,
1231.431,
269.6311,
116.5715,
54.15103,
13.07834,
230.4373,
65.70721,
0,
3935.883,
2046, 
15.43698,
117.5758,
52.48867,
33.25418,
76.66926,
79.77158,
114.4973,
213.2466,
108.3328,
20.77721,
144.8973,
41.7988,
78.1119,
10.69027,
46.96082,
52.86806,
198.6908,
532.5309,
43.27945,
1182.068,
270.9709,
120.1104,
54.84687,
13.31538,
239.1636,
69.17304,
0,
3931.526,
2047, 
15.77591,
117.6448,
53.4805,
34.44832,
78.31292,
81.71049,
115.1773,
224.0441,
113.9459,
22.53358,
144.6439,
41.95235,
78.30985,
10.8725,
47.63216,
53.29955,
198.7213,
533.4189,
42.69857,
1134.705,
272.2811,
123.6496,
55.51018,
13.54817,
247.9423,
72.68571,
0,
3928.945,
2048, 
16.16319,
117.3145,
54.5647,
35.62746,
79.88638,
83.58592,
115.7338,
234.7712,
119.5382,
23.30394,
148.027,
42.12516,
79.03607,
11.02172,
48.30838,
53.71283,
198.6619,
533.6886,
42.30386,
1089.453,
274.2717,
127.1913,
56.44473,
13.72081,
256.9199,
76.2059,
0,
3931.582,
2049, 
16.5439,
116.7753,
55.70843,
36.80091,
81.43867,
85.46433,
116.28,
245.6791,
125.1692,
24.06338,
151.3506,
42.295,
79.66666,
11.16691,
48.99244,
54.12414,
198.4909,
533.4398,
41.89823,
1046.567,
276.2701,
130.7039,
57.34307,
13.89871,
265.9183,
79.77012,
0,
3935.819,
2050, 
16.917,
116.0576,
56.90138,
37.96504,
82.96728,
87.35474,
116.8158,
256.7532,
130.8403,
24.8095,
154.6037,
42.46191,
80.20149,
11.30753,
49.6857,
54.53321,
198.2327,
543.2732,
41.49619,
1005.983,
278.2872,
134.176,
58.20227,
14.07497,
274.9236,
83.37312,
0,
3952.198,
2051, 
17.22502,
116.3815,
57.92262,
38.94659,
84.11697,
88.89546,
116.96,
267.9949,
136.449,
25.42966,
157.1879,
42.49419,
80.46222,
11.40049,
50.19607,
54.74746,
197.1792,
550.9517,
40.96402,
964.2643,
279.4183,
136.9983,
58.87217,
14.79747,
283.0527,
86.9091,
0,
3960.217,
2052, 
17.52388,
118.6368,
58.981,
39.91221,
85.2439,
90.47929,
117.0983,
279.2922,
142.0566,
26.03093,
159.6854,
42.52466,
80.63977,
11.48838,
50.71412,
54.96029,
196.032,
558.5138,
40.33916,
924.5197,
280.5805,
139.7564,
59.50297,
15.02568,
291.1282,
90.44776,
0,
3971.114,
2053, 
17.81548,
120.8485,
60.07312,
40.85901,
86.33572,
92.11843,
117.2149,
290.5996,
147.6479,
26.6126,
162.1025,
42.55429,
80.80913,
11.57101,
51.24032,
55.1709,
194.7675,
565.9559,
39.6752,
886.963,
281.8017,
142.4455,
60.10386,
15.25752,
299.1481,
93.98508,
0,
3983.677,
2054, 
18.10063,
122.9964,
61.19785,
41.78455,
87.39137,
93.8062,
117.2756,
301.9034,
153.2213,
27.17422,
164.4417,
42.58354,
81.00995,
11.64829,
51.77523,
55.37867,
193.3811,
573.2762,
39.01678,
850.7899,
283.0967,
145.0623,
60.67937,
15.48612,
307.1097,
97.51698,
0,
3997.104,
2055, 
18.37914,
125.0785,
62.33277,
42.68807,
88.41062,
95.50749,
117.2911,
313.1999,
158.7754,
27.71555,
166.7014,
42.61241,
81.23918,
11.72021,
52.31927,
55.58358,
191.887,
580.4734,
38.44437,
815.9087,
284.4679,
147.6045,
61.2293,
15.71154,
315.0091,
101.0416,
0,
4011.332,
2056, 
18.65979,
127.1581,
63.4498,
43.55387,
89.34247,
97.1696,
117.2381,
325.3536,
164.623,
28.22707,
168.918,
42.64765,
81.50447,
11.79055,
52.84138,
55.78996,
190.1844,
587.3656,
38.36868,
781.7576,
285.8254,
150.0079,
61.78078,
15.93273,
322.9532,
104.756,
0,
4027.2,
2057, 
18.93383,
129.1728,
64.57098,
44.39684,
90.23833,
98.83849,
117.144,
337.4832,
170.4443,
28.71807,
171.0557,
42.68252,
81.80721,
11.85573,
53.37286,
55.99337,
188.48,
594.1393,
38.38329,
749.3273,
287.2603,
152.3357,
62.30723,
16.14959,
330.8294,
108.4577,
0,
4044.378,
2058, 
19.2014,
131.1236,
65.69761,
45.21725,
91.09913,
100.5133,
117.0145,
349.5894,
176.24,
29.18906,
173.1165,
42.717,
82.17635,
11.91587,
53.91377,
56.19389,
186.8022,
600.797,
38.51711,
718.738,
288.7721,
154.5889,
62.80949,
16.3618,
338.6383,
112.1465,
0,
4063.09,
2059, 
19.46401,
133.012,
66.82941,
46.01566,
91.92604,
102.194,
117.3532,
361.6734,
182.0111,
29.64078,
175.1089,
42.75162,
82.6183,
11.97116,
54.46407,
56.39158,
185.172,
607.3436,
39.70828,
689.9697,
290.3717,
156.7697,
63.29426,
16.56943,
346.384,
115.8224,
0,
4084.83,
2060, 
19.72317,
134.8399,
67.96416,
46.79271,
92.72042,
103.8774,
118.6547,
373.737,
187.7588,
30.07412,
177.0418,
42.78688,
83.158,
12.02179,
55.02365,
56.58652,
183.8521,
613.7837,
40.31361,
663.4272,
292.0695,
158.8811,
63.76817,
16.77272,
354.0714,
119.4855,
0,
4109.186,
2061, 
19.98749,
136.6973,
69.07894,
47.53381,
93.43456,
105.5149,
119.9074,
386.5202,
193.7206,
30.47702,
178.9935,
42.82849,
83.79657,
12.07268,
55.38782,
56.7855,
184.6571,
619.7579,
40.80985,
642.8864,
293.7766,
160.8508,
64.2422,
16.97167,
361.6542,
123.284,
0,
4141.627,
2062, 
20.24642,
138.501,
70.20328,
48.255,
94.11877,
107.1523,
121.1828,
399.2702,
199.6521,
30.86269,
180.8812,
42.86968,
84.51059,
12.11942,
55.58905,
56.98199,
185.5404,
625.6342,
41.15556,
626.7044,
295.5515,
162.7558,
64.58893,
17.16694,
369.1719,
127.0661,
0,
4177.732,
2063, 
20.50019,
140.254,
71.33733,
48.95736,
94.77471,
108.7356,
122.4804,
411.9914,
205.5561,
31.22378,
182.7083,
42.91039,
85.27166,
12.16224,
55.6421,
57.17606,
186.499,
631.4185,
41.3833,
611.7286,
297.3905,
164.5997,
64.62905,
17.35879,
376.6284,
130.833,
0,
4214.15,
2064, 
20.74867,
141.959,
72.47625,
49.64191,
95.4039,
109.8925,
123.7998,
424.6847,
211.4351,
31.45197,
184.4762,
42.95041,
86.05293,
12.20136,
55.55817,
57.36782,
187.5295,
637.1153,
41.47767,
597.8744,
299.2858,
166.3859,
64.41003,
17.54741,
384.0266,
134.5861,
0,
4250.339,
2065, 
20.99265,
143.6191,
73.36697,
50.30973,
96.008,
111.0246,
125.14,
437.3506,
217.2915,
31.56013,
186.1907,
42.98992,
86.84558,
12.237,
55.34052,
57.55738,
188.6286,
642.7308,
41.5002,
585.059,
301.2387,
168.118,
63.98759,
17.73279,
391.3716,
138.3266,
0,
4286.519,
2066, 
21.24119,
145.3116,
74.02766,
50.94077,
96.54497,
112.0906,
126.4274,
450.5506,
223.2466,
31.55167,
187.9801,
43.04351,
87.64629,
12.27628,
54.97171,
58.35973,
189.6638,
647.8246,
41.46276,
573.4515,
303.1884,
169.7372,
63.4375,
17.89582,
398.4692,
142.1347,
0,
4323.476,
2067, 
21.48527,
146.966,
74.68562,
51.55706,
97.05993,
113.1347,
127.734,
463.7162,
229.1759,
31.45296,
189.7217,
43.09638,
88.40922,
12.31265,
54.50016,
58.97338,
190.7608,
652.8469,
41.3914,
562.7197,
305.1831,
171.3088,
62.80144,
17.98334,
405.5155,
145.9283,
0,
4360.42,
2068, 
21.72531,
148.5854,
75.34125,
52.15968,
97.55432,
114.1585,
129.0591,
476.8538,
235.0826,
31.27847,
191.4196,
43.14858,
89.1328,
12.34632,
54.02389,
59.47592,
191.9159,
657.8026,
41.26315,
552.792,
307.221,
172.6956,
62.14437,
18.0063,
412.5155,
149.7093,
0,
4397.411,
2069, 
21.96164,
150.1723,
75.9948,
52.74962,
98.02954,
115.1637,
130.4018,
489.9691,
240.9693,
31.04755,
193.0768,
43.20009,
89.80234,
12.37744,
53.52929,
59.80905,
193.1259,
662.6965,
41.07102,
543.6006,
309.2992,
173.8233,
61.48796,
17.96954,
419.4732,
153.4793,
0,
4434.281,
2070, 
22.19518,
151.7295,
76.64684,
53.32787,
98.48685,
116.1516,
131.7612,
503.0668,
246.8388,
30.78222,
194.6999,
43.25117,
90.41038,
12.50827,
53.01579,
59.95104,
194.3879,
667.5338,
40.80519,
535.082,
311.4212,
174.6819,
60.8451,
17.88253,
426.3946,
157.2399,
0,
4471.098,
2071, 
22.42773,
153.2872,
77.27438,
53.87351,
98.86835,
117.0795,
133.1125,
516.5907,
252.752,
30.48867,
196.393,
43.32701,
90.94756,
12.52542,
52.47969,
59.95699,
195.6109,
671.8489,
40.49213,
527.3782,
313.5095,
175.2068,
60.25021,
17.75094,
433.0605,
161.0473,
0,
4507.54,
2072, 
22.65695,
154.8203,
77.90039,
54.40908,
99.14831,
117.9927,
134.4791,
530.0886,
258.6422,
30.18868,
198.0534,
43.40212,
91.42376,
12.47652,
51.9299,
59.76752,
196.8788,
676.1125,
40.08305,
520.2291,
315.626,
175.4686,
59.67471,
17.58658,
439.6898,
164.8435,
0,
4543.572,
2073, 
22.88407,
156.3311,
78.52554,
54.93543,
99.33263,
118.8923,
135.8602,
543.5668,
264.5124,
29.89244,
199.6882,
43.47689,
91.85353,
12.50898,
51.37015,
59.50249,
198.1895,
680.3292,
40.15139,
513.5842,
317.7777,
175.4927,
59.13192,
17.39594,
446.2889,
168.63,
0,
4580.104,
2074, 
23.10901,
157.8215,
79.14989,
55.45336,
99.42886,
119.7796,
137.2551,
557.0314,
270.3653,
29.5983,
201.2985,
43.55121,
92.24157,
12.53981,
50.80486,
59.57184,
199.5398,
684.5024,
40.30499,
507.3963,
319.9596,
175.306,
59.2205,
17.1878,
452.8609,
172.4086,
0,
4617.687,
2075, 
23.33203,
159.2936,
79.77373,
55.96361,
99.44348,
120.6557,
138.6633,
570.4874,
276.2035,
29.30069,
202.8867,
43.62509,
92.59498,
12.56912,
51.1334,
59.81162,
200.9273,
688.6356,
40.46097,
501.6221,
322.1699,
174.9208,
59.58562,
16.96702,
459.4091,
176.1809,
0,
4656.617,
2076, 
23.55127,
160.739,
80.37959,
56.44596,
99.36629,
121.483,
140.0756,
584.1814,
282.0133,
28.98646,
204.519,
43.73176,
92.93143,
12.60815,
51.62679,
60.09351,
202.3132,
692.4044,
40.64264,
496.3777,
324.3337,
174.3186,
59.98323,
16.73974,
465.6703,
179.9213,
0,
4695.438,
2077, 
23.76892,
162.1694,
80.98522,
56.92188,
99.2193,
122.3009,
141.5002,
597.8608,
287.8065,
28.65993,
206.1336,
43.83815,
93.24788,
12.64601,
52.12365,
60.37514,
203.7315,
696.1387,
40.82612,
491.4698,
326.1528,
173.588,
60.37551,
16.5218,
471.911,
183.6532,
0,
4733.926,
2078, 
23.98522,
163.5865,
81.59085,
57.39195,
99.01199,
123.1102,
142.9364,
611.5287,
293.5854,
28.31947,
207.7325,
43.94431,
93.55087,
12.68277,
52.62392,
60.65654,
205.1799,
699.8418,
41.00833,
486.8654,
327.603,
172.7699,
60.7632,
16.322,
478.1346,
187.3783,
0,
4772.104,
2079, 
24.20033,
164.9918,
82.19661,
57.85674,
98.74923,
123.9118,
144.3837,
625.1879,
299.3525,
28.39429,
209.3174,
44.05021,
93.8405,
12.71853,
53.12742,
60.93775,
206.6567,
703.516,
41.17789,
482.5339,
328.7196,
171.8851,
61.14673,
16.14059,
484.3438,
191.0977,
0,
4810.435,
2080, 
24.41436,
166.3866,
82.80267,
58.31677,
98.43187,
124.7065,
145.8417,
638.8409,
305.1099,
28.53718,
210.8897,
44.15585,
94.43758,
12.75336,
53.63405,
61.21884,
208.16,
707.1638,
41.38655,
478.4479,
329.5742,
170.9539,
61.52637,
15.9741,
490.5411,
194.8131,
0,
4849.019,
2081, 
24.62474,
167.76,
83.40285,
58.76011,
98.08098,
125.4792,
147.289,
652.594,
310.82,
28.67709,
212.4916,
44.29581,
95.4555,
12.79833,
54.13995,
61.5348,
209.691,
710.7329,
41.5985,
474.8697,
330.1874,
169.9645,
61.93397,
15.91543,
496.3059,
198.4431,
0,
4887.846,
2082, 
24.83526,
169.1252,
84.00394,
59.19958,
97.6933,
126.2127,
148.7462,
666.3315,
316.5203,
28.8138,
214.0885,
44.43614,
96.48512,
12.84259,
54.64863,
61.85093,
211.2458,
714.2823,
41.81456,
471.4882,
330.6251,
168.9341,
62.34281,
16.0288,
501.7888,
202.0666,
0,
4926.451,
2083, 
25.04484,
170.4833,
84.57912,
59.63557,
97.27438,
126.8853,
150.2128,
680.0579,
322.2128,
28.94746,
215.6758,
44.5763,
97.51596,
12.88618,
55.16,
62.16726,
212.8224,
717.8129,
42.03094,
468.2832,
330.9368,
167.8722,
62.74792,
16.14207,
507.0475,
205.6851,
0,
4964.696,
2084, 
25.25361,
171.8353,
85.09438,
60.06847,
96.82911,
127.4967,
151.6886,
693.7763,
327.8992,
29.07828,
217.2547,
44.71629,
98.54808,
12.92917,
55.67398,
62.48381,
214.4192,
721.326,
42.24756,
465.2357,
331.1649,
166.8047,
63.1496,
16.25524,
512.1141,
209.2996,
0,
5002.643,
2085, 
25.46167,
173.1821,
85.54974,
60.49861,
96.36118,
128.0463,
153.1733,
707.4916,
333.5813,
29.20648,
218.8262,
44.85613,
99.58154,
12.97159,
56.1905,
62.80062,
216.0352,
724.8237,
42.46437,
462.3288,
331.3463,
165.7312,
63.54817,
16.36837,
517.0109,
212.9113,
0,
5040.347,
2086, 
25.66771,
174.5451,
85.9427,
60.92445,
95.90812,
128.5394,
154.6442,
721.1836,
339.2051,
29.33243,
220.4287,
45.02617,
100.6225,
13.02196,
56.69912,
63.14053,
217.681,
728.4758,
42.69213,
459.9564,
331.4949,
164.6439,
63.96166,
16.48133,
521.6508,
216.4291,
0,
5078.299,
2087, 
25.8812,
175.9046,
86.27586,
61.34816,
102.3653,
128.9688,
156.1234,
734.8651,
344.8255,
29.45685,
222.0639,
45.19955,
101.7332,
13.07189,
57.20992,
63.48079,
219.3485,
732.1228,
42.94433,
457.6959,
331.708,
163.577,
64.40752,
16.59431,
526.1512,
219.9425,
0,
5123.266,
2088, 
26.08873,
177.2613,
86.54606,
61.77001,
104.1086,
129.3341,
157.6105,
748.5413,
350.4437,
29.5787,
223.6682,
45.37067,
102.798,
13.12142,
57.72283,
63.82145,
221.0289,
735.7576,
43.17979,
455.5349,
331.8073,
162.5036,
64.82697,
16.70734,
530.4595,
223.4526,
0,
5163.044,
2089, 
26.29415,
178.6159,
86.75645,
62.19025,
104.3866,
129.6302,
159.1054,
762.2171,
356.0612,
29.69847,
225.2605,
45.54109,
103.8493,
13.17058,
58.23785,
64.1625,
222.7236,
739.3837,
43.40996,
453.4623,
331.8353,
161.4088,
65.23672,
16.82046,
534.5974,
226.9604,
0,
5201.016,
2090, 
26.49925,
179.969,
86.90862,
62.60907,
104.6606,
129.8578,
160.6078,
775.8964,
361.6793,
29.81646,
226.8494,
45.71153,
104.9017,
13.21939,
58.75491,
64.50398,
224.4327,
743.0029,
43.64003,
451.4683,
331.8214,
160.2805,
65.64442,
16.93369,
538.6008,
230.4667,
0,
5238.737,
2091, 
26.70679,
181.3824,
87.01698,
63.03247,
104.9847,
130.0397,
162.0598,
789.3862,
367.2274,
29.93021,
228.4832,
45.90407,
105.9593,
13.27294,
59.26107,
64.85365,
226.1411,
746.8398,
43.8783,
449.9239,
331.7874,
159.1405,
66.06136,
17.05056,
542.4069,
233.8786,
0,
5276.609,
2092, 
26.91409,
182.7957,
87.07034,
63.45493,
105.3057,
130.156,
163.5185,
802.8706,
372.7756,
30.0424,
230.1147,
46.09674,
107.0175,
13.32621,
59.76898,
65.20377,
227.8626,
750.6742,
44.11626,
448.4417,
331.7555,
158.0073,
66.47636,
17.16761,
546.132,
237.289,
0,
5314.354,
2093, 
27.12044,
184.2093,
87.06683,
63.8766,
104.9682,
130.2083,
164.9839,
816.3533,
378.3252,
30.15306,
231.741,
46.28922,
108.07,
13.37924,
60.27863,
65.55434,
229.596,
754.5059,
44.35159,
447.0143,
331.7202,
156.9016,
66.88629,
17.28485,
549.7941,
240.6987,
0,
5351.331,
2094, 
27.32577,
185.6236,
87.00971,
64.29763,
103.8622,
130.1979,
166.4558,
829.8381,
383.8771,
30.26229,
233.3619,
46.48147,
109.1157,
13.43203,
60.78999,
65.90538,
231.3407,
758.3359,
44.5839,
445.6352,
331.6479,
155.8293,
67.29074,
17.40229,
553.4295,
244.1083,
0,
5387.44,
2095, 
27.53016,
187.0389,
86.89709,
64.71819,
102.0032,
130.1261,
167.9341,
843.3284,
389.4322,
30.37016,
234.9779,
46.6735,
110.1549,
13.48461,
61.30304,
66.25692,
233.0962,
762.1646,
44.81329,
444.2985,
331.532,
155.7736,
67.68996,
17.51996,
557.0207,
247.5185,
0,
5423.657,
2096, 
27.73841,
188.5273,
86.74298,
65.14982,
99.5013,
130.027,
169.362,
856.4648,
394.9136,
30.47359,
236.6329,
46.87859,
111.1863,
13.54006,
61.79898,
66.61213,
234.8304,
766.2168,
45.05627,
443.3316,
331.3883,
156.5154,
68.09383,
17.64204,
560.5244,
250.8036,
0,
5459.953,
2097, 
27.94596,
190.0177,
86.53903,
65.58131,
96.3995,
129.8694,
170.7957,
869.597,
400.3969,
30.57582,
238.2845,
47.08361,
112.2122,
13.59535,
62.29636,
66.96786,
236.5745,
770.2706,
45.29674,
442.3983,
331.188,
157.2558,
68.49327,
17.7644,
563.9553,
254.0897,
0,
5495.445,
2098, 
28.15469,
191.5107,
86.28444,
66.01273,
94.29482,
129.6549,
172.2351,
882.7284,
405.8826,
30.67708,
239.9421,
47.28929,
113.2488,
13.65049,
62.79518,
67.32413,
238.3291,
774.3273,
45.54039,
441.4941,
330.9459,
157.9954,
68.89651,
17.88705,
567.3262,
257.3773,
0,
5531.805,
2099, 
28.36629,
193.0063,
85.97442,
66.44419,
94.61359,
129.3737,
173.6802,
895.8621,
411.3718,
30.77758,
241.6137,
47.49635,
114.3101,
13.70548,
63.29542,
67.68096,
240.095,
778.3887,
45.79226,
440.6153,
330.7407,
158.7349,
69.31091,
18.00999,
570.634,
260.667,
0,
5570.561,
2100, 
28.57804,
194.5048,
85.60789,
66.87579,
94.93096,
129.0275,
175.1309,
909.0127,
416.8652,
30.87713,
243.2864,
47.70364,
115.3727,
13.76035,
63.79706,
68.03835,
241.8701,
782.4531,
46.04394,
439.7582,
330.5648,
159.4737,
69.72448,
18.13324,
573.8668,
263.9592,
0,
5609.217];
