real main.em.dem.hi.PPI.production[27](t) = [1971, 
11.161,
46.95401,
0.908,
0.1505,
1.2373,
1.6619,
0.2297,
0.0064,
0.0177,
0.625,
35.0154,
3.536,
0.2121,
0,
0,
7.048,
0.1695,
0.82,
0.508,
3.06,
0.3577,
0.019,
12.907,
1.5404,
0.1035,
0.0469,
0,
1972, 
12.038,
50.757,
0.981,
0.16,
1.3457,
1.765,
0.2358,
0.0064,
0.0172,
0.744,
37.1807,
3.7291,
0.2777,
0,
0,
7.424,
0.1921,
0.845,
0.566,
3.371,
0.5017,
0.019,
13.648,
1.5458,
0.0972,
0.0498,
0,
1973, 
12.578,
52.971,
1.113,
0.1723,
1.5879,
1.825,
0.2249,
0.0065,
0.0189,
0.85,
40.5347,
3.8944,
0.345,
0,
0,
7.89,
0.2099,
0.84,
0.592,
4.116,
0.5926,
0.0432,
15.975,
1.686,
0.124,
0.0541,
0,
1974, 
13.218,
52.54,
1.254,
0.1746,
1.8537,
1.917,
0.2078,
0.0065,
0.0245,
0.912,
41.9213,
3.9647,
0.387,
0,
0,
8.199,
0.2054,
0.893,
0.693,
3.926,
0.5193,
0.043,
15.645,
1.7324,
0.1362,
0.0525,
0,
1975, 
10.067,
45.248,
1.184,
0.171,
1.6878,
1.7442,
0.2093,
0.0065,
0.052117,
0.834,
33.8723,
4.4057,
0.414,
0,
0,
8.583,
0.2421,
0.911,
0.742,
4.128,
0.4822,
0.046,
13.6,
1.697,
0.1257,
0.0525,
0,
1976, 
11.791,
51.75701,
1.346,
0.1815,
2.0449,
1.7333,
0.2158,
0.0065,
0.0599,
0.904,
39.069,
4.7221,
0.31,
0,
0,
8.916,
0.2541,
0.934,
0.778,
4.213,
0.5863,
0.058,
15.394,
1.761,
0.0977,
0.0525,
0,
1977, 
12.151,
53.347,
1.463,
0.1389,
2.2355,
1.7992,
0.2478,
0.0065,
0.0745,
0.979,
39.4753,
5.1191,
0.34,
0,
0,
9.064,
0.2761,
0.99,
1.204,
4.661,
0.6454,
0.078,
15.702,
1.89,
0.1177,
0.0525,
0,
1978, 
13.286,
55.15401,
1.596,
0.1499,
2.534,
1.9828,
0.2528,
0.0065,
0.0763,
1.023,
41.7701,
4.986,
0.265,
0,
0,
9.236,
0.2731,
0.998,
1.445,
5.37,
0.7274,
0.154,
16.499,
1.867,
0.1439,
0.0645,
0,
1979, 
13.486,
57.41001,
1.684,
0.1681,
2.979,
2.1949,
0.3068,
0.0065,
0.0793,
1.12,
45.4132,
5.021,
0.443,
0,
0,
8.729,
0.2676,
1.044,
1.674,
6.321,
0.7903,
0.212,
17.861,
1.942,
0.1535,
0.0675,
0,
1980, 
13.39,
56.839,
1.979,
0.1714,
3.361,
2.2187,
0.3342,
0.0185,
0.0827,
1.197,
44.881,
5.224,
0.478,
0,
0,
8.733,
0.2691,
0.962,
1.76,
6.884,
0.8221,
0.231,
18.088,
2.104,
0.1563,
0.073,
0,
1981, 
13.835,
57.667,
1.893,
0.1947,
3.102,
2.2615,
0.3744,
0.0175,
0.0837,
1.29,
44.814,
5.203,
0.512,
0,
0,
8.954,
0.2671,
1.266,
1.863,
6.948,
0.7983,
0.258,
16.98,
2.151,
0.1688,
0.077,
0,
1982, 
12.408,
54.89901,
1.924,
0.2275,
3.329,
2.2425,
0.3394,
0.017,
0.0841,
1.35,
43.854,
5.262,
0.537,
0,
0,
8.978,
0.2671,
1.288,
1.817,
7.463,
0.7493,
0.329,
17.453,
2.188,
0.1887,
0.0763,
0,
1983, 
13.353,
58.804,
2.019,
0.2238,
3.426,
2.3015,
0.3479,
0.017,
0.097,
1.52,
45.61,
5.398,
0.391,
0,
0,
9.556,
0.3161,
1.481,
2.062,
8.446,
0.6933,
0.374,
18.441,
2.101,
0.2479,
0.0718,
0,
1984, 
14.222,
62.36601,
2.239,
0.2396,
3.768,
2.5235,
0.4138,
0.023,
0.1037,
1.422,
49.976,
5.547,
0.488,
0,
0,
9.835,
0.3091,
1.557,
2.287,
9.55,
0.8523,
0.403,
19.345,
2.214,
0.2466,
0.0684,
0,
1985, 
14.448,
60.959,
2.376,
0.2237,
4.022,
2.4833,
0.4161,
0.047,
0.1059,
1.489,
50.141,
5.621,
0.644,
0,
0,
10.031,
0.3,
1.559,
2.392,
11.237,
0.872,
0.5,
20.469,
2.316,
0.2089,
0.08,
0,
1986, 
15.259,
64.444,
2.469,
0.2427,
4.525,
2.7103,
0.4331,
0.067,
0.12085,
1.611,
51.933,
5.677,
0.71,
0,
0,
10.395,
0.32,
1.806,
2.853,
12.641,
0.82,
0.611,
21.062,
2.267,
0.2196,
0.082,
0,
1987, 
16.044,
67.532,
2.573,
0.2298,
4.712,
2.9321,
0.4531,
0.056,
0.12104,
1.6,
54.594,
5.813,
0.813,
0,
0,
10.566,
0.342,
1.871,
3.243,
14.271,
0.9984,
0.813,
22.537,
2.17,
0.2366,
0.115,
0,
1988, 
16.639,
69.587,
3.375,
0.2218,
4.685,
2.9998,
0.4591,
0.06,
0.12824,
1.8,
58.745,
5.952,
0.681,
0,
0,
10.881,
0.364,
1.977,
3.739,
15.74,
1.0216,
0.974,
24.625,
2.492,
0.285,
0.114,
0,
1989, 
16.555,
69.51401,
3.294,
0.2507,
4.806,
2.802798,
0.5261,
0.051,
0.13634,
1.899,
60.966,
5.72,
0.751,
0,
0,
10.735,
0.417,
2.05,
4.109,
16.527,
1.0856,
1.158,
26.809,
2.605,
0.2785,
0.1155,
0,
1990, 
16.466,
71.965,
2.873,
0.2147,
4.844,
2.8415,
0.517,
0.049,
0.11435,
1.904,
63.04,
4.6135,
0.891,
0,
0,
10.718,
0.531,
2.185,
4.604,
17.408,
1.55,
1.438,
28.088,
2.768,
0.3619,
0.1139,
0,
1991, 
16.559,
72.724,
2.896,
0.21,
4.888,
3.0983,
0.494,
0.035,
0.10907,
1.905,
63.678,
3.8625,
0.747,
0,
0,
9.59,
0.506,
2.362,
5.002,
18.64,
1.9284,
1.755,
29.053,
2.833,
0.346,
0.115,
0,
1992, 
16.585,
75.16101,
2.825,
0.1526,
4.913,
3.1689,
0.471,
0.029,
0.19002,
1.8,
64.999,
3.1026,
1.0126,
0.9249,
0,
5.765,
0.476,
2.528,
5.584,
20.049,
2.5668,
2.263,
28.324,
2.728,
0.365,
0.115,
0,
1993, 
17.557,
77.25001,
2.447,
0.1454,
5.352,
2.8559,
0.498,
0.013,
0.19472,
1.71,
67.02683,
3.8039,
1.032,
0.6321,
0,
4.459,
0.558,
2.626,
5.884,
22.077,
2.727,
2.6,
27.764,
2.875,
0.554,
0.103,
0,
1994, 
18.348,
80.945,
2.518,
0.1574,
5.73,
3.0821,
0.507,
0.011,
0.12622,
1.684,
72.77069,
4.1706,
1.102,
0.4341,
0,
3.412,
0.526,
2.859,
6.515,
25.627,
2.974,
3.054,
28.527,
3.061,
0.607,
0.109,
0,
1995, 
18.713,
85.526,
3.047,
0.2499,
5.856,
3.3482,
0.501,
0.0135,
0.12937,
1.871,
73.59541,
4.5498,
1.24,
0.4361,
0,
4.073,
0.572,
3.025,
6.958,
28.517,
3.475,
3.425,
29.664,
3.155,
0.581,
0.109,
0,
1996, 
18.414,
84.046,
3.047,
0.3155,
5.885,
3.3623,
0.479,
0.029,
0.1459,
1.871,
73.45018,
4.7195,
1.105,
0.4239,
0,
3.224,
0.572,
3.025,
7.761,
30.913,
3.55,
4.121,
30.014,
3.185,
0.5745,
0.109,
0,
1997, 
18.969,
88.511,
3.491,
0.301,
6.475,
3.4954,
0.557,
0.022,
0.1489,
2.047,
79.56598,
5.5145,
1.246,
0.395,
0,
3.339,
0.573,
2.922,
8.414,
31.663,
3.846,
4.822,
31.014,
3.308,
0.6075,
0.1099,
0,
1998, 
18.875,
86.451,
3.673,
0.389,
6.524,
3.038221,
0.641,
0.022,
0.153882,
2.105,
81.39453,
5.347572,
1.357,
0.4881,
0,
3.595,
0.357,
3.320027,
7.83,
32.203,
4.433,
5.487,
29.886,
3.385,
0.6105,
0.1049,
0,
1999, 
20.28,
88.67,
3.783999,
0.389,
6.255,
3.4094,
0.578,
0.022,
0.151804,
2.9,
84.2033,
5.482202,
1.349,
0.5193,
0.002703,
4.535,
0.395,
3.845,
8.955,
34.137,
4.7834,
6.978,
30.631,
3.381,
0.6575,
0.1089,
0,
2000, 
20.9209,
86.25227,
3.865,
0.389,
6.473,
3.7704,
0.69,
0.022,
0.157873,
2.982,
88.43532,
5.783165,
1.567,
0.6465,
0.033415,
5.3584,
0.4028,
3.794,
9.388,
35.439,
4.7202,
6.977,
31.828,
3.713,
0.6745,
0.1089,
0,
2001, 
19.834,
81.24883,
4.056,
0.389,
7.354,
3.9043,
0.73,
0.022,
0.094923,
3.523,
86.20253,
6.50523,
1.513,
0.7034,
0.06159,
5.7721,
0.4113,
4.094,
9.412,
37.929,
5.2429,
6.995,
30.717,
3.515,
1.2485,
0.1089,
0,
2002, 
20.226,
81.87907,
3.987,
0.3567,
7.354,
4.0742,
0.73,
0.022,
0.106523,
3.579,
88.36497,
6.612834,
1.643,
0.7476,
0.088323,
6.1236,
0.7783,
4.1048,
9.892,
42.329,
5.294,
6.995,
30.686,
3.519,
1.2485,
0.1089,
0,
2003, 
20.12,
80.71217,
4.149,
0.3561,
7.811,
4.2758,
0.73,
0.022,
0.128439,
3.645,
90.6743,
6.551424,
1.643,
0.897337,
0.0717,
6.5273,
0.7783,
4.1446,
10.228,
47.529,
6.3749,
6.995,
30.457,
3.904,
1.2485,
0.1089,
0,
2004, 
20.462,
82.08437,
4.689,
0.3936,
8.221,
4.19698,
0.7732,
0.025097,
0.191899,
2.881,
94.866,
7.148608,
1.643,
0.979999,
0.0828,
6.8398,
1.392,
4.6146,
10.591,
54.072,
6.2722,
7.223,
30.891,
4.013913,
0.9435,
0.2069,
0,
2005, 
19.498,
83.69733,
4.8411,
0.4028,
8.597,
4.694037,
0.7714,
0.026538,
0.304199,
2.444,
94.95413,
7.731102,
1.866,
1.05191,
0.0945,
7.134718,
1.445,
4.655007,
10.629,
60.405,
6.3933,
7.223,
30.953,
4.195181,
0.9675,
0.2059,
0,
2006, 
18.189,
84.31694,
4.876,
0.4036,
8.725,
4.617966,
0.7711,
0.026238,
0.310199,
2.611,
97.95297,
8.035076,
1.72,
1.1732,
0.178927,
7.458372,
1.3735,
6.799169,
10.783,
69.394,
8.4907,
7.223,
31.097,
4.102399,
0.9675,
0.1879,
0,
2007, 
17.367,
83.91596,
4.582,
0.4008,
9.009,
4.792552,
0.9711,
0.026238,
0.209599,
2.726,
97.69236,
8.384479,
2.039,
1.319501,
0.202922,
7.609216,
1.372,
8.30061,
11.012,
77.965,
8.3721,
7.727,
31.268,
4.056451,
0.9945,
0.1889,
0,
2008, 
15.789,
80.17838,
4.451,
0.40791,
9.409,
5.195454,
0.9711,
0.026238,
0.202499,
2.726,
94.28756,
8.005387,
2.05,
1.319501,
0.174571,
7.710859,
1.4942,
7.941178,
9.97,
83.685,
8.3588,
9.731,
30.628,
4.154047,
1.1845,
0.1889,
0,
2009, 
12.823,
71.35545,
4.556,
0.4074,
9.428,
4.993796,
0.9711,
0.026238,
0.051239,
2.245,
84.30791,
7.919005,
2.156,
1.385699,
0.209641,
7.382859,
2.5972,
7.78852,
9.806,
90.192,
8.7384,
9.908,
26.268,
4.162639,
1.1845,
0.105786,
0,
2010, 
12.755,
75.77284,
4.704,
0.41212,
9.978,
4.813147,
0.9711,
0.026238,
0.088239,
2.516,
90.50254,
8.599111,
2.348,
1.542251,
0.214496,
5.621459,
2.5562,
10.11124,
11.102,
96.545,
8.7429,
9.908,
27.364,
4.091822,
0.9975,
0.0949,
0,
2011, 
12.057,
76.43082,
4.701,
0.398208,
10.159,
4.931931,
0.9711,
0.026238,
0.088239,
2.176,
89.42604,
8.781577,
2.659,
1.441898,
0.243316,
7.660179,
2.5182,
10.172,
11.336,
103.226,
8.9581,
10.034,
26.609,
3.963677,
1.0255,
0.0949,
0,
2012, 
10.756,
74.492,
4.795,
0.409108,
10.26,
4.760415,
0.9665,
0.027538,
0.090239,
2.422486,
87.61104,
8.60685,
2.784,
1.487274,
0.196677,
7.690504,
2.9032,
10.247,
11.412,
106.569,
9.0444,
10.247,
25.957,
4.038189,
1.0255,
0.0949,
0,
2013, 
11.174,
71.7323,
4.835,
0.408808,
10.444,
4.732604,
0.9915,
0.027182,
0.178371,
2.318183,
86.6896,
8.713341,
2.85,
1.393929,
0.249025,
7.774043,
2.9032,
11.8,
11.847,
105.15,
8.9681,
10.247,
26.238,
3.78952,
1.0255,
0.0949,
0,
2014, 
10.775,
73.093,
4.855,
0.648721,
10.398,
4.74694,
1.0065,
0.027182,
0.149351,
2.257489,
85.63888,
9.143342,
2.900002,
1.420138,
0.248376,
8.054422,
2.9032,
14.49,
11.702,
108.75,
8.5595,
10.37626,
26.626,
3.810022,
1.0255,
0.0949,
0,
2015, 
10.3,
72.397,
5.316,
0.645929,
10.477,
4.86087,
1.0165,
0.027182,
0.165192,
2.248182,
85.01026,
9.435444,
2.920011,
1.384449,
0.248976,
8.106546,
2.9032,
15.435,
11.649,
111.15,
9.0097,
10.55472,
26.404,
3.898929,
1.0255,
0.0949,
0,
2016, 
9.911,
71.90224,
5.675,
0.644129,
10.335,
5.143885,
1.0165,
0.027182,
0.114993,
2.35299,
84.42686,
9.907754,
2.95001,
1.35035,
0.276629,
8.591518,
2.9102,
15.54,
11.732,
112.6,
9.4915,
11.01571,
26.22,
3.900095,
1.0255,
0.0949,
0,
2017, 
9.958,
72.04454,
5.755,
0.634029,
10.471,
5.293045,
1.0165,
0.027182,
0.115809,
2.08006,
85.43297,
10.29239,
2.930012,
1.286999,
0.283944,
8.762425,
2.902,
16.227,
11.171,
115.35,
9.8278,
11.69337,
26.544,
3.967608,
1.0255,
0.092,
0,
2018, 
10.142,
70.89107,
5.956,
0.634029,
10.433,
5.425974,
1.0265,
0.027182,
0.115809,
2.223214,
85.15913,
10.3818,
2.799991,
1.518832,
0.347947,
9.103868,
2.902,
17.235,
11.609,
108.4,
10.1087,
11.80337,
26.056,
3.963059,
0.8285,
0.092,
0,
2019, 
9.473,
68.15681,
5.805,
0.609966,
10.534,
5.388175,
1.0265,
0.027182,
0.115809,
2.158133,
82.55747,
10.44295,
2.79997,
1.408587,
0.328125,
9.219241,
2.902,
16.843,
10.727,
111.7,
10.665,
11.95337,
25.376,
3.935,
0.7115,
0.092,
0,
2020, 
8.6654,
66.239,
5.812082,
0.59902,
10.184,
5.175253,
1.0335,
0.027182,
0.115809,
1.89124,
78.05414,
10.658,
2.79997,
1.404134,
0.453525,
9.614367,
2.902,
16.438,
10.898,
117.15,
10.7162,
11.95337,
22.702,
3.723526,
0.8245,
0.092,
0,
2021, 
9.1954,
67.47535,
6.295,
0.59902,
10.666,
5.463701,
1.0335,
0.027182,
0.115809,
1.995561,
82.69821,
11.28833,
2.79997,
1.563616,
0.310645,
9.630353,
2.95,
16.8628,
11.057,
125.15,
11.8215,
11.95337,
22.91,
3.613526,
0.8355,
0.092,
0,
2022, 
8.9944,
65.257,
6.497,
0.59902,
11.04,
5.52911,
1.0585,
0.027182,
0.115809,
1.962973,
78.32823,
10.98419,
2.79997,
1.348045,
0.346838,
9.421058,
2.96,
16.79766,
10.777,
128.37,
11.9191,
11.95337,
22.686,
3.577365,
0.6525,
0.092,
0,
2023, 
9.019554,
65.5057,
6.57069,
0.624954,
11.08293,
5.588708,
1.111367,
0.0476895,
0.1324576,
1.982727,
78.40883,
10.96099,
2.835593,
1.296316,
0.3581238,
9.417892,
3.051236,
16.93009,
10.78288,
128.4119,
12.0429,
12.0131,
22.58017,
3.607088,
0.6846614,
0.1056946,
0,
2024, 
9.045723,
65.76829,
6.655215,
0.6560788,
11.13641,
5.652684,
1.188358,
0.06818086,
0.1355386,
2.003503,
78.50087,
10.95096,
2.878211,
1.254569,
0.3955514,
9.421768,
3.347031,
17.19252,
10.79387,
128.7295,
12.19858,
12.09704,
22.4839,
3.637463,
0.7218924,
0.1112714,
0,
2025, 
9.073854,
66.04519,
6.744084,
0.6930277,
11.19843,
5.728376,
1.275907,
0.09201211,
0.1385482,
2.025776,
78.61714,
10.95961,
2.925239,
1.227772,
0.4381009,
9.430237,
3.660412,
17.61007,
10.8111,
129.2983,
12.39546,
12.20682,
22.39299,
3.668942,
0.7717075,
0.1172349,
0,
2026, 
9.08132,
66.18264,
6.8444,
0.7340069,
11.24717,
5.806588,
1.367896,
0.1227201,
0.1442433,
2.04186,
78.4981,
10.90783,
2.967231,
1.251231,
0.4799505,
9.411086,
3.958829,
18.1549,
10.79569,
129.5646,
12.60327,
12.32554,
22.2424,
3.689936,
0.8448954,
0.1259531,
0,
2027, 
9.094935,
66.38541,
6.963065,
0.7835994,
11.31066,
5.902445,
1.475249,
0.158869,
0.1503952,
2.061495,
78.4524,
10.88427,
3.01854,
1.283725,
0.5276734,
9.405041,
4.288216,
18.88939,
10.79342,
130.1647,
12.86711,
12.47457,
22.11506,
3.715467,
0.9430811,
0.1362946,
0,
2028, 
9.107904,
66.57472,
7.086901,
0.8375998,
11.3766,
6.004995,
1.591368,
0.1996353,
0.157252,
2.081506,
78.39954,
10.8683,
3.072554,
1.322151,
0.5784588,
9.402397,
4.627582,
19.77959,
10.79221,
130.9022,
13.16446,
12.6409,
21.98509,
3.740826,
1.064525,
0.1483794,
0,
2029, 
9.120131,
66.74989,
7.215405,
0.8957658,
11.44475,
6.113754,
1.715743,
0.245231,
0.1651266,
2.101835,
78.33878,
10.85886,
3.128868,
1.366292,
0.6321356,
9.402864,
4.976072,
20.82252,
10.7918,
131.7603,
13.49288,
12.82322,
21.85241,
3.765906,
1.210249,
0.1624854,
0,
2030, 
9.131524,
66.91026,
7.348093,
0.9578569,
11.51484,
6.22825,
1.847873,
0.2958273,
0.1743312,
2.122432,
78.26939,
10.85495,
3.18711,
1.415913,
0.6885386,
9.40616,
5.332885,
22.01383,
10.79193,
132.724,
13.85001,
13.02029,
21.71699,
3.790612,
1.380958,
0.1788658,
0,
2031, 
9.140265,
67.0406,
7.484435,
1.025818,
11.60157,
6.349371,
1.995601,
0.3787454,
0.1885629,
2.148504,
78.18703,
10.83768,
3.241976,
1.463851,
0.7489201,
9.417341,
5.700329,
23.30448,
10.77378,
133.5365,
14.21624,
13.21332,
21.57125,
3.812714,
1.591702,
0.2028977,
0,
2032, 
9.148015,
67.15155,
7.62438,
1.0979,
11.69425,
6.476276,
2.151526,
0.4761249,
0.2057461,
2.176385,
78.09181,
10.82156,
3.297851,
1.516024,
0.8120332,
9.431495,
6.074991,
24.72491,
10.75453,
134.4042,
14.60549,
13.41673,
21.4218,
3.834118,
1.832294,
0.2312341,
0,
2033, 
9.154709,
67.24287,
7.76748,
1.173835,
11.79238,
6.608479,
2.315085,
0.588807,
0.2263583,
2.205948,
77.98343,
10.80618,
3.354488,
1.572214,
0.8777072,
9.448304,
6.456171,
26.26919,
10.73409,
135.3186,
15.01581,
13.62963,
21.2687,
3.854762,
2.102798,
0.2642397,
0,
2034, 
9.160283,
67.31435,
7.913306,
1.253358,
11.89545,
6.745508,
2.485741,
0.7174827,
0.2508448,
2.237068,
77.8616,
10.79118,
3.411659,
1.632202,
0.9457788,
9.467464,
6.843215,
27.93119,
10.71242,
136.2717,
15.44533,
13.8512,
21.11201,
3.874586,
2.403058,
0.3022271,
0,
2035, 
9.16468,
67.36581,
8.061442,
1.336216,
12.00298,
6.886909,
2.662977,
0.8627037,
0.2796143,
2.269622,
77.72611,
10.77621,
3.469153,
1.695765,
1.016092,
9.488686,
7.235505,
29.70464,
10.68943,
137.2562,
15.8923,
14.08062,
20.95179,
3.893537,
2.732742,
0.3454598,
0,
2036, 
9.165639,
67.38422,
8.201645,
1.42058,
12.12283,
7.029524,
2.848207,
1.040877,
0.3158649,
2.30953,
77.57818,
10.74687,
3.520963,
1.749008,
1.084699,
9.509447,
7.629406,
31.50216,
10.64603,
137.8947,
16.29543,
14.29707,
20.77642,
3.909324,
3.093096,
0.3951012,
0,
2037, 
9.165318,
67.38033,
8.342968,
1.507857,
12.24799,
7.176066,
3.038991,
1.239402,
0.3576398,
2.351593,
77.41419,
10.71538,
3.572467,
1.804056,
1.154789,
9.530992,
8.027098,
33.39096,
10.60043,
138.5277,
16.70822,
14.51874,
20.59642,
3.92401,
3.482007,
0.4502152,
0,
2038, 
9.163675,
67.3541,
8.485081,
1.597808,
12.37788,
7.326109,
3.234884,
1.45855,
0.4052696,
2.395629,
77.23408,
10.68167,
3.623529,
1.860786,
1.226256,
9.553143,
8.428074,
35.36554,
10.55264,
139.1526,
17.12962,
14.74506,
20.41195,
3.937561,
3.898789,
0.510912,
0,
2039, 
9.160674,
67.3055,
8.627672,
1.690207,
12.51197,
7.47924,
3.435462,
1.69847,
0.459037,
2.441462,
77.0378,
10.64566,
3.674023,
1.919076,
1.298999,
9.575733,
8.831856,
37.42049,
10.5027,
139.7668,
17.55864,
14.97547,
20.22317,
3.949945,
4.342689,
0.5772647,
0,
2040, 
9.156279,
67.2345,
8.770438,
1.784837,
12.64971,
7.63506,
3.640319,
1.959204,
0.519179,
2.488924,
76.82533,
10.60728,
3.72383,
1.978807,
1.37292,
9.598601,
9.237982,
39.55055,
10.45066,
140.368,
17.99432,
15.20945,
20.03024,
3.961135,
4.812897,
0.6493167,
0,
2041, 
9.147159,
67.10762,
8.894012,
1.878222,
12.79108,
7.781168,
3.84491,
2.275352,
0.5924473,
2.541765,
76.57691,
10.55096,
3.76694,
2.024629,
1.440835,
9.615687,
9.626699,
41.62912,
10.37851,
140.6613,
18.37986,
15.41489,
19.82494,
3.968533,
5.310631,
0.7298598,
0,
2042, 
9.136564,
66.95821,
9.016852,
1.973495,
12.93591,
7.929176,
4.052854,
2.617874,
0.6739054,
2.59639,
76.31104,
10.491,
3.809187,
2.070612,
1.509212,
9.632126,
10.016,
43.76585,
10.30391,
140.9304,
18.76789,
15.62173,
19.61521,
3.974612,
5.833405,
0.8164838,
0,
2043, 
9.124475,
66.78627,
9.138734,
2.070456,
13.08367,
8.078748,
4.263804,
2.986605,
0.7637369,
2.652603,
76.02779,
10.42745,
3.850473,
2.116712,
1.577991,
9.647837,
10.40553,
45.95647,
10.22694,
141.1741,
19.1578,
15.82964,
19.40122,
3.979354,
6.380318,
0.9091585,
0,
2044, 
9.110875,
66.59186,
9.259434,
2.168914,
13.23383,
8.229559,
4.477437,
3.381286,
0.8620779,
2.710213,
75.72727,
10.36036,
3.89071,
2.162886,
1.647116,
9.662745,
10.79499,
48.1968,
10.14766,
141.3916,
19.54902,
16.03828,
19.18318,
3.982744,
6.950455,
1.007831,
0,
2045, 
9.095748,
66.375,
9.378743,
2.268688,
13.38592,
8.381305,
4.693439,
3.801588,
0.9690216,
2.769041,
75.40958,
10.28979,
3.929813,
2.209094,
1.716531,
9.67678,
11.18403,
50.48287,
10.06615,
141.582,
19.94097,
16.24735,
18.96125,
3.984764,
7.542897,
1.112433,
0,
2046, 
9.077973,
66.12772,
9.483933,
2.368804,
13.53855,
8.522925,
4.916828,
4.322801,
1.102339,
2.83017,
75.06113,
10.21259,
3.962797,
2.250019,
1.781612,
9.684712,
11.55004,
52.75985,
9.973291,
141.4777,
20.30132,
16.43193,
18.73744,
3.98431,
8.181062,
1.236788,
0,
2047, 
9.058594,
65.85832,
9.587249,
2.470005,
13.69245,
8.664815,
5.142329,
4.878695,
1.247372,
2.892349,
74.69486,
10.13153,
3.99457,
2.290625,
1.846634,
9.691268,
11.9143,
55.0732,
9.878176,
141.3429,
20.66059,
16.61573,
18.50992,
3.982414,
8.841628,
1.368652,
0,
2048, 
9.037603,
65.56683,
9.688521,
2.572117,
13.84717,
8.806713,
5.369641,
5.468676,
1.404169,
2.955398,
74.31091,
10.0467,
4.025058,
2.330892,
1.911559,
9.696418,
12.27658,
57.41934,
9.780893,
141.1773,
21.01839,
16.79852,
18.27887,
3.979066,
9.5236,
1.507908,
0,
2049, 
9.015,
65.25333,
9.787592,
2.674979,
14.00229,
8.948378,
5.598475,
6.092072,
1.57273,
3.019146,
73.90945,
9.958185,
4.054199,
2.370798,
1.976348,
9.70013,
12.63664,
59.79489,
9.681532,
140.9809,
21.3743,
16.98009,
18.04446,
3.974256,
10.22599,
1.65442,
0,
2050, 
8.990778,
64.91784,
9.884301,
2.778432,
14.15742,
9.089572,
5.82855,
6.748152,
1.753016,
3.083435,
73.49064,
9.866055,
4.081931,
2.410322,
2.040963,
9.702378,
12.99428,
62.19654,
9.580172,
140.7534,
21.72795,
17.16027,
17.80687,
3.967972,
10.94783,
1.808043,
0,
2051, 
8.962042,
64.55466,
9.968647,
2.882335,
14.30809,
9.220116,
6.070926,
7.568425,
1.976825,
3.149565,
73.02515,
9.768217,
4.105034,
2.449703,
2.104616,
9.701814,
13.33134,
64.60252,
9.465317,
140.2435,
22.05935,
17.32969,
17.56758,
3.958452,
11.7232,
1.996136,
0,
2052, 
8.931693,
64.17007,
10.05014,
2.986609,
14.45808,
9.349642,
6.314395,
8.434105,
2.216626,
3.215981,
72.54271,
9.666729,
4.12668,
2.488682,
2.168032,
9.699744,
13.66512,
67.02782,
9.348724,
139.7012,
22.38757,
17.49721,
17.32523,
3.947442,
12.51808,
2.193957,
0,
2053, 
8.899734,
63.76411,
10.12867,
3.091112,
14.60705,
9.477963,
6.558677,
9.344044,
2.47229,
3.282538,
72.04353,
9.561674,
4.14682,
2.527239,
2.231176,
9.696146,
13.99547,
69.46957,
9.230484,
139.1271,
22.71228,
17.66269,
17.07997,
3.934934,
13.33145,
2.401293,
0,
2054, 
8.866168,
63.33685,
10.20411,
3.195704,
14.75467,
9.604893,
6.803509,
10.29706,
2.743651,
3.349097,
71.52781,
9.453146,
4.165405,
2.565355,
2.294017,
9.691004,
14.32222,
71.925,
9.110692,
138.5214,
23.03321,
17.82596,
16.83198,
3.920924,
14.16229,
2.617913,
0,
2055, 
8.831001,
62.88833,
10.27636,
3.300255,
14.90064,
9.730265,
7.048635,
11.2919,
3.030496,
3.415528,
70.99575,
9.341228,
4.182392,
2.603009,
2.356522,
9.684299,
14.64523,
74.39147,
8.989435,
137.8846,
23.35007,
17.9869,
16.58142,
3.905406,
15.00966,
2.843579,
0,
2056, 
8.794224,
62.44598,
10.3282,
3.402981,
15.03414,
9.841986,
7.300733,
12.48985,
3.368083,
3.481923,
70.44258,
9.22443,
4.194519,
2.641719,
2.421062,
9.679429,
14.94828,
76.79453,
8.858998,
137.1162,
23.64355,
18.13262,
16.32594,
3.887866,
15.89659,
3.109545,
0,
2057, 
8.755797,
61.98162,
10.37622,
3.505419,
15.16547,
9.951687,
7.552779,
13.7415,
3.724581,
3.547951,
69.87297,
9.104267,
4.205009,
2.679961,
2.485322,
9.673038,
15.24702,
79.20241,
8.72739,
136.3175,
23.93227,
18.27553,
16.06799,
3.868797,
16.79911,
3.38684,
0,
2058, 
8.715729,
61.49532,
10.42034,
3.607455,
15.2944,
10.05923,
7.804536,
15.04514,
4.099649,
3.613503,
69.2871,
8.980827,
4.213831,
2.717718,
2.549268,
9.665105,
15.54132,
81.61295,
8.594702,
135.489,
24.216,
18.41554,
15.80774,
3.848195,
17.71628,
3.67514,
0,
2059, 
8.674025,
60.9871,
10.46051,
3.708982,
15.42074,
10.1645,
8.055776,
16.39901,
4.492905,
3.678476,
68.68522,
8.854197,
4.220955,
2.754969,
2.612866,
9.655608,
15.83106,
84.02411,
8.461027,
134.6313,
24.49453,
18.55254,
15.54534,
3.826056,
18.64716,
3.974112,
0,
2060, 
8.630694,
60.45703,
10.49666,
3.809895,
15.54426,
10.26736,
8.306285,
17.80135,
4.903946,
3.742774,
68.0675,
8.724464,
4.226353,
2.791695,
2.676085,
9.644529,
16.11614,
86.43398,
8.326454,
133.745,
24.76766,
18.68645,
15.28095,
3.802381,
19.59087,
4.283417,
0,
2061, 
8.586788,
59.93658,
10.51466,
3.908483,
15.65461,
10.35968,
8.556491,
19.47276,
5.391412,
3.804986,
67.44443,
8.590223,
4.226611,
2.828222,
2.742459,
9.632887,
16.38082,
88.72942,
8.191851,
132.7803,
25.01748,
18.80184,
15.01249,
3.77685,
20.58344,
4.648055,
0,
2062, 
8.5412,
59.39313,
10.5283,
4.006267,
15.76184,
10.44936,
8.805562,
21.20592,
5.901599,
3.866344,
66.80492,
8.452925,
4.225133,
2.864185,
2.808496,
9.619622,
16.64049,
91.01839,
8.056541,
131.7875,
25.26139,
18.91379,
14.74222,
3.749772,
21.58825,
5.025926,
0,
2063, 
8.493936,
58.8267,
10.53755,
4.103157,
15.86582,
10.53631,
9.05331,
22.99848,
6.433962,
3.926775,
66.14916,
8.312654,
4.2219,
2.899565,
2.874161,
9.604725,
16.89505,
93.29935,
7.920608,
130.7674,
25.49925,
19.02225,
14.47027,
3.721142,
22.60441,
5.416588,
0,
2064, 
8.445005,
58.23732,
10.54236,
4.199069,
15.9664,
10.62043,
9.299546,
24.8481,
6.987909,
3.986203,
65.47737,
8.169497,
4.216899,
2.93435,
2.93942,
9.58818,
17.14443,
95.57084,
7.784132,
129.7209,
25.73091,
19.12716,
14.19681,
3.690963,
23.63103,
5.819603,
0,
2065, 
8.394419,
57.62503,
10.54271,
4.293923,
16.06347,
10.70164,
9.544094,
26.75251,
7.562843,
4.044566,
64.78974,
8.023539,
4.210117,
2.968522,
3.004242,
9.569975,
17.38855,
97.83153,
7.647196,
128.6486,
25.95625,
19.22848,
13.92196,
3.659231,
24.66727,
6.234526,
0,
2066, 
8.342607,
57.00949,
10.52815,
4.383258,
16.14414,
10.77236,
9.778616,
28.95909,
8.217725,
4.099984,
64.09946,
7.873469,
4.198381,
3.000208,
3.070694,
9.55065,
17.60864,
99.93984,
7.512882,
127.4691,
26.15031,
19.31417,
13.64775,
3.62524,
25.72509,
6.708368,
0,
2067, 
8.289081,
56.36991,
10.50898,
4.471376,
16.22118,
10.84001,
10.01108,
31.2318,
8.89739,
4.154214,
63.39199,
7.720532,
4.184878,
3.031218,
3.136684,
9.529572,
17.82317,
102.0334,
7.378081,
126.264,
26.3376,
19.39609,
13.37222,
3.589684,
26.7912,
7.196523,
0,
2068, 
8.233851,
55.70632,
10.48517,
4.558211,
16.29451,
10.90452,
10.24135,
33.56778,
9.6011,
4.207207,
62.66754,
7.56481,
4.169599,
3.061541,
3.202178,
9.506738,
18.03206,
104.1111,
7.242865,
125.034,
26.51804,
19.4742,
13.09551,
3.552561,
27.86483,
7.698458,
0,
2069, 
8.176927,
55.01874,
10.45671,
4.643701,
16.36406,
10.96582,
10.46927,
35.96423,
10.3281,
4.258912,
61.92628,
7.406388,
4.15254,
3.091171,
3.267145,
9.482141,
18.2353,
106.172,
7.107309,
123.7803,
26.69155,
19.54848,
12.81775,
3.513873,
28.94517,
8.213632,
0,
2070, 
8.118315,
54.30722,
10.4236,
4.727787,
16.42976,
11.02387,
10.69471,
38.41838,
11.0776,
4.30929,
61.1684,
7.245349,
4.133701,
3.120101,
3.331556,
9.45578,
18.43283,
108.2152,
6.971483,
122.5038,
26.85806,
19.61892,
12.53907,
3.473619,
30.03151,
8.741512,
0,
2071, 
8.057034,
53.57787,
10.37581,
4.806722,
16.48286,
11.07142,
10.91385,
41.23613,
11.9411,
4.356866,
60.40273,
7.082597,
4.110749,
3.146534,
3.396399,
9.42831,
18.61188,
110.1378,
6.838003,
121.1392,
26.9926,
19.67652,
12.26676,
3.430752,
31.14585,
9.341626,
0,
2072, 
7.994058,
52.82417,
10.32329,
4.88415,
16.53209,
11.11562,
11.13026,
44.12284,
12.83239,
4.403039,
59.61927,
6.917058,
4.086041,
3.17222,
3.460638,
9.398961,
18.78507,
112.0399,
6.704186,
119.7521,
27.11986,
19.73019,
11.99343,
3.386327,
32.26506,
9.956996,
0,
2073, 
7.929394,
52.04615,
10.26602,
4.960019,
16.5774,
11.15644,
11.34382,
47.07521,
13.75053,
4.447776,
58.81818,
6.748812,
4.059583,
3.19716,
3.524248,
9.367734,
18.95237,
113.9209,
6.570099,
118.3435,
27.23983,
19.77993,
11.7192,
3.340348,
33.38841,
10.58698,
0,
2074, 
7.898527,
51.78466,
10.20497,
4.96965,
16.5221,
11.13032,
11.40304,
49.14217,
14.43099,
4.449566,
58.42632,
6.615209,
4.027018,
3.176886,
3.534453,
9.326822,
18.87963,
113.9273,
6.477111,
116.5862,
27.12873,
19.71004,
11.54785,
3.322171,
33.88826,
11.03134,
0,
2075, 
7.867831,
51.5233,
10.14375,
4.97783,
16.46446,
11.10277,
11.4587,
51.18798,
15.11002,
4.449811,
58.03767,
6.483171,
3.994221,
3.156531,
3.54392,
9.28574,
18.80606,
113.9128,
6.385456,
114.8502,
27.01624,
19.63964,
11.37886,
3.304004,
34.37271,
11.47215,
0,
2076, 
7.835809,
51.26081,
10.07128,
4.979983,
16.39794,
11.06675,
11.50639,
53.52052,
15.84981,
4.447736,
57.65524,
6.355952,
3.9597,
3.13629,
3.553824,
9.247374,
18.72665,
113.7662,
6.298368,
113.1164,
26.8834,
19.5602,
11.22176,
3.284582,
34.83302,
11.9652,
0,
2077, 
7.803991,
50.9985,
9.998892,
4.980907,
16.32958,
11.02957,
11.55091,
55.83112,
16.58818,
4.444242,
57.27584,
6.230191,
3.925035,
3.116006,
3.562984,
9.208843,
18.64656,
113.6033,
6.21251,
111.4047,
26.74983,
19.48053,
11.06678,
3.265201,
35.27855,
12.45486,
0,
2078, 
7.772379,
50.73642,
9.926611,
4.980639,
16.25948,
10.99129,
11.59233,
58.11759,
17.32423,
4.43939,
56.89948,
6.105874,
3.890241,
3.095681,
3.57142,
9.170161,
18.56582,
113.4247,
6.127867,
109.7145,
26.61557,
19.40064,
10.9139,
3.245863,
35.70957,
12.94064,
0,
2079, 
7.740969,
50.47456,
9.854434,
4.979213,
16.18772,
10.95193,
11.63075,
60.37801,
18.05712,
4.43324,
56.52611,
5.98298,
3.855331,
3.075318,
3.579149,
9.131338,
18.48446,
113.2307,
6.044422,
108.0458,
26.48067,
19.32056,
10.76308,
3.226568,
36.12632,
13.42215,
0,
2080, 
7.709762,
50.21298,
9.78237,
4.976669,
16.11438,
10.91152,
11.66626,
62.61074,
18.7861,
4.425849,
56.15573,
5.8615,
3.820318,
3.054923,
3.586191,
9.092387,
18.4025,
113.0219,
5.962162,
106.3981,
26.34515,
19.24031,
10.6143,
3.207318,
36.52908,
13.89898,
0,
2081, 
7.677505,
49.95202,
9.70113,
4.969594,
16.03782,
10.86648,
11.69441,
65.112,
19.54942,
4.417299,
55.7905,
5.746558,
3.785179,
3.037128,
3.594767,
9.056337,
18.32006,
112.7174,
5.884951,
104.81,
26.19878,
19.15339,
10.47564,
3.187195,
36.89284,
14.42059,
0,
2082, 
7.645476,
49.69134,
9.620208,
4.961575,
15.95999,
10.82056,
11.71994,
67.58394,
20.30819,
4.407616,
55.42814,
5.632881,
3.749967,
3.019257,
3.602611,
9.020136,
18.23707,
112.4021,
5.808816,
103.2421,
26.05217,
19.0665,
10.33882,
3.167138,
37.24371,
14.93751,
0,
2083, 
7.613673,
49.43096,
9.539607,
4.952638,
15.88096,
10.77381,
11.74295,
70.02475,
21.0617,
4.396853,
55.0686,
5.520457,
3.714693,
3.001315,
3.609742,
8.983792,
18.15354,
112.0762,
5.733743,
101.694,
25.90532,
18.97967,
10.2038,
3.147149,
37.58194,
15.44938,
0,
2084, 
7.582094,
49.17089,
9.459325,
4.942814,
15.8008,
10.72626,
11.76349,
72.43282,
21.80931,
4.385057,
54.71188,
5.409267,
3.679368,
2.983306,
3.616179,
8.947315,
18.06949,
111.7402,
5.659717,
100.1656,
25.75826,
18.8929,
10.07057,
3.127226,
37.90778,
15.9558,
0,
2085, 
7.550738,
48.91117,
9.379369,
4.932131,
15.71957,
10.67794,
11.78165,
74.80679,
22.55043,
4.372275,
54.35796,
5.299303,
3.644002,
2.965233,
3.62194,
8.910717,
17.98494,
111.3943,
5.586725,
98.65655,
25.61103,
18.80619,
9.939099,
3.107372,
38.22147,
16.45646,
0,
2086, 
7.519028,
48.65968,
9.292235,
4.918919,
15.63964,
10.6283,
11.79476,
77.43755,
23.30388,
4.358492,
54.01079,
5.195934,
3.609806,
2.950291,
3.629357,
8.878805,
17.9024,
110.989,
5.518026,
97.23668,
25.45948,
18.71391,
9.814761,
3.0874,
38.50013,
16.98818,
0,
2087, 
7.48755,
48.4084,
9.205571,
4.904963,
15.55881,
10.57797,
11.80568,
80.03209,
24.05009,
4.343818,
53.66627,
5.093647,
3.575566,
2.935219,
3.63604,
8.846656,
17.81933,
110.5769,
5.450273,
95.83454,
25.30793,
18.62188,
9.692037,
3.067501,
38.76774,
17.51396,
0,
2088, 
7.456303,
48.15735,
9.119375,
4.890284,
15.47714,
10.52698,
11.81446,
82.58896,
24.78856,
4.328294,
53.32437,
4.992431,
3.54129,
2.920022,
3.64201,
8.814282,
17.73577,
110.1581,
5.383452,
94.4499,
25.15641,
18.53009,
9.570907,
3.047676,
39.02449,
18.03343,
0,
2089, 
7.425285,
47.90656,
9.033651,
4.874908,
15.39469,
10.47536,
11.82118,
85.10687,
25.51882,
4.31196,
52.98509,
4.892276,
3.50699,
2.904705,
3.647287,
8.781699,
17.65174,
109.7328,
5.317552,
93.0826,
25.00494,
18.43857,
9.451351,
3.027926,
39.27061,
18.54634,
0,
2090, 
7.394496,
47.65604,
8.948393,
4.858857,
15.3115,
10.42313,
11.82588,
87.58472,
26.24047,
4.294856,
52.64839,
4.793169,
3.472671,
2.889274,
3.651887,
8.748916,
17.56724,
109.3014,
5.252562,
91.73238,
24.85353,
18.34731,
9.33335,
3.008251,
39.50631,
19.05241,
0,
2091, 
7.364245,
47.42122,
8.858306,
4.841759,
15.23221,
10.37155,
11.82528,
90.30449,
26.98007,
4.276358,
52.31923,
4.698991,
3.439994,
2.875834,
3.657265,
8.71839,
17.48319,
108.8453,
5.1919,
90.45745,
24.70235,
18.25205,
9.220545,
2.989103,
39.71583,
19.56087,
0,
2092, 
7.334214,
47.18641,
8.768771,
4.824054,
15.15227,
10.3194,
11.82281,
92.98184,
27.71056,
4.257184,
51.99247,
4.605757,
3.407284,
2.862238,
3.661938,
8.68761,
17.39868,
108.3847,
5.132057,
89.19823,
24.55131,
18.15718,
9.109183,
2.970023,
39.91578,
20.06223,
0,
2093, 
7.3044,
46.95163,
8.679789,
4.805764,
15.07172,
10.2667,
11.81853,
95.61565,
28.4316,
4.23737,
51.66812,
4.513461,
3.374553,
2.848491,
3.665926,
8.656589,
17.31374,
107.9197,
5.073022,
87.95454,
24.40042,
18.06272,
8.999249,
2.951011,
40.10635,
20.55626,
0,
2094, 
7.274802,
46.7169,
8.591356,
4.786906,
14.9906,
10.21347,
11.81249,
98.20492,
29.14286,
4.216948,
51.34615,
4.422089,
3.341807,
2.8346,
3.669247,
8.62534,
17.2284,
107.4505,
5.014785,
86.72618,
24.24969,
17.96865,
8.89072,
2.932068,
40.28773,
21.0428,
0,
2095, 
7.24542,
46.48227,
8.503473,
4.767503,
14.90897,
10.15975,
11.80474,
100.7488,
29.84404,
4.195947,
51.02655,
4.331633,
3.309055,
2.820568,
3.671921,
8.593874,
17.14266,
106.9772,
4.957335,
85.513,
24.09916,
17.87498,
8.783585,
2.913193,
40.46011,
21.52165,
0,
2096, 
7.216885,
46.264,
8.412517,
4.748173,
14.83258,
10.10839,
11.79119,
103.4963,
30.57721,
4.173763,
50.71136,
4.243701,
3.277949,
2.807402,
3.674343,
8.562476,
17.05546,
106.5136,
4.90473,
84.3565,
23.95005,
17.77926,
8.680792,
2.89484,
40.62063,
21.98165,
0,
2097, 
7.188547,
46.04554,
8.322159,
4.728332,
14.75569,
10.05652,
11.7761,
106.196,
31.29995,
4.15108,
50.39841,
4.156628,
3.246821,
2.794085,
3.676118,
8.530882,
16.96791,
106.0463,
4.852812,
83.21416,
23.80117,
17.68402,
8.579293,
2.876548,
40.7726,
22.43394,
0,
2098, 
7.160407,
45.82692,
8.232399,
4.707994,
14.67831,
10.00416,
11.75952,
108.8471,
32.01196,
4.127922,
50.08766,
4.070405,
3.215677,
2.780621,
3.677266,
8.4991,
16.88004,
105.5755,
4.80157,
82.08579,
23.65252,
17.58926,
8.479074,
2.858318,
40.91617,
22.87841,
0,
2099, 
7.132463,
45.60817,
8.143234,
4.68718,
14.6005,
9.951328,
11.74149,
111.4489,
32.71302,
4.104318,
49.77913,
3.985024,
3.184528,
2.767018,
3.677804,
8.467144,
16.79185,
105.1013,
4.750998,
80.97124,
23.50412,
17.49498,
8.380121,
2.840151,
41.05155,
23.31497,
0,
2100, 
7.104712,
45.38929,
8.054664,
4.665902,
14.52227,
9.898049,
11.72205,
114.0008,
33.40292,
4.08029,
49.47278,
3.900479,
3.153377,
2.753279,
3.67775,
8.435022,
16.70338,
104.6239,
4.701088,
79.87035,
23.35598,
17.40117,
8.282416,
2.822046,
41.17889,
23.74355,
0];
