real main.em.dem.hi.Steel_Production[28](t) = [1971, 
11.04,
109.264,
3.821,
0.169,
5.997,
4.012,
0.568,
0,
0,
4.881,
154.475,
39.071,
1.235,
44.55631,
6.460629,
69.62006,
0.107,
6.101,
2.832,
21.765,
0.596,
0.01,
88.557,
6.897,
0,
0.519,
0,
582.554,
1972, 
11.863,
120.874,
4.431,
0.191,
6.518,
4.477,
0.681,
0,
0,
5.337,
168.084,
41.535,
1.557,
46.38529,
6.72583,
72.47788,
0.137,
6.856,
3.086,
23.84,
0.841,
0.03,
96.9,
6.908,
0,
0.552,
0,
630.287,
1973, 
13.388,
136.802,
4.76,
0.23,
7.15,
4.547,
0.86,
0,
0,
5.722,
181.397,
43.63,
1.354,
48.56145,
7.041371,
75.87817,
0.385,
6.889,
4.057,
26.95,
0.931,
0.05,
119.322,
7.889,
0,
0.6,
0,
698.394,
1974, 
13.623,
132.195,
5.138,
0.25,
7.515,
4.834,
0.805,
0,
0,
5.839,
188.438,
45.528,
1.59,
50.30438,
7.294094,
78.60153,
0.727,
7.068,
5.147,
27.321,
0.939,
0.08,
117.131,
8.007,
0,
0.62,
0,
708.995,
1975, 
13.025,
105.816,
5.272,
0.31,
8.387,
4.616,
0.851,
0,
0,
6.831,
156.54,
47.734,
1.703,
52.19725,
7.56856,
81.55919,
0.681,
7.991,
4.894,
27.43,
0.938,
0.1,
102.313,
8.054,
0,
0.62,
0,
645.431,
1976, 
13.29,
116.12,
5.298,
0.309,
9.253,
4.584,
0.958,
0,
0,
7.106,
165.691,
50.166,
1.972,
53.48256,
7.754929,
83.5675,
0.684,
9.364,
6.515,
23.048,
1.022,
0.139,
107.399,
8.016,
0,
0.62,
0,
676.359,
1977, 
13.631,
113.7,
5.601,
0.364,
11.253,
4.774,
1.167,
0,
0,
7.295,
157.065,
53.846,
1.902,
54.16585,
7.854004,
84.63515,
1.948,
10.009,
8.347,
25.94,
1.073,
0.25,
102.405,
7.556,
0,
0.65,
0,
675.431,
1978, 
14.899,
124.313,
6.711,
0.364,
12.205,
5.034,
1.33,
0,
0,
7.902,
165.1,
56.022,
2.172,
55.93167,
8.110047,
87.39428,
1.576,
10.099,
10.049,
35.682,
1.144,
0.31,
102.105,
7.821,
0,
0.85,
0,
717.124,
1979, 
16.078,
123.276,
7.005,
0.398,
13.893,
6.158,
1.55,
0,
0,
8.876,
175.079,
56.868,
2.396,
55.06409,
7.984248,
86.03867,
2.103,
10.126,
12.91,
39.15,
1.327,
0.518,
111.748,
8.348,
0,
0.89,
0,
747.784,
1980, 
15.901,
101.456,
7.156,
0.443,
15.337,
6.268,
1.541,
0.02,
0,
9.067,
162.483,
57.553,
2.536,
54.63713,
7.922339,
85.37154,
1.226,
9.514,
14.358,
40.698,
1.33,
0.543,
111.395,
7.819,
0.131,
0.875,
0,
715.581,
1981, 
14.811,
109.614,
7.663,
0.443,
13.226,
6.009,
1.752,
0.022,
0,
9.005,
159.964,
54.119,
2.425,
54.85356,
7.953722,
85.70972,
1.248,
10.765,
16.253,
38.921,
1.123,
0.621,
101.676,
7.856,
0.144,
0.761,
0,
706.938,
1982, 
11.871,
67.656,
7.056,
0.732,
12.995,
6.382,
2.054,
0.09,
0,
8.28,
144.433,
52.979,
3.183,
54.34978,
7.880674,
84.92255,
1.232,
10.997,
17.558,
41.482,
1.231,
0.693,
99.548,
6.623,
0.098,
0.608,
0,
644.934,
1983, 
12.832,
76.762,
6.978,
0.844,
14.671,
6.778,
2.041,
0.182,
0,
7.18,
143.196,
54.429,
3.834,
56.32871,
8.167618,
88.01467,
1.661,
10.237,
18.015,
45.222,
1.099,
0.983,
97.179,
5.91,
0.178,
0.722,
0,
663.444,
1984, 
14.699,
83.941,
7.56,
0.627,
18.386,
7.019,
1.856,
0.229,
0,
7.732,
156.085,
56.685,
4.33,
56.96361,
8.259678,
89.00671,
2.366,
10.549,
19.534,
48.886,
1.343,
1.171,
105.586,
6.582,
0.388,
0.498,
0,
710.282,
1985, 
14.637,
80.068,
7.399,
0.681,
20.455,
7.683,
2.609,
0.321,
0,
8.507,
157.437,
56.029,
4.864,
57.11984,
8.282331,
89.25082,
2.675,
11.936,
20.039,
52.28,
1.462,
1.374,
105.279,
6.836,
0.872,
0.806,
0,
718.902,
1986, 
14.081,
74.032,
7.225,
0.87,
21.233,
8.529,
2.652,
0.2,
0,
8.895,
147.327,
57.733,
5.928,
59.29305,
8.597445,
92.6465,
2.655,
12.197,
21.155,
57.933,
1.5,
1.729,
98.275,
6.961,
1.016,
0.749,
0,
713.412,
1987, 
14.737,
80.877,
7.642,
0.892,
22.228,
9.326,
3.162,
0.184,
0,
8.991,
145.011,
58.556,
7.044,
59.78686,
8.669047,
93.41809,
2.912,
13.121,
23.512,
62.115,
1.825,
2.059,
98.513,
6.509,
1.12,
0.672,
0,
732.882,
1988, 
14.866,
90.65,
7.779,
0.791,
24.657,
9.487,
3.587,
0.234,
0,
8.837,
159.984,
57.516,
7.982,
60.21641,
8.731331,
94.08926,
3.318,
14.309,
25.948,
67.614,
1.817,
1.85,
105.681,
6.847,
1.32,
0.677,
0,
778.788,
1989, 
15.458,
88.853,
7.85,
0.784,
25.017,
9.32,
3.35,
0.213,
0,
9.567,
161.825,
55.688,
7.852,
59.13017,
8.573828,
92.392,
3.676,
14.429,
28.803,
70.587,
1.995,
1.85,
107.909,
7.34,
1.32,
0.667,
0,
784.449,
1990, 
12.281,
89.726,
8.734,
0.708,
20.567,
8.718,
3.759,
0.275,
0.05,
8.619,
155.46,
47.165,
9.443,
57.0397,
8.27071,
89.1256,
4.065,
14.963,
30.125,
76.247,
3.001,
2.892,
110.339,
7.395,
0.9,
0.595,
0,
770.463,
1991, 
12.987,
79.738,
7.964,
0.701,
22.617,
8.291,
4.315,
0.307,
0.05,
9.358,
150.292,
35.334,
9.398,
49.06302,
7.114098,
76.66188,
4.778,
17.1,
31.001,
82.123,
3.164,
3.089,
109.649,
6.947,
0.958,
0.591,
0,
733.591,
1992, 
13.933,
84.322,
8.459,
0.773,
23.934,
8.363,
4.344,
0.257,
0.05,
9.061,
145.453,
31.291,
10.343,
43.483,
6.305,
67.943,
5.589,
18.117,
32.055,
91.79,
3.701,
2.949,
98.132,
7.561,
0.919,
0.557,
0,
719.684,
1993, 
14.387,
88.793,
9.199,
0.665,
25.207,
8.591,
4.747,
0.247,
0.05,
8.726,
145.942,
30.838,
11.519,
34.159,
4.852,
58.797,
6.875,
18.155,
36.526,
101.659,
4.199,
3.802,
99.623,
8.706,
1.054,
0.23,
0,
727.548,
1994, 
13.897,
91.244,
10.26,
0.786,
25.747,
9.21,
4.494,
0.115,
0.05,
8.525,
153.25,
33.423,
12.624,
25.594,
3.333,
48.993,
7.806,
19.282,
35.345,
104.357,
4.836,
3.22,
98.295,
9.192,
1.064,
0.163,
0,
725.105,
1995, 
14.415,
95.191,
12.147,
0.973,
25.076,
9.559,
4.584,
0.096,
0.05,
8.741,
157.045,
33.12,
13.183,
23.716,
3.395,
51.693,
8.133,
22.003,
37.372,
107.115,
6.324,
4.13,
101.64,
9.302,
1.016,
0.22,
0,
750.239,
1996, 
14.735,
95.535,
13.172,
1.009,
25.237,
10.632,
4.324,
0.073,
0.05,
7.999,
147.777,
32.376,
13.624,
23.864,
3.66,
49.355,
9.169,
23.753,
39.503,
113.687,
7.146,
4.109,
98.801,
9.223,
0.967,
0.212,
0,
749.992,
1997, 
15.553,
98.485,
14.218,
1.205,
26.153,
10.813,
4.213,
0.075,
0.05,
8.311,
161.241,
35.191,
14.475,
27.659,
4.268,
48.631,
9.929,
24.415,
43.154,
124.905,
6.765,
3.816,
104.545,
9.589,
0.97,
0.214,
0,
798.843,
1998, 
15.93,
98.658,
14.213,
1.139,
25.76,
10.361,
4.52,
0.06,
0.05,
7.956,
161.324,
32.371,
14.144,
26.592,
3.472,
43.883,
9.065,
23.48,
40.196,
131.502,
5.427,
2.699,
93.548,
9.697,
0.97,
0.212,
0,
777.229,
1999, 
16.235,
97.428,
15.299,
1.095,
24.996,
9.574,
4.429,
0.06,
0.05,
7.341,
156.667,
27.387,
14.313,
29.697,
4.443,
51.517,
9.779,
24.296,
41.342,
139.147,
5.245,
2.891,
91.192,
8.947,
0.93,
0.255,
0,
784.555,
2000, 
16.594,
101.803,
15.586,
1.324,
27.865,
11.25,
4.969,
0.06,
0.05,
8.481,
165.037,
31.04,
14.325,
34.177,
5.176,
59.136,
10.78,
26.924,
43.407,
144.132,
7.11,
2.848,
106.444,
7.831,
0.98,
0.267,
0,
847.596,
2001, 
15.276,
90.104,
13.3,
1.179,
26.717,
10.658,
5.789,
0.06,
0.05,
8.821,
160.137,
29.957,
14.981,
35.561,
5.088,
58.97,
11.69,
27.291,
44.152,
168.127,
7.527,
2.781,
102.866,
7.859,
1.13,
0.149,
0,
850.22,
2002, 
16.002,
91.587,
14.01,
1.35,
29.604,
11.255,
6.498,
0.06,
0.05,
9.095,
160.384,
30.662,
16.467,
36.048,
5.264,
59.902,
12.492,
28.814,
45.69,
200.479,
8.704,
2.462,
107.745,
8.292,
1,
0.105,
0,
904.021,
2003, 
15.927,
93.677,
15.178,
1.396,
31.147,
11.888,
6.547,
0.06,
0.05,
9.481,
162.677,
32.819,
18.298,
39.363,
5.397,
61.7,
13.443,
31.779,
46.61,
241.245,
9.141,
2.042,
110.511,
8.397,
1.03,
0.152,
0,
969.955,
2004, 
16.305,
99.681,
16.737,
1.298,
32.909,
12.966,
6.921,
0.1,
0.05,
9.5,
170.797,
33.712,
20.478,
41.542,
5.987,
65.833,
14.253,
32.626,
47.821,
300.085,
11.955,
3.682,
112.718,
8.299,
1.175,
0.135,
0,
1067.565,
2005, 
15.327,
94.897,
16.195,
1.212,
31.61,
13.708,
8.185,
0.16,
0.05,
9.494,
166.975,
31.01,
20.965,
41.684,
5.046,
66.476,
15.257,
45.78,
48.12,
374.732,
12.414,
3.675,
112.471,
8.646,
0.855,
0.107,
0,
1145.051,
2006, 
15.493,
98.557,
16.447,
1.294,
30.901,
14.397,
8.828,
0.16,
0.05,
9.718,
175.168,
34.51,
23.315,
43.89,
4.886,
71.13,
15.376,
49.45,
48.755,
443.081,
13.807,
3.759,
116.226,
8.691,
1.07,
0.024,
0,
1248.983,
2007, 
15.572,
98.102,
17.573,
1.372,
33.782,
14.45,
9.424,
0.16,
0.05,
9.098,
177.195,
35.382,
25.754,
46.205,
5.427,
72.537,
16.452,
53.08,
51.817,
515.802,
15.867,
4.016,
120.203,
8.784,
1.12,
0.023,
0,
1349.247,
2008, 
14.845,
91.35,
17.209,
1.089,
33.716,
13.665,
8.514,
0.16,
0.05,
8.246,
170.146,
31.543,
26.806,
40.753,
4.932,
68.66,
16.647,
57.791,
54.925,
532.221,
15.384,
3.915,
118.739,
8.424,
1.03,
0.023,
0,
1340.783,
2009, 
9.286,
58.196,
14.132,
0.964,
26.506,
11.27,
7.706,
0.16,
0.05,
7.484,
119.44,
22.534,
25.304,
32.652,
4.862,
60.131,
17.766,
63.527,
49.872,
592.884,
13.213,
3.501,
87.534,
6.014,
0.83,
0.023,
0,
1235.841,
2010, 
13.009,
80.495,
16.87,
1.188,
32.948,
10.945,
8.798,
0.16,
0.05,
7.617,
149.503,
26.522,
29.143,
36.202,
4.936,
67.062,
20,
68.976,
60.214,
658.498,
15.956,
3.664,
109.599,
8.149,
0.83,
0.023,
0,
1431.357,
2011, 
12.891,
86.398,
18.11,
1.276,
35.22,
12.944,
7.94,
0.16,
0.05,
7.546,
153.471,
27.84,
34.107,
38.259,
5.432,
68.972,
23.03,
73.471,
69.819,
722.146,
17.056,
3.621,
107.601,
7.248,
0.88,
0.023,
0,
1535.511,
2012, 
13.507,
88.695,
18.095,
1.311,
34.524,
11.855,
8.188,
0.16,
0.05,
6.938,
145.981,
26.161,
35.885,
35.997,
4.412,
70.546,
24.679,
77.561,
70.353,
737.206,
16.211,
2.254,
107.232,
5.805,
0.88,
0.023,
0,
1544.509,
2013, 
12.4,
87,
18.2,
1.311,
34.2,
5.2,
6.8,
0.16,
0.05,
7.2,
141.8,
20.7,
34.7,
35,
3.3,
69.4,
25.9,
81.2,
66,
801.3,
13.9,
2.6,
110.6,
4.7,
1.9,
0.023,
0,
1585.544,
2014, 
12.7,
88.2,
19,
1.311,
33.9,
5.5,
6.5,
0.16,
0.05,
6.6,
143.9,
21.9,
34,
29.7,
3.7,
71.5,
28,
87.3,
71.5,
845.8,
14.3,
4.4,
110.7,
4.6,
2.4,
0.023,
0,
1647.644,
2015, 
12.5,
78.9,
18.3,
1.311,
33.3,
5,
5.5,
0.16,
0.05,
7.6,
139.8,
22.4,
31.5,
25.5,
3.6,
71.1,
27.4,
89.6,
69.7,
825.2,
13.2,
4.9,
105.2,
4.9,
2.9,
0.023,
0,
1599.544,
2016, 
12.7,
78.5,
19,
1.311,
30.2,
4.1,
5,
0.16,
0.05,
6.1,
136.22,
22.3,
33.2,
26.4,
4.2,
70.5,
29.1,
95.5,
68.6,
808.7,
14.4,
4.8,
104.8,
5.3,
3.6,
0.023,
0,
1584.764,
2017, 
13.7,
81.6,
20,
1.311,
34.4,
4.6,
6.8,
0.16,
0.05,
6.3,
138.6,
23.5,
37.5,
25.1,
4.4,
71.3,
32.5,
101.4,
71.1,
854.9,
17.6,
4.8,
104.7,
5.3,
5,
0.023,
0,
1666.644,
2018, 
13.2985,
84.68059,
19.1935,
0.9743815,
33.48447,
6.843469,
8.961737,
0.605,
0.225,
6.22585,
137.0776,
25.14665,
35.62154,
24.4806,
4.600194,
71.61459,
39.54729,
106.3754,
71.59592,
936.1366,
24.53908,
6.682421,
101.9921,
5.729932,
6.717018,
0.2265,
0,
1772.576,
2019, 
12.897,
87.76118,
18.387,
0.637763,
32.56894,
9.086937,
11.12347,
1.05,
0.4,
6.1517,
135.5552,
26.7933,
33.74308,
23.8612,
4.800388,
71.92918,
46.59459,
111.3507,
72.09185,
1017.373,
31.47816,
8.564842,
99.28411,
6.159864,
8.434036,
0.43,
0,
1878.508,
2020, 
10.986,
72.73212,
16.80256,
0.509364,
31.41486,
7.271715,
12.80117,
1.05,
0.385,
3.8765,
119.8792,
23.59611,
35.81025,
23.56337,
4.8312,
71.82096,
48.40515,
100.2565,
67.80876,
1085.726,
32.64753,
12.87137,
83.18649,
6.076141,
9.333,
0.37,
0,
1884.011,
2021, 
12.97629,
85.79141,
18.45359,
0.640518,
36.07107,
9.495258,
15.57167,
1.05,
0.485,
5.0195,
137.8964,
26.76474,
40.36005,
24.41692,
5.548995,
77.30557,
50.09743,
118.2014,
71.08003,
1058.476,
37.7538,
14.83481,
96.33601,
6.42527,
10.96767,
0.42,
0,
1962.439,
2022, 
12.09757,
80.5354,
18.38633,
0.560328,
34.0895,
9.971719,
16.43181,
1.05,
0.45,
4.4025,
123.9235,
22.88337,
35.13378,
8.893232,
5.099587,
72.10544,
54.53187,
125.3772,
66.54617,
1039.881,
35.07412,
15.56786,
89.2268,
6.191218,
11.243,
0.41,
0,
1890.064,
2023, 
12.11104,
81.39223,
16.17971,
0.494195,
31.86875,
9.765679,
17.14286,
1.05,
0.45,
4.870989,
116.3068,
19.89046,
33.71368,
9.0277,
4.923303,
76.37865,
54.85159,
140.706,
67.38328,
1038.229,
34.21028,
16.8,
86.9988,
6.013748,
10.867,
0.41,
0,
1892.036,
2024, 
12.13879,
81.60337,
16.5126,
0.9221902,
31.71111,
10.45628,
18.02059,
1.18905,
0.5708336,
4.915364,
115.8722,
20.54126,
33.98814,
9.198903,
5.281188,
75.90544,
56.20269,
152.2808,
66.58292,
1033.09,
37.40643,
18.65223,
85.7243,
5.988533,
12.31801,
0.431125,
0,
1907.504,
2025, 
12.20149,
81.88767,
16.67406,
1.101696,
31.79053,
10.83067,
19.11044,
1.244,
0.6097754,
4.936886,
115.6687,
21.28335,
34.288,
9.515697,
5.665021,
75.56765,
57.64182,
164.3666,
65.90989,
1028.34,
40.60597,
20.49241,
84.65443,
5.983183,
14.1218,
0.4413187,
0,
1924.933,
2026, 
12.2395,
82.19378,
17.13066,
1.101211,
31.88593,
10.67774,
20.38409,
1.30637,
0.6414919,
4.963791,
115.2249,
21.88987,
34.71321,
9.63588,
5.976362,
75.44325,
59.24626,
176.9836,
65.27366,
1022.641,
44.12275,
22.22732,
83.8255,
5.993079,
16.86662,
0.4654571,
0,
1943.053,
2027, 
12.27662,
82.48731,
17.57376,
1.113295,
32.02105,
10.47656,
21.60518,
1.385219,
0.6831304,
4.99178,
114.5882,
22.46885,
35.10986,
9.753286,
6.27173,
75.35216,
60.80389,
189.0524,
64.68398,
1016.907,
47.42947,
23.8633,
83.08373,
6.002416,
19.4496,
0.4986965,
0,
1959.933,
2028, 
12.31311,
82.48345,
18.00715,
1.13994,
32.38334,
10.23688,
22.78205,
1.483976,
0.7391933,
5.022559,
113.7831,
23.02279,
35.48954,
9.914118,
6.547964,
75.64022,
62.32351,
200.6905,
64.39701,
1012.199,
48.81242,
25.31547,
83.00488,
6.011087,
21.22742,
0.5413211,
0,
1975.512,
2029, 
12.32283,
81.89804,
18.4353,
1.180474,
32.81637,
9.980701,
23.92426,
1.602591,
0.8086085,
5.058097,
112.949,
23.55402,
35.84129,
10.09655,
6.819658,
76.0157,
63.81541,
211.8174,
64.20824,
1007.494,
49.8526,
26.66431,
83.13916,
6.020351,
22.86961,
0.5934994,
0,
1989.778,
2030, 
12.24611,
81.22378,
18.86141,
1.230976,
33.30488,
9.732203,
24.91041,
1.741006,
0.8917766,
5.100581,
112.0836,
23.88559,
36.16308,
10.30613,
7.091609,
76.40134,
65.29012,
222.428,
64.06531,
1002.509,
50.82457,
27.96885,
83.36497,
6.032866,
24.49737,
0.6553009,
0,
2002.811,
2031, 
12.18794,
80.82656,
19.30388,
1.307771,
34.19284,
9.563058,
25.98613,
2.052624,
1.017192,
5.263815,
111.2784,
23.33625,
36.40051,
10.51146,
7.406974,
76.87418,
66.79867,
231.9493,
63.91262,
996.1556,
51.88063,
29.06955,
83.62917,
6.041049,
26.36349,
0.74792,
0,
2014.058,
2032, 
12.143,
80.54736,
19.75697,
1.409026,
35.06441,
9.474825,
27.03843,
2.384776,
1.15975,
5.434864,
110.5493,
22.84702,
36.60389,
10.74402,
7.73289,
77.21534,
68.30778,
240.9853,
63.69934,
988.9608,
53.05265,
30.19086,
83.7694,
6.054801,
28.23629,
0.8539285,
0,
2024.217,
2033, 
12.11866,
80.34976,
20.09231,
1.535647,
35.95163,
9.48945,
28.08788,
2.758663,
1.32212,
5.616527,
109.8285,
22.3878,
36.77269,
11.0208,
8.073327,
77.46008,
69.82573,
249.5653,
63.47514,
980.9036,
54.29633,
31.34883,
83.86788,
6.074817,
30.11836,
0.9731746,
0,
2033.315,
2034, 
12.11491,
80.21281,
20.39458,
1.690266,
36.85215,
9.589467,
29.14545,
3.178102,
1.504194,
5.811263,
109.1365,
22.08883,
36.90458,
11.36628,
8.432199,
77.57526,
71.36104,
257.7044,
63.2111,
971.8768,
55.52346,
32.55359,
83.85902,
6.102458,
32.0078,
1.109574,
0,
2041.306,
2035, 
12.13178,
80.14877,
20.68801,
1.881989,
37.77789,
9.754255,
30.21891,
3.643645,
1.705262,
6.020978,
108.5108,
21.86892,
36.99854,
11.81252,
8.813644,
77.58257,
72.86884,
265.4262,
62.91286,
961.8615,
56.71746,
33.81742,
83.85803,
6.138605,
33.9026,
1.266428,
0,
2048.328,
2036, 
12.15097,
80.04324,
20.96804,
2.112995,
38.90496,
9.99864,
31.31679,
4.217389,
1.939324,
6.316862,
107.842,
21.66143,
37.00405,
12.34588,
9.16503,
77.47261,
73.99307,
272.0761,
62.56496,
950.1259,
57.68928,
35.01361,
83.7791,
6.176069,
35.80213,
1.440328,
0,
2052.121,
2037, 
12.18522,
79.99388,
21.27265,
2.384279,
40.05075,
10.4211,
32.4441,
4.834363,
2.19047,
6.625029,
107.2018,
21.49335,
36.97541,
12.63404,
9.548429,
77.27779,
75.05628,
278.3851,
62.20847,
937.4364,
58.71189,
36.28629,
83.57387,
6.222574,
37.6863,
1.628376,
0,
2054.728,
2038, 
12.22548,
79.98558,
21.58114,
2.693527,
41.23603,
10.96166,
33.60894,
5.499646,
2.459124,
6.945533,
106.5999,
21.35297,
36.91334,
12.81826,
9.96404,
76.97027,
76.12151,
284.3695,
61.81147,
923.825,
59.78086,
37.62919,
83.43649,
6.277802,
39.56311,
1.830079,
0,
2056.46,
2039, 
12.26848,
79.89346,
21.90224,
3.042176,
42.44141,
11.60198,
34.81286,
6.213116,
2.74456,
7.277638,
105.9948,
21.22819,
36.82058,
13.00416,
10.41114,
76.58966,
77.21535,
290.0566,
61.42094,
909.5166,
60.91306,
39.0435,
83.20488,
6.341268,
41.43195,
2.044833,
0,
2057.436,
2040, 
12.32248,
79.83621,
22.23598,
3.430684,
43.68566,
12.35313,
36.04809,
6.973587,
3.045859,
7.620138,
105.4276,
21.13755,
36.69986,
13.15752,
10.88816,
76.13618,
78.31435,
295.455,
61.02267,
894.5133,
62.08988,
40.52459,
82.98405,
6.412532,
43.28524,
2.272107,
0,
2057.872,
2041, 
12.37411,
79.87384,
22.55865,
3.855436,
44.96287,
13.20126,
37.27479,
7.895411,
3.393293,
8.008592,
104.8438,
21.08469,
36.51389,
13.28311,
11.32613,
75.52073,
79.27948,
299.8009,
60.50941,
877.7618,
63.08053,
41.88987,
82.61124,
6.484363,
45.12362,
2.520868,
0,
2055.033,
2042, 
12.43628,
79.93273,
22.91263,
4.315806,
46.26509,
14.15479,
38.5177,
8.857145,
3.753393,
8.40001,
104.2642,
21.04536,
36.30854,
13.41629,
11.78983,
74.88232,
80.20271,
303.9272,
60.00346,
860.6093,
64.03719,
43.2942,
82.2507,
6.562715,
46.93783,
2.779916,
0,
2051.857,
2043, 
12.49792,
79.91955,
23.27367,
4.809767,
47.57328,
15.19923,
39.77312,
9.864949,
4.128453,
8.792317,
103.7075,
21.05525,
36.08678,
13.53007,
12.27299,
74.20609,
81.09422,
307.8657,
59.50515,
843.3305,
64.96321,
44.71834,
81.88445,
6.646339,
48.73781,
3.049307,
0,
2048.486,
2044, 
12.57014,
79.97692,
23.65995,
5.337062,
48.85036,
16.30186,
41.02951,
10.91903,
4.517767,
9.183246,
103.1503,
21.18731,
35.85164,
13.63962,
12.7725,
73.50262,
81.99469,
311.6037,
58.97733,
825.7253,
65.93675,
46.14652,
81.30115,
6.733585,
50.52314,
3.328862,
0,
2044.721,
2045, 
12.64145,
79.98014,
24.0612,
5.891551,
50.09642,
17.44932,
42.28151,
12.01908,
4.922296,
9.570573,
102.6131,
21.30377,
35.60566,
13.78388,
13.28415,
72.74582,
82.91781,
315.1696,
58.44108,
808.2997,
66.93167,
47.58354,
80.57162,
6.822906,
52.30588,
3.618819,
0,
2040.912,
2046, 
12.70601,
79.96285,
24.43319,
6.471615,
51.34756,
18.6045,
43.56868,
13.38689,
5.414281,
9.964792,
102.0543,
21.39014,
35.32595,
13.87776,
13.7708,
71.96267,
83.71773,
318.2512,
57.91156,
789.8154,
67.85392,
48.90892,
79.78304,
6.910458,
54.19583,
3.962091,
0,
2035.552,
2047, 
12.77174,
79.94464,
24.81189,
7.070014,
52.53296,
19.79087,
44.84739,
14.80887,
5.924861,
10.34922,
101.5109,
21.48742,
35.04229,
13.95676,
14.2631,
71.10519,
84.56679,
321.1772,
57.30798,
771.5583,
68.84026,
50.22659,
78.9003,
6.998529,
56.08873,
4.319222,
0,
2030.202,
2048, 
12.83697,
79.9296,
25.21084,
7.693535,
53.64945,
21.02531,
46.11393,
16.3028,
6.464007,
10.72236,
100.9826,
21.6292,
34.75847,
14.00332,
14.75834,
70.23618,
85.4622,
323.9599,
56.68947,
753.5439,
69.90865,
51.52497,
77.95804,
7.086312,
57.98507,
4.695224,
0,
2025.131,
2049, 
12.90691,
79.92278,
25.62255,
8.352241,
54.70443,
22.3215,
47.36396,
17.87326,
7.037439,
11.0829,
100.4716,
21.79983,
34.47808,
14.01246,
15.25164,
69.31996,
86.38831,
326.6062,
56.08835,
735.872,
71.03961,
52.79527,
76.99504,
7.172979,
59.88363,
5.093293,
0,
2020.456,
2050, 
12.98067,
79.92623,
26.02889,
9.046587,
55.67252,
23.68827,
48.59333,
19.52165,
7.646992,
11.42984,
99.98769,
21.97592,
34.20202,
13.97746,
15.73863,
68.38501,
87.32208,
329.129,
55.42746,
718.4409,
72.22148,
54.02983,
75.90851,
7.257902,
61.79783,
5.515701,
0,
2015.852,
2051, 
13.04377,
79.93528,
26.41899,
9.754191,
56.56482,
25.05549,
49.8573,
21.52878,
8.382377,
11.7685,
99.49143,
22.14756,
33.9129,
13.91505,
16.21217,
67.40297,
88.1805,
331.4261,
54.66927,
700.7477,
73.39317,
55.19216,
74.72684,
7.337119,
63.84351,
6.024086,
0,
2010.932,
2052, 
13.1075,
79.96436,
26.80699,
10.47031,
57.37603,
26.45411,
51.09064,
23.55222,
9.135106,
12.09115,
99.0406,
22.32644,
33.63204,
13.82715,
16.67501,
66.43176,
89.03854,
333.6203,
53.93247,
683.5918,
74.66457,
56.31972,
73.5479,
7.413684,
65.90352,
6.542579,
0,
2006.557,
2053, 
13.17433,
80.01837,
27.18558,
11.19299,
58.1034,
27.88087,
52.29237,
25.59501,
9.906361,
12.39751,
98.63675,
22.52431,
33.36008,
13.71408,
17.12549,
65.4219,
89.8873,
335.7146,
53.14026,
666.8526,
76.03345,
57.40069,
72.45779,
7.487238,
67.98211,
7.071657,
0,
2002.557,
2054, 
13.17689,
79.53935,
27.45352,
11.81071,
58.97205,
29.08734,
53.3866,
27.56968,
10.64227,
12.6873,
98.04011,
22.31207,
33.11044,
13.79661,
17.55674,
64.81207,
90.39949,
337.8583,
52.61813,
651.9568,
76.76988,
58.37227,
72.8384,
7.553559,
69.94366,
7.587048,
0,
1999.851,
2055, 
13.18564,
79.10387,
27.7194,
12.43627,
59.76162,
30.32146,
54.46444,
29.5896,
11.40204,
12.96094,
97.40059,
22.16839,
32.87314,
13.84836,
17.97465,
64.1631,
90.99141,
339.9085,
52.08204,
637.4031,
77.67409,
59.30591,
73.36492,
7.616514,
71.94063,
8.119177,
0,
1997.78,
2056, 
13.18482,
78.77979,
27.93855,
13.06112,
60.40483,
31.53726,
55.56377,
31.96405,
12.27355,
13.21863,
96.75893,
22.08507,
32.62568,
13.87445,
18.38815,
63.47382,
91.59603,
341.6456,
51.44777,
623.0667,
78.67389,
60.15857,
73.84777,
7.675069,
74.03909,
8.732648,
0,
1996.016,
2057, 
13.18091,
78.4997,
28.1507,
13.68929,
60.96112,
32.76894,
56.64846,
34.35973,
13.16141,
13.46047,
96.13192,
22.0463,
32.38886,
13.87344,
18.7859,
62.75279,
92.2151,
343.3149,
50.79094,
608.9543,
79.7395,
60.99068,
73.10098,
7.730525,
76.1524,
9.355016,
0,
1993.204,
2058, 
13.18178,
78.23195,
28.36245,
14.31981,
61.42553,
34.02224,
57.72141,
36.77732,
14.06628,
13.687,
95.54601,
22.06483,
32.16219,
13.85102,
19.16885,
61.97197,
92.80468,
344.9205,
50.08031,
595.4845,
80.88385,
61.79752,
72.24567,
7.783441,
78.28327,
9.985811,
0,
1990.83,
2059, 
13.18657,
78.00359,
28.57757,
14.95203,
61.84056,
35.29957,
58.77552,
39.21994,
14.98724,
13.89885,
95.00659,
22.11461,
31.94885,
13.80217,
19.53654,
61.23572,
93.41829,
346.4663,
49.36119,
582.7742,
82.07115,
62.55819,
71.36544,
7.833581,
80.42068,
10.62542,
0,
1989.28,
2060, 
13.18701,
77.78711,
28.78751,
15.58552,
62.17755,
36.58866,
59.79702,
41.68721,
15.92303,
14.09671,
94.45274,
22.20203,
31.74532,
13.77783,
19.88804,
60.4476,
94.04797,
347.9632,
48.616,
570.3213,
83.2654,
63.27666,
70.40247,
7.880363,
82.55382,
11.2733,
0,
1987.731,
2061, 
13.19439,
77.67963,
28.96157,
16.21445,
62.42643,
37.85926,
60.77868,
44.49826,
16.9807,
14.27635,
93.92828,
22.31982,
31.53728,
13.81357,
20.23595,
59.68256,
94.56776,
349.0959,
47.86386,
558.3383,
84.44049,
63.90449,
69.40252,
7.923476,
84.76089,
11.99643,
0,
1986.681,
2062, 
13.20686,
77.61638,
29.13367,
16.83482,
62.6158,
39.11996,
61.73476,
47.29459,
18.03814,
14.44335,
93.42376,
22.46835,
31.34003,
13.77173,
20.56873,
58.89871,
95.09344,
350.1942,
47.09507,
546.7484,
85.67391,
64.49929,
68.3311,
7.963698,
86.97736,
12.71565,
0,
1985.802,
2063, 
13.2199,
77.57722,
29.31322,
17.43214,
62.75428,
40.32713,
62.66755,
50.07055,
19.08902,
14.59845,
92.95193,
22.63766,
31.15344,
13.6632,
20.88747,
58.11298,
95.62186,
351.2642,
46.32011,
535.5688,
86.9647,
65.05771,
67.2329,
8.001133,
89.20417,
13.42763,
0,
1985.119,
2064, 
13.23278,
77.56114,
29.49951,
18.00235,
62.85591,
41.46778,
63.57703,
52.82649,
20.13216,
14.74239,
92.49895,
22.76936,
30.97759,
13.54728,
21.19226,
57.34489,
96.15199,
352.3145,
45.55039,
524.8353,
88.27831,
65.58007,
66.14009,
8.035952,
91.42901,
14.13047,
0,
1984.674,
2065, 
13.24603,
77.55635,
29.68503,
18.54688,
62.93298,
42.54415,
64.46229,
55.56267,
21.1668,
14.87588,
92.04707,
22.9,
30.81245,
13.43504,
21.48317,
56.61301,
96.68152,
353.353,
44.80101,
514.5812,
89.51326,
66.0629,
65.08183,
8.068345,
93.59795,
14.82374,
0,
1984.435,
2066, 
13.26083,
77.55447,
29.85185,
19.05507,
62.96468,
43.53298,
65.28549,
58.57938,
22.2783,
14.99336,
91.63495,
23.03705,
30.64667,
13.33212,
21.76672,
55.95155,
97.13506,
354.019,
44.11514,
505.071,
90.56206,
66.46397,
64.10077,
8.097438,
95.6895,
15.56752,
0,
1984.547,
2067, 
13.26979,
77.51768,
30.01682,
19.53852,
62.98922,
44.4558,
66.08183,
61.56425,
23.37741,
15.1018,
91.23384,
23.1699,
30.49197,
13.23473,
22.03788,
55.34512,
97.58775,
354.6922,
43.46136,
496.0502,
91.50664,
66.8314,
63.17874,
8.124547,
97.71806,
16.2993,
0,
1984.877,
2068, 
13.27352,
77.48438,
30.17995,
19.99525,
63.00506,
45.31124,
66.84639,
64.50764,
24.46276,
15.20183,
90.8529,
23.27001,
30.34751,
13.14499,
22.29769,
54.793,
98.0387,
355.3725,
42.83725,
487.4773,
92.36885,
67.17057,
62.31763,
8.149831,
99.69003,
17.01723,
0,
1985.414,
2069, 
13.27642,
77.46722,
30.3398,
20.42465,
63.01435,
46.10051,
67.58533,
67.40517,
25.53371,
15.29412,
90.49285,
23.33286,
30.21253,
13.06245,
22.54708,
54.28624,
98.48756,
356.0594,
42.23996,
479.3192,
93.16077,
67.48438,
61.51138,
8.173438,
101.6093,
17.72066,
0,
1986.141,
2070, 
13.27859,
77.45789,
30.48808,
20.82675,
63.01957,
46.82575,
68.30291,
70.25584,
26.5897,
15.37922,
90.14732,
23.35964,
30.08662,
12.98598,
22.78673,
53.82349,
98.93449,
356.7542,
41.67308,
471.5522,
93.886,
67.77479,
60.76233,
8.195516,
103.4769,
18.40961,
0,
1987.033,
2071, 
13.27859,
77.4622,
30.60508,
21.19172,
63.0022,
47.4682,
68.98661,
73.36506,
27.73668,
15.45301,
89.84483,
23.36539,
29.96116,
12.92118,
23.02001,
53.42717,
99.33316,
357.1753,
41.16265,
464.3822,
94.49041,
68.01405,
60.11099,
8.214391,
105.306,
19.14725,
0,
1988.426,
2072, 
13.27759,
77.46785,
30.71175,
21.53002,
62.98619,
48.04992,
69.6535,
76.41734,
28.86597,
15.52077,
89.54923,
23.35103,
29.84427,
12.86425,
23.24489,
53.07911,
99.73206,
357.6118,
40.68528,
457.5825,
95.02828,
68.23398,
59.51837,
8.232096,
107.0852,
19.86942,
0,
1989.993,
2073, 
13.27543,
77.47308,
30.81073,
21.84191,
62.97409,
48.57023,
70.30445,
79.41483,
29.97848,
15.58299,
89.25903,
23.31955,
29.73569,
12.81561,
23.46204,
52.78036,
100.1106,
358.0651,
40.24503,
451.1374,
95.50544,
68.43591,
58.97694,
8.248816,
108.8161,
20.57745,
0,
1991.717,
2074, 
13.27201,
77.47742,
30.90316,
22.12844,
62.96748,
49.03534,
70.94048,
82.36031,
31.07522,
15.64017,
88.97431,
23.27114,
29.6349,
12.76521,
23.67208,
52.52831,
100.4572,
358.5353,
39.83361,
445.0142,
95.92682,
68.62111,
58.50127,
8.264729,
110.5014,
21.27242,
0,
1993.574,
2075, 
13.26724,
77.48152,
30.98971,
22.39105,
62.96507,
49.45227,
71.56219,
85.2568,
32.1572,
15.69269,
88.69698,
23.20726,
29.54129,
12.72942,
23.87557,
52.31653,
100.7854,
359.0209,
39.44933,
439.2114,
96.29745,
68.79117,
58.08463,
8.279904,
112.1437,
21.95524,
0,
1995.602,
2076, 
13.25825,
77.48075,
31.05536,
22.62034,
62.95344,
49.80457,
72.15723,
88.37728,
33.28804,
15.73774,
88.4456,
23.1406,
29.4491,
12.70982,
24.07638,
52.17345,
101.0818,
359.266,
39.12401,
433.8572,
96.58437,
68.92126,
57.70252,
8.291879,
113.7022,
22.67645,
0,
1997.936,
2077, 
13.24854,
77.47736,
31.11632,
22.8291,
62.94817,
50.11583,
72.74035,
91.44781,
34.40527,
15.77896,
88.20265,
23.06039,
29.36348,
12.69866,
24.27173,
52.07185,
101.3677,
359.5331,
38.82385,
428.7693,
96.82921,
69.03969,
57.28146,
8.303368,
115.2251,
23.38624,
0,
2000.335,
2078, 
13.23872,
77.47752,
31.17367,
23.01921,
62.94419,
50.39168,
73.31255,
94.47466,
35.51061,
15.8167,
87.97392,
22.9734,
29.28393,
12.6944,
24.46217,
51.99544,
101.6469,
359.8203,
38.53958,
423.8993,
97.04111,
69.14771,
56.8364,
8.314466,
116.7151,
24.08649,
0,
2002.79,
2079, 
13.22842,
77.4803,
31.2273,
23.19243,
62.94328,
50.63688,
73.87497,
97.46219,
36.60534,
15.85124,
87.76282,
22.88118,
29.21019,
12.69262,
24.64809,
51.94544,
101.9209,
360.1259,
38.27461,
419.2307,
97.22365,
69.24625,
56.39898,
8.325238,
118.175,
24.77846,
0,
2005.342,
2080, 
13.21725,
77.48265,
31.27731,
23.35081,
62.94464,
50.85628,
74.42932,
100.4143,
37.69065,
15.88301,
87.571,
22.78406,
29.14195,
12.69492,
24.83006,
51.9196,
102.1921,
360.4525,
38.02709,
414.7724,
97.37907,
69.33759,
56.06119,
8.335833,
119.6082,
25.46311,
0,
2008.117,
2081, 
13.20264,
77.48291,
31.31258,
23.48858,
62.94949,
51.0441,
74.95967,
103.5737,
38.8023,
15.91241,
87.40919,
22.69883,
29.07907,
12.71016,
25.01477,
51.93702,
102.4608,
360.6554,
37.8215,
410.743,
97.4893,
69.40424,
55.92178,
8.344282,
120.9566,
26.17935,
0,
2011.554,
2082, 
13.18794,
77.48304,
31.34622,
23.61576,
62.9576,
51.2139,
75.48441,
106.6976,
39.90602,
15.93955,
87.24975,
22.61121,
29.02114,
12.727,
25.19609,
51.97258,
102.7282,
360.8824,
37.63074,
406.89,
97.58016,
69.46648,
55.93958,
8.352715,
122.2865,
26.88889,
0,
2015.255,
2083, 
13.17305,
77.48392,
31.37836,
23.73411,
62.97019,
51.36916,
76.00433,
109.7925,
41.00306,
15.96467,
87.07975,
22.52023,
28.96808,
12.74511,
25.37444,
52.03159,
102.9971,
361.1336,
37.45505,
403.2058,
97.6554,
69.52515,
56.13536,
8.36119,
123.5996,
27.59298,
0,
2019.254,
2084, 
13.15821,
77.48892,
31.40896,
23.8454,
62.98368,
51.51313,
76.52,
112.8634,
42.0948,
15.98794,
86.91364,
22.42681,
28.91929,
12.76257,
25.55007,
52.10531,
103.2674,
361.4061,
37.28908,
399.6613,
97.71907,
69.58113,
56.50791,
8.369729,
124.8991,
28.29267,
0,
2023.536,
2085, 
13.14422,
77.50288,
31.43921,
23.9516,
62.9979,
51.64988,
77.03313,
115.9147,
43.1825,
16.00969,
86.75544,
22.33347,
28.87481,
12.78628,
25.72357,
52.19216,
103.542,
361.702,
37.13435,
396.2356,
97.77993,
69.63657,
56.46237,
8.378458,
126.1894,
28.98886,
0,
2027.541,
2086, 
13.13031,
77.5376,
31.46165,
24.05124,
63.02824,
51.78197,
77.53227,
119.1677,
44.28156,
16.03,
86.61886,
22.25392,
28.8406,
12.82729,
25.90058,
52.30948,
103.8301,
361.9796,
36.999,
393.2337,
97.84013,
69.67595,
56.44746,
8.387114,
127.4285,
29.7076,
0,
2032.282,
2087, 
13.11788,
77.5845,
31.48553,
24.14918,
63.05604,
51.91191,
78.03119,
122.4019,
45.37872,
16.04912,
86.49265,
22.17524,
28.80993,
12.85907,
26.0757,
52.42915,
104.1243,
362.281,
36.86244,
390.3165,
97.91046,
69.71689,
56.43256,
8.396039,
128.6681,
30.42386,
0,
2037.14,
2088, 
13.1069,
77.64473,
31.51136,
24.24599,
63.08144,
52.04086,
78.5306,
125.6232,
46.47471,
16.06722,
86.37762,
22.09823,
28.78268,
12.88991,
26.24924,
52.54997,
104.4257,
362.6062,
36.72914,
387.4832,
97.99201,
69.75978,
56.41574,
8.405274,
129.9082,
31.13846,
0,
2042.138,
2089, 
13.09743,
77.71748,
31.53945,
24.34181,
63.10388,
52.16892,
79.03108,
128.8339,
47.56987,
16.08439,
86.27412,
22.02315,
28.75861,
12.91983,
26.42138,
52.67154,
104.735,
362.9535,
36.59735,
384.7069,
98.08307,
69.80449,
56.3959,
8.41483,
131.1478,
31.85177,
0,
2047.247,
2090, 
13.08956,
77.80194,
31.57044,
24.43707,
63.12498,
52.29712,
79.53373,
132.0351,
48.66432,
16.10091,
86.18356,
21.95029,
28.73789,
12.94911,
26.59257,
52.79288,
105.0541,
363.3264,
36.46495,
381.9923,
98.18459,
69.85181,
56.3743,
8.424814,
132.3876,
32.56388,
0,
2052.486,
2091, 
13.08489,
77.92222,
31.60075,
24.53232,
63.16988,
52.43196,
80.01618,
135.4178,
49.77736,
16.11504,
86.12206,
21.88764,
28.72945,
12.98301,
26.76504,
52.92575,
105.3834,
363.7466,
36.3475,
379.6357,
98.30398,
69.88976,
56.37206,
8.436689,
133.5949,
33.27639,
0,
2058.468,
2092, 
13.08142,
78.0535,
31.63466,
24.62717,
63.21601,
52.56694,
80.50122,
138.785,
50.88921,
16.12874,
86.06868,
21.82234,
28.72415,
13.01708,
26.93672,
53.06674,
105.7238,
364.194,
36.2368,
377.3586,
98.43285,
69.93116,
56.3724,
8.44902,
134.804,
33.98777,
0,
2064.61,
2093, 
13.07898,
78.19834,
31.67197,
24.72199,
63.26129,
52.70297,
80.9888,
142.1409,
52.00032,
16.14206,
86.02023,
21.75653,
28.72165,
13.05084,
27.10776,
53.20877,
106.0758,
364.6666,
36.12646,
375.1449,
98.57289,
69.97624,
56.36823,
8.461806,
136.0146,
34.69813,
0,
2070.879,
2094, 
13.07775,
78.35687,
31.71246,
24.81703,
63.30701,
52.84046,
81.47952,
145.4891,
53.11163,
16.15523,
85.97962,
21.69099,
28.72224,
13.08452,
27.27858,
53.35272,
106.4382,
365.1678,
36.01726,
372.9793,
98.72174,
70.0256,
56.34473,
8.475151,
137.2281,
35.40801,
0,
2077.261,
2095, 
13.07808,
78.52659,
31.75628,
24.91237,
63.35438,
52.97961,
81.97285,
148.8287,
54.22262,
16.1683,
85.94804,
21.62749,
28.72581,
13.11839,
27.44927,
53.50035,
106.8092,
365.6968,
35.90955,
370.8682,
98.87666,
70.07906,
56.34662,
8.489043,
138.4441,
36.11701,
0,
2083.805,
2096, 
13.08306,
78.73344,
31.79988,
25.01114,
63.43251,
53.13214,
82.4446,
152.3095,
55.36515,
16.17943,
85.93904,
21.57198,
28.7417,
13.15608,
27.61732,
53.658,
107.1801,
366.3308,
35.8311,
369.0685,
99.04906,
70.131,
56.37262,
8.505117,
139.6522,
36.80795,
0,
2091.104,
2097, 
13.08945,
78.95052,
31.84681,
25.11047,
63.51164,
53.28634,
82.91946,
155.7779,
56.50693,
16.19065,
85.93822,
21.51979,
28.76035,
13.19378,
27.78548,
53.81639,
107.5607,
366.9937,
35.75434,
367.3088,
99.22795,
70.18697,
56.39844,
8.521751,
140.8641,
37.49898,
0,
2098.52,
2098, 
13.09726,
79.17836,
31.89651,
25.21043,
63.59271,
53.44211,
83.39689,
159.2371,
57.64849,
16.20196,
85.94538,
21.47193,
28.78171,
13.23105,
27.95379,
53.97821,
107.9484,
367.6838,
35.68023,
365.5997,
99.41396,
70.24689,
56.42831,
8.538927,
142.0795,
38.18983,
0,
2106.073,
2099, 
13.10663,
79.41685,
31.94915,
25.31136,
63.67572,
53.59996,
83.87778,
162.6915,
58.79107,
16.21359,
85.96228,
21.42883,
28.80595,
13.2667,
28.12271,
54.14259,
108.3433,
368.4044,
35.60892,
363.9432,
99.60958,
70.31127,
56.4635,
8.556762,
143.3004,
38.88122,
0,
2113.785,
2100, 
13.11722,
79.66241,
32.00508,
25.41333,
63.76136,
53.7598,
84.362,
166.1402,
59.93429,
16.22553,
85.98897,
21.39018,
28.83298,
13.3031,
28.29226,
54.31099,
108.7461,
369.1547,
35.54056,
362.3375,
99.81484,
70.37959,
56.5048,
8.575245,
144.5263,
39.57283,
0,
2121.652];
