real main.em.ep.isp.StorResTot[28](t) = [1971, 
651.5343,
6662.301,
42.08245,
21.60213,
64.96689,
80.57098,
58.75524,
41.05855,
12.20759,
218.7674,
4050.518,
794.3257,
45.14894,
639.8839,
126.0057,
1848.95,
149.6624,
189.8941,
60.786,
215.9777,
32.17176,
2.735793,
947.4415,
247.1319,
13.94703,
25.39259,
0,
17243.82,
1972, 
743.1379,
6664.728,
47.7262,
24.07365,
71.01305,
85.62901,
59.5344,
44.36075,
13.14336,
237.3148,
4228.148,
866.3724,
52.09121,
676.2775,
129.2396,
1948.799,
169.1202,
198.1338,
65.41999,
236.9972,
36.51493,
3.161403,
1012.384,
243.989,
13.98373,
36.3438,
0,
17907.64,
1973, 
823.4536,
7276.438,
51.89817,
26.7822,
82.26498,
95.7737,
61.004,
49.39493,
13.3358,
252.2585,
4534.185,
902.643,
52.66745,
714.8611,
138.3771,
2062.626,
202.3026,
204.9313,
74.03787,
259.1164,
43.11644,
3.88229,
1095.986,
278.0313,
16.24768,
46.19956,
0,
19361.81,
1974, 
851.8475,
7332.585,
65.72918,
27.9819,
91.64121,
104.7265,
65.23281,
49.52388,
12.89815,
269.9228,
4643.078,
958.119,
59.58812,
756.1116,
148.4388,
2188.701,
226.6788,
214.7355,
81.40347,
268.0446,
45.88003,
5.151445,
1082.19,
298.4529,
18.27978,
58.22723,
0,
19925.17,
1975, 
829.4708,
7548.269,
69.66646,
27.81349,
98.71245,
109.7047,
74.15015,
55.54008,
13.42982,
290.122,
4627.427,
1001.688,
71.43203,
685.0228,
132.0404,
2029.392,
263.1306,
237.9871,
91.05245,
317.319,
47.80796,
5.849806,
1106.663,
309.6375,
20.51815,
61.28817,
0,
20125.13,
1976, 
887.3736,
8061.648,
73.96089,
31.44196,
113.7738,
118.3513,
85.01038,
57.75348,
15.56682,
303.738,
4975.722,
1064.596,
81.15306,
715.8107,
139.8739,
2160.233,
310.0076,
266.9823,
99.52127,
351.9517,
53.87077,
5.430489,
1184.029,
322.8207,
21.59112,
65.74049,
0,
21567.95,
1977, 
951.7455,
8331.671,
79.97083,
34.06802,
125.4774,
129.5805,
97.22928,
63.17781,
16.35658,
303.796,
5086.99,
1110.645,
90.79747,
736.6292,
144.6624,
2236.307,
392.5284,
283.8665,
108.9099,
384.2584,
59.81034,
6.788415,
1233.85,
339.6395,
23.24754,
71.49924,
0,
22443.5,
1978, 
1020.996,
8559.443,
88.3676,
35.96863,
138.9407,
135.9336,
109.4434,
61.04873,
17.19222,
316.9648,
5276.29,
1168.905,
96.68808,
760.6332,
149.6674,
2341.145,
443.0547,
311.8177,
120.7874,
437.9878,
61.91246,
9.509306,
1291.158,
349.9268,
26.12036,
69.42392,
0,
23399.33,
1979, 
1070.171,
8729.813,
94.73719,
37.54453,
155.6575,
151.5532,
122.3724,
70.43597,
17.6326,
332.7302,
5500.41,
1177.954,
98.70918,
779.6888,
205.7969,
2397.325,
512.4427,
316.3133,
130.9079,
478.6803,
67.35005,
11.46119,
1360.344,
366.1624,
29.25215,
74.78744,
0,
24290.23,
1980, 
1100.516,
8839.18,
99.38868,
37.87766,
178.6554,
162.1609,
136.8136,
78.82357,
17.83863,
360.1647,
5537.828,
1232.66,
101.6957,
816.4669,
225.3084,
2582.525,
567.5072,
330.1799,
136.6896,
468.131,
72.07088,
14.42511,
1343.363,
383.7989,
30.68501,
68.90266,
0,
24923.66,
1981, 
1157.09,
8909.859,
108.5302,
39.18369,
171.8719,
168.5743,
155.3696,
77.11351,
18.86036,
411.1879,
5594.711,
1241.718,
106.6037,
836.2609,
230.855,
2726.784,
672.9659,
362.1985,
147.5992,
472.7571,
76.6324,
14.23497,
1357.065,
408.6898,
32.8315,
65.34301,
0,
25564.89,
1982, 
1136.058,
8688.75,
113.4095,
40.57534,
180.2194,
171.0359,
170.1496,
85.83471,
20.4164,
432.2899,
5586.426,
1259.721,
116.2423,
853.111,
239.0651,
2830.601,
797.8285,
386.6031,
155.6199,
504.137,
82.1542,
17.32995,
1343.73,
415.6123,
35.22574,
65.2659,
0,
25727.41,
1983, 
1187.16,
8878.192,
112.5313,
43.13845,
186.5169,
179.2569,
187.7583,
79.84968,
21.7321,
440.0708,
5719.142,
1317.657,
121.5037,
877.2928,
246.6496,
2978.39,
816.7967,
413.5939,
169.5538,
544.8012,
89.82158,
20.33164,
1418.878,
426.0636,
39.1615,
63.88533,
0,
26579.73,
1984, 
1279.878,
9274.39,
121.9216,
44.38152,
208.6821,
184.5302,
207.2545,
74.1756,
21.76359,
486.7347,
5928.742,
1378.836,
137.3197,
911.7481,
257.2548,
3168.132,
880.3057,
457.3213,
182.6243,
571.9357,
96.85426,
23.91775,
1493.585,
455.2826,
44.1786,
62.97643,
0,
27954.72,
1985, 
1357.436,
9440.135,
106.3642,
43.75373,
225.9766,
187.9616,
222.6229,
89.90286,
23.32075,
503.4824,
6149.178,
1383.467,
150.0041,
934.8961,
265.9077,
3287.403,
944.2718,
501.3247,
196.6258,
611.4672,
102.2769,
24.83817,
1551.948,
488.7081,
47.70227,
65.33821,
0,
28906.31,
1986, 
1388.987,
9431.795,
119.1544,
46.76657,
238.9479,
212.846,
219.9135,
94.12849,
24.75148,
517.3594,
6248.405,
1447.913,
171.9918,
956.4094,
270.1849,
3435.084,
1029.16,
547.5707,
212.1964,
670.936,
105.8192,
34.99953,
1574.154,
504.9262,
52.75277,
66.81181,
0,
29623.96,
1987, 
1480.768,
9599.564,
128.0912,
49.48165,
242.1289,
228.9782,
235.2785,
98.10892,
26.71566,
529.7612,
6454.689,
1477.736,
192.5159,
992.7374,
272.0798,
3572.937,
1052.563,
594.9044,
235.6988,
741.3655,
114.1199,
40.56454,
1678.871,
532.5202,
58.37646,
65.13058,
0,
30695.69,
1988, 
1515.47,
9991.863,
130.5549,
49.77978,
251.3054,
258.8858,
256.5076,
103.0374,
28.43357,
549.8065,
6738.333,
1470.669,
202.0823,
1024.183,
276.9368,
3660.732,
1210.957,
655.4727,
266.509,
811.0547,
125.3007,
42.84606,
1774.558,
556.6133,
66.99831,
72.00517,
0,
32090.89,
1989, 
1483.442,
10898.31,
138.3461,
53.15834,
267.3742,
247.344,
268.4909,
107.554,
30.07609,
562.0959,
6954.356,
1489.864,
218.0068,
1042.152,
278.4245,
3929.543,
1235.246,
716.1543,
290.5589,
872.066,
137.423,
47.39959,
1887.378,
597.5944,
69.8728,
69.05097,
0,
33891.28,
1990, 
1436.097,
11103.51,
142.8049,
53.64337,
256.157,
266.8235,
277.9583,
109.5198,
34.60491,
571.2708,
7109.383,
1408.169,
240.8647,
1121.767,
345.3876,
3831.769,
1322.039,
770.1458,
311.961,
926.8814,
151.1902,
56.31755,
2059.753,
613.0417,
76.03208,
76.81651,
0,
34673.91,
1991, 
1520.486,
11197.95,
147.5193,
52.20329,
272.3797,
251.1248,
293.1727,
111.9394,
36.85384,
572.0761,
7268.85,
1343.255,
245.3357,
1034.106,
295.8364,
3572.459,
1463.87,
838.6843,
328.7474,
1107.988,
163.0661,
63.7285,
2127.467,
630.2851,
81.54287,
84.63546,
0,
35105.56,
1992, 
1555.996,
11400.44,
151.2603,
55.09789,
279.6952,
259.702,
309.9341,
116.1849,
38.26927,
586.3565,
7319.005,
1248.595,
276.4901,
881.0822,
274.5658,
3089.787,
1556.87,
876.326,
349.4074,
1223.302,
176.5753,
69.63503,
2152.391,
642.6923,
89.56591,
73.20712,
0,
35052.43,
1993, 
1610.014,
11674.79,
152.9276,
56.25336,
290.9452,
274.2718,
335.337,
116.6131,
39.69597,
610.4304,
7331.786,
1247.372,
303.8206,
799.4495,
231.2749,
3119.418,
1603.986,
924.9092,
386.9567,
1263.101,
194.6026,
77.84192,
2176.418,
663.0656,
93.45965,
74.84407,
0,
35653.59,
1994, 
1698.638,
11971.24,
164.4938,
60.35305,
299.2097,
291.1112,
358.1979,
116.6067,
40.5304,
630.9039,
7487.983,
1322.332,
319.6058,
728.6999,
227.3057,
2752.347,
1705.7,
992.4897,
434.0207,
1370.948,
219.5738,
86.56419,
2276.654,
683.5645,
98.24709,
72.57018,
0,
36409.89,
1995, 
1716.221,
12314.75,
167.8308,
63.69207,
314.2012,
304.9055,
378.8947,
123.3033,
44.27421,
638.8261,
7682.944,
1320.011,
357.3271,
764.7353,
225.4766,
2745.575,
1790.839,
1076.425,
483.9916,
1492.601,
243.3461,
100.4082,
2314.045,
702.776,
104.4558,
74.16449,
0,
37546.02,
1996, 
1767.091,
12612.32,
159.7348,
67.02302,
329.8972,
319.1933,
428.2096,
128.4475,
46.33263,
666.8746,
7804.325,
1456.002,
388.3974,
767.2689,
217.7438,
2711.001,
1865.74,
1135.946,
536.2814,
1568.253,
264.948,
116.5101,
2381.014,
717.4484,
109.4885,
66.9756,
0,
38632.47,
1997, 
1793.254,
12918.12,
171.9748,
72.52254,
347.0989,
344.668,
461.1024,
128.9829,
49.93093,
691.2817,
7956.557,
1482.706,
423.169,
760.2098,
213.5799,
2668.773,
2017.888,
1198.807,
586.2389,
1662.874,
283.6157,
123.0141,
2434.721,
740.8954,
113.6667,
70.27987,
0,
39715.93,
1998, 
1771.589,
13228.41,
185.5553,
77.78593,
357.8865,
363.0716,
492.3503,
125.9726,
51.33597,
682.0064,
8129.692,
1501.847,
450.8383,
730.6346,
205.3921,
2701.894,
2276.147,
1283.698,
574.8156,
1743.491,
279.546,
126.8133,
2439.215,
784.2237,
117.8154,
91.86442,
0,
40773.89,
1999, 
1808.022,
13432.55,
196.6115,
83.88288,
371.7747,
363.6088,
521.7943,
132.2535,
52.82086,
680.2275,
8220.541,
1468.104,
466.1482,
755.1091,
201.7713,
2773.941,
2181.883,
1379.012,
639.6661,
1816.208,
298.8711,
148.1256,
2474.37,
825.4229,
117.6831,
99.42213,
0,
41509.82,
2000, 
1862.348,
14055,
209.507,
85.83012,
385.4215,
382.4797,
555.7893,
136.4133,
54.75759,
712.5422,
8253.018,
1559.22,
503.6082,
746.6587,
205.5341,
2908.319,
2198.635,
1457.249,
757.0422,
2051.084,
324.4068,
159.5317,
2582.839,
848.4988,
128.3606,
108.2201,
0,
43232.31,
2001, 
1816.703,
13402.39,
215.9934,
88.13029,
377.4438,
380.2491,
588.356,
145.0848,
57.3063,
689.076,
8233.446,
1697.069,
502.6694,
794.3774,
197.5716,
3039.253,
2298.491,
1512.992,
808.4637,
2258.368,
344.5855,
168.735,
2560.834,
899.1688,
144.0589,
121.9242,
0,
43342.74,
2002, 
1841.69,
13731.12,
219.423,
91.89225,
400.2731,
375.5943,
616.1567,
154.157,
57.46857,
745.9126,
8042.516,
1619.967,
534.672,
790.0809,
201.2903,
2935.147,
2386.734,
1559.404,
863.9702,
2444.079,
365.3073,
178.6555,
2613.723,
897.5117,
151.986,
129.9114,
0,
43948.64,
2003, 
1793.388,
13846.63,
269.1272,
93.96069,
416.398,
394.6724,
647.5139,
152.2271,
60.90741,
780.8209,
7973.573,
1626.267,
580.3295,
818.8633,
213.9467,
2991.426,
2509.429,
1665.36,
901.42,
2800.139,
394.9186,
186.6024,
2613.19,
853.4379,
161.4112,
124.3611,
0,
44870.32,
2004, 
1819.804,
14281.96,
268.6956,
94.53962,
445.3099,
420.802,
685.7575,
168.1795,
66.07278,
806.9061,
7900.216,
1721.992,
621.0629,
856.0839,
221.7139,
3085.424,
2672.821,
1772.678,
950.4913,
3210.411,
421.7803,
199.3033,
2692.214,
873.1628,
174.4674,
133.4705,
0,
46565.32,
2005, 
1771.526,
14206.45,
282.4271,
99.4947,
458.2369,
437.456,
701.2104,
178.5791,
71.34224,
817.1768,
7802.528,
1687.348,
660.4073,
832.4236,
227.3185,
3483.112,
2682.939,
1884.641,
1013.019,
3632.569,
454.9922,
212.8147,
2755.664,
866.429,
187.8812,
143.6056,
0,
47551.59,
2006, 
1709.409,
14009.68,
290.3227,
105.3049,
478.9374,
462.8379,
743.4825,
189.2572,
76.10659,
856.1068,
7645.952,
1714.207,
710.2568,
870.8588,
232.4904,
3508.001,
2837.533,
2040.543,
1044.871,
4174.79,
481.2014,
216.4154,
2809.479,
862.0956,
198.8869,
147.1754,
0,
48416.2,
2007, 
1811.52,
13963.34,
301.7918,
108.2725,
507.684,
474.0299,
822.9774,
200.089,
83.13345,
877.1299,
7397.988,
1702.899,
767.9614,
884.027,
241.9481,
3536.814,
3059.928,
2192.843,
1104.145,
4813.763,
510.1425,
220.6763,
2895.551,
902.8188,
205.7303,
150.945,
0,
49738.15,
2008, 
1799.222,
13370.63,
306.4398,
106.4962,
528.8416,
505.1328,
860.4684,
204.1228,
83.39807,
873.7645,
7355.359,
1701.326,
776.0917,
839.9698,
222.1313,
3606.92,
3192.406,
2110.146,
1182.932,
5355.919,
523.0214,
225.6627,
2800.775,
899.7026,
214.3346,
153.4443,
0,
49798.66,
2009, 
1719.509,
12335,
302.5525,
106.321,
534.5541,
511.1582,
981.1139,
212.5661,
92.03215,
852.3444,
6871.615,
1643.045,
757.2717,
726.1322,
212.9556,
3408.006,
3522.735,
2265.629,
1239.852,
6257.113,
549.739,
230.7063,
2797.493,
814.3403,
223.551,
166.6309,
0,
49333.97,
2010, 
1709.428,
12362.97,
319.9328,
111.1119,
593.5747,
505.7768,
1067.878,
229.9068,
107.0264,
888.2253,
7307.203,
1709.128,
816.3021,
747.9816,
235.1116,
3428.673,
3691.416,
2443.999,
1339.395,
7646.548,
601.0916,
248.8872,
2892.724,
833.6721,
231.4323,
175.9045,
0,
52245.3,
2011, 
1786.858,
11538.77,
354.0855,
116.3,
615.1259,
523.0934,
1105.345,
237.2028,
126.9559,
897.3647,
7649.377,
1740.396,
883.8589,
764.476,
227.6768,
3510.061,
3852.423,
2722.736,
1397.584,
9508.228,
633.8951,
264.6509,
3039.283,
808.0306,
247.5583,
179.6611,
0,
54731,
2012, 
1746.17,
11168.46,
369.5621,
120.6113,
648.6298,
558.8475,
1176.607,
244.3764,
142.7649,
892.6297,
8138.896,
1677.706,
955.9398,
770.0712,
242.5606,
3513.993,
4118.809,
2841.802,
1461.777,
11117.7,
708.6557,
277.3123,
3190.071,
821.1231,
268.0741,
184.595,
0,
57357.74,
2013, 
1650.457,
10881.1,
362.8081,
126.7494,
676.2372,
600.7664,
1247.388,
275.4203,
156.8718,
907.1008,
7880.897,
1675.628,
971.6547,
753.258,
290.765,
3527.436,
4381.133,
3095.878,
1539.667,
13495.03,
790.7011,
305.5747,
3975.896,
855.6918,
305.6815,
194.6111,
0,
60924.4,
2014, 
1606.617,
10816.9,
382.9348,
131.7152,
718.9532,
605.6241,
1327.18,
292.3048,
180.1926,
1085.637,
7987.723,
1656.221,
1026.96,
716.6523,
265.6419,
3560.837,
4765.559,
3507.715,
1645.145,
16185.1,
922.7667,
328.4563,
4823.696,
831.973,
336.0136,
221.3582,
0,
65929.88,
2015, 
1524.928,
11356.34,
398.7303,
143.8963,
722.8868,
650.2319,
1504.075,
321.6361,
206.6084,
1169.572,
7362.617,
1608.446,
1100.578,
659.3541,
276.4433,
3579.068,
5335.76,
3879.183,
1805.017,
19935.06,
1043.332,
350.2905,
6660.636,
874.8393,
362.2028,
233.0275,
0,
73064.76,
2016, 
1507.832,
10939.98,
423.0358,
147.7329,
759.9661,
659.3987,
1655.15,
335.7382,
220.5513,
1351.037,
7727.158,
1630.05,
1283.776,
659.571,
329.0652,
3577.741,
5913.574,
4440.833,
1964.204,
23593.5,
1277.522,
378.9612,
7923.862,
937.399,
429.1905,
227.8815,
0,
80294.72,
2017, 
1557.487,
11279.79,
428.6363,
147.274,
813.7442,
660.6191,
1718.923,
360.9225,
237.3392,
1542.708,
7931.2,
1630.283,
1727.168,
680.0664,
416.7598,
3643.962,
6083.037,
5121.224,
2182.909,
29359.56,
1410.473,
404.0299,
9239.14,
1025.144,
494.2235,
249.2629,
0,
90345.88,
2018, 
1515.994,
11774.56,
453.8026,
155.7491,
849.4135,
671.8116,
2018.688,
408.5031,
292.2486,
1821.094,
8518.677,
1862.123,
2841.056,
753.7078,
433.7765,
3630.751,
6174.815,
6045.244,
2456.819,
36038.26,
1545.215,
472.484,
10563.9,
1185.072,
542.9981,
279.9355,
0,
103306.7,
2019, 
1571.517,
11910.96,
422.6849,
161.9207,
908.7734,
636.9732,
2248.979,
448.9816,
337.1149,
1910.571,
9786.905,
1790.479,
3181.928,
940.388,
475.1997,
3677.752,
7276.136,
6728.754,
2931.042,
42056.82,
2113.411,
518.1388,
11910.21,
1377.213,
579.3925,
327.6026,
0,
116229.8,
2020, 
1543.105,
11508.58,
430.4132,
152.3793,
881.4406,
630.1169,
2316.624,
484.5544,
360.1024,
2088.46,
10987.32,
1950.654,
3540.969,
1033.361,
451.6701,
3555.601,
7976.572,
7082.419,
3478.8,
51209.23,
2839.019,
522.1282,
13453.8,
1609.491,
613.5811,
333.7625,
0,
131034.1,
2021, 
1591.585,
12604.77,
456.8156,
166.8975,
975.2685,
707.4204,
2453.126,
537.4572,
407.8609,
2222.153,
11689.07,
2277.233,
4008.622,
1086.987,
563.1783,
3714.805,
8687.158,
8038.969,
4214.011,
62351.89,
4250.211,
563.1082,
15023.2,
1954.831,
706.9135,
369.89,
0,
151623.4,
2022, 
1559.261,
13607.06,
528.5771,
178.0462,
1031.143,
707.5562,
2516.594,
640.8469,
471.8499,
2252.597,
13229.66,
2571.231,
4522.515,
956.114,
625.3395,
3686.706,
10338.19,
9574.507,
4643.584,
72664.53,
4432.679,
616.5829,
16382.24,
2337.439,
818.5356,
495.2477,
0,
171388.6,
2023, 
1480.903,
15423.34,
548.2574,
185.73,
1107.935,
726.2738,
2732.961,
766.29,
506.3926,
2254.856,
15499.32,
3034.935,
5092.821,
983.8632,
719.16,
3735.956,
12145.53,
10557.39,
5161.896,
98383.16,
4790.836,
683.5045,
17106.66,
2883.169,
863.0293,
534.0228,
0,
207908.2,
2024, 
1404.119,
18182.41,
579.7314,
193.9122,
1153.008,
756.4969,
3016.721,
855.7955,
539.1859,
2391.941,
17817.18,
3630.721,
8214.61,
806.443,
807.4078,
3712.241,
13323.19,
12662.58,
5393.466,
128597.7,
5087.563,
738.3194,
17520.72,
3727.375,
950.3658,
587.5011,
0,
252650.7,
2025, 
1511.947,
22164.85,
584.8992,
277.6107,
1318.555,
791.8218,
3246.186,
975.012,
800.7967,
3136.032,
19638.65,
4024.853,
8922.466,
847.4389,
867.8458,
3720.838,
29523.77,
17608.42,
6221.61,
141019.5,
5727.184,
1401.6,
20417.62,
4883.418,
1215.309,
665.5142,
0,
301513.7,
2026, 
1641.697,
24315.03,
604.7048,
292.9401,
1327.622,
817.6678,
3549.57,
1285.494,
1171.758,
3181.134,
21707.96,
4574.825,
9238.376,
924.1599,
1077.431,
3711.291,
31380.66,
21841.74,
6339.544,
172880.2,
6244.758,
1771.317,
21015.27,
5857.744,
1542.321,
770.4409,
0,
349065.7,
2027, 
1760.761,
26761.4,
634.2036,
367.5432,
1342.017,
854.4405,
3985.968,
2011.952,
1663.315,
3293.202,
23647.07,
4960.484,
9970.893,
1058.603,
1837.75,
3706.385,
38817.38,
27148.45,
6752.365,
205144.8,
7221.09,
2875.247,
21866.75,
7214.306,
2000.906,
881.9697,
0,
407779.2,
2028, 
1945.913,
28438.82,
689.5917,
480.5779,
1357.988,
896.7472,
4452.133,
3303.478,
2236.809,
3495.871,
26098.71,
5696.134,
11352.26,
1194.02,
2407.631,
3698.587,
50913.98,
34316.79,
6929.512,
247238.7,
9343.254,
4932.719,
23191.02,
8729.91,
2850.293,
1026.484,
0,
487218,
2029, 
2207.049,
30228.69,
755.3346,
598.5084,
1386.865,
994.6423,
5028.501,
5198.525,
2821.801,
3824.746,
28555.95,
6343.483,
13381.86,
1272.698,
3233.826,
3706.882,
64810.02,
42805.87,
7100.1,
287554.8,
12263.23,
7568.261,
24204.82,
10576.95,
3856.83,
1182.79,
0,
571463.1,
2030, 
2321.563,
31914.86,
828.5908,
770.3934,
1405.374,
1272.881,
5589.854,
7500.13,
3253.229,
4295.92,
29874.93,
6903.49,
16433.93,
1398.297,
4158.937,
3734.749,
74170.8,
51645.14,
7218.136,
327328,
15329.32,
9993.404,
25302.85,
12521.96,
4776.607,
1302.686,
0,
651246.1,
2031, 
2401.088,
33851.8,
1034.992,
972.4156,
1437.552,
1665.596,
6258.834,
8931.49,
3530.774,
4927.133,
31761.71,
7406.978,
20513.57,
1519.063,
4968.449,
3764.045,
83627.77,
60431.16,
7367.53,
377879.6,
18625.28,
12192.9,
26340.48,
14439.78,
5847.282,
1416.056,
0,
743113.3,
2032, 
2580.942,
37336.84,
1268.619,
1198.921,
1521.889,
2259.743,
7295.57,
10192.5,
3706.781,
5686.074,
34169.81,
7954.071,
23844.7,
1633.994,
5606.509,
3820.144,
93553.79,
70088.19,
7550.164,
438933.3,
22308.46,
13085.1,
27318.94,
16714.8,
6950.379,
1532.316,
0,
848112.6,
2033, 
2827.532,
41910.52,
1488.087,
1645.904,
1628.787,
2899.213,
8921.824,
11459.67,
3785.433,
6570.915,
42758.34,
8455.879,
27337.89,
1722.48,
6423.415,
3826.643,
104179.3,
87999.61,
7699.135,
516954.8,
25875.14,
14517.86,
28072.12,
19216.1,
8197.058,
1619.789,
0,
987993.4,
2034, 
3191.584,
47076.86,
1584.006,
2394.287,
1743.487,
3556.129,
11591.36,
12649.42,
3878.881,
7190.719,
71379.79,
8946.13,
31172.06,
1789.956,
7427.227,
3861.631,
116883.5,
111237.2,
7937.226,
617732.6,
29663.35,
16463.19,
28460.41,
22009.84,
9712.475,
1736.09,
0,
1181269,
2035, 
3613.835,
52899.89,
1616.989,
3169.849,
1877.82,
6082.826,
15159.73,
13812.94,
3971.099,
7731.998,
112947.3,
9339.295,
35001.05,
1848.945,
8905.593,
3893.087,
132498.8,
140426.4,
8200.462,
731382,
33975.73,
19229.26,
28459.8,
25153.63,
13495.02,
1874.509,
0,
1416568,
2036, 
4010.371,
60615.93,
1629.765,
4429.085,
2069.862,
9402.776,
20722.86,
14932.36,
4032.874,
8483.148,
154974.7,
10358.99,
39179.66,
1884.182,
10989,
3912.619,
141661.7,
168924.5,
8426.255,
845280.6,
38770.88,
22558.88,
28690.34,
28723.44,
19156.04,
2003.061,
0,
1655824,
2037, 
4414.461,
70549.36,
1653.412,
6192.515,
2214.319,
13361.33,
26042.94,
16142.52,
4096.835,
9313.293,
204481.6,
12287.18,
41000.21,
1910.852,
13955.34,
3930.184,
146598.9,
199068,
8605.111,
958544.1,
45042.98,
26390.34,
29092.58,
33004.93,
26025.76,
2124.187,
0,
1906043,
2038, 
4815.699,
83731.75,
1685.398,
9107.126,
2189.127,
18353.07,
30046.48,
17460.26,
4158.829,
10173.47,
250446.9,
14010.23,
42762.74,
1948.04,
17178.76,
3952.879,
151512.3,
222294.8,
8784.105,
1056768,
52005.02,
29892.17,
28903.41,
36770.94,
33961.21,
2308.149,
0,
2135221,
2039, 
5198.288,
99789.95,
1723.377,
12371.06,
2222.599,
27632.73,
33870.68,
19099.66,
4220.651,
11018.48,
291491.6,
15645.65,
44603.74,
1988.207,
19702.6,
3984.348,
156308,
245450,
8981.896,
1145543,
59691.31,
32761.72,
28664.97,
40171.87,
42708.84,
2478.25,
0,
2357323,
2040, 
6086.792,
129043.2,
1769.991,
19932.28,
2258.769,
39803.23,
37577.29,
20747.69,
4283,
11848.4,
335484.6,
17294.6,
46511.34,
2024.699,
23221.9,
4030.748,
161411.1,
314732.6,
9127.001,
1247754,
68749.04,
35720.88,
28665.28,
43424.66,
51400.96,
2725.493,
0,
2665630,
2041, 
7123.675,
168353.2,
1883.826,
29025.54,
2296.208,
55999.93,
40640.55,
22550.76,
4345.867,
12452.17,
381838.7,
18883.61,
48392.42,
2088.06,
27296.08,
4086.107,
165600.3,
434113.1,
9267.324,
1374301,
79328.09,
39070.93,
29001.02,
47175.38,
59717.34,
3004.618,
0,
3067836,
2042, 
8222.216,
211225.7,
2048.163,
39426.8,
2334.581,
79802.42,
43175.2,
24361.1,
4408.963,
13031.29,
435690.2,
20139.96,
50880.47,
2158.711,
32644.54,
4153.95,
170730.6,
582062.6,
9490.096,
1495106,
91130.13,
42558.76,
29657.42,
51504.32,
70621.02,
3306.936,
0,
3519872,
2043, 
9601.852,
254574.5,
2371.951,
49449.59,
2372.333,
114570.4,
45227.66,
26140.25,
4473.402,
13705.99,
478825.3,
21305.34,
53982.55,
2228.509,
40664.73,
4272.333,
176802.7,
761812.9,
9850.986,
1642676,
103912.7,
45824.06,
30102.23,
56618.25,
85647.97,
3597.429,
0,
4040612,
2044, 
14108.42,
301152,
3177.439,
61224.91,
2410.124,
157543.4,
47028.17,
27970.46,
4541.163,
14454.72,
520226.6,
22818.96,
59958.59,
2331.779,
48095.92,
4433.928,
188251.5,
984654.5,
10428.38,
1786741,
117742.1,
48958.88,
29996.88,
61688.83,
104144.1,
4000.911,
0,
4628084,
2045, 
19235.21,
359018.3,
5250.023,
75129.41,
2454.001,
196010.2,
49165.48,
29782.77,
4593.669,
15255.04,
556717.1,
24692.12,
69277.97,
2450.581,
54666.12,
4661.929,
212931.9,
1201767,
11004.77,
1965309,
131276.3,
51370.6,
29930.11,
66124.81,
125504,
4405.785,
0,
5267985,
2046, 
24935.94,
411574.1,
10172.16,
88772.42,
2514.936,
239632.1,
51525.28,
31644.53,
4644.712,
16023.95,
587050.8,
27361.64,
79413.88,
2601.919,
61081.85,
4958.26,
245337.5,
1398038,
11548.24,
2170121,
147433.1,
53028.17,
29563.25,
70164.41,
152033.3,
5010.601,
0,
5926185,
2047, 
31628.35,
472832,
17831.95,
100301.4,
2592.396,
292543.8,
54480.76,
33559.27,
4634.95,
16794.04,
607102.8,
30635.22,
90689.2,
2650.518,
67108.52,
5341.706,
287637.2,
1545557,
11930.91,
2422198,
176012.8,
54155.75,
29206.63,
73057.64,
187300.2,
5744.43,
0,
6623528,
2048, 
37377.48,
530975.4,
39277.55,
113237.4,
2677.007,
332816.7,
57993.74,
36368.46,
4548.958,
17516.72,
630858.9,
34447.1,
104529.2,
2700.985,
73192.19,
5862.949,
343605.4,
1654762,
12112.65,
2711948,
213038,
55199.16,
29414.21,
75849.3,
244076.4,
6632.066,
0,
7371018,
2049, 
43782.08,
600896.2,
69628.19,
127967.4,
2763.523,
358216.6,
62432.75,
39481.75,
4425.089,
18301.39,
634255.9,
40747.94,
118140.1,
2755.947,
79385.93,
6423.335,
381591.3,
1700847,
12035.18,
3136118,
260948,
55900.02,
30593.67,
78793.93,
305034.8,
7606.751,
0,
8179072,
2050, 
51303.65,
669391.7,
101589.9,
144105.5,
2851.93,
390377.3,
68166.02,
42327.75,
4275.729,
19213.92,
628513.4,
50377.12,
134664,
2792.857,
83660,
6980.742,
427041,
1757635,
11942.69,
3559371,
304753.5,
57702.91,
32364.65,
81583.61,
366923.6,
8747.615,
0,
9008656,
2051, 
60827.14,
756450.6,
120038.1,
160365,
2932.58,
405018.8,
86160.57,
45061.25,
6130.208,
20250.8,
616726.3,
61611.43,
159250.4,
2812.918,
91057.97,
7487.443,
466849.2,
1855681,
11829.35,
4015124,
351680.8,
60006.61,
31670.88,
85884.23,
435960.7,
9787.74,
0,
9926655,
2052, 
72236.51,
848729.8,
135140.8,
176652.5,
3021.733,
415056.2,
110178.3,
47792.3,
10419.5,
24347.24,
631733.8,
71644.48,
180822,
2824.158,
103784.6,
7937.975,
488313.4,
1981664,
11803.24,
4453254,
390673.3,
62650.72,
31495.04,
87676.74,
499840.5,
10996.15,
0,
1.086069e+07,
2053, 
85207.19,
982314.3,
146553,
201046.4,
3118.117,
425538.8,
134749.9,
53450.11,
15197.56,
30233.17,
661684,
82585.29,
193627.6,
2831.69,
121134.9,
8307.257,
486338.2,
2085547,
11894.49,
4883742,
417049.8,
65857.88,
32243.77,
90347.94,
555523.9,
11811.46,
0,
1.178794e+07,
2054, 
99868.27,
1139957,
159652.1,
217692.1,
3218.726,
441720.9,
157111.8,
59234.2,
18129.92,
36451.21,
697587.9,
92875.8,
202481.3,
2862.733,
142016.9,
8782.605,
501718.8,
2166064,
12019.1,
5209042,
416609.6,
69327.97,
33988.24,
94915.7,
610094.3,
12627.83,
0,
1.260605e+07,
2055, 
114416.1,
1367925,
178324,
225744.7,
3351.256,
457215.6,
179432.5,
64478.05,
21163.79,
42998.78,
731200.5,
105476.2,
206096.8,
3338.89,
163109.9,
9363.771,
527067.4,
2181458,
12169.32,
5506274,
424358.1,
72263.91,
36246.35,
101189.5,
658689.6,
13523.62,
0,
1.340688e+07,
2056, 
126631.6,
1579877,
198310.4,
233945.4,
3536.06,
468225.3,
201033.1,
68903.55,
22674.62,
50747.41,
775052.1,
119246,
203709.2,
4520.322,
186647.6,
10075.51,
576184.5,
2153145,
12321.9,
5757759,
425977.8,
73490.37,
38983.3,
108765.2,
712255.9,
14519.31,
0,
1.412654e+07,
2057, 
139102.5,
1822033,
221341.3,
240465.5,
3731.505,
478175.8,
226721.7,
73072.23,
23768.11,
58569.75,
793437.4,
135149.2,
198510.2,
6081.904,
210398.2,
10788.52,
630951.8,
2104270,
12270.8,
6006562,
438058.2,
73598.11,
41934.64,
116341.7,
757767.1,
15517.01,
0,
1.483862e+07,
2058, 
149559.3,
2043021,
245461.5,
245971.7,
3948.411,
488294.3,
259659.8,
77146.05,
25222.27,
66907.95,
799744.8,
156344.7,
196037.8,
8215.483,
232764.5,
11486.81,
686277.8,
2055882,
12120.86,
6199679,
445691.6,
71370.92,
44824.29,
120810.8,
812990,
16578.8,
0,
1.547601e+07,
2059, 
153827.1,
2210783,
271433.5,
248938.8,
4189.998,
503119.7,
276676.8,
81810.52,
26855.6,
77407.78,
793254.5,
180178.6,
196400.9,
11260.68,
251357.5,
12222.34,
744198.8,
2017591,
12004.77,
6474714,
462191.6,
69073.8,
46681.52,
129585.9,
876373.4,
17737.49,
0,
1.614987e+07,
2060, 
153581.4,
2311430,
299498.7,
246532.2,
4457.735,
523552.9,
326722.4,
87374.91,
28159.73,
90338.66,
792284,
207618.2,
204050.8,
16819.11,
262721.6,
12815.89,
826282.4,
1985601,
11814.49,
6649711,
470962.7,
67247.3,
48265.13,
141139.8,
935891.6,
18934.23,
0,
1.672381e+07,
2061, 
148822.5,
2401860,
330838.6,
242143.7,
4733.488,
539861.1,
381873.1,
94207.33,
29552.37,
104946.6,
808096.5,
235796.3,
215880.3,
22590.51,
272888.8,
13350.69,
908248.7,
1954964,
11468.63,
6749586,
487048.7,
64714.07,
49715.77,
153752.7,
988132.3,
20261.52,
0,
1.723533e+07,
2062, 
137292,
2488220,
360841.8,
240175.6,
5012.227,
564665.5,
431585.5,
104536.7,
32971.65,
121645.6,
843902,
267839.5,
230209.3,
29485.48,
283488.8,
14006.86,
979081.9,
1902534,
11159.23,
6861427,
507569.2,
64019.86,
51125.76,
168279.8,
1062925,
21737.29,
0,
1.778574e+07,
2063, 
120584.6,
2571306,
393561,
240122.4,
5314.31,
589202.8,
468989.1,
116502.9,
42138.43,
140873.9,
883232.9,
300459.8,
242081.3,
37213.8,
294688.5,
14852.02,
1030656,
1819621,
10749.8,
6988819,
525944.2,
64231.52,
53246.22,
184164.9,
1112247,
23238.9,
0,
1.827404e+07,
2064, 
106406.7,
2653005,
420958.5,
244003.7,
5797.238,
607914.5,
495388.5,
129835.4,
55995.21,
161076.8,
923493.8,
324707.5,
251309.6,
45172.47,
306485,
15593.3,
1056755,
1744982,
10342.9,
7118619,
535797.3,
65394.39,
54553.63,
199083.2,
1161776,
24651.25,
0,
1.87191e+07,
2065, 
95567.29,
2732985,
433130.6,
248103.5,
7472.229,
621685.3,
510383.3,
143493.6,
79918.91,
179620.1,
971737.9,
351671.9,
261523.7,
52937.69,
318985.8,
16230.75,
1064150,
1691529,
9973.324,
7232432,
544012.4,
66977.06,
55035.66,
213978.2,
1216844,
25763.55,
0,
1.914614e+07,
2066, 
87846.66,
2807806,
441418,
256906.2,
9782.941,
611026.9,
523287.1,
155677.6,
141740.9,
197200,
994752.9,
372122.2,
266384.9,
60249.12,
332671,
16915.81,
1054415,
1680064,
9697.97,
7285750,
549530.4,
69166.27,
54387.36,
231131.9,
1271936,
26883.56,
0,
1.950875e+07,
2067, 
81088.86,
2859766,
451137.4,
266517.3,
12326.08,
622288.5,
536628.2,
167522.9,
211171.9,
211921.3,
1002767,
381104.2,
269665.1,
67181.28,
344815.2,
17502.75,
1055577,
1693019,
9493.886,
7335667,
547683.9,
72137.76,
52437.82,
249294,
1327516,
28145.8,
0,
1.987438e+07,
2068, 
74494.63,
2919946,
458125.5,
273955.5,
15686.54,
626835.6,
555378.3,
179805.2,
283239.5,
221036.3,
998021.1,
386291.4,
273818.7,
73256.93,
353362.8,
18181.67,
1077151,
1726020,
9418.288,
7375969,
540620.6,
75347.19,
49908.94,
267990.8,
1383919,
29597.85,
0,
2.024738e+07,
2069, 
65842.05,
2958426,
468487.1,
282272.5,
19929.29,
625776.1,
583949.6,
192713.9,
348768.5,
230602,
992282.6,
391236.2,
278535.9,
77356.18,
361657.4,
18770.32,
1115341,
1761011,
9414.446,
7406793,
526153.6,
79681.23,
46764.49,
285542.8,
1433555,
31172.77,
0,
2.059203e+07,
2070, 
55104.83,
2990050,
476461.9,
290736.2,
24490.15,
619109,
622334,
206606.8,
393545.8,
241406.9,
987460.1,
394976.2,
286843.2,
80644.06,
370263.4,
19205.34,
1162924,
1765564,
9460.584,
7447942,
511507,
84073.3,
44579.73,
299432.3,
1477108,
32895.66,
0,
2.089473e+07,
2071, 
43444.11,
3025893,
490872.4,
291842,
30900.19,
618763.4,
674746.9,
225533.6,
432125.1,
252669.5,
983993.4,
399110.4,
288178.3,
83474.57,
379201.1,
19390.45,
1232803,
1731098,
9461.097,
7501628,
499223.6,
88377.16,
42385.75,
311077.3,
1515851,
34676.03,
0,
2.120672e+07,
2072, 
33274,
3071348,
506857.4,
290912.1,
39404.6,
640325.9,
726709,
240830.8,
461277.3,
262825,
978747.8,
398261.7,
288707.4,
86016.59,
388199.6,
19397.93,
1320862,
1693085,
9462.369,
7532425,
495792.6,
92564.48,
41515.13,
324591.3,
1553285,
36495.63,
0,
2.153317e+07,
2073, 
23805.17,
3113243,
519314.6,
287155,
54602.44,
677469.9,
755148.1,
257127.9,
483405.7,
271771.1,
980728.9,
396706.4,
285905.8,
87975.52,
396046.2,
19249.61,
1432028,
1639885,
9367.793,
7569977,
507387.2,
96190.62,
39479.24,
337551.2,
1593798,
39837.88,
0,
2.187516e+07,
2074, 
16070.15,
3159730,
531240.8,
278754.3,
69917.85,
724760.3,
782034,
276879.8,
502103.5,
279038.5,
998625.6,
395177.7,
283903.1,
89358.38,
404794.2,
18985.85,
1532902,
1591559,
9229.981,
7587029,
527503.9,
99866.23,
37702.44,
351955.1,
1631874,
44948.13,
0,
2.222594e+07,
2075, 
11633.28,
3198574,
546720.9,
271968.7,
85597.94,
777955.6,
805468.8,
300472.8,
521372.7,
283894.4,
1024163,
393685.7,
283435.2,
90222.5,
413023.4,
18813.52,
1611857,
1586703,
9194.87,
7609376,
548420.6,
102243.3,
36148.13,
366454.1,
1673020,
50000.41,
0,
2.262042e+07,
2076, 
9408.984,
3238125,
580193.3,
263899.1,
103255,
815185.6,
826845.9,
325818,
538672.9,
288715,
1040533,
392280.3,
283798.5,
90442.2,
420586.3,
18649.33,
1668411,
1601645,
9156.069,
7625487,
560059.4,
103600.5,
34426.41,
382125.9,
1715604,
54793.75,
0,
2.299172e+07,
2077, 
7518.548,
3272524,
622856.5,
259231.1,
123508,
840121.6,
849071.4,
354101.3,
559058.5,
295062.4,
1056546,
391274.9,
285033.5,
89941.2,
427707.6,
18555.07,
1728408,
1616896,
9522.835,
7681278,
565499.6,
104611.2,
33019.58,
398111.3,
1760154,
60417.92,
0,
2.341003e+07,
2078, 
6689.663,
3306128,
663426.1,
262168.6,
149387.6,
855303.4,
864592.8,
379616.8,
569476.3,
303053.4,
1072395,
389337.4,
285668.9,
88971.89,
434636.2,
18534.9,
1743166,
1626801,
10145.38,
7730869,
570478.3,
105343.6,
32168.75,
412057.1,
1802394,
67658.48,
0,
2.375047e+07,
2079, 
6107.988,
3330062,
690689.6,
269553.5,
174347.6,
867365.4,
888736.2,
391038.7,
587941.2,
314819.3,
1091772,
385900,
285269.2,
88132.01,
441303.2,
18636.61,
1742078,
1645381,
11033.59,
7785242,
577909.4,
105017.1,
30374.75,
423502.9,
1846380,
78611.29,
0,
2.40772e+07,
2080, 
5514.599,
3349335,
702648.3,
279970.2,
228208.9,
871763.1,
915760.3,
413285.1,
613565,
329593.3,
1102104,
383223.8,
285085.1,
87787.43,
448781.7,
18971.28,
1775386,
1666573,
12178.76,
7830531,
573336.3,
103969.3,
29451.05,
432785.6,
1895953,
93151.45,
0,
2.444891e+07,
2081, 
5109.416,
3361727,
728479.9,
291357.8,
308158.9,
872632.6,
943528.6,
440591.5,
634237.9,
344162.5,
1094825,
380717.3,
285688.3,
88012.48,
461002.2,
19711.6,
1830063,
1712931,
13737.55,
7851064,
580416.8,
103242.7,
28237.82,
440461.5,
1947515,
109444.3,
0,
2.487706e+07,
2082, 
4934.221,
3371636,
753541.1,
300380.3,
405692.5,
874268.1,
971267.9,
474130.7,
660973.4,
357784.3,
1060692,
378109.6,
286619.6,
88842.55,
480390.8,
20607.27,
1877738,
1772091,
15486.43,
7855675,
579838.3,
103420.2,
27354.87,
445787.5,
2001080,
126999.2,
0,
2.529534e+07,
2083, 
5140.15,
3381534,
794539.2,
308916.3,
495400,
879614.6,
1001657,
512552.9,
696467,
368869,
1019237,
376030.8,
287153.8,
90070.1,
499987.7,
21294.85,
1955191,
1814473,
16767.13,
7826347,
559825.1,
103403.4,
26762.64,
451615.3,
2057599,
143595.3,
0,
2.569404e+07,
2084, 
5380.359,
3386862,
839778.6,
313657.6,
591924.7,
887816.3,
1030654,
555655.4,
737216.1,
377790.9,
974873.6,
373488,
289632.3,
91552.7,
519605.1,
21454.04,
2063102,
1847478,
18242.28,
7776773,
532030.4,
104599.4,
26446.76,
457143.2,
2117357,
161595.1,
0,
2.610211e+07,
2085, 
5794.729,
3396886,
888900.8,
314241.2,
697133.5,
897711.5,
1062898,
596328.4,
781582.5,
386718.6,
945225.9,
371455.8,
290514.6,
92534.09,
536505.9,
21551.51,
2156185,
1871604,
19558.9,
7737430,
504946,
105930.9,
26143.35,
461936.1,
2169123,
182520.1,
0,
2.652136e+07,
2086, 
6538.968,
3400016,
934082.4,
312173.8,
773718.4,
908768.7,
1096798,
641295.5,
850542.2,
398927,
946504.4,
370244,
286579.9,
92543.59,
556032.6,
21662.12,
2221298,
1839135,
20815.39,
7685717,
467758.8,
107007.6,
26415.01,
465493.4,
2221699,
203430,
0,
2.68552e+07,
2087, 
7610.42,
3399201,
986856.3,
307545.8,
862766.6,
923301.5,
1128683,
684552.1,
908499,
412232.9,
980813.3,
369420.3,
281516.9,
92690.34,
576482.1,
21800.46,
2296417,
1828672,
22053.16,
7614388,
445413,
107464.8,
26465.34,
467589.8,
2266836,
223300,
0,
2.724257e+07,
2088, 
8636.255,
3401094,
1003928,
297331.1,
921635.2,
941511.8,
1162042,
738865.6,
951482.4,
425284.9,
1004675,
369315.1,
276763.2,
93655.09,
585064.2,
21910.47,
2382762,
1799392,
23063.7,
7516665,
428774,
107020.6,
26965.66,
464237.3,
2312268,
244084.8,
0,
2.750843e+07,
2089, 
11666.11,
3409135,
1017609,
284552.9,
984746.4,
963377.6,
1197513,
803534.3,
995039.8,
439247.8,
1029549,
369964.9,
270821.8,
95261.3,
594459.4,
22027.51,
2469899,
1770313,
23564.22,
7439568,
410148.2,
107965.9,
28159.46,
459064.2,
2352740,
260106,
0,
2.781003e+07,
2090, 
26883.8,
3422031,
1030595,
276481.9,
1041996,
986522.8,
1232173,
847527.8,
1044550,
453255.7,
1044881,
371154.8,
264780.7,
98109.22,
604993.9,
22171.05,
2570286,
1777771,
24277.4,
7328987,
393743.3,
105429.7,
30569.01,
455217.8,
2384914,
280353.3,
0,
2.811965e+07,
2091, 
48122.2,
3441490,
1036442,
273542.4,
1087416,
1016830,
1271664,
910390.3,
1080869,
466136.7,
1036477,
371598.5,
256819,
101580.2,
613176.6,
22277.95,
2676797,
1768433,
24240.17,
7243490,
384016.1,
102918.9,
32944.79,
452511.6,
2420320,
300088.3,
0,
2.844059e+07,
2092, 
71638.73,
3444101,
1044173,
275420.5,
1129516,
1039654,
1312955,
975763.9,
1109142,
475566.4,
1004780,
372003.9,
246297.4,
103818,
624735.9,
22362.41,
2797978,
1772891,
24518.94,
7124142,
373730.3,
101041.2,
35252.54,
451148,
2462645,
322947.8,
0,
2.871822e+07,
2093, 
95658.88,
3430218,
1034822,
281362,
1171964,
1058908,
1349689,
1042968,
1126269,
488078.6,
996022.8,
372164.4,
236787.1,
106355.6,
636525.1,
22528.76,
2916576,
1783823,
24193.33,
7022797,
368931.4,
100409.4,
37522.13,
450817.3,
2502552,
346018.4,
0,
2.900396e+07,
2094, 
119604.3,
3408308,
1026606,
289559.5,
1219061,
1066037,
1382650,
1127248,
1149172,
493591.8,
988790.4,
370631.1,
231268.3,
108994.7,
648457.7,
22766.68,
3018477,
1783095,
24600.64,
6925575,
376727,
100688.1,
39001.38,
449966.4,
2553369,
371667.9,
0,
2.929591e+07,
2095, 
137803.6,
3389613,
1021642,
295753.1,
1265896,
1060600,
1414797,
1203856,
1172988,
502959,
1012585,
369196.5,
227828.2,
111488.9,
660216,
23040.33,
3124294,
1775203,
24874.63,
6849447,
392944.7,
100749.1,
41064.71,
448125.1,
2605302,
395097.5,
0,
2.962736e+07,
2096, 
159827.9,
3369508,
1012316,
302279.4,
1325410,
1050179,
1444406,
1307587,
1201417,
506958.1,
1025062,
368323.7,
228814.2,
113864.2,
671731.9,
23765.6,
3206330,
1757450,
25143.46,
6783547,
428621.7,
100901.6,
43050.32,
446320.7,
2650722,
422587.3,
0,
2.997612e+07,
2097, 
187812.1,
3347415,
1014469,
303274.5,
1386624,
1038257,
1473555,
1411950,
1242691,
515636.2,
1045661,
366871.2,
231416.9,
116300.1,
681792.3,
29682,
3298634,
1736333,
25331.21,
6758933,
453575.6,
101316.7,
45286.51,
443432.1,
2699807,
441640.8,
0,
3.03977e+07,
2098, 
220794.1,
3342847,
1035461,
299468.7,
1436675,
1024462,
1501011,
1490607,
1282197,
528005.1,
1081544,
364189.1,
234039,
118630.3,
692731.3,
35479.78,
3373196,
1726219,
25040.25,
6718763,
464219.7,
102911.4,
46420.77,
439606,
2752265,
459188.3,
0,
3.079597e+07,
2099, 
255936.8,
3348684,
1056060,
294184.6,
1478929,
1010580,
1524625,
1590930,
1314331,
542348.9,
1111132,
360699.3,
236843.1,
120802.4,
706115.8,
41854.2,
3427062,
1766762,
24445.76,
6692504,
460721.9,
104695.1,
51963.48,
437793.3,
2796642,
474499.9,
0,
3.123114e+07,
2100, 
292938.6,
3338161,
1101128,
287446,
1531937,
1005840,
1543201,
1656057,
1338724,
557801.7,
1139033,
358215.7,
238420.6,
122229.1,
718289.6,
49556.93,
3475071,
1805192,
22851.37,
6668416,
438205.2,
108825.9,
60005.67,
438403.5,
2844062,
485070.7,
0,
3.162508e+07];
