real main.em.ep.isp.StorCapTot[28](t) = [1971, 
566.5516,
2974.242,
36.59344,
18.78446,
56.49295,
70.06173,
51.09151,
35.70309,
10.61529,
190.2325,
3522.189,
690.718,
37.31318,
556.4208,
110.5313,
1607.783,
123.688,
165.1254,
43.73093,
189.4541,
28.22084,
2.399819,
681.6126,
110.3267,
12.23423,
22.08051,
0,
11914.2,
1972, 
646.2068,
2975.325,
41.50105,
20.93361,
61.75048,
74.46001,
51.76905,
38.57457,
11.42901,
206.3607,
3676.651,
753.3674,
43.05058,
588.0674,
113.3681,
1694.608,
139.7687,
172.2903,
47.06474,
207.8923,
32.03064,
2.773161,
728.3337,
108.9237,
12.26643,
31.6033,
0,
12480.37,
1973, 
716.0466,
3248.41,
45.12885,
23.28887,
71.53477,
83.28148,
53.04696,
42.95211,
11.59635,
219.3552,
3942.77,
784.907,
43.52681,
621.6184,
121.3834,
1793.588,
167.1922,
178.2011,
53.26466,
227.2951,
37.82144,
3.405518,
788.479,
124.1211,
14.25235,
40.17353,
0,
13456.64,
1974, 
740.7369,
3273.476,
57.15581,
24.33209,
79.68801,
91.06651,
56.72418,
43.06424,
11.21579,
234.7155,
4037.459,
833.1469,
49.24638,
657.4884,
130.2095,
1903.219,
187.3379,
186.7265,
58.56365,
235.1268,
40.24564,
4.518811,
778.5542,
133.2379,
16.03489,
50.63238,
0,
13913.92,
1975, 
721.2789,
3369.763,
60.57953,
24.18564,
85.83691,
95.39542,
64.47839,
48.29573,
11.6781,
252.28,
4023.85,
871.0329,
59.03473,
595.6721,
115.8249,
1764.688,
217.4633,
206.9453,
65.50536,
278.35,
41.93681,
5.131409,
796.1603,
138.231,
17.99837,
53.29406,
0,
13984.89,
1976, 
771.6292,
3598.95,
64.31382,
27.34083,
98.93375,
102.9142,
73.92207,
50.22042,
13.53636,
264.12,
4326.715,
925.7356,
67.06864,
622.4441,
122.6964,
1878.464,
256.2046,
232.1586,
71.59804,
308.7295,
47.25506,
4.763587,
851.8198,
144.1164,
18.93958,
57.16565,
0,
15001.75,
1977, 
827.6048,
3719.497,
69.53985,
29.62437,
109.1107,
112.6787,
84.5472,
54.93723,
14.22311,
264.1704,
4423.47,
965.7786,
75.03923,
640.5471,
126.8969,
1944.615,
324.4036,
246.8405,
78.35242,
337.0688,
52.46521,
5.95475,
887.6619,
151.6248,
20.39258,
62.17325,
0,
15629.22,
1978, 
887.8226,
3821.181,
76.84139,
31.27707,
120.818,
118.2031,
95.16819,
53.08585,
14.94976,
275.6216,
4588.078,
1016.439,
79.9075,
661.4202,
131.2872,
2035.778,
366.1609,
271.1459,
86.89742,
384.1998,
54.30918,
8.341496,
928.8909,
156.2173,
22.9126,
60.36863,
0,
16347.32,
1979, 
930.5837,
3897.239,
82.38017,
32.64742,
135.3544,
131.7854,
106.4107,
61.24866,
15.3327,
289.3306,
4782.964,
1024.308,
81.57783,
677.9902,
180.5236,
2084.63,
423.5064,
275.055,
94.17832,
419.895,
59.07899,
10.05368,
978.6647,
163.4653,
25.65978,
65.03255,
0,
17028.9,
1980, 
956.9705,
3946.067,
86.42494,
32.93709,
155.3525,
141.0095,
118.9684,
68.54224,
15.51185,
313.1867,
4815.501,
1071.879,
84.04602,
709.9712,
197.6389,
2245.674,
469.0142,
287.1129,
98.33781,
410.6412,
63.22007,
12.6536,
966.4481,
171.3388,
26.91667,
59.91535,
0,
17525.28,
1981, 
1006.165,
3977.724,
94.37409,
34.07277,
149.4538,
146.5863,
135.104,
67.05523,
16.40031,
357.5547,
4864.923,
1079.755,
88.10221,
727.1834,
202.5044,
2371.116,
556.1702,
314.9553,
106.1865,
414.6992,
67.22141,
12.48682,
976.3061,
182.4508,
28.79956,
56.82001,
0,
18034.17,
1982, 
987.8765,
3879.774,
98.61699,
35.2829,
156.7125,
148.7269,
147.9557,
74.63888,
17.75339,
375.9043,
4857.617,
1095.41,
96.068,
741.8356,
209.7063,
2461.393,
659.3624,
336.1766,
111.9568,
442.2255,
72.06509,
15.20171,
966.7123,
185.5412,
30.89977,
56.75296,
0,
18262.17,
1983, 
1032.313,
3967.786,
97.85333,
37.51171,
162.1886,
155.8756,
163.2668,
69.4345,
18.89748,
382.6703,
4973.012,
1145.789,
100.4163,
762.8633,
216.3593,
2589.904,
675.0386,
359.6469,
121.9812,
477.8958,
78.79086,
17.83477,
1020.775,
190.207,
34.3522,
55.55246,
0,
18908.22,
1984, 
1112.937,
4148.68,
106.0188,
38.59263,
181.4627,
160.461,
180.22,
64.50052,
18.92486,
423.2476,
5155.272,
1198.988,
113.4875,
792.8245,
225.6621,
2754.897,
727.5254,
397.6707,
131.3844,
501.698,
84.95988,
20.98048,
1074.521,
203.2512,
38.75315,
54.76211,
0,
19911.68,
1985, 
1180.38,
4230.037,
92.49062,
38.04673,
196.5014,
163.4449,
193.5835,
78.17641,
20.27892,
437.8108,
5346.953,
1203.015,
123.9705,
812.9531,
233.2524,
2858.612,
780.3899,
435.9345,
141.4574,
536.3747,
89.71655,
21.78787,
1116.508,
218.1733,
41.8441,
56.81584,
0,
20648.51,
1986, 
1207.813,
4229.518,
103.6125,
40.66662,
207.7808,
185.0835,
191.2275,
81.85087,
21.52302,
449.8777,
5433.235,
1259.055,
142.1421,
831.6603,
237.0043,
2987.03,
850.5453,
476.1484,
152.6593,
588.5262,
92.82371,
30.70134,
1132.484,
225.4152,
46.27436,
58.09723,
0,
21262.76,
1987, 
1287.623,
4307.051,
111.3837,
43.02757,
210.5469,
199.1115,
204.5884,
85.31211,
23.23101,
460.6619,
5612.605,
1284.988,
159.1042,
863.2499,
238.6665,
3106.901,
869.8859,
517.3082,
169.5675,
650.3064,
100.105,
35.58293,
1207.819,
237.7349,
51.20742,
56.63528,
0,
22094.21,
1988, 
1317.798,
4484.585,
113.5261,
43.28681,
218.5264,
225.1181,
223.0481,
89.5977,
24.72484,
478.0926,
5859.237,
1278.843,
167.0103,
890.5942,
242.927,
3183.245,
1000.79,
569.9761,
191.7331,
711.4371,
109.9127,
37.58426,
1276.658,
248.4914,
58.77045,
62.61319,
0,
23108.13,
1989, 
1289.948,
4891.889,
120.301,
46.22469,
232.4993,
215.0817,
233.4684,
93.52523,
26.15312,
488.7791,
6047.041,
1295.534,
180.171,
906.2196,
244.232,
3416.994,
1020.845,
622.7427,
209.0352,
764.9399,
120.5464,
41.57859,
1357.823,
266.7866,
61.29193,
60.04433,
0,
24253.69,
1990, 
1248.779,
4995.013,
124.1782,
46.64646,
222.7453,
232.0205,
241.7009,
95.23463,
30.09122,
496.7573,
6181.774,
1224.495,
199.0619,
975.4499,
302.9716,
3331.973,
1092.569,
669.6919,
224.4324,
813.0234,
132.6228,
49.40136,
1481.831,
273.6827,
66.69481,
66.79697,
0,
24819.64,
1991, 
1322.161,
5037.777,
128.2777,
45.39423,
236.8519,
218.3694,
254.9297,
97.33857,
32.04682,
497.4575,
6320.371,
1168.048,
202.7569,
899.2223,
259.5056,
3106.487,
1209.781,
729.2906,
236.5089,
971.884,
143.0403,
55.9022,
1530.546,
281.3867,
71.52883,
73.59605,
0,
25130.46,
1992, 
1353.039,
5124.862,
131.5307,
47.91128,
243.2132,
225.8279,
269.5048,
101.0303,
33.27763,
509.8752,
6363.886,
1085.735,
228.5043,
766.1584,
240.8472,
2686.772,
1286.644,
762.0225,
251.3723,
1073.015,
154.8903,
61.08336,
1548.467,
286.9294,
78.56659,
63.65837,
0,
24978.62,
1993, 
1400.01,
5248.243,
132.9806,
48.91608,
252.9958,
238.4972,
291.5942,
101.4027,
34.51823,
530.809,
6374.86,
1084.671,
251.0916,
695.1735,
202.8727,
2712.538,
1325.594,
804.2687,
278.3861,
1107.901,
170.7037,
68.28239,
1565.738,
296.0274,
81.98215,
65.0818,
0,
25365.14,
1994, 
1477.075,
5383.487,
143.0381,
52.48103,
260.1825,
253.1404,
311.4728,
101.3972,
35.24383,
548.6121,
6510.536,
1149.854,
264.1371,
633.6521,
199.3909,
2393.345,
1409.661,
863.0345,
312.2451,
1202.43,
192.6083,
75.9335,
1637.838,
305.2039,
86.18166,
63.1045,
0,
25865.29,
1995, 
1492.358,
5533.3,
145.9399,
55.38452,
273.2186,
265.1354,
329.47,
107.2203,
38.49931,
555.501,
6679.88,
1147.835,
295.3118,
664.9872,
197.7865,
2387.457,
1480.046,
936.0219,
348.1944,
1309.084,
213.4603,
88.07734,
1664.714,
313.7807,
91.62786,
64.49086,
0,
26678.78,
1996, 
1536.592,
5667.442,
138.8999,
58.28428,
286.8675,
277.5596,
372.3525,
111.6934,
40.28925,
579.891,
6785.179,
1266.089,
320.9897,
667.1903,
191.0033,
2357.392,
1541.957,
987.7782,
385.8129,
1375.309,
232.4085,
102.2018,
1712.869,
320.4303,
96.04259,
58.23965,
0,
27470.77,
1997, 
1559.342,
5802.42,
149.5433,
63.06667,
301.8254,
299.7116,
400.9549,
112.1591,
43.4182,
601.1145,
6917.219,
1289.305,
349.7266,
661.052,
187.3508,
2320.673,
1667.711,
1042.44,
421.7536,
1458.194,
248.7837,
107.9071,
1751.484,
330.9117,
99.70744,
61.11293,
0,
28248.89,
1998, 
1540.502,
5942.696,
161.3528,
67.64513,
311.2066,
315.7187,
428.127,
109.5414,
44.63995,
593.0491,
7067.234,
1305.949,
372.6165,
635.3345,
180.1685,
2349.473,
1881.152,
1116.258,
413.5285,
1528.118,
245.2137,
111.2397,
1754.625,
350.3318,
103.3465,
79.8821,
0,
29008.95,
1999, 
1572.173,
6056.589,
170.9669,
72.95132,
323.2833,
316.1862,
453.7305,
115.0014,
45.93115,
591.5022,
7145.396,
1276.606,
385.2694,
656.6166,
176.9924,
2412.123,
1803.323,
1199.138,
460.1583,
1591.606,
262.1656,
129.9347,
1779.913,
369.1242,
103.2132,
86.45403,
0,
29556.35,
2000, 
1619.371,
6343.598,
182.1804,
74.65184,
335.1501,
332.5957,
483.0026,
118.5998,
47.61525,
619.6019,
7169.123,
1355.836,
416.255,
649.2684,
180.2931,
2528.973,
1817.156,
1267.169,
544.5009,
1796.547,
284.5641,
139.9361,
1853.209,
380.3521,
112.5751,
94.0961,
0,
30746.22,
2001, 
1579.686,
6036.336,
187.8208,
76.65722,
328.215,
330.656,
511.2394,
126.1115,
49.83152,
599.1965,
7150.127,
1475.698,
415.5149,
690.749,
173.3084,
2642.829,
1899.68,
1315.586,
581.4237,
1977.719,
302.2621,
148.0006,
1834.23,
404.3328,
126.3338,
106.0062,
0,
31069.55,
2002, 
1601.414,
6216.287,
190.8052,
79.93091,
348.0688,
326.6085,
535.3992,
133.979,
49.97228,
648.6197,
6981.9,
1408.631,
441.9272,
687.0127,
176.5705,
2552.302,
1972.567,
1355.931,
621.3357,
2139.943,
320.4363,
156.6994,
1869.33,
404.9095,
133.2686,
112.9466,
0,
31466.79,
2003, 
1559.413,
6274.114,
234.0262,
81.7334,
362.0905,
343.1982,
562.7012,
132.2837,
52.96256,
678.9747,
6911.882,
1414.087,
479.6729,
712.0406,
187.6726,
2601.24,
2073.95,
1448.072,
648.206,
2451.692,
346.4093,
163.6695,
1866.884,
387.6968,
141.5318,
108.1215,
0,
32224.33,
2004, 
1582.392,
6482.713,
233.6509,
82.24095,
387.2312,
365.9215,
595.9069,
146.1196,
57.43195,
701.6575,
6834.977,
1497.295,
513.3196,
744.4063,
194.4859,
2682.974,
2209.006,
1541.396,
683.4837,
2810.406,
369.9597,
174.81,
1920.474,
398.1721,
152.954,
116.0364,
0,
33479.42,
2005, 
1540.254,
6485.272,
245.5914,
86.54619,
398.4741,
380.4034,
609.2895,
155.0973,
61.99103,
710.5886,
6734.492,
1467.113,
545.8192,
723.832,
199.4022,
3028.787,
2217.365,
1638.708,
727.5107,
3177.348,
398.8737,
186.6612,
1962.813,
398.9419,
164.6812,
124.8451,
0,
34370.7,
2006, 
1485.824,
6463.281,
252.4695,
91.60591,
416.5018,
402.4745,
645.9952,
164.3181,
65.97582,
744.4407,
6584,
1490.396,
587.1058,
757.2537,
203.939,
3050.431,
2345.201,
1774.289,
750.1337,
3645.153,
421.5736,
189.8112,
1990.278,
401.1125,
174.2884,
127.9489,
0,
35225.8,
2007, 
1574.615,
6502.201,
262.4502,
94.18405,
441.52,
412.2105,
715.0487,
173.6385,
71.87503,
762.7217,
6348.048,
1480.385,
635.1568,
768.7041,
212.2352,
3075.485,
2529.004,
1906.573,
792.1226,
4191.988,
446.9207,
193.515,
2050.219,
418.7293,
180.2431,
131.2265,
0,
36371.02,
2008, 
1563.847,
6385.169,
266.4926,
92.63628,
459.9346,
439.2581,
747.5794,
177.139,
71.79164,
759.7952,
6246.647,
1478.159,
642.669,
730.3933,
194.8521,
3136.446,
2638.016,
1834.626,
845.5489,
4635.511,
458.1943,
197.849,
1980.87,
418.6232,
187.713,
133.3994,
0,
36723.16,
2009, 
1493.507,
6045.764,
263.1045,
92.5056,
464.9368,
444.5186,
852.4196,
184.4751,
78.41569,
741.169,
5755.696,
1419.687,
626.8298,
631.4039,
186.8031,
2963.475,
2909.69,
1969.72,
883.3447,
5351.23,
481.487,
202.2235,
1970.731,
402.4929,
195.6768,
144.8649,
0,
36756.17,
2010, 
1482.595,
6199.615,
278.2232,
96.68848,
516.3411,
439.8463,
923.8,
198.6546,
89.26054,
772.3489,
6010.892,
1453.807,
678.1425,
650.3873,
206.2382,
2981.445,
3046.439,
2124.571,
953.2413,
6454.225,
526.2254,
218.1566,
2037.503,
424.4417,
202.2079,
152.9244,
0,
39118.22,
2011, 
1544.362,
5996.323,
307.9242,
101.2212,
535.1364,
454.9114,
954.5945,
205.2336,
104.188,
780.2264,
6066.144,
1455.307,
737.9728,
662.8312,
199.7165,
3052.208,
3174.1,
2358.865,
993.0229,
7878.747,
554.1741,
231.9496,
2103.418,
424.2166,
215.4379,
156.1418,
0,
41248.38,
2012, 
1502.147,
5973.438,
321.376,
105.0279,
564.47,
486.0799,
1016.288,
211.0603,
116.2936,
776.0204,
6259.235,
1384.221,
799.1765,
665.5272,
212.7724,
3055.625,
3386.409,
2460.404,
1034.503,
9032.808,
614.5797,
242.9446,
2186.608,
443.5869,
232.0877,
160.2246,
0,
43242.91,
2013, 
1408.745,
6041.553,
315.8563,
110.4144,
588.6144,
522.5706,
1077.432,
236.5541,
127.3412,
784.6553,
6010.526,
1364.031,
814.5999,
645.0831,
255.0497,
3067.283,
3584.289,
2664.548,
1081.616,
10688.15,
678.5155,
267.5954,
2610.014,
474.472,
262.2623,
168.5284,
0,
45850.3,
2014, 
1362.696,
6148.191,
333.5646,
114.807,
626.2808,
526.9151,
1145.916,
250.8742,
144.936,
892.5254,
6045.166,
1330.811,
861.2068,
605.9148,
232.9855,
3092.465,
3884.438,
2988.514,
1142.211,
12528.49,
783.8353,
287.6143,
3016.61,
484.7797,
285.3235,
191.1462,
0,
49308.21,
2015, 
1279.184,
6389.154,
347.519,
125.4861,
630.1284,
565.9075,
1282.787,
275.2182,
164.0755,
936.1735,
5637.292,
1289.816,
919.7043,
554.8728,
242.1327,
3106.929,
4340.292,
3270.059,
1232.561,
14746.56,
875.3697,
306.3041,
3803.409,
522.9246,
305.7777,
200.8964,
0,
53350.54,
2016, 
1258.159,
6639.375,
368.8048,
128.839,
664.0094,
574.0179,
1402.814,
284.4392,
174.5053,
1037.938,
5875.774,
1309.851,
1040.457,
551.919,
286.9775,
3104.734,
4783.37,
3666.25,
1325.763,
16885.41,
1043.134,
331.3426,
4331.269,
566.3868,
355.7079,
195.298,
0,
58186.54,
2017, 
1298.877,
7101.296,
373.6421,
128.4192,
711.8248,
575.2354,
1447.376,
301.2891,
185.4516,
1135.028,
6032.053,
1312.423,
1309.021,
563.9563,
363.3415,
3161.75,
4878.37,
4125.948,
1447.351,
20101.09,
1137.122,
353.2377,
4839.93,
626.2341,
402.7116,
211.3776,
0,
64124.35,
2018, 
1261.571,
7560.323,
395.7441,
135.9024,
743.444,
585.1528,
1626.41,
331.2471,
220.8819,
1269.196,
6404.273,
1487.095,
1830.606,
607.3607,
377.102,
3134.868,
4867.292,
4725.12,
1597.416,
23559.61,
1240.901,
412.2394,
5313.017,
763.2841,
439.0869,
235.133,
0,
71124.27,
2019, 
1303.589,
7872.09,
368.4848,
141.2578,
795.7135,
555.296,
1768.198,
359.2242,
252.3356,
1303.715,
7156.404,
1408.408,
1958.896,
671.516,
412.0493,
3158.949,
5511.861,
5124.936,
1832.966,
26593.76,
1586.471,
451.0826,
5747.542,
926.487,
468.4483,
264.0726,
0,
77993.76,
2020, 
1277.806,
8155.741,
375.2833,
132.905,
771.1129,
549.8432,
1825.853,
383.2548,
264.8388,
1351.891,
7769.76,
1494.522,
2115.751,
698.7571,
373.8784,
3036.693,
5928.533,
5241.525,
2069.441,
30869.93,
1932.261,
453.8042,
6224.097,
1112.845,
493.9307,
267.8422,
0,
85172.09,
2021, 
1302.299,
9257.544,
398.2935,
145.5254,
852.8867,
617.4542,
1934.013,
412.4962,
294.7882,
1426.683,
8102.255,
1677.89,
2376.121,
720.0223,
466.1357,
3165.577,
6338.198,
5798.342,
2418.767,
36268.8,
2577.544,
489.3835,
6736.896,
1362.353,
560.7134,
292.6316,
0,
95993.61,
2022, 
1277.625,
10200.63,
461.046,
155.2356,
900.7958,
617.6628,
1971.032,
492.8797,
333.1831,
1430.288,
8877.953,
1821.303,
2630.138,
601.495,
506.211,
3138.57,
7297.053,
6729.446,
2591.764,
40290.68,
2731.626,
535.1005,
7060.25,
1586.773,
642.0641,
365.4547,
0,
105246.3,
2023, 
1213.176,
11610.52,
478.1517,
161.8817,
967.5432,
634.1917,
2119.818,
577.8012,
356.1818,
1443.868,
9795.122,
2014.552,
2869.125,
623.1575,
571.7501,
3174.598,
8112.299,
7426.355,
2802.76,
48803.45,
2913.685,
589.1807,
7307.077,
1816.042,
671.2206,
389.8941,
0,
119443.4,
2024, 
1151.524,
13593.9,
505.4588,
168.9902,
1005.714,
660.329,
2293.848,
642.7135,
384.5299,
1504.078,
10676.82,
2288.192,
3865.862,
566.1442,
631.6538,
3148.4,
8667.754,
8600.021,
2900.705,
57191.37,
3082.538,
634.4305,
7450.16,
2136.598,
728.301,
422.4238,
0,
134902.5,
2025, 
1202.551,
15862.72,
509.953,
217.3869,
1148.527,
690.7109,
2439.907,
723.5429,
512.8054,
1796.052,
11598.08,
2477.039,
4105.428,
592.5156,
676.5883,
3129.111,
14384.93,
10914.91,
3197.821,
60858.11,
3380.183,
1073.964,
8399.605,
2542.443,
881.0095,
465.9983,
0,
153781.9,
2026, 
1271.458,
17292.86,
527.1445,
227.6497,
1156.452,
713.0425,
2622.533,
897.9385,
679.1918,
1811.362,
12544.31,
2761.499,
4263.124,
640.3346,
807.9993,
3115.363,
15098.38,
12900.22,
3264.344,
70175.63,
3643.972,
1279.841,
8631.788,
2873.181,
1063.685,
524.1343,
0,
170787.5,
2027, 
1334.096,
18707.45,
552.6999,
260.2313,
1168.958,
744.3514,
2856.849,
1239.738,
880.6786,
1846.938,
13436.96,
2945.054,
4544.126,
708.2895,
1198.005,
3107.356,
17333.37,
15287.39,
3409.343,
79346.73,
4085.482,
1797.908,
8914.153,
3299.13,
1300.273,
584.6396,
0,
190890.2,
2028, 
1434.615,
19713.84,
600.5066,
304.6415,
1182.844,
780.465,
3107.334,
1750.378,
1100.86,
1913.867,
14562.71,
3252.01,
5003.108,
774.5994,
1444.111,
3098.286,
20551.46,
18345.56,
3427.594,
90651.97,
4915.79,
2581.906,
9349.522,
3743.123,
1682.524,
659.1544,
0,
215932.8,
2029, 
1576.521,
20804.45,
657.2682,
349.2557,
1207.601,
842.6298,
3401.408,
2390.022,
1316.954,
2020.434,
15674.08,
3565.792,
5624.096,
818.4035,
1755.89,
3105.073,
23913.23,
21761.92,
3471.896,
101253,
5956.953,
3422.852,
9679.003,
4312.895,
2099.45,
738.1805,
0,
241719.3,
2030, 
1636.486,
21845.76,
720.6007,
409.3931,
1223.639,
971.7414,
3691.205,
3084.031,
1490.584,
2159.687,
16275.25,
3832.429,
6481.444,
879.1626,
2056.101,
3129.659,
26167.16,
25206.52,
3499.678,
111546.5,
6993.355,
4074.086,
10025.41,
4941.887,
2466.768,
804.1069,
0,
265612.7,
2031, 
1676.072,
23020.77,
834.4605,
477.3176,
1251.6,
1133.343,
4040.422,
3585.813,
1637.767,
2345.525,
17069.66,
4063.609,
7522.733,
931.3148,
2333.38,
3155.463,
28423.54,
28610.11,
3534.758,
123473.7,
8008.615,
4636.706,
10327.24,
5543.473,
2882.589,
871.5128,
0,
291391.5,
2032, 
1768.803,
24687,
947.4264,
557.2674,
1324.622,
1344.787,
4529.06,
4011.872,
1737.731,
2558.444,
18073.9,
4316.436,
8391.784,
980.0688,
2507.688,
3199.444,
30800.56,
31972.12,
3570.372,
136913.1,
9086.95,
4920.144,
10601.57,
6216.326,
3293.061,
939.776,
0,
319250.3,
2033, 
1888.528,
26524.43,
1048.251,
705.5685,
1417.293,
1547.728,
5217.566,
4429.575,
1811.356,
2790.341,
21323.4,
4544.49,
9245.157,
1012.453,
2750.471,
3200.3,
33275.54,
36932.31,
3648.762,
153443.7,
10139.15,
5301.272,
10779.69,
6929.162,
3727.856,
999.7538,
0,
354634.1,
2034, 
2052.092,
28455.68,
1102.625,
920.3525,
1516.859,
1743.525,
6212.65,
4827.639,
1889.374,
2958.164,
30422.94,
4749.126,
10134.87,
1042.577,
3013.999,
3226.278,
36013.47,
42768.18,
3747.509,
174607.8,
11251.15,
5780.589,
10820.25,
7692.607,
4176.324,
1068.636,
0,
402195.3,
2035, 
2233.636,
30480.93,
1133.301,
1127.827,
1633.319,
2547.14,
7418.355,
5224.74,
1966.741,
3112.533,
41064.5,
4913.139,
10994.84,
1068.817,
3381.849,
3249.255,
39218.72,
48862.48,
3851.691,
196829.6,
12481.65,
6402.669,
10788.97,
8502.189,
5304.723,
1146.427,
0,
454940.1,
2036, 
2392.607,
33002.86,
1154.507,
1430.28,
1789.881,
3453.449,
9052.505,
5609.617,
2036.276,
3323.935,
49995.11,
5294.605,
11898.68,
1082.779,
3840.349,
3261.916,
41432.87,
54430.26,
3933.222,
217238.1,
13761.7,
7094.642,
10805.97,
9360.388,
6819.564,
1220.674,
0,
504716.8,
2037, 
2550.034,
36048.01,
1178.272,
1808.596,
1897.802,
4403.285,
10533,
6013.102,
2105.593,
3550.97,
58977.73,
5946.695,
12405.32,
1090.167,
4422.369,
3277.252,
42982.11,
60028.89,
3996.706,
236332.1,
15316.3,
7852.126,
10874.17,
9948.054,
8493.684,
1292.091,
0,
553324.4,
2038, 
2696.804,
39797.07,
1204.44,
2349.762,
1903.665,
5467.562,
11695.44,
6440.951,
2174.649,
3783.876,
66354.31,
6501.023,
12904.99,
1098.394,
5033.888,
3298.651,
44532.55,
64575.8,
4057.684,
252149.3,
16950.79,
8586.758,
10770.27,
10466.52,
10278.09,
1387.126,
0,
596460.4,
2039, 
2838.073,
44008.34,
1230.766,
2885.568,
1932.978,
7136.266,
12791.45,
6941.155,
2244.71,
4012.347,
72786.47,
6996.333,
13407.43,
1106.189,
5558.077,
3329.277,
46045.32,
69291.68,
4124.61,
265968.8,
18664.38,
9273.962,
10677.09,
10952.46,
12147.59,
1477.649,
0,
637828.9,
2040, 
3173.732,
53597.92,
1258.911,
4362.671,
1964.631,
9021.39,
13844.08,
7452.07,
2316.184,
4238.502,
79324.91,
7465.494,
13919.39,
1112.406,
6244.216,
3372.718,
47651.53,
85847.49,
4174.88,
283622.8,
20552.24,
9982.652,
10634.19,
11430.8,
14001.06,
1596.192,
0,
702163.1,
2041, 
3535.422,
65852.33,
1307.888,
6070.622,
1997.516,
11196.95,
14729.93,
8008.118,
2390.391,
4428.611,
85808.52,
7900.162,
14413.19,
1126.075,
7024.704,
3420.841,
49000.95,
114579.8,
4217.162,
307081.5,
22885.94,
10770.94,
10674.86,
11958.56,
15701.33,
1726.042,
0,
787808.3,
2042, 
3899.551,
78081.56,
1370.055,
7911.045,
2031.344,
14730.02,
15502.1,
8565.98,
2466.452,
4615.78,
92946.3,
8227.324,
15023.77,
1142.16,
8066.852,
3475.034,
50512.81,
146620,
4283.987,
329361.2,
25387.72,
11598.92,
10792.74,
12549.37,
17722.32,
1860.432,
0,
878744.8,
2043, 
4347.035,
89266.63,
1480.865,
9519.631,
2064.773,
20436.98,
16173.03,
9121.31,
2542.321,
4823.057,
98270.64,
8517.224,
15743.12,
1157.609,
9600.63,
3559.778,
52226.41,
183040.8,
4392.916,
356256.1,
28056.93,
12388.33,
10832.81,
13241.62,
20247.13,
1992.641,
0,
979300.4,
2044, 
5715.084,
99365.43,
1720.388,
11292.42,
2098.359,
27314.59,
16802.06,
9693.062,
2619.592,
5049.169,
103382.7,
8881.098,
16965.84,
1183.135,
10919.04,
3662.581,
55030.15,
225238.9,
4567.625,
382017.3,
30848.95,
13172.51,
10732.5,
13943.95,
23143.94,
2161.451,
0,
1087522,
2045, 
7075.776,
105417.6,
2363.989,
13335.32,
2137.344,
33302.55,
17511.92,
10267.04,
2691.45,
5287.022,
107653.1,
9320.234,
18742,
1213.094,
12054.89,
3796.522,
60265.19,
264996.2,
4739.422,
412520.8,
33542.28,
13807.49,
10615.66,
14597.24,
26302.81,
2330.91,
0,
1195888,
2046, 
8414.913,
111401,
3701.847,
15385.49,
2191.09,
40116.43,
18290.63,
10883.32,
2765.474,
5521.564,
111067,
9919.196,
20566.92,
1250.185,
13149.1,
3951.953,
66681.07,
300168.9,
4897.291,
445938.4,
36726.41,
14279.71,
10492.13,
15197.07,
29952.05,
2562.312,
0,
1305472,
2047, 
9820.051,
118816.4,
5341.939,
17057.3,
2258.987,
48322.95,
19196.3,
11522.86,
2815.179,
5759.044,
113027.8,
10612.68,
22496,
1270.27,
14165.55,
4132.892,
74525.84,
326658.2,
4998.924,
485046.7,
42530.62,
14643.08,
10376.96,
15668.77,
34377.45,
2830.16,
0,
1418273,
2048, 
10931.68,
126273.9,
9883.693,
18978.82,
2333,
54368.11,
20207.34,
12335.45,
2832.99,
5986.189,
114911,
11380.63,
24726.59,
1295.855,
15169.05,
4364.007,
84174.72,
346708.9,
5049.542,
528305.8,
49598.76,
14986.67,
10419.55,
16114.42,
44216.42,
3136.253,
0,
1538689,
2049, 
12079.12,
135459.3,
14834.58,
21176.74,
2408.689,
57938.12,
21399.78,
13209.84,
2831.546,
6225.542,
113565.2,
12706.31,
26834.93,
1325.339,
16160.58,
4603.513,
90717.13,
356496.2,
5023.45,
603515.6,
58225.84,
15271.81,
10709.74,
16573.36,
54251.47,
3461.828,
0,
1677006,
2050, 
13365.3,
144251.1,
19000.2,
23542.3,
2485.992,
62379.23,
22819.83,
14051.15,
2815.788,
6488.395,
110978.8,
14594.07,
29948.97,
1353.573,
16837.09,
4838.635,
98337.83,
368540.2,
5020.461,
675998.6,
65777.55,
15783.78,
11134.02,
17026.57,
64683.78,
3825.084,
0,
1815878,
2051, 
15010.34,
154965.9,
21664.13,
25985.26,
2556.607,
64380.54,
27317.58,
14907.2,
3543.176,
6783.984,
108005.8,
16590.96,
35053.52,
1377.107,
18168.52,
5047.258,
106537.9,
387021.1,
4999.142,
747717.1,
73498.72,
16416.92,
10947.85,
17698.37,
76245.41,
4160.431,
0,
1966601,
2052, 
16830.89,
166265.6,
23846.39,
28395.75,
2634.699,
65785.7,
32905.96,
15781.43,
4904.5,
7824.266,
109500.5,
18214.11,
39446.7,
1399.123,
20814.64,
5231.209,
110791.8,
408628.5,
5001.97,
812155.3,
79747.84,
17121.35,
10887.73,
18090.87,
86790.7,
4526.872,
0,
2113524,
2053, 
18747.21,
183926.4,
25505.19,
31440.48,
2719.082,
67342.14,
38260.08,
17430.21,
6207.041,
9221.399,
113886.2,
19861.45,
42042.45,
1418.859,
24362.69,
5382.08,
110079.9,
426786.4,
5026.522,
871099.9,
84068.27,
17936.75,
11047.57,
18571.36,
96004.86,
4808.168,
0,
2253183,
2054, 
20783.37,
210097.7,
27575.23,
33651.21,
2807.308,
69624.87,
42935.15,
19061.89,
7057.828,
10622.33,
119435,
21317.47,
43882.16,
1447.026,
28436.69,
5566.897,
113249.8,
439945.5,
5057.354,
905194.9,
84437.53,
18801.37,
11436.82,
19253.82,
104349,
5089.047,
0,
2371117,
2055, 
22589.54,
246503.8,
30571.84,
34418.54,
2922.801,
71823.53,
47470.82,
20538.62,
7914.464,
12035.7,
124674.2,
23004.16,
44683.93,
1630.523,
32353.51,
5784.359,
118499.2,
442855.1,
5098.694,
934952.4,
86133.18,
19560.39,
11922.81,
20116.76,
111365.3,
5387.429,
0,
2484812,
2056, 
24047.26,
279749.9,
33873.09,
35161,
3083.028,
73445.1,
51816.55,
21819.45,
8475.55,
13620.39,
131094.8,
24734.03,
44287.63,
2025.672,
36115,
6042.629,
128667.3,
439657.2,
5128.235,
958952.2,
86791.59,
20007.39,
12480.85,
21101.42,
118955.8,
5709.417,
0,
2586843,
2057, 
25513.01,
317011,
37531.57,
35892.43,
3252.391,
74973.13,
56845.7,
23015.45,
8895.577,
15184.43,
132253,
26900.94,
43375.57,
2478.734,
39421.88,
6294.797,
139898,
432974.4,
5086.041,
981124.7,
89041.3,
20124.85,
13050.12,
22032.29,
125490,
6033.935,
0,
2683695,
2058, 
26830.53,
351215.1,
41452.39,
36619.52,
3440.19,
76585.07,
63005.55,
24184.33,
9364.438,
16935.98,
130109.9,
30258.53,
42994.23,
3008.039,
41975.46,
6535.817,
151172.8,
426427.6,
5031.125,
999214.1,
90557.03,
19803.4,
13572.32,
22594.89,
133162.9,
6372.138,
0,
2772424,
2059, 
27404.85,
376866.6,
45555.32,
37146.94,
3649.23,
78851.16,
66312.21,
25499.61,
9873.463,
19161.89,
125820.6,
33947.91,
43217.99,
3661.7,
43717.31,
6782.668,
163104.2,
421515.3,
4999.802,
1030635,
93399.63,
19454.3,
13876.86,
23775.59,
141765.9,
6730.525,
0,
2866726,
2060, 
27400.05,
388905.8,
49938.46,
36791.89,
3880.854,
81882.88,
76173.88,
27034.6,
10300.6,
21713.98,
123414.3,
38117.39,
44861.48,
4721.547,
44338.27,
6983.913,
180162.2,
417711.6,
4952.48,
1039978,
95040.34,
19195.1,
14136.4,
25394.04,
149763.9,
7091.79,
0,
2939886,
2061, 
26797.32,
399567,
54710.68,
36342.38,
4119.413,
84401.88,
86949.59,
28906.96,
10760.93,
24444.65,
124595.2,
42321.62,
47304.41,
5655.591,
44988.36,
7165.198,
197219.7,
413408.1,
4823.074,
1035729,
97775.67,
18777.8,
14368.45,
27188.03,
156931,
7487.466,
0,
3002740,
2062, 
25304.59,
409584.4,
59374.48,
36139.72,
4360.603,
88074.23,
96358.25,
31606.31,
11650.5,
27454.56,
128344.8,
47027.07,
50235.92,
6641.465,
45645.4,
7375.702,
211494.6,
404954,
4725.796,
1031629,
101184.9,
18722.88,
14589.96,
29267.24,
166726,
7912.061,
0,
3066385,
2063, 
23103.92,
419176.7,
64248.6,
36205.83,
4622.047,
91853.06,
103333.7,
34669.32,
13682.94,
30809.09,
132755.6,
50780.61,
52813.79,
7627.162,
46311.8,
7630.708,
221579.4,
391200.3,
4580.058,
1027716,
104264.1,
18853.25,
14991.51,
31699.46,
171608.9,
8334.321,
0,
3114452,
2064, 
21283.33,
428547.9,
68514.86,
36744.78,
4934.187,
94909.09,
108311.4,
38000.44,
16401.68,
34189.66,
137873.2,
52399.21,
54836.84,
8945.521,
46971.22,
7851.966,
226706.4,
379049.6,
4452.903,
1023845,
106042,
19179.42,
15226,
34150.94,
176577.2,
8741.91,
0,
3154687,
2065, 
19959.37,
437843.6,
69495.58,
37373.14,
5633.196,
97775.1,
111291.2,
41356.25,
20538.19,
37167.52,
144321.2,
54045.01,
56434.65,
10167.65,
47624.37,
8041.994,
228239.5,
370468.4,
4311.765,
1020034,
107542.8,
19593.96,
15288.78,
36594.63,
181588.4,
9094.898,
0,
3191825,
2066, 
19078.25,
446569.4,
70094.76,
38604.79,
6465.923,
97817.88,
113993.1,
44407.5,
32079.62,
39933.87,
146840.9,
54883.41,
57243.91,
11268.78,
48292.55,
8239.286,
226452.8,
369246.8,
4221.075,
1014798,
108571.3,
20123.73,
15122.71,
39409.91,
186622.1,
9447.722,
0,
3229830,
2067, 
18362.83,
453133.8,
70748.45,
39932.07,
7274.21,
101292.9,
116899.4,
47366.78,
43103.46,
41976.98,
146676.1,
54383.13,
57862.14,
12268.35,
48954.29,
8407.882,
227490.6,
372647.5,
4139.354,
1009400,
108423.8,
20808.25,
14702.83,
42372.32,
191705.9,
9837.76,
0,
3270171,
2068, 
17561.83,
460416,
71352.39,
40996.24,
8232.179,
103749.7,
120932.6,
50380.96,
53738.77,
42579.2,
144750,
53895.69,
58605.81,
13102.14,
49606.54,
8595.766,
232849.6,
380068.2,
4094.55,
1003649,
107385.9,
21536.55,
14155.03,
45401.85,
196834,
10269.96,
0,
3314741,
2069, 
16355.41,
463686.8,
72033.56,
42165.48,
9316.301,
105024.1,
126743.9,
53442.81,
63479.08,
43148.15,
142655.7,
53602.01,
59443.27,
13553.86,
50255.3,
8759.266,
241378,
387868.9,
4067.167,
998191.1,
105119.2,
22478.58,
13510.67,
48227.34,
202041.7,
10724.84,
0,
3357273,
2070, 
14705.95,
465937.1,
72695.38,
43332.01,
10363.75,
104670.6,
134260.8,
56682.44,
68684.55,
43727.12,
140846.8,
53306.89,
60761.07,
13895.51,
50904.8,
8884.932,
249978.5,
389837.4,
4047.448,
992605.3,
102721.5,
23421.24,
13069.66,
50454.2,
207312.4,
11218.39,
0,
3388326,
2071, 
12704.47,
467809.1,
73440,
43591.18,
11702.42,
104635.7,
144154.5,
60922.15,
72883.6,
44319.8,
138997.5,
52919.66,
61056.42,
14175.31,
51568.63,
8952.64,
259331.1,
384718.5,
4037.3,
986424.5,
100686.8,
24336.7,
12626.86,
52343.22,
212695.6,
11726.18,
0,
3412760,
2072, 
10735.79,
469748.3,
74586.67,
43581.39,
13417.16,
106638,
153184.6,
64392.05,
76052.12,
44898.18,
137660.9,
52423.8,
61318.21,
14416.5,
52231.34,
8976.099,
270817,
378618.4,
4042.403,
980863,
100308.7,
25218.07,
12422.54,
54548.38,
218148.3,
12238.15,
0,
3441486,
2073, 
8634.809,
471744,
76843.2,
43244.01,
16842,
109990.5,
155758.5,
68064.01,
78779.63,
45439.16,
138038.7,
51887.34,
61185.86,
14593.41,
52890.41,
8962.494,
284891.7,
370033.6,
4035.276,
974532,
102400.6,
25991.73,
12011.41,
56345.65,
223722.7,
13145.04,
0,
3470008,
2074, 
6633.261,
473768.1,
78475.38,
42167.04,
19912.13,
113661.1,
158355.3,
72460.5,
81261.59,
46055.11,
140886.8,
51427.64,
60870.11,
14707.44,
53625.78,
8922.029,
297687.8,
362266.1,
4023.905,
968176.6,
105973.2,
26768.68,
11641.32,
58198.04,
229352.6,
14482.5,
0,
3501760,
2075, 
5345.939,
475804.2,
79798.82,
41232.68,
22802.85,
116804.5,
160860.9,
77553.88,
83754.95,
46664.96,
145622.9,
51050.36,
60852.54,
14769.1,
54359.29,
8904.727,
307615.5,
362638.4,
4033.678,
961381.4,
109680.6,
27312.46,
11307.36,
60052.93,
235061.8,
15791.71,
0,
3541058,
2076, 
4657.878,
477884.8,
83369.51,
39827.94,
25793.37,
118723.1,
162965.2,
82986.63,
86103.87,
47357.4,
150096.1,
50732.47,
60969.01,
14766.01,
55109.12,
8891.145,
315036.6,
366625.5,
4053.678,
958371.1,
111779.7,
27668.34,
10935.7,
62038.9,
240772.5,
17050.95,
0,
3584567,
2077, 
4000.783,
480041.3,
89475.2,
39102.27,
29009.72,
120782.8,
165144.2,
88926.21,
88853.45,
48413.07,
154731.6,
50414.83,
61256.54,
14688.54,
55889.98,
8895.631,
323010.1,
371017.7,
4211.488,
968045.9,
112891.7,
27964.86,
10622.21,
64073.99,
246599.6,
18487.25,
0,
3646551,
2078, 
3694.176,
482181,
94839.67,
39535.37,
32781.43,
122194.3,
167127.6,
94317.94,
91304.98,
49795.45,
159792.7,
50074.45,
61421.05,
14566.83,
56734.2,
8918.999,
325268.2,
374428.9,
4450.594,
976701.3,
113980.7,
28210.52,
10420.05,
65884.38,
252489.8,
20264.62,
0,
3701379,
2079, 
3484.611,
484367.7,
97957.78,
40685.39,
36207.57,
123627.8,
169743.5,
97184.75,
94749.38,
51871.62,
165554.4,
49729.04,
61384,
14469.13,
57610.84,
8973.565,
325789.2,
379873,
4758.941,
986677.4,
115354.3,
28266.86,
10018.72,
67411.8,
258471.8,
22750.85,
0,
3756974,
2080, 
3267.868,
486609,
98729.6,
42295.46,
44962.45,
125049.6,
172516.8,
102095.9,
99242.59,
54401.73,
169931.7,
49414.56,
61394.32,
14435.54,
58622.42,
9085.938,
330177.6,
385650.6,
5123.923,
994523.3,
115055.2,
28191.93,
9796.015,
68678.73,
265286.5,
25804.05,
0,
3820344,
2081, 
3102.221,
488896.9,
102269.5,
44060.25,
60519.51,
126491.5,
175090.5,
107976.4,
103380.4,
56768.54,
171944.8,
49110.08,
61560.49,
14482.08,
60348.69,
9298.67,
336402.7,
395926.4,
5544.995,
998586.6,
116415,
28162.51,
9510.334,
69716.98,
272369.1,
29074.4,
0,
3897009,
2082, 
3005.161,
491227.3,
105072,
45443.23,
78085.66,
127952.1,
177716.1,
115006,
107811.7,
58901.15,
168916,
48811.95,
61773.16,
14618.76,
63423.06,
9545.045,
341733.2,
407685.5,
5972.649,
999989,
116662.8,
28299.13,
9295.968,
70471.63,
279840.4,
32434.18,
0,
3969693,
2083, 
3059.931,
493618.1,
111052.2,
46758.53,
93680.16,
129467.6,
180570.2,
122670.1,
112269.8,
60572.73,
164582.4,
48533.5,
61933.04,
14818.98,
66502.58,
9760.104,
350069.6,
416606.2,
6272.98,
995956.2,
113708.1,
28402.11,
9149.563,
71258.55,
287452.8,
35529.98,
0,
4034256,
2084, 
3159.195,
496060.3,
117079.2,
47414.91,
109463.1,
131026.6,
184202.7,
131057.8,
116616.5,
61892.13,
159391.9,
48212.41,
62446.91,
15054.09,
69638.86,
9876.134,
361328.3,
423535.8,
6608.845,
989075.1,
109471.2,
28727.41,
9072.818,
71951.97,
295583.3,
39348.75,
0,
4097296,
2085, 
3332.719,
498750.2,
124360.2,
47377.79,
126918.4,
132639.1,
188853.2,
139008.4,
121202.5,
63278.89,
157025.3,
47894.48,
62653.65,
15162.08,
72441.04,
9971.248,
368973.1,
428468.1,
6899.331,
984098.9,
105432.6,
29080,
9011.501,
72611.66,
302406.2,
43655.89,
0,
4161506,
2086, 
3649.668,
501528.1,
130533.8,
46892.48,
140166.5,
134266.7,
193717.6,
147561.6,
130166,
65273.23,
158604,
47641.14,
61954.34,
15082.05,
75648.5,
10065.41,
372778.5,
423939.4,
7171.483,
975355.5,
99448.39,
29380.13,
9086.251,
73102.6,
309669.7,
47794.43,
0,
4210478,
2087, 
4133.97,
504114.6,
138305.5,
45979.34,
154676.8,
135950.5,
198222.1,
155712.2,
137322.1,
67373.98,
165275.1,
47385.28,
61052.89,
14999.24,
79054.51,
10184.55,
376552.3,
422152.5,
7430.902,
963780.2,
95614.87,
29564.23,
9168.98,
73401.6,
315630.8,
51616.53,
0,
4264656,
2088, 
4604.303,
506760.8,
139494.9,
44258.54,
164107.6,
137698.1,
202969,
166077.2,
141950.9,
69404.02,
170101.4,
47191.32,
60293.38,
15006.08,
80435.3,
10308.6,
380359.3,
416589.1,
7634.047,
948753.7,
92949.01,
29581.06,
9365.856,
73279.55,
321905.7,
55483.28,
0,
4296562,
2089, 
5741.969,
509492,
140441.7,
42241.49,
173916.3,
139890.2,
208086.8,
178067.7,
146955.4,
71572.5,
174670.4,
47024.13,
59248.41,
15085.24,
81827.12,
10444.57,
384166.6,
410166,
7721.132,
937396.8,
89828.83,
29856.17,
9721.844,
73005.34,
327589.1,
58313.21,
0,
4332471,
2090, 
10062.36,
512352,
141227.9,
40947.1,
182730.1,
142890.8,
213023.4,
186942.9,
152823.9,
73725.39,
177359.9,
46825.18,
58212.52,
15309.67,
83378.23,
10604.79,
388082.8,
409516.5,
7848.828,
921570.4,
87018.59,
29485.07,
10296.38,
72841.35,
331767.4,
61936.93,
0,
4368781,
2091, 
14531.48,
515408.9,
140842.5,
40510.97,
189581.9,
146414.2,
218623.5,
198592.1,
157236.1,
75635.48,
176323.2,
46684.51,
56753.58,
15565.3,
84608.08,
10750.1,
399923.4,
406373.8,
7817.012,
909710.6,
85400.93,
29101.41,
10809.14,
72768.2,
337034.4,
65474.7,
0,
4412476,
2092, 
18412.82,
517777.8,
141358.1,
40783.39,
196002.8,
148690,
224428.7,
210707.6,
161490.6,
77108.56,
171581.2,
46645.65,
54893.44,
15589.1,
86266.05,
10888.47,
416596.8,
405392.1,
7851.282,
893122,
83642.01,
28831.63,
11335.04,
72819.59,
343114.7,
69488.91,
0,
4454819,
2093, 
21550.77,
519618.6,
138666.7,
41710.94,
202333.5,
150242.2,
229629.7,
223315.5,
164341.4,
78710.97,
169978.7,
46592.01,
53263.94,
15614.96,
88044.95,
11061.03,
432857,
405958.7,
7762.499,
879197.1,
82967.58,
28799.13,
11811.23,
72977.69,
348587.1,
73492.67,
0,
4499087,
2094, 
24363.04,
521189.2,
134743.5,
43001.38,
209299.8,
150461.7,
234369.3,
239149.6,
169420.4,
79429.64,
168677.9,
46414.91,
52061.86,
15643.36,
89808.41,
11262.73,
446864.1,
405654.8,
7833.526,
866403.2,
84654.24,
28947.81,
12084.1,
73073.24,
355735.3,
77911.48,
0,
4548459,
2095, 
26400.77,
522735,
133649,
44028.98,
216201.1,
149550,
239031,
253402,
174668.7,
80381.2,
172150,
46237.49,
51426.15,
15675.39,
91528.46,
11485.01,
461173.2,
403096.5,
7880.17,
856487.5,
87819.45,
29050.59,
12412.56,
73039.8,
362516.3,
81861.97,
0,
4603889,
2096, 
28712.41,
524604.8,
131559,
45104.48,
224602.2,
149485.6,
243385,
272515.8,
180502,
80972.8,
173840.8,
46114.47,
51637.41,
15717.42,
93219.8,
11883.84,
472510.8,
399009.3,
7929.857,
848023.6,
94436.21,
29168.54,
12649.82,
72999.45,
368470.5,
86499.24,
0,
4665556,
2097, 
33139.24,
526473.9,
131782.1,
45311.56,
233026.6,
150782.4,
247620.7,
291755.4,
188543.7,
82164.35,
176675.4,
45904.26,
52198.4,
15773.72,
94641.82,
14036.79,
484127.8,
393012.1,
7961.471,
844963.5,
98961.98,
29339.27,
12862.56,
72409.31,
374630.8,
89848.13,
0,
4737947,
2098, 
38400.17,
529259.5,
134960.3,
44733.89,
239377.2,
152005.8,
251653.8,
307075.3,
195971.3,
83979.96,
182032.1,
45611.75,
52696.25,
15828.97,
96108.17,
15982.97,
493419.2,
388634.5,
7887.577,
839468.6,
100854.5,
29745.21,
12959.76,
71428.52,
381398.6,
93053.23,
0,
4804527,
2099, 
43857.3,
532935.1,
138085.8,
43963.19,
244564.6,
153187.2,
255169.2,
325367.8,
201410.4,
86128.84,
186140.5,
45506.61,
53307.54,
15887.37,
98028.36,
17966.47,
499953.9,
394434.7,
7740.72,
835672.2,
100045.8,
30192.23,
13766.41,
70843.64,
386420,
95830.79,
0,
4876407,
2100, 
49469.37,
533307.7,
144903,
42939.15,
250100.5,
154477.1,
258042.4,
336715.5,
205127.9,
88389.62,
189595.8,
45367.01,
53639.74,
15945.03,
99718.14,
20190.22,
506254.8,
399557.4,
7380.046,
833042,
96097,
31098.77,
15048.7,
70662.01,
392250.7,
97811.6,
0,
4937132];
